
> fiddlebops-refactored@1.0.0 build
> astro build

01:32:38 [content] Syncing content
01:32:38 [content] Synced content
01:32:38 [types] Generated 443ms
01:32:38 [build] output: "static"
01:32:38 [build] mode: "static"
01:32:38 [build] directory: D:\Users\33267\Documents\GitHub\fb-jf\dist\
01:32:38 [build] Collecting build info...
01:32:38 [build] ✓ Completed in 494ms.
01:32:40 [build] Building static entrypoints...
01:32:43 [vite] [32m✓ built in 2.63s[39m
01:32:43 [build] ✓ Completed in 2.66s.

 building client (vite) 
01:32:43 [vite] transforming...
01:32:43 [vite] [32m✓[39m 115 modules transformed.
01:32:43 [vite] rendering chunks...
01:32:43 [vite] computing gzip size...
01:32:43 [vite] [2mdist/[22m[36m_astro/AudioSlider.Vcl77Xhu.js                                       [39m[1m[2m  0.90 kB[22m[1m[22m[2m │ gzip:  0.49 kB[22m
01:32:43 [vite] [2mdist/[22m[36m_astro/AudioPlayer.astro_astro_type_script_index_0_lang.BRsbBF93.js  [39m[1m[2m 11.58 kB[22m[1m[22m[2m │ gzip:  3.53 kB[22m
01:32:43 [vite] [2mdist/[22m[36m_astro/index.B0Uyvdbg.js                                             [39m[1m[2m 12.26 kB[22m[1m[22m[2m │ gzip:  4.40 kB[22m
01:32:43 [vite] [2mdist/[22m[36m_astro/MobileSheetNav.BECWuqga.js                                    [39m[1m[2m 35.47 kB[22m[1m[22m[2m │ gzip: 11.88 kB[22m
01:32:43 [vite] [2mdist/[22m[36m_astro/slider.B4PIV3HY.js                                            [39m[1m[2m 40.21 kB[22m[1m[22m[2m │ gzip: 13.88 kB[22m
01:32:43 [vite] [2mdist/[22m[36m_astro/client.nLTR8OWY.js                                            [39m[1m[2m175.52 kB[22m[1m[22m[2m │ gzip: 55.66 kB[22m
01:32:43 [vite] [32m✓ built in 479ms[39m

 generating static routes 
01:32:43 ▶ src/pages/404.astro
01:32:43   └─ /404.html (+47ms) 
01:32:43 ▶ src/pages/content-demo.astro
01:32:43   └─ /content-demo/index.html📊 Content loaded successfully: {
  locale: 'en',
  uiKeys: 13,
  staticSections: 3,
  gameCount: 455,
  fallbackUsed: false
}
 (+12ms) 
01:32:43 ▶ src/pages/content-manager-verification.astro
01:32:43   └─ /content-manager-verification/index.html (+18ms) 
01:32:43 ▶ src/pages/de/privacy.astro
01:32:43   └─ /de/privacy/index.html (+5ms) 
01:32:43 ▶ src/pages/de/terms-of-service.astro
01:32:43   └─ /de/terms-of-service/index.html (+3ms) 
01:32:43 ▶ src/pages/de/[category]/[...page].astro
01:32:43   ├─ /de/popular-games/index.html (+17ms) 
01:32:43   ├─ /de/trending-games/index.html (+13ms) 
01:32:43   ├─ /de/trending-games/2/index.html (+10ms) 
01:32:43   └─ /de/new-games/index.html (+5ms) 
01:32:43 ▶ src/pages/de/index.astro
01:32:43   └─ /de/index.html🔍 Found 65 games for locale: de
 (+18ms) 
01:32:43 ▶ src/pages/es/privacy.astro
01:32:43   └─ /es/privacy/index.html (+4ms) 
01:32:43 ▶ src/pages/es/terms-of-service.astro
01:32:43   └─ /es/terms-of-service/index.html (+3ms) 
01:32:43 ▶ src/pages/es/[category]/[...page].astro
01:32:43   ├─ /es/popular-games/index.html (+5ms) 
01:32:43   ├─ /es/trending-games/index.html (+9ms) 
01:32:43   ├─ /es/trending-games/2/index.html (+8ms) 
01:32:43   └─ /es/new-games/index.html (+4ms) 
01:32:43 ▶ src/pages/es/index.astro
01:32:43   └─ /es/index.html🔍 Found 65 games for locale: es
 (+16ms) 
01:32:43 ▶ src/pages/fr/privacy.astro
01:32:43   └─ /fr/privacy/index.html (+4ms) 
01:32:43 ▶ src/pages/fr/terms-of-service.astro
01:32:43   └─ /fr/terms-of-service/index.html (+3ms) 
01:32:43 ▶ src/pages/fr/[category]/[...page].astro
01:32:43   ├─ /fr/popular-games/index.html (+5ms) 
01:32:43   ├─ /fr/trending-games/index.html (+9ms) 
01:32:43   ├─ /fr/trending-games/2/index.html (+8ms) 
01:32:43   └─ /fr/new-games/index.html (+4ms) 
01:32:43 ▶ src/pages/fr/index.astro
01:32:43   └─ /fr/index.html🔍 Found 65 games for locale: fr
 (+15ms) 
01:32:43 ▶ src/pages/games/[...page].astro
🔍 Found 65 games for locale: en
📊 Generated 3 English pages with 65 games for /games/
01:32:43   ├─ /games/index.html🔍 Processing English games page: /games/, page: 1
 (+9ms) 
01:32:43   ├─ /games/2/index.html🔍 Processing English games page: /games/, page: 2
 (+8ms) 
01:32:43   └─ /games/3/index.html🔍 Processing English games page: /games/, page: 3
 (+4ms) 
01:32:43 ▶ src/pages/ja/privacy.astro
01:32:43   └─ /ja/privacy/index.html (+5ms) 
01:32:43 ▶ src/pages/ja/terms-of-service.astro
01:32:43   └─ /ja/terms-of-service/index.html (+3ms) 
01:32:43 ▶ src/pages/ja/[category]/[...page].astro
01:32:44   ├─ /ja/popular-games/index.html (+5ms) 
01:32:44   ├─ /ja/trending-games/index.html (+8ms) 
01:32:44   ├─ /ja/trending-games/2/index.html (+9ms) 
01:32:44   └─ /ja/new-games/index.html (+4ms) 
01:32:44 ▶ src/pages/ja/index.astro
01:32:44   └─ /ja/index.html🔍 Found 65 games for locale: ja
 (+14ms) 
01:32:44 ▶ src/pages/ko/privacy.astro
01:32:44   └─ /ko/privacy/index.html (+3ms) 
01:32:44 ▶ src/pages/ko/terms-of-service.astro
01:32:44   └─ /ko/terms-of-service/index.html (+3ms) 
01:32:44 ▶ src/pages/ko/[category]/[...page].astro
01:32:44   ├─ /ko/popular-games/index.html (+5ms) 
01:32:44   ├─ /ko/trending-games/index.html (+8ms) 
01:32:44   ├─ /ko/trending-games/2/index.html (+8ms) 
01:32:44   └─ /ko/new-games/index.html (+4ms) 
01:32:44 ▶ src/pages/ko/index.astro
01:32:44   └─ /ko/index.html🔍 Found 65 games for locale: ko
 (+16ms) 
01:32:44 ▶ src/pages/privacy.astro
01:32:44   └─ /privacy/index.html (+3ms) 
01:32:44 λ src/pages/sitemap.xml.ts
01:32:44   └─ /sitemap.xml (+8ms) 
01:32:44 ▶ src/pages/terms-of-service.astro
01:32:44   └─ /terms-of-service/index.html (+5ms) 
01:32:44 ▶ src/pages/zh/privacy.astro
01:32:44   └─ /zh/privacy/index.html (+4ms) 
01:32:44 ▶ src/pages/zh/terms-of-service.astro
01:32:44   └─ /zh/terms-of-service/index.html (+3ms) 
01:32:44 ▶ src/pages/zh/[category]/[...page].astro
01:32:44   ├─ /zh/popular-games/index.html (+5ms) 
01:32:44   ├─ /zh/trending-games/index.html (+7ms) 
01:32:44   ├─ /zh/trending-games/2/index.html (+7ms) 
01:32:44   └─ /zh/new-games/index.html (+4ms) 
01:32:44 ▶ src/pages/zh/index.astro
01:32:44   └─ /zh/index.html🔍 Found 65 games for locale: zh
 (+14ms) 
01:32:44 ▶ src/pages/[lang]/games/[...page].astro
🔍 Found 65 games for locale: zh
📊 Generated 3 pages for zh with 65 games
🔍 Found 65 games for locale: es
📊 Generated 3 pages for es with 65 games
🔍 Found 65 games for locale: fr
📊 Generated 3 pages for fr with 65 games
🔍 Found 65 games for locale: de
📊 Generated 3 pages for de with 65 games
🔍 Found 65 games for locale: ja
📊 Generated 3 pages for ja with 65 games
🔍 Found 65 games for locale: ko
📊 Generated 3 pages for ko with 65 games
📊 为次要语言生成的总路径数: 18
01:32:44   ├─ /zh/games/index.html🔍 Processing games page for locale: zh, page: 1
 (+17ms) 
01:32:44   ├─ /zh/games/2/index.html🔍 Processing games page for locale: zh, page: 2
 (+9ms) 
01:32:44   ├─ /zh/games/3/index.html🔍 Processing games page for locale: zh, page: 3
 (+5ms) 
01:32:44   ├─ /es/games/index.html🔍 Processing games page for locale: es, page: 1
 (+8ms) 
01:32:44   ├─ /es/games/2/index.html🔍 Processing games page for locale: es, page: 2
 (+9ms) 
01:32:44   ├─ /es/games/3/index.html🔍 Processing games page for locale: es, page: 3
 (+5ms) 
01:32:44   ├─ /fr/games/index.html🔍 Processing games page for locale: fr, page: 1
 (+8ms) 
01:32:44   ├─ /fr/games/2/index.html🔍 Processing games page for locale: fr, page: 2
 (+8ms) 
01:32:44   ├─ /fr/games/3/index.html🔍 Processing games page for locale: fr, page: 3
 (+4ms) 
01:32:44   ├─ /de/games/index.html🔍 Processing games page for locale: de, page: 1
 (+8ms) 
01:32:44   ├─ /de/games/2/index.html🔍 Processing games page for locale: de, page: 2
 (+7ms) 
01:32:44   ├─ /de/games/3/index.html🔍 Processing games page for locale: de, page: 3
 (+4ms) 
01:32:44   ├─ /ja/games/index.html🔍 Processing games page for locale: ja, page: 1
 (+7ms) 
01:32:44   ├─ /ja/games/2/index.html🔍 Processing games page for locale: ja, page: 2
 (+9ms) 
01:32:44   ├─ /ja/games/3/index.html🔍 Processing games page for locale: ja, page: 3
 (+5ms) 
01:32:44   ├─ /ko/games/index.html🔍 Processing games page for locale: ko, page: 1
 (+7ms) 
01:32:44   ├─ /ko/games/2/index.html🔍 Processing games page for locale: ko, page: 2
 (+8ms) 
01:32:44   └─ /ko/games/3/index.html🔍 Processing games page for locale: ko, page: 3
 (+4ms) 
01:32:44 ▶ src/pages/[category]/[...page].astro
Invalid game ID format: sprunki-mod-BFDI - Invalid game ID format. Only lowercase letters, numbers and hyphens allowed.
Invalid game ID format: sprunki-mod-BFDI - Invalid game ID format. Only lowercase letters, numbers and hyphens allowed.
Invalid game ID format: sprunki-mod-BFDI - Invalid game ID format. Only lowercase letters, numbers and hyphens allowed.
Invalid game ID format: sprunki-mod-BFDI - Invalid game ID format. Only lowercase letters, numbers and hyphens allowed.
Invalid game ID format: sprunki-mod-BFDI - Invalid game ID format. Only lowercase letters, numbers and hyphens allowed.
Invalid game ID format: sprunki-mod-BFDI - Invalid game ID format. Only lowercase letters, numbers and hyphens allowed.
Invalid game ID format: sprunki-mod-BFDI - Invalid game ID format. Only lowercase letters, numbers and hyphens allowed.
01:32:44   ├─ /popular-games/index.html (+5ms) 
01:32:44   ├─ /trending-games/index.html (+8ms) 
01:32:44   ├─ /trending-games/2/index.html (+9ms) 
01:32:44   └─ /new-games/index.html (+4ms) 
01:32:44 ▶ src/pages/index.astro
01:32:44   └─ /index.html🔍 Found 65 games for locale: en
 (+15ms) 
01:32:44 ▶ src/pages/[...slug].astro
🔍 [...slug].astro getStaticPaths() called...
📊 Found 455 English games
📊 Generated 3185 total game paths
📊 Chinese paths: 455
  1. zh/ayocs-sprunkr → ayocs-sprunkr (zh)
  2. zh/fiddlebops-but-dandys-world → fiddlebops-but-dandys-world (zh)
  3. zh/dandyrunki-retake → dandyrunki-retake (zh)
01:32:44   ├─ /ayocs-sprunkr/index.html🔍 Processing fullSlug: ayocs-sprunkr, locale: en, baseSlug: ayocs-sprunkr
✅ Game loaded: ayocs-sprunkr for en
 (+13ms) 
01:32:44   ├─ /zh/ayocs-sprunkr/index.html🔍 Processing fullSlug: zh/ayocs-sprunkr, locale: zh, baseSlug: ayocs-sprunkr
✅ Game loaded: ayocs-sprunkr for zh
 (+11ms) 
01:32:44   ├─ /es/ayocs-sprunkr/index.html🔍 Processing fullSlug: es/ayocs-sprunkr, locale: es, baseSlug: ayocs-sprunkr
✅ Game loaded: ayocs-sprunkr for es
 (+11ms) 
01:32:44   ├─ /fr/ayocs-sprunkr/index.html🔍 Processing fullSlug: fr/ayocs-sprunkr, locale: fr, baseSlug: ayocs-sprunkr
✅ Game loaded: ayocs-sprunkr for fr
 (+11ms) 
01:32:44   ├─ /de/ayocs-sprunkr/index.html🔍 Processing fullSlug: de/ayocs-sprunkr, locale: de, baseSlug: ayocs-sprunkr
✅ Game loaded: ayocs-sprunkr for de
 (+11ms) 
01:32:44   ├─ /ja/ayocs-sprunkr/index.html🔍 Processing fullSlug: ja/ayocs-sprunkr, locale: ja, baseSlug: ayocs-sprunkr
✅ Game loaded: ayocs-sprunkr for ja
 (+12ms) 
01:32:44   ├─ /ko/ayocs-sprunkr/index.html🔍 Processing fullSlug: ko/ayocs-sprunkr, locale: ko, baseSlug: ayocs-sprunkr
✅ Game loaded: ayocs-sprunkr for ko
 (+15ms) 
01:32:44   ├─ /fiddlebops-but-dandys-world/index.html🔍 Processing fullSlug: fiddlebops-but-dandys-world, locale: en, baseSlug: fiddlebops-but-dandys-world
✅ Game loaded: fiddlebops-but-dandys-world for en
 (+13ms) 
01:32:44   ├─ /zh/fiddlebops-but-dandys-world/index.html🔍 Processing fullSlug: zh/fiddlebops-but-dandys-world, locale: zh, baseSlug: fiddlebops-but-dandys-world
✅ Game loaded: fiddlebops-but-dandys-world for zh
 (+11ms) 
01:32:44   ├─ /es/fiddlebops-but-dandys-world/index.html🔍 Processing fullSlug: es/fiddlebops-but-dandys-world, locale: es, baseSlug: fiddlebops-but-dandys-world
✅ Game loaded: fiddlebops-but-dandys-world for es
 (+11ms) 
01:32:44   ├─ /fr/fiddlebops-but-dandys-world/index.html🔍 Processing fullSlug: fr/fiddlebops-but-dandys-world, locale: fr, baseSlug: fiddlebops-but-dandys-world
✅ Game loaded: fiddlebops-but-dandys-world for fr
 (+10ms) 
01:32:44   ├─ /de/fiddlebops-but-dandys-world/index.html🔍 Processing fullSlug: de/fiddlebops-but-dandys-world, locale: de, baseSlug: fiddlebops-but-dandys-world
✅ Game loaded: fiddlebops-but-dandys-world for de
 (+10ms) 
01:32:44   ├─ /ja/fiddlebops-but-dandys-world/index.html🔍 Processing fullSlug: ja/fiddlebops-but-dandys-world, locale: ja, baseSlug: fiddlebops-but-dandys-world
✅ Game loaded: fiddlebops-but-dandys-world for ja
 (+10ms) 
01:32:44   ├─ /ko/fiddlebops-but-dandys-world/index.html🔍 Processing fullSlug: ko/fiddlebops-but-dandys-world, locale: ko, baseSlug: fiddlebops-but-dandys-world
✅ Game loaded: fiddlebops-but-dandys-world for ko
 (+11ms) 
01:32:44   ├─ /dandyrunki-retake/index.html🔍 Processing fullSlug: dandyrunki-retake, locale: en, baseSlug: dandyrunki-retake
✅ Game loaded: dandyrunki-retake for en
 (+12ms) 
01:32:44   ├─ /zh/dandyrunki-retake/index.html🔍 Processing fullSlug: zh/dandyrunki-retake, locale: zh, baseSlug: dandyrunki-retake
✅ Game loaded: dandyrunki-retake for zh
 (+12ms) 
01:32:44   ├─ /es/dandyrunki-retake/index.html🔍 Processing fullSlug: es/dandyrunki-retake, locale: es, baseSlug: dandyrunki-retake
✅ Game loaded: dandyrunki-retake for es
 (+11ms) 
01:32:44   ├─ /fr/dandyrunki-retake/index.html🔍 Processing fullSlug: fr/dandyrunki-retake, locale: fr, baseSlug: dandyrunki-retake
✅ Game loaded: dandyrunki-retake for fr
 (+10ms) 
01:32:44   ├─ /de/dandyrunki-retake/index.html🔍 Processing fullSlug: de/dandyrunki-retake, locale: de, baseSlug: dandyrunki-retake
✅ Game loaded: dandyrunki-retake for de
 (+11ms) 
01:32:44   ├─ /ja/dandyrunki-retake/index.html🔍 Processing fullSlug: ja/dandyrunki-retake, locale: ja, baseSlug: dandyrunki-retake
✅ Game loaded: dandyrunki-retake for ja
 (+10ms) 
01:32:44   ├─ /ko/dandyrunki-retake/index.html🔍 Processing fullSlug: ko/dandyrunki-retake, locale: ko, baseSlug: dandyrunki-retake
✅ Game loaded: dandyrunki-retake for ko
 (+10ms) 
01:32:44   ├─ /fiddlebops-fix/index.html🔍 Processing fullSlug: fiddlebops-fix, locale: en, baseSlug: fiddlebops-fix
✅ Game loaded: fiddlebops-fix for en
 (+11ms) 
01:32:44   ├─ /zh/fiddlebops-fix/index.html🔍 Processing fullSlug: zh/fiddlebops-fix, locale: zh, baseSlug: fiddlebops-fix
✅ Game loaded: fiddlebops-fix for zh
 (+11ms) 
01:32:44   ├─ /es/fiddlebops-fix/index.html🔍 Processing fullSlug: es/fiddlebops-fix, locale: es, baseSlug: fiddlebops-fix
✅ Game loaded: fiddlebops-fix for es
 (+10ms) 
01:32:44   ├─ /fr/fiddlebops-fix/index.html🔍 Processing fullSlug: fr/fiddlebops-fix, locale: fr, baseSlug: fiddlebops-fix
✅ Game loaded: fiddlebops-fix for fr
 (+11ms) 
01:32:44   ├─ /de/fiddlebops-fix/index.html🔍 Processing fullSlug: de/fiddlebops-fix, locale: de, baseSlug: fiddlebops-fix
✅ Game loaded: fiddlebops-fix for de
 (+11ms) 
01:32:44   ├─ /ja/fiddlebops-fix/index.html🔍 Processing fullSlug: ja/fiddlebops-fix, locale: ja, baseSlug: fiddlebops-fix
✅ Game loaded: fiddlebops-fix for ja
 (+10ms) 
01:32:44   ├─ /ko/fiddlebops-fix/index.html🔍 Processing fullSlug: ko/fiddlebops-fix, locale: ko, baseSlug: fiddlebops-fix
✅ Game loaded: fiddlebops-fix for ko
 (+11ms) 
01:32:44   ├─ /fiddlebops-polos/index.html🔍 Processing fullSlug: fiddlebops-polos, locale: en, baseSlug: fiddlebops-polos
✅ Game loaded: fiddlebops-polos for en
 (+13ms) 
01:32:44   ├─ /zh/fiddlebops-polos/index.html🔍 Processing fullSlug: zh/fiddlebops-polos, locale: zh, baseSlug: fiddlebops-polos
✅ Game loaded: fiddlebops-polos for zh
 (+12ms) 
01:32:44   ├─ /es/fiddlebops-polos/index.html🔍 Processing fullSlug: es/fiddlebops-polos, locale: es, baseSlug: fiddlebops-polos
✅ Game loaded: fiddlebops-polos for es
 (+11ms) 
01:32:44   ├─ /fr/fiddlebops-polos/index.html🔍 Processing fullSlug: fr/fiddlebops-polos, locale: fr, baseSlug: fiddlebops-polos
✅ Game loaded: fiddlebops-polos for fr
 (+11ms) 
01:32:44   ├─ /de/fiddlebops-polos/index.html🔍 Processing fullSlug: de/fiddlebops-polos, locale: de, baseSlug: fiddlebops-polos
✅ Game loaded: fiddlebops-polos for de
 (+11ms) 
01:32:44   ├─ /ja/fiddlebops-polos/index.html🔍 Processing fullSlug: ja/fiddlebops-polos, locale: ja, baseSlug: fiddlebops-polos
✅ Game loaded: fiddlebops-polos for ja
 (+11ms) 
01:32:44   ├─ /ko/fiddlebops-polos/index.html🔍 Processing fullSlug: ko/fiddlebops-polos, locale: ko, baseSlug: fiddlebops-polos
✅ Game loaded: fiddlebops-polos for ko
 (+13ms) 
01:32:44   ├─ /fiddlebops-sprunkbop/index.html🔍 Processing fullSlug: fiddlebops-sprunkbop, locale: en, baseSlug: fiddlebops-sprunkbop
✅ Game loaded: fiddlebops-sprunkbop for en
 (+13ms) 
01:32:44   ├─ /zh/fiddlebops-sprunkbop/index.html🔍 Processing fullSlug: zh/fiddlebops-sprunkbop, locale: zh, baseSlug: fiddlebops-sprunkbop
✅ Game loaded: fiddlebops-sprunkbop for zh
 (+11ms) 
01:32:44   ├─ /es/fiddlebops-sprunkbop/index.html🔍 Processing fullSlug: es/fiddlebops-sprunkbop, locale: es, baseSlug: fiddlebops-sprunkbop
✅ Game loaded: fiddlebops-sprunkbop for es
 (+11ms) 
01:32:44   ├─ /fr/fiddlebops-sprunkbop/index.html🔍 Processing fullSlug: fr/fiddlebops-sprunkbop, locale: fr, baseSlug: fiddlebops-sprunkbop
✅ Game loaded: fiddlebops-sprunkbop for fr
 (+11ms) 
01:32:44   ├─ /de/fiddlebops-sprunkbop/index.html🔍 Processing fullSlug: de/fiddlebops-sprunkbop, locale: de, baseSlug: fiddlebops-sprunkbop
✅ Game loaded: fiddlebops-sprunkbop for de
 (+11ms) 
01:32:44   ├─ /ja/fiddlebops-sprunkbop/index.html🔍 Processing fullSlug: ja/fiddlebops-sprunkbop, locale: ja, baseSlug: fiddlebops-sprunkbop
✅ Game loaded: fiddlebops-sprunkbop for ja
 (+11ms) 
01:32:44   ├─ /ko/fiddlebops-sprunkbop/index.html🔍 Processing fullSlug: ko/fiddlebops-sprunkbop, locale: ko, baseSlug: fiddlebops-sprunkbop
✅ Game loaded: fiddlebops-sprunkbop for ko
 (+11ms) 
01:32:44   ├─ /fiddlebops-sprunki/index.html🔍 Processing fullSlug: fiddlebops-sprunki, locale: en, baseSlug: fiddlebops-sprunki
✅ Game loaded: fiddlebops-sprunki for en
 (+12ms) 
01:32:44   ├─ /zh/fiddlebops-sprunki/index.html🔍 Processing fullSlug: zh/fiddlebops-sprunki, locale: zh, baseSlug: fiddlebops-sprunki
✅ Game loaded: fiddlebops-sprunki for zh
 (+12ms) 
01:32:44   ├─ /es/fiddlebops-sprunki/index.html🔍 Processing fullSlug: es/fiddlebops-sprunki, locale: es, baseSlug: fiddlebops-sprunki
✅ Game loaded: fiddlebops-sprunki for es
 (+11ms) 
01:32:44   ├─ /fr/fiddlebops-sprunki/index.html🔍 Processing fullSlug: fr/fiddlebops-sprunki, locale: fr, baseSlug: fiddlebops-sprunki
✅ Game loaded: fiddlebops-sprunki for fr
 (+10ms) 
01:32:45   ├─ /de/fiddlebops-sprunki/index.html🔍 Processing fullSlug: de/fiddlebops-sprunki, locale: de, baseSlug: fiddlebops-sprunki
✅ Game loaded: fiddlebops-sprunki for de
 (+10ms) 
01:32:45   ├─ /ja/fiddlebops-sprunki/index.html🔍 Processing fullSlug: ja/fiddlebops-sprunki, locale: ja, baseSlug: fiddlebops-sprunki
✅ Game loaded: fiddlebops-sprunki for ja
 (+10ms) 
01:32:45   ├─ /ko/fiddlebops-sprunki/index.html🔍 Processing fullSlug: ko/fiddlebops-sprunki, locale: ko, baseSlug: fiddlebops-sprunki
✅ Game loaded: fiddlebops-sprunki for ko
 (+10ms) 
01:32:45   ├─ /fiddlebops-sprunksters-remix/index.html🔍 Processing fullSlug: fiddlebops-sprunksters-remix, locale: en, baseSlug: fiddlebops-sprunksters-remix
✅ Game loaded: fiddlebops-sprunksters-remix for en
 (+11ms) 
01:32:45   ├─ /zh/fiddlebops-sprunksters-remix/index.html🔍 Processing fullSlug: zh/fiddlebops-sprunksters-remix, locale: zh, baseSlug: fiddlebops-sprunksters-remix
✅ Game loaded: fiddlebops-sprunksters-remix for zh
 (+11ms) 
01:32:45   ├─ /es/fiddlebops-sprunksters-remix/index.html🔍 Processing fullSlug: es/fiddlebops-sprunksters-remix, locale: es, baseSlug: fiddlebops-sprunksters-remix
✅ Game loaded: fiddlebops-sprunksters-remix for es
 (+12ms) 
01:32:45   ├─ /fr/fiddlebops-sprunksters-remix/index.html🔍 Processing fullSlug: fr/fiddlebops-sprunksters-remix, locale: fr, baseSlug: fiddlebops-sprunksters-remix
✅ Game loaded: fiddlebops-sprunksters-remix for fr
 (+15ms) 
01:32:45   ├─ /de/fiddlebops-sprunksters-remix/index.html🔍 Processing fullSlug: de/fiddlebops-sprunksters-remix, locale: de, baseSlug: fiddlebops-sprunksters-remix
✅ Game loaded: fiddlebops-sprunksters-remix for de
 (+11ms) 
01:32:45   ├─ /ja/fiddlebops-sprunksters-remix/index.html🔍 Processing fullSlug: ja/fiddlebops-sprunksters-remix, locale: ja, baseSlug: fiddlebops-sprunksters-remix
✅ Game loaded: fiddlebops-sprunksters-remix for ja
 (+10ms) 
01:32:45   ├─ /ko/fiddlebops-sprunksters-remix/index.html🔍 Processing fullSlug: ko/fiddlebops-sprunksters-remix, locale: ko, baseSlug: fiddlebops-sprunksters-remix
✅ Game loaded: fiddlebops-sprunksters-remix for ko
 (+11ms) 
01:32:45   ├─ /incredibox-cool-as-ice/index.html🔍 Processing fullSlug: incredibox-cool-as-ice, locale: en, baseSlug: incredibox-cool-as-ice
✅ Game loaded: incredibox-cool-as-ice for en
 (+11ms) 
01:32:45   ├─ /zh/incredibox-cool-as-ice/index.html🔍 Processing fullSlug: zh/incredibox-cool-as-ice, locale: zh, baseSlug: incredibox-cool-as-ice
✅ Game loaded: incredibox-cool-as-ice for zh
 (+10ms) 
01:32:45   ├─ /es/incredibox-cool-as-ice/index.html🔍 Processing fullSlug: es/incredibox-cool-as-ice, locale: es, baseSlug: incredibox-cool-as-ice
✅ Game loaded: incredibox-cool-as-ice for es
 (+10ms) 
01:32:45   ├─ /fr/incredibox-cool-as-ice/index.html🔍 Processing fullSlug: fr/incredibox-cool-as-ice, locale: fr, baseSlug: incredibox-cool-as-ice
✅ Game loaded: incredibox-cool-as-ice for fr
 (+10ms) 
01:32:45   ├─ /de/incredibox-cool-as-ice/index.html🔍 Processing fullSlug: de/incredibox-cool-as-ice, locale: de, baseSlug: incredibox-cool-as-ice
✅ Game loaded: incredibox-cool-as-ice for de
 (+13ms) 
01:32:45   ├─ /ja/incredibox-cool-as-ice/index.html🔍 Processing fullSlug: ja/incredibox-cool-as-ice, locale: ja, baseSlug: incredibox-cool-as-ice
✅ Game loaded: incredibox-cool-as-ice for ja
 (+11ms) 
01:32:45   ├─ /ko/incredibox-cool-as-ice/index.html🔍 Processing fullSlug: ko/incredibox-cool-as-ice, locale: ko, baseSlug: incredibox-cool-as-ice
✅ Game loaded: incredibox-cool-as-ice for ko
 (+10ms) 
01:32:45   ├─ /fiddlebops-but-sprunki/index.html🔍 Processing fullSlug: fiddlebops-but-sprunki, locale: en, baseSlug: fiddlebops-but-sprunki
✅ Game loaded: fiddlebops-but-sprunki for en
 (+13ms) 
01:32:45   ├─ /zh/fiddlebops-but-sprunki/index.html🔍 Processing fullSlug: zh/fiddlebops-but-sprunki, locale: zh, baseSlug: fiddlebops-but-sprunki
✅ Game loaded: fiddlebops-but-sprunki for zh
 (+15ms) 
01:32:45   ├─ /es/fiddlebops-but-sprunki/index.html🔍 Processing fullSlug: es/fiddlebops-but-sprunki, locale: es, baseSlug: fiddlebops-but-sprunki
✅ Game loaded: fiddlebops-but-sprunki for es
 (+11ms) 
01:32:45   ├─ /fr/fiddlebops-but-sprunki/index.html🔍 Processing fullSlug: fr/fiddlebops-but-sprunki, locale: fr, baseSlug: fiddlebops-but-sprunki
✅ Game loaded: fiddlebops-but-sprunki for fr
 (+11ms) 
01:32:45   ├─ /de/fiddlebops-but-sprunki/index.html🔍 Processing fullSlug: de/fiddlebops-but-sprunki, locale: de, baseSlug: fiddlebops-but-sprunki
✅ Game loaded: fiddlebops-but-sprunki for de
 (+10ms) 
01:32:45   ├─ /ja/fiddlebops-but-sprunki/index.html🔍 Processing fullSlug: ja/fiddlebops-but-sprunki, locale: ja, baseSlug: fiddlebops-but-sprunki
✅ Game loaded: fiddlebops-but-sprunki for ja
 (+11ms) 
01:32:45   ├─ /ko/fiddlebops-but-sprunki/index.html🔍 Processing fullSlug: ko/fiddlebops-but-sprunki, locale: ko, baseSlug: fiddlebops-but-sprunki
✅ Game loaded: fiddlebops-but-sprunki for ko
 (+11ms) 
01:32:45   ├─ /incredibox-shatter-sprunk/index.html🔍 Processing fullSlug: incredibox-shatter-sprunk, locale: en, baseSlug: incredibox-shatter-sprunk
✅ Game loaded: incredibox-shatter-sprunk for en
 (+11ms) 
01:32:45   ├─ /zh/incredibox-shatter-sprunk/index.html🔍 Processing fullSlug: zh/incredibox-shatter-sprunk, locale: zh, baseSlug: incredibox-shatter-sprunk
✅ Game loaded: incredibox-shatter-sprunk for zh
 (+10ms) 
01:32:45   ├─ /es/incredibox-shatter-sprunk/index.html🔍 Processing fullSlug: es/incredibox-shatter-sprunk, locale: es, baseSlug: incredibox-shatter-sprunk
✅ Game loaded: incredibox-shatter-sprunk for es
 (+11ms) 
01:32:45   ├─ /fr/incredibox-shatter-sprunk/index.html🔍 Processing fullSlug: fr/incredibox-shatter-sprunk, locale: fr, baseSlug: incredibox-shatter-sprunk
✅ Game loaded: incredibox-shatter-sprunk for fr
 (+11ms) 
01:32:45   ├─ /de/incredibox-shatter-sprunk/index.html🔍 Processing fullSlug: de/incredibox-shatter-sprunk, locale: de, baseSlug: incredibox-shatter-sprunk
✅ Game loaded: incredibox-shatter-sprunk for de
 (+12ms) 
01:32:45   ├─ /ja/incredibox-shatter-sprunk/index.html🔍 Processing fullSlug: ja/incredibox-shatter-sprunk, locale: ja, baseSlug: incredibox-shatter-sprunk
✅ Game loaded: incredibox-shatter-sprunk for ja
 (+11ms) 
01:32:45   ├─ /ko/incredibox-shatter-sprunk/index.html🔍 Processing fullSlug: ko/incredibox-shatter-sprunk, locale: ko, baseSlug: incredibox-shatter-sprunk
✅ Game loaded: incredibox-shatter-sprunk for ko
 (+11ms) 
01:32:45   ├─ /incredibox-donki-abgerny/index.html🔍 Processing fullSlug: incredibox-donki-abgerny, locale: en, baseSlug: incredibox-donki-abgerny
✅ Game loaded: incredibox-donki-abgerny for en
 (+13ms) 
01:32:45   ├─ /zh/incredibox-donki-abgerny/index.html🔍 Processing fullSlug: zh/incredibox-donki-abgerny, locale: zh, baseSlug: incredibox-donki-abgerny
✅ Game loaded: incredibox-donki-abgerny for zh
 (+14ms) 
01:32:45   ├─ /es/incredibox-donki-abgerny/index.html🔍 Processing fullSlug: es/incredibox-donki-abgerny, locale: es, baseSlug: incredibox-donki-abgerny
✅ Game loaded: incredibox-donki-abgerny for es
 (+12ms) 
01:32:45   ├─ /fr/incredibox-donki-abgerny/index.html🔍 Processing fullSlug: fr/incredibox-donki-abgerny, locale: fr, baseSlug: incredibox-donki-abgerny
✅ Game loaded: incredibox-donki-abgerny for fr
 (+12ms) 
01:32:45   ├─ /de/incredibox-donki-abgerny/index.html🔍 Processing fullSlug: de/incredibox-donki-abgerny, locale: de, baseSlug: incredibox-donki-abgerny
✅ Game loaded: incredibox-donki-abgerny for de
 (+11ms) 
01:32:45   ├─ /ja/incredibox-donki-abgerny/index.html🔍 Processing fullSlug: ja/incredibox-donki-abgerny, locale: ja, baseSlug: incredibox-donki-abgerny
✅ Game loaded: incredibox-donki-abgerny for ja
 (+11ms) 
01:32:45   ├─ /ko/incredibox-donki-abgerny/index.html🔍 Processing fullSlug: ko/incredibox-donki-abgerny, locale: ko, baseSlug: incredibox-donki-abgerny
✅ Game loaded: incredibox-donki-abgerny for ko
 (+11ms) 
01:32:45   ├─ /incredibox-sprinkle/index.html🔍 Processing fullSlug: incredibox-sprinkle, locale: en, baseSlug: incredibox-sprinkle
✅ Game loaded: incredibox-sprinkle for en
 (+11ms) 
01:32:45   ├─ /zh/incredibox-sprinkle/index.html🔍 Processing fullSlug: zh/incredibox-sprinkle, locale: zh, baseSlug: incredibox-sprinkle
✅ Game loaded: incredibox-sprinkle for zh
 (+11ms) 
01:32:45   ├─ /es/incredibox-sprinkle/index.html🔍 Processing fullSlug: es/incredibox-sprinkle, locale: es, baseSlug: incredibox-sprinkle
✅ Game loaded: incredibox-sprinkle for es
 (+11ms) 
01:32:45   ├─ /fr/incredibox-sprinkle/index.html🔍 Processing fullSlug: fr/incredibox-sprinkle, locale: fr, baseSlug: incredibox-sprinkle
✅ Game loaded: incredibox-sprinkle for fr
 (+10ms) 
01:32:45   ├─ /de/incredibox-sprinkle/index.html🔍 Processing fullSlug: de/incredibox-sprinkle, locale: de, baseSlug: incredibox-sprinkle
✅ Game loaded: incredibox-sprinkle for de
 (+11ms) 
01:32:45   ├─ /ja/incredibox-sprinkle/index.html🔍 Processing fullSlug: ja/incredibox-sprinkle, locale: ja, baseSlug: incredibox-sprinkle
✅ Game loaded: incredibox-sprinkle for ja
 (+10ms) 
01:32:45   ├─ /ko/incredibox-sprinkle/index.html🔍 Processing fullSlug: ko/incredibox-sprinkle, locale: ko, baseSlug: incredibox-sprinkle
✅ Game loaded: incredibox-sprinkle for ko
 (+10ms) 
01:32:45   ├─ /incredibox/index.html🔍 Processing fullSlug: incredibox, locale: en, baseSlug: incredibox
✅ Game loaded: incredibox for en
 (+12ms) 
01:32:45   ├─ /zh/incredibox/index.html🔍 Processing fullSlug: zh/incredibox, locale: zh, baseSlug: incredibox
✅ Game loaded: incredibox for zh
 (+13ms) 
01:32:45   ├─ /es/incredibox/index.html🔍 Processing fullSlug: es/incredibox, locale: es, baseSlug: incredibox
✅ Game loaded: incredibox for es
 (+11ms) 
01:32:45   ├─ /fr/incredibox/index.html🔍 Processing fullSlug: fr/incredibox, locale: fr, baseSlug: incredibox
✅ Game loaded: incredibox for fr
 (+11ms) 
01:32:45   ├─ /de/incredibox/index.html🔍 Processing fullSlug: de/incredibox, locale: de, baseSlug: incredibox
✅ Game loaded: incredibox for de
 (+11ms) 
01:32:45   ├─ /ja/incredibox/index.html🔍 Processing fullSlug: ja/incredibox, locale: ja, baseSlug: incredibox
✅ Game loaded: incredibox for ja
 (+11ms) 
01:32:45   ├─ /ko/incredibox/index.html🔍 Processing fullSlug: ko/incredibox, locale: ko, baseSlug: incredibox
✅ Game loaded: incredibox for ko
 (+11ms) 
01:32:45   ├─ /incredibox-sprunksters/index.html🔍 Processing fullSlug: incredibox-sprunksters, locale: en, baseSlug: incredibox-sprunksters
✅ Game loaded: incredibox-sprunksters for en
 (+11ms) 
01:32:45   ├─ /zh/incredibox-sprunksters/index.html🔍 Processing fullSlug: zh/incredibox-sprunksters, locale: zh, baseSlug: incredibox-sprunksters
✅ Game loaded: incredibox-sprunksters for zh
 (+11ms) 
01:32:45   ├─ /es/incredibox-sprunksters/index.html🔍 Processing fullSlug: es/incredibox-sprunksters, locale: es, baseSlug: incredibox-sprunksters
✅ Game loaded: incredibox-sprunksters for es
 (+11ms) 
01:32:45   ├─ /fr/incredibox-sprunksters/index.html🔍 Processing fullSlug: fr/incredibox-sprunksters, locale: fr, baseSlug: incredibox-sprunksters
✅ Game loaded: incredibox-sprunksters for fr
 (+11ms) 
01:32:45   ├─ /de/incredibox-sprunksters/index.html🔍 Processing fullSlug: de/incredibox-sprunksters, locale: de, baseSlug: incredibox-sprunksters
✅ Game loaded: incredibox-sprunksters for de
 (+11ms) 
01:32:45   ├─ /ja/incredibox-sprunksters/index.html🔍 Processing fullSlug: ja/incredibox-sprunksters, locale: ja, baseSlug: incredibox-sprunksters
✅ Game loaded: incredibox-sprunksters for ja
 (+11ms) 
01:32:45   ├─ /ko/incredibox-sprunksters/index.html🔍 Processing fullSlug: ko/incredibox-sprunksters, locale: ko, baseSlug: incredibox-sprunksters
✅ Game loaded: incredibox-sprunksters for ko
 (+11ms) 
01:32:45   ├─ /incredibox-yellow-colorbox/index.html🔍 Processing fullSlug: incredibox-yellow-colorbox, locale: en, baseSlug: incredibox-yellow-colorbox
✅ Game loaded: incredibox-yellow-colorbox for en
 (+12ms) 
01:32:45   ├─ /zh/incredibox-yellow-colorbox/index.html🔍 Processing fullSlug: zh/incredibox-yellow-colorbox, locale: zh, baseSlug: incredibox-yellow-colorbox
✅ Game loaded: incredibox-yellow-colorbox for zh
 (+12ms) 
01:32:45   ├─ /es/incredibox-yellow-colorbox/index.html🔍 Processing fullSlug: es/incredibox-yellow-colorbox, locale: es, baseSlug: incredibox-yellow-colorbox
✅ Game loaded: incredibox-yellow-colorbox for es
 (+11ms) 
01:32:45   ├─ /fr/incredibox-yellow-colorbox/index.html🔍 Processing fullSlug: fr/incredibox-yellow-colorbox, locale: fr, baseSlug: incredibox-yellow-colorbox
✅ Game loaded: incredibox-yellow-colorbox for fr
 (+13ms) 
01:32:45   ├─ /de/incredibox-yellow-colorbox/index.html🔍 Processing fullSlug: de/incredibox-yellow-colorbox, locale: de, baseSlug: incredibox-yellow-colorbox
✅ Game loaded: incredibox-yellow-colorbox for de
 (+11ms) 
01:32:45   ├─ /ja/incredibox-yellow-colorbox/index.html🔍 Processing fullSlug: ja/incredibox-yellow-colorbox, locale: ja, baseSlug: incredibox-yellow-colorbox
✅ Game loaded: incredibox-yellow-colorbox for ja
 (+11ms) 
01:32:45   ├─ /ko/incredibox-yellow-colorbox/index.html🔍 Processing fullSlug: ko/incredibox-yellow-colorbox, locale: ko, baseSlug: incredibox-yellow-colorbox
✅ Game loaded: incredibox-yellow-colorbox for ko
 (+11ms) 
01:32:45   ├─ /mundo-torajo-sprunki/index.html🔍 Processing fullSlug: mundo-torajo-sprunki, locale: en, baseSlug: mundo-torajo-sprunki
✅ Game loaded: mundo-torajo-sprunki for en
 (+11ms) 
01:32:45   ├─ /zh/mundo-torajo-sprunki/index.html🔍 Processing fullSlug: zh/mundo-torajo-sprunki, locale: zh, baseSlug: mundo-torajo-sprunki
✅ Game loaded: mundo-torajo-sprunki for zh
 (+10ms) 
01:32:45   ├─ /es/mundo-torajo-sprunki/index.html🔍 Processing fullSlug: es/mundo-torajo-sprunki, locale: es, baseSlug: mundo-torajo-sprunki
✅ Game loaded: mundo-torajo-sprunki for es
 (+11ms) 
01:32:45   ├─ /fr/mundo-torajo-sprunki/index.html🔍 Processing fullSlug: fr/mundo-torajo-sprunki, locale: fr, baseSlug: mundo-torajo-sprunki
✅ Game loaded: mundo-torajo-sprunki for fr
 (+10ms) 
01:32:45   ├─ /de/mundo-torajo-sprunki/index.html🔍 Processing fullSlug: de/mundo-torajo-sprunki, locale: de, baseSlug: mundo-torajo-sprunki
✅ Game loaded: mundo-torajo-sprunki for de
 (+11ms) 
01:32:45   ├─ /ja/mundo-torajo-sprunki/index.html🔍 Processing fullSlug: ja/mundo-torajo-sprunki, locale: ja, baseSlug: mundo-torajo-sprunki
✅ Game loaded: mundo-torajo-sprunki for ja
 (+11ms) 
01:32:45   ├─ /ko/mundo-torajo-sprunki/index.html🔍 Processing fullSlug: ko/mundo-torajo-sprunki, locale: ko, baseSlug: mundo-torajo-sprunki
✅ Game loaded: mundo-torajo-sprunki for ko
 (+11ms) 
01:32:45   ├─ /mountayonnaise/index.html🔍 Processing fullSlug: mountayonnaise, locale: en, baseSlug: mountayonnaise
✅ Game loaded: mountayonnaise for en
 (+13ms) 
01:32:45   ├─ /zh/mountayonnaise/index.html🔍 Processing fullSlug: zh/mountayonnaise, locale: zh, baseSlug: mountayonnaise
✅ Game loaded: mountayonnaise for zh
 (+12ms) 
01:32:45   ├─ /es/mountayonnaise/index.html🔍 Processing fullSlug: es/mountayonnaise, locale: es, baseSlug: mountayonnaise
✅ Game loaded: mountayonnaise for es
 (+11ms) 
01:32:45   ├─ /fr/mountayonnaise/index.html🔍 Processing fullSlug: fr/mountayonnaise, locale: fr, baseSlug: mountayonnaise
✅ Game loaded: mountayonnaise for fr
 (+11ms) 
01:32:45   ├─ /de/mountayonnaise/index.html🔍 Processing fullSlug: de/mountayonnaise, locale: de, baseSlug: mountayonnaise
✅ Game loaded: mountayonnaise for de
 (+10ms) 
01:32:45   ├─ /ja/mountayonnaise/index.html🔍 Processing fullSlug: ja/mountayonnaise, locale: ja, baseSlug: mountayonnaise
✅ Game loaded: mountayonnaise for ja
 (+11ms) 
01:32:45   ├─ /ko/mountayonnaise/index.html🔍 Processing fullSlug: ko/mountayonnaise, locale: ko, baseSlug: mountayonnaise
✅ Game loaded: mountayonnaise for ko
 (+11ms) 
01:32:45   ├─ /pikmin-no-sprunki/index.html🔍 Processing fullSlug: pikmin-no-sprunki, locale: en, baseSlug: pikmin-no-sprunki
✅ Game loaded: pikmin-no-sprunki for en
 (+11ms) 
01:32:45   ├─ /zh/pikmin-no-sprunki/index.html🔍 Processing fullSlug: zh/pikmin-no-sprunki, locale: zh, baseSlug: pikmin-no-sprunki
✅ Game loaded: pikmin-no-sprunki for zh
 (+11ms) 
01:32:45   ├─ /es/pikmin-no-sprunki/index.html🔍 Processing fullSlug: es/pikmin-no-sprunki, locale: es, baseSlug: pikmin-no-sprunki
✅ Game loaded: pikmin-no-sprunki for es
 (+11ms) 
01:32:45   ├─ /fr/pikmin-no-sprunki/index.html🔍 Processing fullSlug: fr/pikmin-no-sprunki, locale: fr, baseSlug: pikmin-no-sprunki
✅ Game loaded: pikmin-no-sprunki for fr
 (+11ms) 
01:32:45   ├─ /de/pikmin-no-sprunki/index.html🔍 Processing fullSlug: de/pikmin-no-sprunki, locale: de, baseSlug: pikmin-no-sprunki
✅ Game loaded: pikmin-no-sprunki for de
 (+11ms) 
01:32:45   ├─ /ja/pikmin-no-sprunki/index.html🔍 Processing fullSlug: ja/pikmin-no-sprunki, locale: ja, baseSlug: pikmin-no-sprunki
✅ Game loaded: pikmin-no-sprunki for ja
 (+11ms) 
01:32:45   ├─ /ko/pikmin-no-sprunki/index.html🔍 Processing fullSlug: ko/pikmin-no-sprunki, locale: ko, baseSlug: pikmin-no-sprunki
✅ Game loaded: pikmin-no-sprunki for ko
 (+11ms) 
01:32:45   ├─ /sprunkgerny/index.html🔍 Processing fullSlug: sprunkgerny, locale: en, baseSlug: sprunkgerny
✅ Game loaded: sprunkgerny for en
 (+13ms) 
01:32:45   ├─ /zh/sprunkgerny/index.html🔍 Processing fullSlug: zh/sprunkgerny, locale: zh, baseSlug: sprunkgerny
✅ Game loaded: sprunkgerny for zh
 (+12ms) 
01:32:46   ├─ /es/sprunkgerny/index.html🔍 Processing fullSlug: es/sprunkgerny, locale: es, baseSlug: sprunkgerny
✅ Game loaded: sprunkgerny for es
 (+10ms) 
01:32:46   ├─ /fr/sprunkgerny/index.html🔍 Processing fullSlug: fr/sprunkgerny, locale: fr, baseSlug: sprunkgerny
✅ Game loaded: sprunkgerny for fr
 (+11ms) 
01:32:46   ├─ /de/sprunkgerny/index.html🔍 Processing fullSlug: de/sprunkgerny, locale: de, baseSlug: sprunkgerny
✅ Game loaded: sprunkgerny for de
 (+10ms) 
01:32:46   ├─ /ja/sprunkgerny/index.html🔍 Processing fullSlug: ja/sprunkgerny, locale: ja, baseSlug: sprunkgerny
✅ Game loaded: sprunkgerny for ja
 (+10ms) 
01:32:46   ├─ /ko/sprunkgerny/index.html🔍 Processing fullSlug: ko/sprunkgerny, locale: ko, baseSlug: sprunkgerny
✅ Game loaded: sprunkgerny for ko
 (+11ms) 
01:32:46   ├─ /sprunki-1996/index.html🔍 Processing fullSlug: sprunki-1996, locale: en, baseSlug: sprunki-1996
✅ Game loaded: sprunki-1996 for en
 (+11ms) 
01:32:46   ├─ /zh/sprunki-1996/index.html🔍 Processing fullSlug: zh/sprunki-1996, locale: zh, baseSlug: sprunki-1996
✅ Game loaded: sprunki-1996 for zh
 (+11ms) 
01:32:46   ├─ /es/sprunki-1996/index.html🔍 Processing fullSlug: es/sprunki-1996, locale: es, baseSlug: sprunki-1996
✅ Game loaded: sprunki-1996 for es
 (+12ms) 
01:32:46   ├─ /fr/sprunki-1996/index.html🔍 Processing fullSlug: fr/sprunki-1996, locale: fr, baseSlug: sprunki-1996
✅ Game loaded: sprunki-1996 for fr
 (+11ms) 
01:32:46   ├─ /de/sprunki-1996/index.html🔍 Processing fullSlug: de/sprunki-1996, locale: de, baseSlug: sprunki-1996
✅ Game loaded: sprunki-1996 for de
 (+11ms) 
01:32:46   ├─ /ja/sprunki-1996/index.html🔍 Processing fullSlug: ja/sprunki-1996, locale: ja, baseSlug: sprunki-1996
✅ Game loaded: sprunki-1996 for ja
 (+10ms) 
01:32:46   ├─ /ko/sprunki-1996/index.html🔍 Processing fullSlug: ko/sprunki-1996, locale: ko, baseSlug: sprunki-1996
✅ Game loaded: sprunki-1996 for ko
 (+10ms) 
01:32:46   ├─ /sprunki-abgerny/index.html🔍 Processing fullSlug: sprunki-abgerny, locale: en, baseSlug: sprunki-abgerny
✅ Game loaded: sprunki-abgerny for en
 (+11ms) 
01:32:46   ├─ /zh/sprunki-abgerny/index.html🔍 Processing fullSlug: zh/sprunki-abgerny, locale: zh, baseSlug: sprunki-abgerny
✅ Game loaded: sprunki-abgerny for zh
 (+10ms) 
01:32:46   ├─ /es/sprunki-abgerny/index.html🔍 Processing fullSlug: es/sprunki-abgerny, locale: es, baseSlug: sprunki-abgerny
✅ Game loaded: sprunki-abgerny for es
 (+10ms) 
01:32:46   ├─ /fr/sprunki-abgerny/index.html🔍 Processing fullSlug: fr/sprunki-abgerny, locale: fr, baseSlug: sprunki-abgerny
✅ Game loaded: sprunki-abgerny for fr
 (+11ms) 
01:32:46   ├─ /de/sprunki-abgerny/index.html🔍 Processing fullSlug: de/sprunki-abgerny, locale: de, baseSlug: sprunki-abgerny
✅ Game loaded: sprunki-abgerny for de
 (+10ms) 
01:32:46   ├─ /ja/sprunki-abgerny/index.html🔍 Processing fullSlug: ja/sprunki-abgerny, locale: ja, baseSlug: sprunki-abgerny
✅ Game loaded: sprunki-abgerny for ja
 (+11ms) 
01:32:46   ├─ /ko/sprunki-abgerny/index.html🔍 Processing fullSlug: ko/sprunki-abgerny, locale: ko, baseSlug: sprunki-abgerny
✅ Game loaded: sprunki-abgerny for ko
 (+11ms) 
01:32:46   ├─ /sprunki-basical/index.html🔍 Processing fullSlug: sprunki-basical, locale: en, baseSlug: sprunki-basical
✅ Game loaded: sprunki-basical for en
 (+13ms) 
01:32:46   ├─ /zh/sprunki-basical/index.html🔍 Processing fullSlug: zh/sprunki-basical, locale: zh, baseSlug: sprunki-basical
✅ Game loaded: sprunki-basical for zh
 (+12ms) 
01:32:46   ├─ /es/sprunki-basical/index.html🔍 Processing fullSlug: es/sprunki-basical, locale: es, baseSlug: sprunki-basical
✅ Game loaded: sprunki-basical for es
 (+11ms) 
01:32:46   ├─ /fr/sprunki-basical/index.html🔍 Processing fullSlug: fr/sprunki-basical, locale: fr, baseSlug: sprunki-basical
✅ Game loaded: sprunki-basical for fr
 (+11ms) 
01:32:46   ├─ /de/sprunki-basical/index.html🔍 Processing fullSlug: de/sprunki-basical, locale: de, baseSlug: sprunki-basical
✅ Game loaded: sprunki-basical for de
 (+11ms) 
01:32:46   ├─ /ja/sprunki-basical/index.html🔍 Processing fullSlug: ja/sprunki-basical, locale: ja, baseSlug: sprunki-basical
✅ Game loaded: sprunki-basical for ja
 (+11ms) 
01:32:46   ├─ /ko/sprunki-basical/index.html🔍 Processing fullSlug: ko/sprunki-basical, locale: ko, baseSlug: sprunki-basical
✅ Game loaded: sprunki-basical for ko
 (+13ms) 
01:32:46   ├─ /sprunki-babies/index.html🔍 Processing fullSlug: sprunki-babies, locale: en, baseSlug: sprunki-babies
✅ Game loaded: sprunki-babies for en
 (+14ms) 
01:32:46   ├─ /zh/sprunki-babies/index.html🔍 Processing fullSlug: zh/sprunki-babies, locale: zh, baseSlug: sprunki-babies
✅ Game loaded: sprunki-babies for zh
 (+10ms) 
01:32:46   ├─ /es/sprunki-babies/index.html🔍 Processing fullSlug: es/sprunki-babies, locale: es, baseSlug: sprunki-babies
✅ Game loaded: sprunki-babies for es
 (+11ms) 
01:32:46   ├─ /fr/sprunki-babies/index.html🔍 Processing fullSlug: fr/sprunki-babies, locale: fr, baseSlug: sprunki-babies
✅ Game loaded: sprunki-babies for fr
 (+11ms) 
01:32:46   ├─ /de/sprunki-babies/index.html🔍 Processing fullSlug: de/sprunki-babies, locale: de, baseSlug: sprunki-babies
✅ Game loaded: sprunki-babies for de
 (+10ms) 
01:32:46   ├─ /ja/sprunki-babies/index.html🔍 Processing fullSlug: ja/sprunki-babies, locale: ja, baseSlug: sprunki-babies
✅ Game loaded: sprunki-babies for ja
 (+11ms) 
01:32:46   ├─ /ko/sprunki-babies/index.html🔍 Processing fullSlug: ko/sprunki-babies, locale: ko, baseSlug: sprunki-babies
✅ Game loaded: sprunki-babies for ko
 (+11ms) 
01:32:46   ├─ /sprunki-but-with-memes/index.html🔍 Processing fullSlug: sprunki-but-with-memes, locale: en, baseSlug: sprunki-but-with-memes
✅ Game loaded: sprunki-but-with-memes for en
 (+12ms) 
01:32:46   ├─ /zh/sprunki-but-with-memes/index.html🔍 Processing fullSlug: zh/sprunki-but-with-memes, locale: zh, baseSlug: sprunki-but-with-memes
✅ Game loaded: sprunki-but-with-memes for zh
 (+15ms) 
01:32:46   ├─ /es/sprunki-but-with-memes/index.html🔍 Processing fullSlug: es/sprunki-but-with-memes, locale: es, baseSlug: sprunki-but-with-memes
✅ Game loaded: sprunki-but-with-memes for es
 (+11ms) 
01:32:46   ├─ /fr/sprunki-but-with-memes/index.html🔍 Processing fullSlug: fr/sprunki-but-with-memes, locale: fr, baseSlug: sprunki-but-with-memes
✅ Game loaded: sprunki-but-with-memes for fr
 (+11ms) 
01:32:46   ├─ /de/sprunki-but-with-memes/index.html🔍 Processing fullSlug: de/sprunki-but-with-memes, locale: de, baseSlug: sprunki-but-with-memes
✅ Game loaded: sprunki-but-with-memes for de
 (+11ms) 
01:32:46   ├─ /ja/sprunki-but-with-memes/index.html🔍 Processing fullSlug: ja/sprunki-but-with-memes, locale: ja, baseSlug: sprunki-but-with-memes
✅ Game loaded: sprunki-but-with-memes for ja
 (+10ms) 
01:32:46   ├─ /ko/sprunki-but-with-memes/index.html🔍 Processing fullSlug: ko/sprunki-but-with-memes, locale: ko, baseSlug: sprunki-but-with-memes
✅ Game loaded: sprunki-but-with-memes for ko
 (+10ms) 
01:32:46   ├─ /sprunki-christmas/index.html🔍 Processing fullSlug: sprunki-christmas, locale: en, baseSlug: sprunki-christmas
✅ Game loaded: sprunki-christmas for en
 (+11ms) 
01:32:46   ├─ /zh/sprunki-christmas/index.html🔍 Processing fullSlug: zh/sprunki-christmas, locale: zh, baseSlug: sprunki-christmas
✅ Game loaded: sprunki-christmas for zh
 (+10ms) 
01:32:46   ├─ /es/sprunki-christmas/index.html🔍 Processing fullSlug: es/sprunki-christmas, locale: es, baseSlug: sprunki-christmas
✅ Game loaded: sprunki-christmas for es
 (+10ms) 
01:32:46   ├─ /fr/sprunki-christmas/index.html🔍 Processing fullSlug: fr/sprunki-christmas, locale: fr, baseSlug: sprunki-christmas
✅ Game loaded: sprunki-christmas for fr
 (+11ms) 
01:32:46   ├─ /de/sprunki-christmas/index.html🔍 Processing fullSlug: de/sprunki-christmas, locale: de, baseSlug: sprunki-christmas
✅ Game loaded: sprunki-christmas for de
 (+11ms) 
01:32:46   ├─ /ja/sprunki-christmas/index.html🔍 Processing fullSlug: ja/sprunki-christmas, locale: ja, baseSlug: sprunki-christmas
✅ Game loaded: sprunki-christmas for ja
 (+11ms) 
01:32:46   ├─ /ko/sprunki-christmas/index.html🔍 Processing fullSlug: ko/sprunki-christmas, locale: ko, baseSlug: sprunki-christmas
✅ Game loaded: sprunki-christmas for ko
 (+11ms) 
01:32:46   ├─ /sprunki-cool-as-ice/index.html🔍 Processing fullSlug: sprunki-cool-as-ice, locale: en, baseSlug: sprunki-cool-as-ice
✅ Game loaded: sprunki-cool-as-ice for en
 (+13ms) 
01:32:46   ├─ /zh/sprunki-cool-as-ice/index.html🔍 Processing fullSlug: zh/sprunki-cool-as-ice, locale: zh, baseSlug: sprunki-cool-as-ice
✅ Game loaded: sprunki-cool-as-ice for zh
 (+13ms) 
01:32:46   ├─ /es/sprunki-cool-as-ice/index.html🔍 Processing fullSlug: es/sprunki-cool-as-ice, locale: es, baseSlug: sprunki-cool-as-ice
✅ Game loaded: sprunki-cool-as-ice for es
 (+11ms) 
01:32:46   ├─ /fr/sprunki-cool-as-ice/index.html🔍 Processing fullSlug: fr/sprunki-cool-as-ice, locale: fr, baseSlug: sprunki-cool-as-ice
✅ Game loaded: sprunki-cool-as-ice for fr
 (+10ms) 
01:32:46   ├─ /de/sprunki-cool-as-ice/index.html🔍 Processing fullSlug: de/sprunki-cool-as-ice, locale: de, baseSlug: sprunki-cool-as-ice
✅ Game loaded: sprunki-cool-as-ice for de
 (+10ms) 
01:32:46   ├─ /ja/sprunki-cool-as-ice/index.html🔍 Processing fullSlug: ja/sprunki-cool-as-ice, locale: ja, baseSlug: sprunki-cool-as-ice
✅ Game loaded: sprunki-cool-as-ice for ja
 (+11ms) 
01:32:46   ├─ /ko/sprunki-cool-as-ice/index.html🔍 Processing fullSlug: ko/sprunki-cool-as-ice, locale: ko, baseSlug: sprunki-cool-as-ice
✅ Game loaded: sprunki-cool-as-ice for ko
 (+11ms) 
01:32:46   ├─ /sprunki-craft/index.html🔍 Processing fullSlug: sprunki-craft, locale: en, baseSlug: sprunki-craft
✅ Game loaded: sprunki-craft for en
 (+12ms) 
01:32:46   ├─ /zh/sprunki-craft/index.html🔍 Processing fullSlug: zh/sprunki-craft, locale: zh, baseSlug: sprunki-craft
✅ Game loaded: sprunki-craft for zh
 (+11ms) 
01:32:46   ├─ /es/sprunki-craft/index.html🔍 Processing fullSlug: es/sprunki-craft, locale: es, baseSlug: sprunki-craft
✅ Game loaded: sprunki-craft for es
 (+11ms) 
01:32:46   ├─ /fr/sprunki-craft/index.html🔍 Processing fullSlug: fr/sprunki-craft, locale: fr, baseSlug: sprunki-craft
✅ Game loaded: sprunki-craft for fr
 (+11ms) 
01:32:46   ├─ /de/sprunki-craft/index.html🔍 Processing fullSlug: de/sprunki-craft, locale: de, baseSlug: sprunki-craft
✅ Game loaded: sprunki-craft for de
 (+11ms) 
01:32:46   ├─ /ja/sprunki-craft/index.html🔍 Processing fullSlug: ja/sprunki-craft, locale: ja, baseSlug: sprunki-craft
✅ Game loaded: sprunki-craft for ja
 (+10ms) 
01:32:46   ├─ /ko/sprunki-craft/index.html🔍 Processing fullSlug: ko/sprunki-craft, locale: ko, baseSlug: sprunki-craft
✅ Game loaded: sprunki-craft for ko
 (+11ms) 
01:32:46   ├─ /sprunki-dandys-world/index.html🔍 Processing fullSlug: sprunki-dandys-world, locale: en, baseSlug: sprunki-dandys-world
✅ Game loaded: sprunki-dandys-world for en
 (+14ms) 
01:32:46   ├─ /zh/sprunki-dandys-world/index.html🔍 Processing fullSlug: zh/sprunki-dandys-world, locale: zh, baseSlug: sprunki-dandys-world
✅ Game loaded: sprunki-dandys-world for zh
 (+14ms) 
01:32:46   ├─ /es/sprunki-dandys-world/index.html🔍 Processing fullSlug: es/sprunki-dandys-world, locale: es, baseSlug: sprunki-dandys-world
✅ Game loaded: sprunki-dandys-world for es
 (+10ms) 
01:32:46   ├─ /fr/sprunki-dandys-world/index.html🔍 Processing fullSlug: fr/sprunki-dandys-world, locale: fr, baseSlug: sprunki-dandys-world
✅ Game loaded: sprunki-dandys-world for fr
 (+10ms) 
01:32:46   ├─ /de/sprunki-dandys-world/index.html🔍 Processing fullSlug: de/sprunki-dandys-world, locale: de, baseSlug: sprunki-dandys-world
✅ Game loaded: sprunki-dandys-world for de
 (+10ms) 
01:32:46   ├─ /ja/sprunki-dandys-world/index.html🔍 Processing fullSlug: ja/sprunki-dandys-world, locale: ja, baseSlug: sprunki-dandys-world
✅ Game loaded: sprunki-dandys-world for ja
 (+10ms) 
01:32:46   ├─ /ko/sprunki-dandys-world/index.html🔍 Processing fullSlug: ko/sprunki-dandys-world, locale: ko, baseSlug: sprunki-dandys-world
✅ Game loaded: sprunki-dandys-world for ko
 (+10ms) 
01:32:46   ├─ /sprunki-eggs-mix/index.html🔍 Processing fullSlug: sprunki-eggs-mix, locale: en, baseSlug: sprunki-eggs-mix
✅ Game loaded: sprunki-eggs-mix for en
 (+11ms) 
01:32:46   ├─ /zh/sprunki-eggs-mix/index.html🔍 Processing fullSlug: zh/sprunki-eggs-mix, locale: zh, baseSlug: sprunki-eggs-mix
✅ Game loaded: sprunki-eggs-mix for zh
 (+10ms) 
01:32:46   ├─ /es/sprunki-eggs-mix/index.html🔍 Processing fullSlug: es/sprunki-eggs-mix, locale: es, baseSlug: sprunki-eggs-mix
✅ Game loaded: sprunki-eggs-mix for es
 (+10ms) 
01:32:46   ├─ /fr/sprunki-eggs-mix/index.html🔍 Processing fullSlug: fr/sprunki-eggs-mix, locale: fr, baseSlug: sprunki-eggs-mix
✅ Game loaded: sprunki-eggs-mix for fr
 (+11ms) 
01:32:46   ├─ /de/sprunki-eggs-mix/index.html🔍 Processing fullSlug: de/sprunki-eggs-mix, locale: de, baseSlug: sprunki-eggs-mix
✅ Game loaded: sprunki-eggs-mix for de
 (+11ms) 
01:32:46   ├─ /ja/sprunki-eggs-mix/index.html🔍 Processing fullSlug: ja/sprunki-eggs-mix, locale: ja, baseSlug: sprunki-eggs-mix
✅ Game loaded: sprunki-eggs-mix for ja
 (+12ms) 
01:32:46   ├─ /ko/sprunki-eggs-mix/index.html🔍 Processing fullSlug: ko/sprunki-eggs-mix, locale: ko, baseSlug: sprunki-eggs-mix
✅ Game loaded: sprunki-eggs-mix for ko
 (+12ms) 
01:32:46   ├─ /sprunki-good-night/index.html🔍 Processing fullSlug: sprunki-good-night, locale: en, baseSlug: sprunki-good-night
✅ Game loaded: sprunki-good-night for en
 (+12ms) 
01:32:46   ├─ /zh/sprunki-good-night/index.html🔍 Processing fullSlug: zh/sprunki-good-night, locale: zh, baseSlug: sprunki-good-night
✅ Game loaded: sprunki-good-night for zh
 (+13ms) 
01:32:46   ├─ /es/sprunki-good-night/index.html🔍 Processing fullSlug: es/sprunki-good-night, locale: es, baseSlug: sprunki-good-night
✅ Game loaded: sprunki-good-night for es
 (+11ms) 
01:32:46   ├─ /fr/sprunki-good-night/index.html🔍 Processing fullSlug: fr/sprunki-good-night, locale: fr, baseSlug: sprunki-good-night
✅ Game loaded: sprunki-good-night for fr
 (+10ms) 
01:32:46   ├─ /de/sprunki-good-night/index.html🔍 Processing fullSlug: de/sprunki-good-night, locale: de, baseSlug: sprunki-good-night
✅ Game loaded: sprunki-good-night for de
 (+10ms) 
01:32:46   ├─ /ja/sprunki-good-night/index.html🔍 Processing fullSlug: ja/sprunki-good-night, locale: ja, baseSlug: sprunki-good-night
✅ Game loaded: sprunki-good-night for ja
 (+10ms) 
01:32:46   ├─ /ko/sprunki-good-night/index.html🔍 Processing fullSlug: ko/sprunki-good-night, locale: ko, baseSlug: sprunki-good-night
✅ Game loaded: sprunki-good-night for ko
 (+10ms) 
01:32:46   ├─ /sprunki-halloween/index.html🔍 Processing fullSlug: sprunki-halloween, locale: en, baseSlug: sprunki-halloween
✅ Game loaded: sprunki-halloween for en
 (+11ms) 
01:32:46   ├─ /zh/sprunki-halloween/index.html🔍 Processing fullSlug: zh/sprunki-halloween, locale: zh, baseSlug: sprunki-halloween
✅ Game loaded: sprunki-halloween for zh
 (+10ms) 
01:32:46   ├─ /es/sprunki-halloween/index.html🔍 Processing fullSlug: es/sprunki-halloween, locale: es, baseSlug: sprunki-halloween
✅ Game loaded: sprunki-halloween for es
 (+10ms) 
01:32:46   ├─ /fr/sprunki-halloween/index.html🔍 Processing fullSlug: fr/sprunki-halloween, locale: fr, baseSlug: sprunki-halloween
✅ Game loaded: sprunki-halloween for fr
 (+10ms) 
01:32:46   ├─ /de/sprunki-halloween/index.html🔍 Processing fullSlug: de/sprunki-halloween, locale: de, baseSlug: sprunki-halloween
✅ Game loaded: sprunki-halloween for de
 (+10ms) 
01:32:46   ├─ /ja/sprunki-halloween/index.html🔍 Processing fullSlug: ja/sprunki-halloween, locale: ja, baseSlug: sprunki-halloween
✅ Game loaded: sprunki-halloween for ja
 (+11ms) 
01:32:46   ├─ /ko/sprunki-halloween/index.html🔍 Processing fullSlug: ko/sprunki-halloween, locale: ko, baseSlug: sprunki-halloween
✅ Game loaded: sprunki-halloween for ko
 (+11ms) 
01:32:46   ├─ /sprunki-interactive-beta/index.html🔍 Processing fullSlug: sprunki-interactive-beta, locale: en, baseSlug: sprunki-interactive-beta
✅ Game loaded: sprunki-interactive-beta for en
 (+13ms) 
01:32:46   ├─ /zh/sprunki-interactive-beta/index.html🔍 Processing fullSlug: zh/sprunki-interactive-beta, locale: zh, baseSlug: sprunki-interactive-beta
✅ Game loaded: sprunki-interactive-beta for zh
 (+13ms) 
01:32:47   ├─ /es/sprunki-interactive-beta/index.html🔍 Processing fullSlug: es/sprunki-interactive-beta, locale: es, baseSlug: sprunki-interactive-beta
✅ Game loaded: sprunki-interactive-beta for es
 (+10ms) 
01:32:47   ├─ /fr/sprunki-interactive-beta/index.html🔍 Processing fullSlug: fr/sprunki-interactive-beta, locale: fr, baseSlug: sprunki-interactive-beta
✅ Game loaded: sprunki-interactive-beta for fr
 (+10ms) 
01:32:47   ├─ /de/sprunki-interactive-beta/index.html🔍 Processing fullSlug: de/sprunki-interactive-beta, locale: de, baseSlug: sprunki-interactive-beta
✅ Game loaded: sprunki-interactive-beta for de
 (+11ms) 
01:32:47   ├─ /ja/sprunki-interactive-beta/index.html🔍 Processing fullSlug: ja/sprunki-interactive-beta, locale: ja, baseSlug: sprunki-interactive-beta
✅ Game loaded: sprunki-interactive-beta for ja
 (+11ms) 
01:32:47   ├─ /ko/sprunki-interactive-beta/index.html🔍 Processing fullSlug: ko/sprunki-interactive-beta, locale: ko, baseSlug: sprunki-interactive-beta
✅ Game loaded: sprunki-interactive-beta for ko
 (+10ms) 
01:32:47   ├─ /sprunki-like-minecraft/index.html🔍 Processing fullSlug: sprunki-like-minecraft, locale: en, baseSlug: sprunki-like-minecraft
✅ Game loaded: sprunki-like-minecraft for en
 (+11ms) 
01:32:47   ├─ /zh/sprunki-like-minecraft/index.html🔍 Processing fullSlug: zh/sprunki-like-minecraft, locale: zh, baseSlug: sprunki-like-minecraft
✅ Game loaded: sprunki-like-minecraft for zh
 (+11ms) 
01:32:47   ├─ /es/sprunki-like-minecraft/index.html🔍 Processing fullSlug: es/sprunki-like-minecraft, locale: es, baseSlug: sprunki-like-minecraft
✅ Game loaded: sprunki-like-minecraft for es
 (+10ms) 
01:32:47   ├─ /fr/sprunki-like-minecraft/index.html🔍 Processing fullSlug: fr/sprunki-like-minecraft, locale: fr, baseSlug: sprunki-like-minecraft
✅ Game loaded: sprunki-like-minecraft for fr
 (+13ms) 
01:32:47   ├─ /de/sprunki-like-minecraft/index.html🔍 Processing fullSlug: de/sprunki-like-minecraft, locale: de, baseSlug: sprunki-like-minecraft
✅ Game loaded: sprunki-like-minecraft for de
 (+11ms) 
01:32:47   ├─ /ja/sprunki-like-minecraft/index.html🔍 Processing fullSlug: ja/sprunki-like-minecraft, locale: ja, baseSlug: sprunki-like-minecraft
✅ Game loaded: sprunki-like-minecraft for ja
 (+11ms) 
01:32:47   ├─ /ko/sprunki-like-minecraft/index.html🔍 Processing fullSlug: ko/sprunki-like-minecraft, locale: ko, baseSlug: sprunki-like-minecraft
✅ Game loaded: sprunki-like-minecraft for ko
 (+11ms) 
01:32:47   ├─ /sprunki-meets-the-cat-spell/index.html🔍 Processing fullSlug: sprunki-meets-the-cat-spell, locale: en, baseSlug: sprunki-meets-the-cat-spell
✅ Game loaded: sprunki-meets-the-cat-spell for en
 (+11ms) 
01:32:47   ├─ /zh/sprunki-meets-the-cat-spell/index.html🔍 Processing fullSlug: zh/sprunki-meets-the-cat-spell, locale: zh, baseSlug: sprunki-meets-the-cat-spell
✅ Game loaded: sprunki-meets-the-cat-spell for zh
 (+10ms) 
01:32:47   ├─ /es/sprunki-meets-the-cat-spell/index.html🔍 Processing fullSlug: es/sprunki-meets-the-cat-spell, locale: es, baseSlug: sprunki-meets-the-cat-spell
✅ Game loaded: sprunki-meets-the-cat-spell for es
 (+10ms) 
01:32:47   ├─ /fr/sprunki-meets-the-cat-spell/index.html🔍 Processing fullSlug: fr/sprunki-meets-the-cat-spell, locale: fr, baseSlug: sprunki-meets-the-cat-spell
✅ Game loaded: sprunki-meets-the-cat-spell for fr
 (+10ms) 
01:32:47   ├─ /de/sprunki-meets-the-cat-spell/index.html🔍 Processing fullSlug: de/sprunki-meets-the-cat-spell, locale: de, baseSlug: sprunki-meets-the-cat-spell
✅ Game loaded: sprunki-meets-the-cat-spell for de
 (+11ms) 
01:32:47   ├─ /ja/sprunki-meets-the-cat-spell/index.html🔍 Processing fullSlug: ja/sprunki-meets-the-cat-spell, locale: ja, baseSlug: sprunki-meets-the-cat-spell
✅ Game loaded: sprunki-meets-the-cat-spell for ja
 (+11ms) 
01:32:47   ├─ /ko/sprunki-meets-the-cat-spell/index.html🔍 Processing fullSlug: ko/sprunki-meets-the-cat-spell, locale: ko, baseSlug: sprunki-meets-the-cat-spell
✅ Game loaded: sprunki-meets-the-cat-spell for ko
 (+11ms) 
01:32:47   ├─ /sprunki-minecraft/index.html🔍 Processing fullSlug: sprunki-minecraft, locale: en, baseSlug: sprunki-minecraft
✅ Game loaded: sprunki-minecraft for en
 (+12ms) 
01:32:47   ├─ /zh/sprunki-minecraft/index.html🔍 Processing fullSlug: zh/sprunki-minecraft, locale: zh, baseSlug: sprunki-minecraft
✅ Game loaded: sprunki-minecraft for zh
 (+12ms) 
01:32:47   ├─ /es/sprunki-minecraft/index.html🔍 Processing fullSlug: es/sprunki-minecraft, locale: es, baseSlug: sprunki-minecraft
✅ Game loaded: sprunki-minecraft for es
 (+11ms) 
01:32:47   ├─ /fr/sprunki-minecraft/index.html🔍 Processing fullSlug: fr/sprunki-minecraft, locale: fr, baseSlug: sprunki-minecraft
✅ Game loaded: sprunki-minecraft for fr
 (+11ms) 
01:32:47   ├─ /de/sprunki-minecraft/index.html🔍 Processing fullSlug: de/sprunki-minecraft, locale: de, baseSlug: sprunki-minecraft
✅ Game loaded: sprunki-minecraft for de
 (+11ms) 
01:32:47   ├─ /ja/sprunki-minecraft/index.html🔍 Processing fullSlug: ja/sprunki-minecraft, locale: ja, baseSlug: sprunki-minecraft
✅ Game loaded: sprunki-minecraft for ja
 (+10ms) 
01:32:47   ├─ /ko/sprunki-minecraft/index.html🔍 Processing fullSlug: ko/sprunki-minecraft, locale: ko, baseSlug: sprunki-minecraft
✅ Game loaded: sprunki-minecraft for ko
 (+11ms) 
01:32:47   ├─ /sprunki-maker/index.html🔍 Processing fullSlug: sprunki-maker, locale: en, baseSlug: sprunki-maker
✅ Game loaded: sprunki-maker for en
 (+11ms) 
01:32:47   ├─ /zh/sprunki-maker/index.html🔍 Processing fullSlug: zh/sprunki-maker, locale: zh, baseSlug: sprunki-maker
✅ Game loaded: sprunki-maker for zh
 (+10ms) 
01:32:47   ├─ /es/sprunki-maker/index.html🔍 Processing fullSlug: es/sprunki-maker, locale: es, baseSlug: sprunki-maker
✅ Game loaded: sprunki-maker for es
 (+11ms) 
01:32:47   ├─ /fr/sprunki-maker/index.html🔍 Processing fullSlug: fr/sprunki-maker, locale: fr, baseSlug: sprunki-maker
✅ Game loaded: sprunki-maker for fr
 (+11ms) 
01:32:47   ├─ /de/sprunki-maker/index.html🔍 Processing fullSlug: de/sprunki-maker, locale: de, baseSlug: sprunki-maker
✅ Game loaded: sprunki-maker for de
 (+11ms) 
01:32:47   ├─ /ja/sprunki-maker/index.html🔍 Processing fullSlug: ja/sprunki-maker, locale: ja, baseSlug: sprunki-maker
✅ Game loaded: sprunki-maker for ja
 (+11ms) 
01:32:47   ├─ /ko/sprunki-maker/index.html🔍 Processing fullSlug: ko/sprunki-maker, locale: ko, baseSlug: sprunki-maker
✅ Game loaded: sprunki-maker for ko
 (+11ms) 
01:32:47   ├─ /sprunki-mustard/index.html🔍 Processing fullSlug: sprunki-mustard, locale: en, baseSlug: sprunki-mustard
✅ Game loaded: sprunki-mustard for en
 (+13ms) 
01:32:47   ├─ /zh/sprunki-mustard/index.html🔍 Processing fullSlug: zh/sprunki-mustard, locale: zh, baseSlug: sprunki-mustard
✅ Game loaded: sprunki-mustard for zh
 (+15ms) 
01:32:47   ├─ /es/sprunki-mustard/index.html🔍 Processing fullSlug: es/sprunki-mustard, locale: es, baseSlug: sprunki-mustard
✅ Game loaded: sprunki-mustard for es
 (+11ms) 
01:32:47   ├─ /fr/sprunki-mustard/index.html🔍 Processing fullSlug: fr/sprunki-mustard, locale: fr, baseSlug: sprunki-mustard
✅ Game loaded: sprunki-mustard for fr
 (+11ms) 
01:32:47   ├─ /de/sprunki-mustard/index.html🔍 Processing fullSlug: de/sprunki-mustard, locale: de, baseSlug: sprunki-mustard
✅ Game loaded: sprunki-mustard for de
 (+11ms) 
01:32:47   ├─ /ja/sprunki-mustard/index.html🔍 Processing fullSlug: ja/sprunki-mustard, locale: ja, baseSlug: sprunki-mustard
✅ Game loaded: sprunki-mustard for ja
 (+11ms) 
01:32:47   ├─ /ko/sprunki-mustard/index.html🔍 Processing fullSlug: ko/sprunki-mustard, locale: ko, baseSlug: sprunki-mustard
✅ Game loaded: sprunki-mustard for ko
 (+11ms) 
01:32:47   ├─ /sprunki-mod-BFDI/index.html🔍 Processing fullSlug: sprunki-mod-BFDI, locale: en, baseSlug: sprunki-mod-BFDI
✅ Game loaded: sprunki-mod-BFDI for en
 (+11ms) 
01:32:47   ├─ /zh/sprunki-mod-BFDI/index.html🔍 Processing fullSlug: zh/sprunki-mod-BFDI, locale: zh, baseSlug: sprunki-mod-BFDI
✅ Game loaded: sprunki-mod-BFDI for zh
 (+11ms) 
01:32:47   ├─ /es/sprunki-mod-BFDI/index.html🔍 Processing fullSlug: es/sprunki-mod-BFDI, locale: es, baseSlug: sprunki-mod-BFDI
✅ Game loaded: sprunki-mod-BFDI for es
 (+11ms) 
01:32:47   ├─ /fr/sprunki-mod-BFDI/index.html🔍 Processing fullSlug: fr/sprunki-mod-BFDI, locale: fr, baseSlug: sprunki-mod-BFDI
✅ Game loaded: sprunki-mod-BFDI for fr
 (+11ms) 
01:32:47   ├─ /de/sprunki-mod-BFDI/index.html🔍 Processing fullSlug: de/sprunki-mod-BFDI, locale: de, baseSlug: sprunki-mod-BFDI
✅ Game loaded: sprunki-mod-BFDI for de
 (+11ms) 
01:32:47   ├─ /ja/sprunki-mod-BFDI/index.html🔍 Processing fullSlug: ja/sprunki-mod-BFDI, locale: ja, baseSlug: sprunki-mod-BFDI
✅ Game loaded: sprunki-mod-BFDI for ja
 (+11ms) 
01:32:47   ├─ /ko/sprunki-mod-BFDI/index.html🔍 Processing fullSlug: ko/sprunki-mod-BFDI, locale: ko, baseSlug: sprunki-mod-BFDI
✅ Game loaded: sprunki-mod-BFDI for ko
 (+10ms) 
01:32:47   ├─ /sprunki-night-time/index.html🔍 Processing fullSlug: sprunki-night-time, locale: en, baseSlug: sprunki-night-time
✅ Game loaded: sprunki-night-time for en
 (+13ms) 
01:32:47   ├─ /zh/sprunki-night-time/index.html🔍 Processing fullSlug: zh/sprunki-night-time, locale: zh, baseSlug: sprunki-night-time
✅ Game loaded: sprunki-night-time for zh
 (+12ms) 
01:32:47   ├─ /es/sprunki-night-time/index.html🔍 Processing fullSlug: es/sprunki-night-time, locale: es, baseSlug: sprunki-night-time
✅ Game loaded: sprunki-night-time for es
 (+11ms) 
01:32:47   ├─ /fr/sprunki-night-time/index.html🔍 Processing fullSlug: fr/sprunki-night-time, locale: fr, baseSlug: sprunki-night-time
✅ Game loaded: sprunki-night-time for fr
 (+11ms) 
01:32:47   ├─ /de/sprunki-night-time/index.html🔍 Processing fullSlug: de/sprunki-night-time, locale: de, baseSlug: sprunki-night-time
✅ Game loaded: sprunki-night-time for de
 (+11ms) 
01:32:47   ├─ /ja/sprunki-night-time/index.html🔍 Processing fullSlug: ja/sprunki-night-time, locale: ja, baseSlug: sprunki-night-time
✅ Game loaded: sprunki-night-time for ja
 (+10ms) 
01:32:47   ├─ /ko/sprunki-night-time/index.html🔍 Processing fullSlug: ko/sprunki-night-time, locale: ko, baseSlug: sprunki-night-time
✅ Game loaded: sprunki-night-time for ko
 (+11ms) 
01:32:47   ├─ /sprunki-phase-1/index.html🔍 Processing fullSlug: sprunki-phase-1, locale: en, baseSlug: sprunki-phase-1
✅ Game loaded: sprunki-phase-1 for en
 (+11ms) 
01:32:47   ├─ /zh/sprunki-phase-1/index.html🔍 Processing fullSlug: zh/sprunki-phase-1, locale: zh, baseSlug: sprunki-phase-1
✅ Game loaded: sprunki-phase-1 for zh
 (+10ms) 
01:32:47   ├─ /es/sprunki-phase-1/index.html🔍 Processing fullSlug: es/sprunki-phase-1, locale: es, baseSlug: sprunki-phase-1
✅ Game loaded: sprunki-phase-1 for es
 (+10ms) 
01:32:47   ├─ /fr/sprunki-phase-1/index.html🔍 Processing fullSlug: fr/sprunki-phase-1, locale: fr, baseSlug: sprunki-phase-1
✅ Game loaded: sprunki-phase-1 for fr
 (+10ms) 
01:32:47   ├─ /de/sprunki-phase-1/index.html🔍 Processing fullSlug: de/sprunki-phase-1, locale: de, baseSlug: sprunki-phase-1
✅ Game loaded: sprunki-phase-1 for de
 (+11ms) 
01:32:47   ├─ /ja/sprunki-phase-1/index.html🔍 Processing fullSlug: ja/sprunki-phase-1, locale: ja, baseSlug: sprunki-phase-1
✅ Game loaded: sprunki-phase-1 for ja
 (+12ms) 
01:32:47   ├─ /ko/sprunki-phase-1/index.html🔍 Processing fullSlug: ko/sprunki-phase-1, locale: ko, baseSlug: sprunki-phase-1
✅ Game loaded: sprunki-phase-1 for ko
 (+11ms) 
01:32:47   ├─ /sprunki-phase-5/index.html🔍 Processing fullSlug: sprunki-phase-5, locale: en, baseSlug: sprunki-phase-5
✅ Game loaded: sprunki-phase-5 for en
 (+13ms) 
01:32:47   ├─ /zh/sprunki-phase-5/index.html🔍 Processing fullSlug: zh/sprunki-phase-5, locale: zh, baseSlug: sprunki-phase-5
✅ Game loaded: sprunki-phase-5 for zh
 (+17ms) 
01:32:47   ├─ /es/sprunki-phase-5/index.html🔍 Processing fullSlug: es/sprunki-phase-5, locale: es, baseSlug: sprunki-phase-5
✅ Game loaded: sprunki-phase-5 for es
 (+11ms) 
01:32:47   ├─ /fr/sprunki-phase-5/index.html🔍 Processing fullSlug: fr/sprunki-phase-5, locale: fr, baseSlug: sprunki-phase-5
✅ Game loaded: sprunki-phase-5 for fr
 (+11ms) 
01:32:47   ├─ /de/sprunki-phase-5/index.html🔍 Processing fullSlug: de/sprunki-phase-5, locale: de, baseSlug: sprunki-phase-5
✅ Game loaded: sprunki-phase-5 for de
 (+10ms) 
01:32:47   ├─ /ja/sprunki-phase-5/index.html🔍 Processing fullSlug: ja/sprunki-phase-5, locale: ja, baseSlug: sprunki-phase-5
✅ Game loaded: sprunki-phase-5 for ja
 (+11ms) 
01:32:47   ├─ /ko/sprunki-phase-5/index.html🔍 Processing fullSlug: ko/sprunki-phase-5, locale: ko, baseSlug: sprunki-phase-5
✅ Game loaded: sprunki-phase-5 for ko
 (+11ms) 
01:32:47   ├─ /sprunki-parasite-parasprunki-15/index.html🔍 Processing fullSlug: sprunki-parasite-parasprunki-15, locale: en, baseSlug: sprunki-parasite-parasprunki-15
✅ Game loaded: sprunki-parasite-parasprunki-15 for en
 (+11ms) 
01:32:47   ├─ /zh/sprunki-parasite-parasprunki-15/index.html🔍 Processing fullSlug: zh/sprunki-parasite-parasprunki-15, locale: zh, baseSlug: sprunki-parasite-parasprunki-15
✅ Game loaded: sprunki-parasite-parasprunki-15 for zh
 (+10ms) 
01:32:47   ├─ /es/sprunki-parasite-parasprunki-15/index.html🔍 Processing fullSlug: es/sprunki-parasite-parasprunki-15, locale: es, baseSlug: sprunki-parasite-parasprunki-15
✅ Game loaded: sprunki-parasite-parasprunki-15 for es
 (+11ms) 
01:32:47   ├─ /fr/sprunki-parasite-parasprunki-15/index.html🔍 Processing fullSlug: fr/sprunki-parasite-parasprunki-15, locale: fr, baseSlug: sprunki-parasite-parasprunki-15
✅ Game loaded: sprunki-parasite-parasprunki-15 for fr
 (+11ms) 
01:32:47   ├─ /de/sprunki-parasite-parasprunki-15/index.html🔍 Processing fullSlug: de/sprunki-parasite-parasprunki-15, locale: de, baseSlug: sprunki-parasite-parasprunki-15
✅ Game loaded: sprunki-parasite-parasprunki-15 for de
 (+11ms) 
01:32:47   ├─ /ja/sprunki-parasite-parasprunki-15/index.html🔍 Processing fullSlug: ja/sprunki-parasite-parasprunki-15, locale: ja, baseSlug: sprunki-parasite-parasprunki-15
✅ Game loaded: sprunki-parasite-parasprunki-15 for ja
 (+11ms) 
01:32:47   ├─ /ko/sprunki-parasite-parasprunki-15/index.html🔍 Processing fullSlug: ko/sprunki-parasite-parasprunki-15, locale: ko, baseSlug: sprunki-parasite-parasprunki-15
✅ Game loaded: sprunki-parasite-parasprunki-15 for ko
 (+11ms) 
01:32:47   ├─ /sprunki-phase-2-5/index.html🔍 Processing fullSlug: sprunki-phase-2-5, locale: en, baseSlug: sprunki-phase-2-5
✅ Game loaded: sprunki-phase-2-5 for en
 (+13ms) 
01:32:47   ├─ /zh/sprunki-phase-2-5/index.html🔍 Processing fullSlug: zh/sprunki-phase-2-5, locale: zh, baseSlug: sprunki-phase-2-5
✅ Game loaded: sprunki-phase-2-5 for zh
 (+12ms) 
01:32:47   ├─ /es/sprunki-phase-2-5/index.html🔍 Processing fullSlug: es/sprunki-phase-2-5, locale: es, baseSlug: sprunki-phase-2-5
✅ Game loaded: sprunki-phase-2-5 for es
 (+11ms) 
01:32:47   ├─ /fr/sprunki-phase-2-5/index.html🔍 Processing fullSlug: fr/sprunki-phase-2-5, locale: fr, baseSlug: sprunki-phase-2-5
✅ Game loaded: sprunki-phase-2-5 for fr
 (+11ms) 
01:32:47   ├─ /de/sprunki-phase-2-5/index.html🔍 Processing fullSlug: de/sprunki-phase-2-5, locale: de, baseSlug: sprunki-phase-2-5
✅ Game loaded: sprunki-phase-2-5 for de
 (+11ms) 
01:32:47   ├─ /ja/sprunki-phase-2-5/index.html🔍 Processing fullSlug: ja/sprunki-phase-2-5, locale: ja, baseSlug: sprunki-phase-2-5
✅ Game loaded: sprunki-phase-2-5 for ja
 (+10ms) 
01:32:47   ├─ /ko/sprunki-phase-2-5/index.html🔍 Processing fullSlug: ko/sprunki-phase-2-5, locale: ko, baseSlug: sprunki-phase-2-5
✅ Game loaded: sprunki-phase-2-5 for ko
 (+11ms) 
01:32:47   ├─ /sprunki-phase-8/index.html🔍 Processing fullSlug: sprunki-phase-8, locale: en, baseSlug: sprunki-phase-8
✅ Game loaded: sprunki-phase-8 for en
 (+11ms) 
01:32:47   ├─ /zh/sprunki-phase-8/index.html🔍 Processing fullSlug: zh/sprunki-phase-8, locale: zh, baseSlug: sprunki-phase-8
✅ Game loaded: sprunki-phase-8 for zh
 (+10ms) 
01:32:47   ├─ /es/sprunki-phase-8/index.html🔍 Processing fullSlug: es/sprunki-phase-8, locale: es, baseSlug: sprunki-phase-8
✅ Game loaded: sprunki-phase-8 for es
 (+11ms) 
01:32:47   ├─ /fr/sprunki-phase-8/index.html🔍 Processing fullSlug: fr/sprunki-phase-8, locale: fr, baseSlug: sprunki-phase-8
✅ Game loaded: sprunki-phase-8 for fr
 (+10ms) 
01:32:47   ├─ /de/sprunki-phase-8/index.html🔍 Processing fullSlug: de/sprunki-phase-8, locale: de, baseSlug: sprunki-phase-8
✅ Game loaded: sprunki-phase-8 for de
 (+12ms) 
01:32:47   ├─ /ja/sprunki-phase-8/index.html🔍 Processing fullSlug: ja/sprunki-phase-8, locale: ja, baseSlug: sprunki-phase-8
✅ Game loaded: sprunki-phase-8 for ja
 (+11ms) 
01:32:47   ├─ /ko/sprunki-phase-8/index.html🔍 Processing fullSlug: ko/sprunki-phase-8, locale: ko, baseSlug: sprunki-phase-8
✅ Game loaded: sprunki-phase-8 for ko
 (+11ms) 
01:32:47   ├─ /sprunki-play-random/index.html🔍 Processing fullSlug: sprunki-play-random, locale: en, baseSlug: sprunki-play-random
✅ Game loaded: sprunki-play-random for en
 (+13ms) 
01:32:48   ├─ /zh/sprunki-play-random/index.html🔍 Processing fullSlug: zh/sprunki-play-random, locale: zh, baseSlug: sprunki-play-random
✅ Game loaded: sprunki-play-random for zh
 (+13ms) 
01:32:48   ├─ /es/sprunki-play-random/index.html🔍 Processing fullSlug: es/sprunki-play-random, locale: es, baseSlug: sprunki-play-random
✅ Game loaded: sprunki-play-random for es
 (+11ms) 
01:32:48   ├─ /fr/sprunki-play-random/index.html🔍 Processing fullSlug: fr/sprunki-play-random, locale: fr, baseSlug: sprunki-play-random
✅ Game loaded: sprunki-play-random for fr
 (+11ms) 
01:32:48   ├─ /de/sprunki-play-random/index.html🔍 Processing fullSlug: de/sprunki-play-random, locale: de, baseSlug: sprunki-play-random
✅ Game loaded: sprunki-play-random for de
 (+11ms) 
01:32:48   ├─ /ja/sprunki-play-random/index.html🔍 Processing fullSlug: ja/sprunki-play-random, locale: ja, baseSlug: sprunki-play-random
✅ Game loaded: sprunki-play-random for ja
 (+10ms) 
01:32:48   ├─ /ko/sprunki-play-random/index.html🔍 Processing fullSlug: ko/sprunki-play-random, locale: ko, baseSlug: sprunki-play-random
✅ Game loaded: sprunki-play-random for ko
 (+11ms) 
01:32:48   ├─ /sprunki-police-and-prisoners/index.html🔍 Processing fullSlug: sprunki-police-and-prisoners, locale: en, baseSlug: sprunki-police-and-prisoners
✅ Game loaded: sprunki-police-and-prisoners for en
 (+11ms) 
01:32:48   ├─ /zh/sprunki-police-and-prisoners/index.html🔍 Processing fullSlug: zh/sprunki-police-and-prisoners, locale: zh, baseSlug: sprunki-police-and-prisoners
✅ Game loaded: sprunki-police-and-prisoners for zh
 (+11ms) 
01:32:48   ├─ /es/sprunki-police-and-prisoners/index.html🔍 Processing fullSlug: es/sprunki-police-and-prisoners, locale: es, baseSlug: sprunki-police-and-prisoners
✅ Game loaded: sprunki-police-and-prisoners for es
 (+11ms) 
01:32:48   ├─ /fr/sprunki-police-and-prisoners/index.html🔍 Processing fullSlug: fr/sprunki-police-and-prisoners, locale: fr, baseSlug: sprunki-police-and-prisoners
✅ Game loaded: sprunki-police-and-prisoners for fr
 (+16ms) 
01:32:48   ├─ /de/sprunki-police-and-prisoners/index.html🔍 Processing fullSlug: de/sprunki-police-and-prisoners, locale: de, baseSlug: sprunki-police-and-prisoners
✅ Game loaded: sprunki-police-and-prisoners for de
 (+11ms) 
01:32:48   ├─ /ja/sprunki-police-and-prisoners/index.html🔍 Processing fullSlug: ja/sprunki-police-and-prisoners, locale: ja, baseSlug: sprunki-police-and-prisoners
✅ Game loaded: sprunki-police-and-prisoners for ja
 (+10ms) 
01:32:48   ├─ /ko/sprunki-police-and-prisoners/index.html🔍 Processing fullSlug: ko/sprunki-police-and-prisoners, locale: ko, baseSlug: sprunki-police-and-prisoners
✅ Game loaded: sprunki-police-and-prisoners for ko
 (+10ms) 
01:32:48   ├─ /sprunki-pyramixed/index.html🔍 Processing fullSlug: sprunki-pyramixed, locale: en, baseSlug: sprunki-pyramixed
✅ Game loaded: sprunki-pyramixed for en
 (+11ms) 
01:32:48   ├─ /zh/sprunki-pyramixed/index.html🔍 Processing fullSlug: zh/sprunki-pyramixed, locale: zh, baseSlug: sprunki-pyramixed
✅ Game loaded: sprunki-pyramixed for zh
 (+10ms) 
01:32:48   ├─ /es/sprunki-pyramixed/index.html🔍 Processing fullSlug: es/sprunki-pyramixed, locale: es, baseSlug: sprunki-pyramixed
✅ Game loaded: sprunki-pyramixed for es
 (+12ms) 
01:32:48   ├─ /fr/sprunki-pyramixed/index.html🔍 Processing fullSlug: fr/sprunki-pyramixed, locale: fr, baseSlug: sprunki-pyramixed
✅ Game loaded: sprunki-pyramixed for fr
 (+12ms) 
01:32:48   ├─ /de/sprunki-pyramixed/index.html🔍 Processing fullSlug: de/sprunki-pyramixed, locale: de, baseSlug: sprunki-pyramixed
✅ Game loaded: sprunki-pyramixed for de
 (+11ms) 
01:32:48   ├─ /ja/sprunki-pyramixed/index.html🔍 Processing fullSlug: ja/sprunki-pyramixed, locale: ja, baseSlug: sprunki-pyramixed
✅ Game loaded: sprunki-pyramixed for ja
 (+12ms) 
01:32:48   ├─ /ko/sprunki-pyramixed/index.html🔍 Processing fullSlug: ko/sprunki-pyramixed, locale: ko, baseSlug: sprunki-pyramixed
✅ Game loaded: sprunki-pyramixed for ko
 (+12ms) 
01:32:48   ├─ /sprunki-pyramixed-version/index.html🔍 Processing fullSlug: sprunki-pyramixed-version, locale: en, baseSlug: sprunki-pyramixed-version
✅ Game loaded: sprunki-pyramixed-version for en
 (+14ms) 
01:32:48   ├─ /zh/sprunki-pyramixed-version/index.html🔍 Processing fullSlug: zh/sprunki-pyramixed-version, locale: zh, baseSlug: sprunki-pyramixed-version
✅ Game loaded: sprunki-pyramixed-version for zh
 (+14ms) 
01:32:48   ├─ /es/sprunki-pyramixed-version/index.html🔍 Processing fullSlug: es/sprunki-pyramixed-version, locale: es, baseSlug: sprunki-pyramixed-version
✅ Game loaded: sprunki-pyramixed-version for es
 (+11ms) 
01:32:48   ├─ /fr/sprunki-pyramixed-version/index.html🔍 Processing fullSlug: fr/sprunki-pyramixed-version, locale: fr, baseSlug: sprunki-pyramixed-version
✅ Game loaded: sprunki-pyramixed-version for fr
 (+11ms) 
01:32:48   ├─ /de/sprunki-pyramixed-version/index.html🔍 Processing fullSlug: de/sprunki-pyramixed-version, locale: de, baseSlug: sprunki-pyramixed-version
✅ Game loaded: sprunki-pyramixed-version for de
 (+11ms) 
01:32:48   ├─ /ja/sprunki-pyramixed-version/index.html🔍 Processing fullSlug: ja/sprunki-pyramixed-version, locale: ja, baseSlug: sprunki-pyramixed-version
✅ Game loaded: sprunki-pyramixed-version for ja
 (+10ms) 
01:32:48   ├─ /ko/sprunki-pyramixed-version/index.html🔍 Processing fullSlug: ko/sprunki-pyramixed-version, locale: ko, baseSlug: sprunki-pyramixed-version
✅ Game loaded: sprunki-pyramixed-version for ko
 (+11ms) 
01:32:48   ├─ /sprunki-red-sun/index.html🔍 Processing fullSlug: sprunki-red-sun, locale: en, baseSlug: sprunki-red-sun
✅ Game loaded: sprunki-red-sun for en
 (+11ms) 
01:32:48   ├─ /zh/sprunki-red-sun/index.html🔍 Processing fullSlug: zh/sprunki-red-sun, locale: zh, baseSlug: sprunki-red-sun
✅ Game loaded: sprunki-red-sun for zh
 (+10ms) 
01:32:48   ├─ /es/sprunki-red-sun/index.html🔍 Processing fullSlug: es/sprunki-red-sun, locale: es, baseSlug: sprunki-red-sun
✅ Game loaded: sprunki-red-sun for es
 (+11ms) 
01:32:48   ├─ /fr/sprunki-red-sun/index.html🔍 Processing fullSlug: fr/sprunki-red-sun, locale: fr, baseSlug: sprunki-red-sun
✅ Game loaded: sprunki-red-sun for fr
 (+11ms) 
01:32:48   ├─ /de/sprunki-red-sun/index.html🔍 Processing fullSlug: de/sprunki-red-sun, locale: de, baseSlug: sprunki-red-sun
✅ Game loaded: sprunki-red-sun for de
 (+11ms) 
01:32:48   ├─ /ja/sprunki-red-sun/index.html🔍 Processing fullSlug: ja/sprunki-red-sun, locale: ja, baseSlug: sprunki-red-sun
✅ Game loaded: sprunki-red-sun for ja
 (+11ms) 
01:32:48   ├─ /ko/sprunki-red-sun/index.html🔍 Processing fullSlug: ko/sprunki-red-sun, locale: ko, baseSlug: sprunki-red-sun
✅ Game loaded: sprunki-red-sun for ko
 (+11ms) 
01:32:48   ├─ /sprunki-retake-bonus-characters/index.html🔍 Processing fullSlug: sprunki-retake-bonus-characters, locale: en, baseSlug: sprunki-retake-bonus-characters
✅ Game loaded: sprunki-retake-bonus-characters for en
 (+13ms) 
01:32:48   ├─ /zh/sprunki-retake-bonus-characters/index.html🔍 Processing fullSlug: zh/sprunki-retake-bonus-characters, locale: zh, baseSlug: sprunki-retake-bonus-characters
✅ Game loaded: sprunki-retake-bonus-characters for zh
 (+14ms) 
01:32:48   ├─ /es/sprunki-retake-bonus-characters/index.html🔍 Processing fullSlug: es/sprunki-retake-bonus-characters, locale: es, baseSlug: sprunki-retake-bonus-characters
✅ Game loaded: sprunki-retake-bonus-characters for es
 (+11ms) 
01:32:48   ├─ /fr/sprunki-retake-bonus-characters/index.html🔍 Processing fullSlug: fr/sprunki-retake-bonus-characters, locale: fr, baseSlug: sprunki-retake-bonus-characters
✅ Game loaded: sprunki-retake-bonus-characters for fr
 (+11ms) 
01:32:48   ├─ /de/sprunki-retake-bonus-characters/index.html🔍 Processing fullSlug: de/sprunki-retake-bonus-characters, locale: de, baseSlug: sprunki-retake-bonus-characters
✅ Game loaded: sprunki-retake-bonus-characters for de
 (+10ms) 
01:32:48   ├─ /ja/sprunki-retake-bonus-characters/index.html🔍 Processing fullSlug: ja/sprunki-retake-bonus-characters, locale: ja, baseSlug: sprunki-retake-bonus-characters
✅ Game loaded: sprunki-retake-bonus-characters for ja
 (+11ms) 
01:32:48   ├─ /ko/sprunki-retake-bonus-characters/index.html🔍 Processing fullSlug: ko/sprunki-retake-bonus-characters, locale: ko, baseSlug: sprunki-retake-bonus-characters
✅ Game loaded: sprunki-retake-bonus-characters for ko
 (+11ms) 
01:32:48   ├─ /sprunki-retake/index.html🔍 Processing fullSlug: sprunki-retake, locale: en, baseSlug: sprunki-retake
✅ Game loaded: sprunki-retake for en
 (+12ms) 
01:32:48   ├─ /zh/sprunki-retake/index.html🔍 Processing fullSlug: zh/sprunki-retake, locale: zh, baseSlug: sprunki-retake
✅ Game loaded: sprunki-retake for zh
 (+10ms) 
01:32:48   ├─ /es/sprunki-retake/index.html🔍 Processing fullSlug: es/sprunki-retake, locale: es, baseSlug: sprunki-retake
✅ Game loaded: sprunki-retake for es
 (+11ms) 
01:32:48   ├─ /fr/sprunki-retake/index.html🔍 Processing fullSlug: fr/sprunki-retake, locale: fr, baseSlug: sprunki-retake
✅ Game loaded: sprunki-retake for fr
 (+11ms) 
01:32:48   ├─ /de/sprunki-retake/index.html🔍 Processing fullSlug: de/sprunki-retake, locale: de, baseSlug: sprunki-retake
✅ Game loaded: sprunki-retake for de
 (+11ms) 
01:32:48   ├─ /ja/sprunki-retake/index.html🔍 Processing fullSlug: ja/sprunki-retake, locale: ja, baseSlug: sprunki-retake
✅ Game loaded: sprunki-retake for ja
 (+11ms) 
01:32:48   ├─ /ko/sprunki-retake/index.html🔍 Processing fullSlug: ko/sprunki-retake, locale: ko, baseSlug: sprunki-retake
✅ Game loaded: sprunki-retake for ko
 (+11ms) 
01:32:48   ├─ /sprunki-retake-new-human/index.html🔍 Processing fullSlug: sprunki-retake-new-human, locale: en, baseSlug: sprunki-retake-new-human
✅ Game loaded: sprunki-retake-new-human for en
 (+14ms) 
01:32:48   ├─ /zh/sprunki-retake-new-human/index.html🔍 Processing fullSlug: zh/sprunki-retake-new-human, locale: zh, baseSlug: sprunki-retake-new-human
✅ Game loaded: sprunki-retake-new-human for zh
 (+13ms) 
01:32:48   ├─ /es/sprunki-retake-new-human/index.html🔍 Processing fullSlug: es/sprunki-retake-new-human, locale: es, baseSlug: sprunki-retake-new-human
✅ Game loaded: sprunki-retake-new-human for es
 (+11ms) 
01:32:48   ├─ /fr/sprunki-retake-new-human/index.html🔍 Processing fullSlug: fr/sprunki-retake-new-human, locale: fr, baseSlug: sprunki-retake-new-human
✅ Game loaded: sprunki-retake-new-human for fr
 (+11ms) 
01:32:48   ├─ /de/sprunki-retake-new-human/index.html🔍 Processing fullSlug: de/sprunki-retake-new-human, locale: de, baseSlug: sprunki-retake-new-human
✅ Game loaded: sprunki-retake-new-human for de
 (+10ms) 
01:32:48   ├─ /ja/sprunki-retake-new-human/index.html🔍 Processing fullSlug: ja/sprunki-retake-new-human, locale: ja, baseSlug: sprunki-retake-new-human
✅ Game loaded: sprunki-retake-new-human for ja
 (+11ms) 
01:32:48   ├─ /ko/sprunki-retake-new-human/index.html🔍 Processing fullSlug: ko/sprunki-retake-new-human, locale: ko, baseSlug: sprunki-retake-new-human
✅ Game loaded: sprunki-retake-new-human for ko
 (+11ms) 
01:32:48   ├─ /sprunki-rotrizi-5/index.html🔍 Processing fullSlug: sprunki-rotrizi-5, locale: en, baseSlug: sprunki-rotrizi-5
✅ Game loaded: sprunki-rotrizi-5 for en
 (+11ms) 
01:32:48   ├─ /zh/sprunki-rotrizi-5/index.html🔍 Processing fullSlug: zh/sprunki-rotrizi-5, locale: zh, baseSlug: sprunki-rotrizi-5
✅ Game loaded: sprunki-rotrizi-5 for zh
 (+11ms) 
01:32:48   ├─ /es/sprunki-rotrizi-5/index.html🔍 Processing fullSlug: es/sprunki-rotrizi-5, locale: es, baseSlug: sprunki-rotrizi-5
✅ Game loaded: sprunki-rotrizi-5 for es
 (+12ms) 
01:32:48   ├─ /fr/sprunki-rotrizi-5/index.html🔍 Processing fullSlug: fr/sprunki-rotrizi-5, locale: fr, baseSlug: sprunki-rotrizi-5
✅ Game loaded: sprunki-rotrizi-5 for fr
 (+11ms) 
01:32:48   ├─ /de/sprunki-rotrizi-5/index.html🔍 Processing fullSlug: de/sprunki-rotrizi-5, locale: de, baseSlug: sprunki-rotrizi-5
✅ Game loaded: sprunki-rotrizi-5 for de
 (+11ms) 
01:32:48   ├─ /ja/sprunki-rotrizi-5/index.html🔍 Processing fullSlug: ja/sprunki-rotrizi-5, locale: ja, baseSlug: sprunki-rotrizi-5
✅ Game loaded: sprunki-rotrizi-5 for ja
 (+12ms) 
01:32:48   ├─ /ko/sprunki-rotrizi-5/index.html🔍 Processing fullSlug: ko/sprunki-rotrizi-5, locale: ko, baseSlug: sprunki-rotrizi-5
✅ Game loaded: sprunki-rotrizi-5 for ko
 (+11ms) 
01:32:48   ├─ /sprunki-sepbox-steel-factory/index.html🔍 Processing fullSlug: sprunki-sepbox-steel-factory, locale: en, baseSlug: sprunki-sepbox-steel-factory
✅ Game loaded: sprunki-sepbox-steel-factory for en
 (+13ms) 
01:32:48   ├─ /zh/sprunki-sepbox-steel-factory/index.html🔍 Processing fullSlug: zh/sprunki-sepbox-steel-factory, locale: zh, baseSlug: sprunki-sepbox-steel-factory
✅ Game loaded: sprunki-sepbox-steel-factory for zh
 (+14ms) 
01:32:48   ├─ /es/sprunki-sepbox-steel-factory/index.html🔍 Processing fullSlug: es/sprunki-sepbox-steel-factory, locale: es, baseSlug: sprunki-sepbox-steel-factory
✅ Game loaded: sprunki-sepbox-steel-factory for es
 (+11ms) 
01:32:48   ├─ /fr/sprunki-sepbox-steel-factory/index.html🔍 Processing fullSlug: fr/sprunki-sepbox-steel-factory, locale: fr, baseSlug: sprunki-sepbox-steel-factory
✅ Game loaded: sprunki-sepbox-steel-factory for fr
 (+10ms) 
01:32:48   ├─ /de/sprunki-sepbox-steel-factory/index.html🔍 Processing fullSlug: de/sprunki-sepbox-steel-factory, locale: de, baseSlug: sprunki-sepbox-steel-factory
✅ Game loaded: sprunki-sepbox-steel-factory for de
 (+11ms) 
01:32:48   ├─ /ja/sprunki-sepbox-steel-factory/index.html🔍 Processing fullSlug: ja/sprunki-sepbox-steel-factory, locale: ja, baseSlug: sprunki-sepbox-steel-factory
✅ Game loaded: sprunki-sepbox-steel-factory for ja
 (+11ms) 
01:32:48   ├─ /ko/sprunki-sepbox-steel-factory/index.html🔍 Processing fullSlug: ko/sprunki-sepbox-steel-factory, locale: ko, baseSlug: sprunki-sepbox-steel-factory
✅ Game loaded: sprunki-sepbox-steel-factory for ko
 (+10ms) 
01:32:48   ├─ /sprunki-sonic/index.html🔍 Processing fullSlug: sprunki-sonic, locale: en, baseSlug: sprunki-sonic
✅ Game loaded: sprunki-sonic for en
 (+11ms) 
01:32:48   ├─ /zh/sprunki-sonic/index.html🔍 Processing fullSlug: zh/sprunki-sonic, locale: zh, baseSlug: sprunki-sonic
✅ Game loaded: sprunki-sonic for zh
 (+10ms) 
01:32:48   ├─ /es/sprunki-sonic/index.html🔍 Processing fullSlug: es/sprunki-sonic, locale: es, baseSlug: sprunki-sonic
✅ Game loaded: sprunki-sonic for es
 (+10ms) 
01:32:48   ├─ /fr/sprunki-sonic/index.html🔍 Processing fullSlug: fr/sprunki-sonic, locale: fr, baseSlug: sprunki-sonic
✅ Game loaded: sprunki-sonic for fr
 (+12ms) 
01:32:48   ├─ /de/sprunki-sonic/index.html🔍 Processing fullSlug: de/sprunki-sonic, locale: de, baseSlug: sprunki-sonic
✅ Game loaded: sprunki-sonic for de
 (+12ms) 
01:32:48   ├─ /ja/sprunki-sonic/index.html🔍 Processing fullSlug: ja/sprunki-sonic, locale: ja, baseSlug: sprunki-sonic
✅ Game loaded: sprunki-sonic for ja
 (+12ms) 
01:32:48   ├─ /ko/sprunki-sonic/index.html🔍 Processing fullSlug: ko/sprunki-sonic, locale: ko, baseSlug: sprunki-sonic
✅ Game loaded: sprunki-sonic for ko
 (+11ms) 
01:32:48   ├─ /sprunki-squid-remix/index.html🔍 Processing fullSlug: sprunki-squid-remix, locale: en, baseSlug: sprunki-squid-remix
✅ Game loaded: sprunki-squid-remix for en
 (+14ms) 
01:32:48   ├─ /zh/sprunki-squid-remix/index.html🔍 Processing fullSlug: zh/sprunki-squid-remix, locale: zh, baseSlug: sprunki-squid-remix
✅ Game loaded: sprunki-squid-remix for zh
 (+14ms) 
01:32:48   ├─ /es/sprunki-squid-remix/index.html🔍 Processing fullSlug: es/sprunki-squid-remix, locale: es, baseSlug: sprunki-squid-remix
✅ Game loaded: sprunki-squid-remix for es
 (+10ms) 
01:32:48   ├─ /fr/sprunki-squid-remix/index.html🔍 Processing fullSlug: fr/sprunki-squid-remix, locale: fr, baseSlug: sprunki-squid-remix
✅ Game loaded: sprunki-squid-remix for fr
 (+11ms) 
01:32:48   ├─ /de/sprunki-squid-remix/index.html🔍 Processing fullSlug: de/sprunki-squid-remix, locale: de, baseSlug: sprunki-squid-remix
✅ Game loaded: sprunki-squid-remix for de
 (+11ms) 
01:32:48   ├─ /ja/sprunki-squid-remix/index.html🔍 Processing fullSlug: ja/sprunki-squid-remix, locale: ja, baseSlug: sprunki-squid-remix
✅ Game loaded: sprunki-squid-remix for ja
 (+11ms) 
01:32:48   ├─ /ko/sprunki-squid-remix/index.html🔍 Processing fullSlug: ko/sprunki-squid-remix, locale: ko, baseSlug: sprunki-squid-remix
✅ Game loaded: sprunki-squid-remix for ko
 (+12ms) 
01:32:48   ├─ /sprunki-swapped-horror/index.html🔍 Processing fullSlug: sprunki-swapped-horror, locale: en, baseSlug: sprunki-swapped-horror
✅ Game loaded: sprunki-swapped-horror for en
 (+12ms) 
01:32:48   ├─ /zh/sprunki-swapped-horror/index.html🔍 Processing fullSlug: zh/sprunki-swapped-horror, locale: zh, baseSlug: sprunki-swapped-horror
✅ Game loaded: sprunki-swapped-horror for zh
 (+11ms) 
01:32:48   ├─ /es/sprunki-swapped-horror/index.html🔍 Processing fullSlug: es/sprunki-swapped-horror, locale: es, baseSlug: sprunki-swapped-horror
✅ Game loaded: sprunki-swapped-horror for es
 (+11ms) 
01:32:48   ├─ /fr/sprunki-swapped-horror/index.html🔍 Processing fullSlug: fr/sprunki-swapped-horror, locale: fr, baseSlug: sprunki-swapped-horror
✅ Game loaded: sprunki-swapped-horror for fr
 (+11ms) 
01:32:48   ├─ /de/sprunki-swapped-horror/index.html🔍 Processing fullSlug: de/sprunki-swapped-horror, locale: de, baseSlug: sprunki-swapped-horror
✅ Game loaded: sprunki-swapped-horror for de
 (+11ms) 
01:32:49   ├─ /ja/sprunki-swapped-horror/index.html🔍 Processing fullSlug: ja/sprunki-swapped-horror, locale: ja, baseSlug: sprunki-swapped-horror
✅ Game loaded: sprunki-swapped-horror for ja
 (+12ms) 
01:32:49   ├─ /ko/sprunki-swapped-horror/index.html🔍 Processing fullSlug: ko/sprunki-swapped-horror, locale: ko, baseSlug: sprunki-swapped-horror
✅ Game loaded: sprunki-swapped-horror for ko
 (+11ms) 
01:32:49   ├─ /sprunki-virus-new-update/index.html🔍 Processing fullSlug: sprunki-virus-new-update, locale: en, baseSlug: sprunki-virus-new-update
✅ Game loaded: sprunki-virus-new-update for en
 (+13ms) 
01:32:49   ├─ /zh/sprunki-virus-new-update/index.html🔍 Processing fullSlug: zh/sprunki-virus-new-update, locale: zh, baseSlug: sprunki-virus-new-update
✅ Game loaded: sprunki-virus-new-update for zh
 (+12ms) 
01:32:49   ├─ /es/sprunki-virus-new-update/index.html🔍 Processing fullSlug: es/sprunki-virus-new-update, locale: es, baseSlug: sprunki-virus-new-update
✅ Game loaded: sprunki-virus-new-update for es
 (+11ms) 
01:32:49   ├─ /fr/sprunki-virus-new-update/index.html🔍 Processing fullSlug: fr/sprunki-virus-new-update, locale: fr, baseSlug: sprunki-virus-new-update
✅ Game loaded: sprunki-virus-new-update for fr
 (+10ms) 
01:32:49   ├─ /de/sprunki-virus-new-update/index.html🔍 Processing fullSlug: de/sprunki-virus-new-update, locale: de, baseSlug: sprunki-virus-new-update
✅ Game loaded: sprunki-virus-new-update for de
 (+11ms) 
01:32:49   ├─ /ja/sprunki-virus-new-update/index.html🔍 Processing fullSlug: ja/sprunki-virus-new-update, locale: ja, baseSlug: sprunki-virus-new-update
✅ Game loaded: sprunki-virus-new-update for ja
 (+11ms) 
01:32:49   ├─ /ko/sprunki-virus-new-update/index.html🔍 Processing fullSlug: ko/sprunki-virus-new-update, locale: ko, baseSlug: sprunki-virus-new-update
✅ Game loaded: sprunki-virus-new-update for ko
 (+11ms) 
01:32:49   ├─ /sprunkle-bops/index.html🔍 Processing fullSlug: sprunkle-bops, locale: en, baseSlug: sprunkle-bops
✅ Game loaded: sprunkle-bops for en
 (+13ms) 
01:32:49   ├─ /zh/sprunkle-bops/index.html🔍 Processing fullSlug: zh/sprunkle-bops, locale: zh, baseSlug: sprunkle-bops
✅ Game loaded: sprunkle-bops for zh
 (+12ms) 
01:32:49   ├─ /es/sprunkle-bops/index.html🔍 Processing fullSlug: es/sprunkle-bops, locale: es, baseSlug: sprunkle-bops
✅ Game loaded: sprunkle-bops for es
 (+11ms) 
01:32:49   ├─ /fr/sprunkle-bops/index.html🔍 Processing fullSlug: fr/sprunkle-bops, locale: fr, baseSlug: sprunkle-bops
✅ Game loaded: sprunkle-bops for fr
 (+11ms) 
01:32:49   ├─ /de/sprunkle-bops/index.html🔍 Processing fullSlug: de/sprunkle-bops, locale: de, baseSlug: sprunkle-bops
✅ Game loaded: sprunkle-bops for de
 (+11ms) 
01:32:49   ├─ /ja/sprunkle-bops/index.html🔍 Processing fullSlug: ja/sprunkle-bops, locale: ja, baseSlug: sprunkle-bops
✅ Game loaded: sprunkle-bops for ja
 (+10ms) 
01:32:49   ├─ /ko/sprunkle-bops/index.html🔍 Processing fullSlug: ko/sprunkle-bops, locale: ko, baseSlug: sprunkle-bops
✅ Game loaded: sprunkle-bops for ko
 (+11ms) 
01:32:49   ├─ /super-sprunki-brasil/index.html🔍 Processing fullSlug: super-sprunki-brasil, locale: en, baseSlug: super-sprunki-brasil
✅ Game loaded: super-sprunki-brasil for en
 (+12ms) 
01:32:49   ├─ /zh/super-sprunki-brasil/index.html🔍 Processing fullSlug: zh/super-sprunki-brasil, locale: zh, baseSlug: super-sprunki-brasil
✅ Game loaded: super-sprunki-brasil for zh
 (+20ms) 
01:32:49   ├─ /es/super-sprunki-brasil/index.html🔍 Processing fullSlug: es/super-sprunki-brasil, locale: es, baseSlug: super-sprunki-brasil
✅ Game loaded: super-sprunki-brasil for es
 (+14ms) 
01:32:49   ├─ /fr/super-sprunki-brasil/index.html🔍 Processing fullSlug: fr/super-sprunki-brasil, locale: fr, baseSlug: super-sprunki-brasil
✅ Game loaded: super-sprunki-brasil for fr
 (+15ms) 
01:32:49   ├─ /de/super-sprunki-brasil/index.html🔍 Processing fullSlug: de/super-sprunki-brasil, locale: de, baseSlug: super-sprunki-brasil
✅ Game loaded: super-sprunki-brasil for de
 (+16ms) 
01:32:49   ├─ /ja/super-sprunki-brasil/index.html🔍 Processing fullSlug: ja/super-sprunki-brasil, locale: ja, baseSlug: super-sprunki-brasil
✅ Game loaded: super-sprunki-brasil for ja
 (+14ms) 
01:32:49   ├─ /ko/super-sprunki-brasil/index.html🔍 Processing fullSlug: ko/super-sprunki-brasil, locale: ko, baseSlug: super-sprunki-brasil
✅ Game loaded: super-sprunki-brasil for ko
 (+13ms) 
01:32:49   ├─ /sprunkr-but-sprunki/index.html🔍 Processing fullSlug: sprunkr-but-sprunki, locale: en, baseSlug: sprunkr-but-sprunki
✅ Game loaded: sprunkr-but-sprunki for en
 (+13ms) 
01:32:49   ├─ /zh/sprunkr-but-sprunki/index.html🔍 Processing fullSlug: zh/sprunkr-but-sprunki, locale: zh, baseSlug: sprunkr-but-sprunki
✅ Game loaded: sprunkr-but-sprunki for zh
 (+13ms) 
01:32:49   ├─ /es/sprunkr-but-sprunki/index.html🔍 Processing fullSlug: es/sprunkr-but-sprunki, locale: es, baseSlug: sprunkr-but-sprunki
✅ Game loaded: sprunkr-but-sprunki for es
 (+11ms) 
01:32:49   ├─ /fr/sprunkr-but-sprunki/index.html🔍 Processing fullSlug: fr/sprunkr-but-sprunki, locale: fr, baseSlug: sprunkr-but-sprunki
✅ Game loaded: sprunkr-but-sprunki for fr
 (+11ms) 
01:32:49   ├─ /de/sprunkr-but-sprunki/index.html🔍 Processing fullSlug: de/sprunkr-but-sprunki, locale: de, baseSlug: sprunkr-but-sprunki
✅ Game loaded: sprunkr-but-sprunki for de
 (+10ms) 
01:32:49   ├─ /ja/sprunkr-but-sprunki/index.html🔍 Processing fullSlug: ja/sprunkr-but-sprunki, locale: ja, baseSlug: sprunkr-but-sprunki
✅ Game loaded: sprunkr-but-sprunki for ja
 (+11ms) 
01:32:49   ├─ /ko/sprunkr-but-sprunki/index.html🔍 Processing fullSlug: ko/sprunkr-but-sprunki, locale: ko, baseSlug: sprunkr-but-sprunki
✅ Game loaded: sprunkr-but-sprunki for ko
 (+11ms) 
01:32:49   ├─ /the-haze-pixelbox/index.html🔍 Processing fullSlug: the-haze-pixelbox, locale: en, baseSlug: the-haze-pixelbox
✅ Game loaded: the-haze-pixelbox for en
 (+11ms) 
01:32:49   ├─ /zh/the-haze-pixelbox/index.html🔍 Processing fullSlug: zh/the-haze-pixelbox, locale: zh, baseSlug: the-haze-pixelbox
✅ Game loaded: the-haze-pixelbox for zh
 (+11ms) 
01:32:49   ├─ /es/the-haze-pixelbox/index.html🔍 Processing fullSlug: es/the-haze-pixelbox, locale: es, baseSlug: the-haze-pixelbox
✅ Game loaded: the-haze-pixelbox for es
 (+10ms) 
01:32:49   ├─ /fr/the-haze-pixelbox/index.html🔍 Processing fullSlug: fr/the-haze-pixelbox, locale: fr, baseSlug: the-haze-pixelbox
✅ Game loaded: the-haze-pixelbox for fr
 (+10ms) 
01:32:49   ├─ /de/the-haze-pixelbox/index.html🔍 Processing fullSlug: de/the-haze-pixelbox, locale: de, baseSlug: the-haze-pixelbox
✅ Game loaded: the-haze-pixelbox for de
 (+10ms) 
01:32:49   ├─ /ja/the-haze-pixelbox/index.html🔍 Processing fullSlug: ja/the-haze-pixelbox, locale: ja, baseSlug: the-haze-pixelbox
✅ Game loaded: the-haze-pixelbox for ja
 (+11ms) 
01:32:49   ├─ /ko/the-haze-pixelbox/index.html🔍 Processing fullSlug: ko/the-haze-pixelbox, locale: ko, baseSlug: the-haze-pixelbox
✅ Game loaded: the-haze-pixelbox for ko
 (+12ms) 
01:32:49   ├─ /swap-sprunkgerny/index.html🔍 Processing fullSlug: swap-sprunkgerny, locale: en, baseSlug: swap-sprunkgerny
✅ Game loaded: swap-sprunkgerny for en
 (+17ms) 
01:32:49   ├─ /zh/swap-sprunkgerny/index.html🔍 Processing fullSlug: zh/swap-sprunkgerny, locale: zh, baseSlug: swap-sprunkgerny
✅ Game loaded: swap-sprunkgerny for zh
 (+14ms) 
01:32:49   ├─ /es/swap-sprunkgerny/index.html🔍 Processing fullSlug: es/swap-sprunkgerny, locale: es, baseSlug: swap-sprunkgerny
✅ Game loaded: swap-sprunkgerny for es
 (+11ms) 
01:32:49   ├─ /fr/swap-sprunkgerny/index.html🔍 Processing fullSlug: fr/swap-sprunkgerny, locale: fr, baseSlug: swap-sprunkgerny
✅ Game loaded: swap-sprunkgerny for fr
 (+11ms) 
01:32:49   ├─ /de/swap-sprunkgerny/index.html🔍 Processing fullSlug: de/swap-sprunkgerny, locale: de, baseSlug: swap-sprunkgerny
✅ Game loaded: swap-sprunkgerny for de
 (+10ms) 
01:32:49   ├─ /ja/swap-sprunkgerny/index.html🔍 Processing fullSlug: ja/swap-sprunkgerny, locale: ja, baseSlug: swap-sprunkgerny
✅ Game loaded: swap-sprunkgerny for ja
 (+10ms) 
01:32:49   ├─ /ko/swap-sprunkgerny/index.html🔍 Processing fullSlug: ko/swap-sprunkgerny, locale: ko, baseSlug: swap-sprunkgerny
✅ Game loaded: swap-sprunkgerny for ko
 (+11ms) 
01:32:49   ├─ /yojou-sprunki-mustard/index.html🔍 Processing fullSlug: yojou-sprunki-mustard, locale: en, baseSlug: yojou-sprunki-mustard
✅ Game loaded: yojou-sprunki-mustard for en
 (+11ms) 
01:32:49   ├─ /zh/yojou-sprunki-mustard/index.html🔍 Processing fullSlug: zh/yojou-sprunki-mustard, locale: zh, baseSlug: yojou-sprunki-mustard
✅ Game loaded: yojou-sprunki-mustard for zh
 (+11ms) 
01:32:49   ├─ /es/yojou-sprunki-mustard/index.html🔍 Processing fullSlug: es/yojou-sprunki-mustard, locale: es, baseSlug: yojou-sprunki-mustard
✅ Game loaded: yojou-sprunki-mustard for es
 (+11ms) 
01:32:49   ├─ /fr/yojou-sprunki-mustard/index.html🔍 Processing fullSlug: fr/yojou-sprunki-mustard, locale: fr, baseSlug: yojou-sprunki-mustard
✅ Game loaded: yojou-sprunki-mustard for fr
 (+13ms) 
01:32:49   ├─ /de/yojou-sprunki-mustard/index.html🔍 Processing fullSlug: de/yojou-sprunki-mustard, locale: de, baseSlug: yojou-sprunki-mustard
✅ Game loaded: yojou-sprunki-mustard for de
 (+11ms) 
01:32:49   ├─ /ja/yojou-sprunki-mustard/index.html🔍 Processing fullSlug: ja/yojou-sprunki-mustard, locale: ja, baseSlug: yojou-sprunki-mustard
✅ Game loaded: yojou-sprunki-mustard for ja
 (+11ms) 
01:32:49   ├─ /ko/yojou-sprunki-mustard/index.html🔍 Processing fullSlug: ko/yojou-sprunki-mustard, locale: ko, baseSlug: yojou-sprunki-mustard
✅ Game loaded: yojou-sprunki-mustard for ko
 (+11ms) 
01:32:49   ├─ /de-ayocs-sprunkr/index.html🔍 Processing fullSlug: de-ayocs-sprunkr, locale: en, baseSlug: de-ayocs-sprunkr
✅ Game loaded: de-ayocs-sprunkr for en
 (+15ms) 
01:32:49   ├─ /zh/de-ayocs-sprunkr/index.html🔍 Processing fullSlug: zh/de-ayocs-sprunkr, locale: zh, baseSlug: de-ayocs-sprunkr
✅ Game loaded: de-ayocs-sprunkr for zh
 (+11ms) 
01:32:49   ├─ /es/de-ayocs-sprunkr/index.html🔍 Processing fullSlug: es/de-ayocs-sprunkr, locale: es, baseSlug: de-ayocs-sprunkr
✅ Game loaded: de-ayocs-sprunkr for es
 (+11ms) 
01:32:49   ├─ /fr/de-ayocs-sprunkr/index.html🔍 Processing fullSlug: fr/de-ayocs-sprunkr, locale: fr, baseSlug: de-ayocs-sprunkr
✅ Game loaded: de-ayocs-sprunkr for fr
 (+11ms) 
01:32:49   ├─ /de/de-ayocs-sprunkr/index.html🔍 Processing fullSlug: de/de-ayocs-sprunkr, locale: de, baseSlug: de-ayocs-sprunkr
✅ Game loaded: de-ayocs-sprunkr for de
 (+11ms) 
01:32:49   ├─ /ja/de-ayocs-sprunkr/index.html🔍 Processing fullSlug: ja/de-ayocs-sprunkr, locale: ja, baseSlug: de-ayocs-sprunkr
✅ Game loaded: de-ayocs-sprunkr for ja
 (+11ms) 
01:32:49   ├─ /ko/de-ayocs-sprunkr/index.html🔍 Processing fullSlug: ko/de-ayocs-sprunkr, locale: ko, baseSlug: de-ayocs-sprunkr
✅ Game loaded: de-ayocs-sprunkr for ko
 (+11ms) 
01:32:49   ├─ /de-dandyrunki-retake/index.html🔍 Processing fullSlug: de-dandyrunki-retake, locale: en, baseSlug: de-dandyrunki-retake
✅ Game loaded: de-dandyrunki-retake for en
 (+13ms) 
01:32:49   ├─ /zh/de-dandyrunki-retake/index.html🔍 Processing fullSlug: zh/de-dandyrunki-retake, locale: zh, baseSlug: de-dandyrunki-retake
✅ Game loaded: de-dandyrunki-retake for zh
 (+13ms) 
01:32:49   ├─ /es/de-dandyrunki-retake/index.html🔍 Processing fullSlug: es/de-dandyrunki-retake, locale: es, baseSlug: de-dandyrunki-retake
✅ Game loaded: de-dandyrunki-retake for es
 (+11ms) 
01:32:49   ├─ /fr/de-dandyrunki-retake/index.html🔍 Processing fullSlug: fr/de-dandyrunki-retake, locale: fr, baseSlug: de-dandyrunki-retake
✅ Game loaded: de-dandyrunki-retake for fr
 (+10ms) 
01:32:49   ├─ /de/de-dandyrunki-retake/index.html🔍 Processing fullSlug: de/de-dandyrunki-retake, locale: de, baseSlug: de-dandyrunki-retake
✅ Game loaded: de-dandyrunki-retake for de
 (+11ms) 
01:32:49   ├─ /ja/de-dandyrunki-retake/index.html🔍 Processing fullSlug: ja/de-dandyrunki-retake, locale: ja, baseSlug: de-dandyrunki-retake
✅ Game loaded: de-dandyrunki-retake for ja
 (+10ms) 
01:32:49   ├─ /ko/de-dandyrunki-retake/index.html🔍 Processing fullSlug: ko/de-dandyrunki-retake, locale: ko, baseSlug: de-dandyrunki-retake
✅ Game loaded: de-dandyrunki-retake for ko
 (+10ms) 
01:32:49   ├─ /de-fiddlebops-but-dandys-world/index.html🔍 Processing fullSlug: de-fiddlebops-but-dandys-world, locale: en, baseSlug: de-fiddlebops-but-dandys-world
✅ Game loaded: de-fiddlebops-but-dandys-world for en
 (+14ms) 
01:32:49   ├─ /zh/de-fiddlebops-but-dandys-world/index.html🔍 Processing fullSlug: zh/de-fiddlebops-but-dandys-world, locale: zh, baseSlug: de-fiddlebops-but-dandys-world
✅ Game loaded: de-fiddlebops-but-dandys-world for zh
 (+16ms) 
01:32:49   ├─ /es/de-fiddlebops-but-dandys-world/index.html🔍 Processing fullSlug: es/de-fiddlebops-but-dandys-world, locale: es, baseSlug: de-fiddlebops-but-dandys-world
✅ Game loaded: de-fiddlebops-but-dandys-world for es
 (+13ms) 
01:32:49   ├─ /fr/de-fiddlebops-but-dandys-world/index.html🔍 Processing fullSlug: fr/de-fiddlebops-but-dandys-world, locale: fr, baseSlug: de-fiddlebops-but-dandys-world
✅ Game loaded: de-fiddlebops-but-dandys-world for fr
 (+12ms) 
01:32:49   ├─ /de/de-fiddlebops-but-dandys-world/index.html🔍 Processing fullSlug: de/de-fiddlebops-but-dandys-world, locale: de, baseSlug: de-fiddlebops-but-dandys-world
✅ Game loaded: de-fiddlebops-but-dandys-world for de
 (+11ms) 
01:32:49   ├─ /ja/de-fiddlebops-but-dandys-world/index.html🔍 Processing fullSlug: ja/de-fiddlebops-but-dandys-world, locale: ja, baseSlug: de-fiddlebops-but-dandys-world
✅ Game loaded: de-fiddlebops-but-dandys-world for ja
 (+12ms) 
01:32:49   ├─ /ko/de-fiddlebops-but-dandys-world/index.html🔍 Processing fullSlug: ko/de-fiddlebops-but-dandys-world, locale: ko, baseSlug: de-fiddlebops-but-dandys-world
✅ Game loaded: de-fiddlebops-but-dandys-world for ko
 (+12ms) 
01:32:49   ├─ /de-fiddlebops-but-sprunki/index.html🔍 Processing fullSlug: de-fiddlebops-but-sprunki, locale: en, baseSlug: de-fiddlebops-but-sprunki
✅ Game loaded: de-fiddlebops-but-sprunki for en
 (+14ms) 
01:32:49   ├─ /zh/de-fiddlebops-but-sprunki/index.html🔍 Processing fullSlug: zh/de-fiddlebops-but-sprunki, locale: zh, baseSlug: de-fiddlebops-but-sprunki
✅ Game loaded: de-fiddlebops-but-sprunki for zh
 (+20ms) 
01:32:49   ├─ /es/de-fiddlebops-but-sprunki/index.html🔍 Processing fullSlug: es/de-fiddlebops-but-sprunki, locale: es, baseSlug: de-fiddlebops-but-sprunki
✅ Game loaded: de-fiddlebops-but-sprunki for es
 (+11ms) 
01:32:49   ├─ /fr/de-fiddlebops-but-sprunki/index.html🔍 Processing fullSlug: fr/de-fiddlebops-but-sprunki, locale: fr, baseSlug: de-fiddlebops-but-sprunki
✅ Game loaded: de-fiddlebops-but-sprunki for fr
 (+11ms) 
01:32:49   ├─ /de/de-fiddlebops-but-sprunki/index.html🔍 Processing fullSlug: de/de-fiddlebops-but-sprunki, locale: de, baseSlug: de-fiddlebops-but-sprunki
✅ Game loaded: de-fiddlebops-but-sprunki for de
 (+11ms) 
01:32:49   ├─ /ja/de-fiddlebops-but-sprunki/index.html🔍 Processing fullSlug: ja/de-fiddlebops-but-sprunki, locale: ja, baseSlug: de-fiddlebops-but-sprunki
✅ Game loaded: de-fiddlebops-but-sprunki for ja
 (+11ms) 
01:32:49   ├─ /ko/de-fiddlebops-but-sprunki/index.html🔍 Processing fullSlug: ko/de-fiddlebops-but-sprunki, locale: ko, baseSlug: de-fiddlebops-but-sprunki
✅ Game loaded: de-fiddlebops-but-sprunki for ko
 (+10ms) 
01:32:49   ├─ /de-fiddlebops-fix/index.html🔍 Processing fullSlug: de-fiddlebops-fix, locale: en, baseSlug: de-fiddlebops-fix
✅ Game loaded: de-fiddlebops-fix for en
 (+12ms) 
01:32:49   ├─ /zh/de-fiddlebops-fix/index.html🔍 Processing fullSlug: zh/de-fiddlebops-fix, locale: zh, baseSlug: de-fiddlebops-fix
✅ Game loaded: de-fiddlebops-fix for zh
 (+13ms) 
01:32:49   ├─ /es/de-fiddlebops-fix/index.html🔍 Processing fullSlug: es/de-fiddlebops-fix, locale: es, baseSlug: de-fiddlebops-fix
✅ Game loaded: de-fiddlebops-fix for es
 (+11ms) 
01:32:49   ├─ /fr/de-fiddlebops-fix/index.html🔍 Processing fullSlug: fr/de-fiddlebops-fix, locale: fr, baseSlug: de-fiddlebops-fix
✅ Game loaded: de-fiddlebops-fix for fr
 (+11ms) 
01:32:49   ├─ /de/de-fiddlebops-fix/index.html🔍 Processing fullSlug: de/de-fiddlebops-fix, locale: de, baseSlug: de-fiddlebops-fix
✅ Game loaded: de-fiddlebops-fix for de
 (+12ms) 
01:32:50   ├─ /ja/de-fiddlebops-fix/index.html🔍 Processing fullSlug: ja/de-fiddlebops-fix, locale: ja, baseSlug: de-fiddlebops-fix
✅ Game loaded: de-fiddlebops-fix for ja
 (+15ms) 
01:32:50   ├─ /ko/de-fiddlebops-fix/index.html🔍 Processing fullSlug: ko/de-fiddlebops-fix, locale: ko, baseSlug: de-fiddlebops-fix
✅ Game loaded: de-fiddlebops-fix for ko
 (+13ms) 
01:32:50   ├─ /de-fiddlebops-polos/index.html🔍 Processing fullSlug: de-fiddlebops-polos, locale: en, baseSlug: de-fiddlebops-polos
✅ Game loaded: de-fiddlebops-polos for en
 (+14ms) 
01:32:50   ├─ /zh/de-fiddlebops-polos/index.html🔍 Processing fullSlug: zh/de-fiddlebops-polos, locale: zh, baseSlug: de-fiddlebops-polos
✅ Game loaded: de-fiddlebops-polos for zh
 (+13ms) 
01:32:50   ├─ /es/de-fiddlebops-polos/index.html🔍 Processing fullSlug: es/de-fiddlebops-polos, locale: es, baseSlug: de-fiddlebops-polos
✅ Game loaded: de-fiddlebops-polos for es
 (+11ms) 
01:32:50   ├─ /fr/de-fiddlebops-polos/index.html🔍 Processing fullSlug: fr/de-fiddlebops-polos, locale: fr, baseSlug: de-fiddlebops-polos
✅ Game loaded: de-fiddlebops-polos for fr
 (+11ms) 
01:32:50   ├─ /de/de-fiddlebops-polos/index.html🔍 Processing fullSlug: de/de-fiddlebops-polos, locale: de, baseSlug: de-fiddlebops-polos
✅ Game loaded: de-fiddlebops-polos for de
 (+11ms) 
01:32:50   ├─ /ja/de-fiddlebops-polos/index.html🔍 Processing fullSlug: ja/de-fiddlebops-polos, locale: ja, baseSlug: de-fiddlebops-polos
✅ Game loaded: de-fiddlebops-polos for ja
 (+11ms) 
01:32:50   ├─ /ko/de-fiddlebops-polos/index.html🔍 Processing fullSlug: ko/de-fiddlebops-polos, locale: ko, baseSlug: de-fiddlebops-polos
✅ Game loaded: de-fiddlebops-polos for ko
 (+11ms) 
01:32:50   ├─ /de-fiddlebops-sprunksters-remix/index.html🔍 Processing fullSlug: de-fiddlebops-sprunksters-remix, locale: en, baseSlug: de-fiddlebops-sprunksters-remix
✅ Game loaded: de-fiddlebops-sprunksters-remix for en
 (+12ms) 
01:32:50   ├─ /zh/de-fiddlebops-sprunksters-remix/index.html🔍 Processing fullSlug: zh/de-fiddlebops-sprunksters-remix, locale: zh, baseSlug: de-fiddlebops-sprunksters-remix
✅ Game loaded: de-fiddlebops-sprunksters-remix for zh
 (+12ms) 
01:32:50   ├─ /es/de-fiddlebops-sprunksters-remix/index.html🔍 Processing fullSlug: es/de-fiddlebops-sprunksters-remix, locale: es, baseSlug: de-fiddlebops-sprunksters-remix
✅ Game loaded: de-fiddlebops-sprunksters-remix for es
 (+11ms) 
01:32:50   ├─ /fr/de-fiddlebops-sprunksters-remix/index.html🔍 Processing fullSlug: fr/de-fiddlebops-sprunksters-remix, locale: fr, baseSlug: de-fiddlebops-sprunksters-remix
✅ Game loaded: de-fiddlebops-sprunksters-remix for fr
 (+11ms) 
01:32:50   ├─ /de/de-fiddlebops-sprunksters-remix/index.html🔍 Processing fullSlug: de/de-fiddlebops-sprunksters-remix, locale: de, baseSlug: de-fiddlebops-sprunksters-remix
✅ Game loaded: de-fiddlebops-sprunksters-remix for de
 (+11ms) 
01:32:50   ├─ /ja/de-fiddlebops-sprunksters-remix/index.html🔍 Processing fullSlug: ja/de-fiddlebops-sprunksters-remix, locale: ja, baseSlug: de-fiddlebops-sprunksters-remix
✅ Game loaded: de-fiddlebops-sprunksters-remix for ja
 (+11ms) 
01:32:50   ├─ /ko/de-fiddlebops-sprunksters-remix/index.html🔍 Processing fullSlug: ko/de-fiddlebops-sprunksters-remix, locale: ko, baseSlug: de-fiddlebops-sprunksters-remix
✅ Game loaded: de-fiddlebops-sprunksters-remix for ko
 (+11ms) 
01:32:50   ├─ /de-fiddlebops-sprunkbop/index.html🔍 Processing fullSlug: de-fiddlebops-sprunkbop, locale: en, baseSlug: de-fiddlebops-sprunkbop
✅ Game loaded: de-fiddlebops-sprunkbop for en
 (+11ms) 
01:32:50   ├─ /zh/de-fiddlebops-sprunkbop/index.html🔍 Processing fullSlug: zh/de-fiddlebops-sprunkbop, locale: zh, baseSlug: de-fiddlebops-sprunkbop
✅ Game loaded: de-fiddlebops-sprunkbop for zh
 (+11ms) 
01:32:50   ├─ /es/de-fiddlebops-sprunkbop/index.html🔍 Processing fullSlug: es/de-fiddlebops-sprunkbop, locale: es, baseSlug: de-fiddlebops-sprunkbop
✅ Game loaded: de-fiddlebops-sprunkbop for es
 (+11ms) 
01:32:50   ├─ /fr/de-fiddlebops-sprunkbop/index.html🔍 Processing fullSlug: fr/de-fiddlebops-sprunkbop, locale: fr, baseSlug: de-fiddlebops-sprunkbop
✅ Game loaded: de-fiddlebops-sprunkbop for fr
 (+11ms) 
01:32:50   ├─ /de/de-fiddlebops-sprunkbop/index.html🔍 Processing fullSlug: de/de-fiddlebops-sprunkbop, locale: de, baseSlug: de-fiddlebops-sprunkbop
✅ Game loaded: de-fiddlebops-sprunkbop for de
 (+11ms) 
01:32:50   ├─ /ja/de-fiddlebops-sprunkbop/index.html🔍 Processing fullSlug: ja/de-fiddlebops-sprunkbop, locale: ja, baseSlug: de-fiddlebops-sprunkbop
✅ Game loaded: de-fiddlebops-sprunkbop for ja
 (+12ms) 
01:32:50   ├─ /ko/de-fiddlebops-sprunkbop/index.html🔍 Processing fullSlug: ko/de-fiddlebops-sprunkbop, locale: ko, baseSlug: de-fiddlebops-sprunkbop
✅ Game loaded: de-fiddlebops-sprunkbop for ko
 (+11ms) 
01:32:50   ├─ /de-fiddlebops-sprunki/index.html🔍 Processing fullSlug: de-fiddlebops-sprunki, locale: en, baseSlug: de-fiddlebops-sprunki
✅ Game loaded: de-fiddlebops-sprunki for en
 (+13ms) 
01:32:50   ├─ /zh/de-fiddlebops-sprunki/index.html🔍 Processing fullSlug: zh/de-fiddlebops-sprunki, locale: zh, baseSlug: de-fiddlebops-sprunki
✅ Game loaded: de-fiddlebops-sprunki for zh
 (+13ms) 
01:32:50   ├─ /es/de-fiddlebops-sprunki/index.html🔍 Processing fullSlug: es/de-fiddlebops-sprunki, locale: es, baseSlug: de-fiddlebops-sprunki
✅ Game loaded: de-fiddlebops-sprunki for es
 (+11ms) 
01:32:50   ├─ /fr/de-fiddlebops-sprunki/index.html🔍 Processing fullSlug: fr/de-fiddlebops-sprunki, locale: fr, baseSlug: de-fiddlebops-sprunki
✅ Game loaded: de-fiddlebops-sprunki for fr
 (+11ms) 
01:32:50   ├─ /de/de-fiddlebops-sprunki/index.html🔍 Processing fullSlug: de/de-fiddlebops-sprunki, locale: de, baseSlug: de-fiddlebops-sprunki
✅ Game loaded: de-fiddlebops-sprunki for de
 (+11ms) 
01:32:50   ├─ /ja/de-fiddlebops-sprunki/index.html🔍 Processing fullSlug: ja/de-fiddlebops-sprunki, locale: ja, baseSlug: de-fiddlebops-sprunki
✅ Game loaded: de-fiddlebops-sprunki for ja
 (+10ms) 
01:32:50   ├─ /ko/de-fiddlebops-sprunki/index.html🔍 Processing fullSlug: ko/de-fiddlebops-sprunki, locale: ko, baseSlug: de-fiddlebops-sprunki
✅ Game loaded: de-fiddlebops-sprunki for ko
 (+11ms) 
01:32:50   ├─ /de-incredibox-cool-as-ice/index.html🔍 Processing fullSlug: de-incredibox-cool-as-ice, locale: en, baseSlug: de-incredibox-cool-as-ice
✅ Game loaded: de-incredibox-cool-as-ice for en
 (+11ms) 
01:32:50   ├─ /zh/de-incredibox-cool-as-ice/index.html🔍 Processing fullSlug: zh/de-incredibox-cool-as-ice, locale: zh, baseSlug: de-incredibox-cool-as-ice
✅ Game loaded: de-incredibox-cool-as-ice for zh
 (+10ms) 
01:32:50   ├─ /es/de-incredibox-cool-as-ice/index.html🔍 Processing fullSlug: es/de-incredibox-cool-as-ice, locale: es, baseSlug: de-incredibox-cool-as-ice
✅ Game loaded: de-incredibox-cool-as-ice for es
 (+10ms) 
01:32:50   ├─ /fr/de-incredibox-cool-as-ice/index.html🔍 Processing fullSlug: fr/de-incredibox-cool-as-ice, locale: fr, baseSlug: de-incredibox-cool-as-ice
✅ Game loaded: de-incredibox-cool-as-ice for fr
 (+11ms) 
01:32:50   ├─ /de/de-incredibox-cool-as-ice/index.html🔍 Processing fullSlug: de/de-incredibox-cool-as-ice, locale: de, baseSlug: de-incredibox-cool-as-ice
✅ Game loaded: de-incredibox-cool-as-ice for de
 (+11ms) 
01:32:50   ├─ /ja/de-incredibox-cool-as-ice/index.html🔍 Processing fullSlug: ja/de-incredibox-cool-as-ice, locale: ja, baseSlug: de-incredibox-cool-as-ice
✅ Game loaded: de-incredibox-cool-as-ice for ja
 (+13ms) 
01:32:50   ├─ /ko/de-incredibox-cool-as-ice/index.html🔍 Processing fullSlug: ko/de-incredibox-cool-as-ice, locale: ko, baseSlug: de-incredibox-cool-as-ice
✅ Game loaded: de-incredibox-cool-as-ice for ko
 (+16ms) 
01:32:50   ├─ /de-incredibox-shatter-sprunk/index.html🔍 Processing fullSlug: de-incredibox-shatter-sprunk, locale: en, baseSlug: de-incredibox-shatter-sprunk
✅ Game loaded: de-incredibox-shatter-sprunk for en
 (+14ms) 
01:32:50   ├─ /zh/de-incredibox-shatter-sprunk/index.html🔍 Processing fullSlug: zh/de-incredibox-shatter-sprunk, locale: zh, baseSlug: de-incredibox-shatter-sprunk
✅ Game loaded: de-incredibox-shatter-sprunk for zh
 (+14ms) 
01:32:50   ├─ /es/de-incredibox-shatter-sprunk/index.html🔍 Processing fullSlug: es/de-incredibox-shatter-sprunk, locale: es, baseSlug: de-incredibox-shatter-sprunk
✅ Game loaded: de-incredibox-shatter-sprunk for es
 (+11ms) 
01:32:50   ├─ /fr/de-incredibox-shatter-sprunk/index.html🔍 Processing fullSlug: fr/de-incredibox-shatter-sprunk, locale: fr, baseSlug: de-incredibox-shatter-sprunk
✅ Game loaded: de-incredibox-shatter-sprunk for fr
 (+11ms) 
01:32:50   ├─ /de/de-incredibox-shatter-sprunk/index.html🔍 Processing fullSlug: de/de-incredibox-shatter-sprunk, locale: de, baseSlug: de-incredibox-shatter-sprunk
✅ Game loaded: de-incredibox-shatter-sprunk for de
 (+10ms) 
01:32:50   ├─ /ja/de-incredibox-shatter-sprunk/index.html🔍 Processing fullSlug: ja/de-incredibox-shatter-sprunk, locale: ja, baseSlug: de-incredibox-shatter-sprunk
✅ Game loaded: de-incredibox-shatter-sprunk for ja
 (+10ms) 
01:32:50   ├─ /ko/de-incredibox-shatter-sprunk/index.html🔍 Processing fullSlug: ko/de-incredibox-shatter-sprunk, locale: ko, baseSlug: de-incredibox-shatter-sprunk
✅ Game loaded: de-incredibox-shatter-sprunk for ko
 (+11ms) 
01:32:50   ├─ /de-incredibox-donki-abgerny/index.html🔍 Processing fullSlug: de-incredibox-donki-abgerny, locale: en, baseSlug: de-incredibox-donki-abgerny
✅ Game loaded: de-incredibox-donki-abgerny for en
 (+11ms) 
01:32:50   ├─ /zh/de-incredibox-donki-abgerny/index.html🔍 Processing fullSlug: zh/de-incredibox-donki-abgerny, locale: zh, baseSlug: de-incredibox-donki-abgerny
✅ Game loaded: de-incredibox-donki-abgerny for zh
 (+11ms) 
01:32:50   ├─ /es/de-incredibox-donki-abgerny/index.html🔍 Processing fullSlug: es/de-incredibox-donki-abgerny, locale: es, baseSlug: de-incredibox-donki-abgerny
✅ Game loaded: de-incredibox-donki-abgerny for es
 (+10ms) 
01:32:50   ├─ /fr/de-incredibox-donki-abgerny/index.html🔍 Processing fullSlug: fr/de-incredibox-donki-abgerny, locale: fr, baseSlug: de-incredibox-donki-abgerny
✅ Game loaded: de-incredibox-donki-abgerny for fr
 (+10ms) 
01:32:50   ├─ /de/de-incredibox-donki-abgerny/index.html🔍 Processing fullSlug: de/de-incredibox-donki-abgerny, locale: de, baseSlug: de-incredibox-donki-abgerny
✅ Game loaded: de-incredibox-donki-abgerny for de
 (+11ms) 
01:32:50   ├─ /ja/de-incredibox-donki-abgerny/index.html🔍 Processing fullSlug: ja/de-incredibox-donki-abgerny, locale: ja, baseSlug: de-incredibox-donki-abgerny
✅ Game loaded: de-incredibox-donki-abgerny for ja
 (+11ms) 
01:32:50   ├─ /ko/de-incredibox-donki-abgerny/index.html🔍 Processing fullSlug: ko/de-incredibox-donki-abgerny, locale: ko, baseSlug: de-incredibox-donki-abgerny
✅ Game loaded: de-incredibox-donki-abgerny for ko
 (+11ms) 
01:32:50   ├─ /de-incredibox-sprinkle/index.html🔍 Processing fullSlug: de-incredibox-sprinkle, locale: en, baseSlug: de-incredibox-sprinkle
✅ Game loaded: de-incredibox-sprinkle for en
 (+13ms) 
01:32:50   ├─ /zh/de-incredibox-sprinkle/index.html🔍 Processing fullSlug: zh/de-incredibox-sprinkle, locale: zh, baseSlug: de-incredibox-sprinkle
✅ Game loaded: de-incredibox-sprinkle for zh
 (+12ms) 
01:32:50   ├─ /es/de-incredibox-sprinkle/index.html🔍 Processing fullSlug: es/de-incredibox-sprinkle, locale: es, baseSlug: de-incredibox-sprinkle
✅ Game loaded: de-incredibox-sprinkle for es
 (+11ms) 
01:32:50   ├─ /fr/de-incredibox-sprinkle/index.html🔍 Processing fullSlug: fr/de-incredibox-sprinkle, locale: fr, baseSlug: de-incredibox-sprinkle
✅ Game loaded: de-incredibox-sprinkle for fr
 (+11ms) 
01:32:50   ├─ /de/de-incredibox-sprinkle/index.html🔍 Processing fullSlug: de/de-incredibox-sprinkle, locale: de, baseSlug: de-incredibox-sprinkle
✅ Game loaded: de-incredibox-sprinkle for de
 (+11ms) 
01:32:50   ├─ /ja/de-incredibox-sprinkle/index.html🔍 Processing fullSlug: ja/de-incredibox-sprinkle, locale: ja, baseSlug: de-incredibox-sprinkle
✅ Game loaded: de-incredibox-sprinkle for ja
 (+11ms) 
01:32:50   ├─ /ko/de-incredibox-sprinkle/index.html🔍 Processing fullSlug: ko/de-incredibox-sprinkle, locale: ko, baseSlug: de-incredibox-sprinkle
✅ Game loaded: de-incredibox-sprinkle for ko
 (+11ms) 
01:32:50   ├─ /de-incredibox-sprunksters/index.html🔍 Processing fullSlug: de-incredibox-sprunksters, locale: en, baseSlug: de-incredibox-sprunksters
✅ Game loaded: de-incredibox-sprunksters for en
 (+11ms) 
01:32:50   ├─ /zh/de-incredibox-sprunksters/index.html🔍 Processing fullSlug: zh/de-incredibox-sprunksters, locale: zh, baseSlug: de-incredibox-sprunksters
✅ Game loaded: de-incredibox-sprunksters for zh
 (+11ms) 
01:32:50   ├─ /es/de-incredibox-sprunksters/index.html🔍 Processing fullSlug: es/de-incredibox-sprunksters, locale: es, baseSlug: de-incredibox-sprunksters
✅ Game loaded: de-incredibox-sprunksters for es
 (+11ms) 
01:32:50   ├─ /fr/de-incredibox-sprunksters/index.html🔍 Processing fullSlug: fr/de-incredibox-sprunksters, locale: fr, baseSlug: de-incredibox-sprunksters
✅ Game loaded: de-incredibox-sprunksters for fr
 (+11ms) 
01:32:50   ├─ /de/de-incredibox-sprunksters/index.html🔍 Processing fullSlug: de/de-incredibox-sprunksters, locale: de, baseSlug: de-incredibox-sprunksters
✅ Game loaded: de-incredibox-sprunksters for de
 (+11ms) 
01:32:50   ├─ /ja/de-incredibox-sprunksters/index.html🔍 Processing fullSlug: ja/de-incredibox-sprunksters, locale: ja, baseSlug: de-incredibox-sprunksters
✅ Game loaded: de-incredibox-sprunksters for ja
 (+11ms) 
01:32:50   ├─ /ko/de-incredibox-sprunksters/index.html🔍 Processing fullSlug: ko/de-incredibox-sprunksters, locale: ko, baseSlug: de-incredibox-sprunksters
✅ Game loaded: de-incredibox-sprunksters for ko
 (+11ms) 
01:32:50   ├─ /de-incredibox-yellow-colorbox/index.html🔍 Processing fullSlug: de-incredibox-yellow-colorbox, locale: en, baseSlug: de-incredibox-yellow-colorbox
✅ Game loaded: de-incredibox-yellow-colorbox for en
 (+13ms) 
01:32:50   ├─ /zh/de-incredibox-yellow-colorbox/index.html🔍 Processing fullSlug: zh/de-incredibox-yellow-colorbox, locale: zh, baseSlug: de-incredibox-yellow-colorbox
✅ Game loaded: de-incredibox-yellow-colorbox for zh
 (+12ms) 
01:32:50   ├─ /es/de-incredibox-yellow-colorbox/index.html🔍 Processing fullSlug: es/de-incredibox-yellow-colorbox, locale: es, baseSlug: de-incredibox-yellow-colorbox
✅ Game loaded: de-incredibox-yellow-colorbox for es
 (+11ms) 
01:32:50   ├─ /fr/de-incredibox-yellow-colorbox/index.html🔍 Processing fullSlug: fr/de-incredibox-yellow-colorbox, locale: fr, baseSlug: de-incredibox-yellow-colorbox
✅ Game loaded: de-incredibox-yellow-colorbox for fr
 (+11ms) 
01:32:50   ├─ /de/de-incredibox-yellow-colorbox/index.html🔍 Processing fullSlug: de/de-incredibox-yellow-colorbox, locale: de, baseSlug: de-incredibox-yellow-colorbox
✅ Game loaded: de-incredibox-yellow-colorbox for de
 (+11ms) 
01:32:50   ├─ /ja/de-incredibox-yellow-colorbox/index.html🔍 Processing fullSlug: ja/de-incredibox-yellow-colorbox, locale: ja, baseSlug: de-incredibox-yellow-colorbox
✅ Game loaded: de-incredibox-yellow-colorbox for ja
 (+11ms) 
01:32:50   ├─ /ko/de-incredibox-yellow-colorbox/index.html🔍 Processing fullSlug: ko/de-incredibox-yellow-colorbox, locale: ko, baseSlug: de-incredibox-yellow-colorbox
✅ Game loaded: de-incredibox-yellow-colorbox for ko
 (+11ms) 
01:32:50   ├─ /de-mundo-torajo-sprunki/index.html🔍 Processing fullSlug: de-mundo-torajo-sprunki, locale: en, baseSlug: de-mundo-torajo-sprunki
✅ Game loaded: de-mundo-torajo-sprunki for en
 (+11ms) 
01:32:50   ├─ /zh/de-mundo-torajo-sprunki/index.html🔍 Processing fullSlug: zh/de-mundo-torajo-sprunki, locale: zh, baseSlug: de-mundo-torajo-sprunki
✅ Game loaded: de-mundo-torajo-sprunki for zh
 (+11ms) 
01:32:50   ├─ /es/de-mundo-torajo-sprunki/index.html🔍 Processing fullSlug: es/de-mundo-torajo-sprunki, locale: es, baseSlug: de-mundo-torajo-sprunki
✅ Game loaded: de-mundo-torajo-sprunki for es
 (+11ms) 
01:32:50   ├─ /fr/de-mundo-torajo-sprunki/index.html🔍 Processing fullSlug: fr/de-mundo-torajo-sprunki, locale: fr, baseSlug: de-mundo-torajo-sprunki
✅ Game loaded: de-mundo-torajo-sprunki for fr
 (+11ms) 
01:32:50   ├─ /de/de-mundo-torajo-sprunki/index.html🔍 Processing fullSlug: de/de-mundo-torajo-sprunki, locale: de, baseSlug: de-mundo-torajo-sprunki
✅ Game loaded: de-mundo-torajo-sprunki for de
 (+12ms) 
01:32:50   ├─ /ja/de-mundo-torajo-sprunki/index.html🔍 Processing fullSlug: ja/de-mundo-torajo-sprunki, locale: ja, baseSlug: de-mundo-torajo-sprunki
✅ Game loaded: de-mundo-torajo-sprunki for ja
 (+12ms) 
01:32:50   ├─ /ko/de-mundo-torajo-sprunki/index.html🔍 Processing fullSlug: ko/de-mundo-torajo-sprunki, locale: ko, baseSlug: de-mundo-torajo-sprunki
✅ Game loaded: de-mundo-torajo-sprunki for ko
 (+11ms) 
01:32:50   ├─ /de-sprunkgerny/index.html🔍 Processing fullSlug: de-sprunkgerny, locale: en, baseSlug: de-sprunkgerny
✅ Game loaded: de-sprunkgerny for en
 (+13ms) 
01:32:50   ├─ /zh/de-sprunkgerny/index.html🔍 Processing fullSlug: zh/de-sprunkgerny, locale: zh, baseSlug: de-sprunkgerny
✅ Game loaded: de-sprunkgerny for zh
 (+12ms) 
01:32:50   ├─ /es/de-sprunkgerny/index.html🔍 Processing fullSlug: es/de-sprunkgerny, locale: es, baseSlug: de-sprunkgerny
✅ Game loaded: de-sprunkgerny for es
 (+11ms) 
01:32:50   ├─ /fr/de-sprunkgerny/index.html🔍 Processing fullSlug: fr/de-sprunkgerny, locale: fr, baseSlug: de-sprunkgerny
✅ Game loaded: de-sprunkgerny for fr
 (+11ms) 
01:32:50   ├─ /de/de-sprunkgerny/index.html🔍 Processing fullSlug: de/de-sprunkgerny, locale: de, baseSlug: de-sprunkgerny
✅ Game loaded: de-sprunkgerny for de
 (+11ms) 
01:32:50   ├─ /ja/de-sprunkgerny/index.html🔍 Processing fullSlug: ja/de-sprunkgerny, locale: ja, baseSlug: de-sprunkgerny
✅ Game loaded: de-sprunkgerny for ja
 (+11ms) 
01:32:50   ├─ /ko/de-sprunkgerny/index.html🔍 Processing fullSlug: ko/de-sprunkgerny, locale: ko, baseSlug: de-sprunkgerny
✅ Game loaded: de-sprunkgerny for ko
 (+11ms) 
01:32:50   ├─ /de-mountayonnaise/index.html🔍 Processing fullSlug: de-mountayonnaise, locale: en, baseSlug: de-mountayonnaise
✅ Game loaded: de-mountayonnaise for en
 (+13ms) 
01:32:51   ├─ /zh/de-mountayonnaise/index.html🔍 Processing fullSlug: zh/de-mountayonnaise, locale: zh, baseSlug: de-mountayonnaise
✅ Game loaded: de-mountayonnaise for zh
 (+10ms) 
01:32:51   ├─ /es/de-mountayonnaise/index.html🔍 Processing fullSlug: es/de-mountayonnaise, locale: es, baseSlug: de-mountayonnaise
✅ Game loaded: de-mountayonnaise for es
 (+10ms) 
01:32:51   ├─ /fr/de-mountayonnaise/index.html🔍 Processing fullSlug: fr/de-mountayonnaise, locale: fr, baseSlug: de-mountayonnaise
✅ Game loaded: de-mountayonnaise for fr
 (+11ms) 
01:32:51   ├─ /de/de-mountayonnaise/index.html🔍 Processing fullSlug: de/de-mountayonnaise, locale: de, baseSlug: de-mountayonnaise
✅ Game loaded: de-mountayonnaise for de
 (+11ms) 
01:32:51   ├─ /ja/de-mountayonnaise/index.html🔍 Processing fullSlug: ja/de-mountayonnaise, locale: ja, baseSlug: de-mountayonnaise
✅ Game loaded: de-mountayonnaise for ja
 (+11ms) 
01:32:51   ├─ /ko/de-mountayonnaise/index.html🔍 Processing fullSlug: ko/de-mountayonnaise, locale: ko, baseSlug: de-mountayonnaise
✅ Game loaded: de-mountayonnaise for ko
 (+11ms) 
01:32:51   ├─ /de-incredibox/index.html🔍 Processing fullSlug: de-incredibox, locale: en, baseSlug: de-incredibox
✅ Game loaded: de-incredibox for en
 (+15ms) 
01:32:51   ├─ /zh/de-incredibox/index.html🔍 Processing fullSlug: zh/de-incredibox, locale: zh, baseSlug: de-incredibox
✅ Game loaded: de-incredibox for zh
 (+15ms) 
01:32:51   ├─ /es/de-incredibox/index.html🔍 Processing fullSlug: es/de-incredibox, locale: es, baseSlug: de-incredibox
✅ Game loaded: de-incredibox for es
 (+11ms) 
01:32:51   ├─ /fr/de-incredibox/index.html🔍 Processing fullSlug: fr/de-incredibox, locale: fr, baseSlug: de-incredibox
✅ Game loaded: de-incredibox for fr
 (+11ms) 
01:32:51   ├─ /de/de-incredibox/index.html🔍 Processing fullSlug: de/de-incredibox, locale: de, baseSlug: de-incredibox
✅ Game loaded: de-incredibox for de
 (+10ms) 
01:32:51   ├─ /ja/de-incredibox/index.html🔍 Processing fullSlug: ja/de-incredibox, locale: ja, baseSlug: de-incredibox
✅ Game loaded: de-incredibox for ja
 (+11ms) 
01:32:51   ├─ /ko/de-incredibox/index.html🔍 Processing fullSlug: ko/de-incredibox, locale: ko, baseSlug: de-incredibox
✅ Game loaded: de-incredibox for ko
 (+11ms) 
01:32:51   ├─ /de-pikmin-no-sprunki/index.html🔍 Processing fullSlug: de-pikmin-no-sprunki, locale: en, baseSlug: de-pikmin-no-sprunki
✅ Game loaded: de-pikmin-no-sprunki for en
 (+11ms) 
01:32:51   ├─ /zh/de-pikmin-no-sprunki/index.html🔍 Processing fullSlug: zh/de-pikmin-no-sprunki, locale: zh, baseSlug: de-pikmin-no-sprunki
✅ Game loaded: de-pikmin-no-sprunki for zh
 (+11ms) 
01:32:51   ├─ /es/de-pikmin-no-sprunki/index.html🔍 Processing fullSlug: es/de-pikmin-no-sprunki, locale: es, baseSlug: de-pikmin-no-sprunki
✅ Game loaded: de-pikmin-no-sprunki for es
 (+11ms) 
01:32:51   ├─ /fr/de-pikmin-no-sprunki/index.html🔍 Processing fullSlug: fr/de-pikmin-no-sprunki, locale: fr, baseSlug: de-pikmin-no-sprunki
✅ Game loaded: de-pikmin-no-sprunki for fr
 (+11ms) 
01:32:51   ├─ /de/de-pikmin-no-sprunki/index.html🔍 Processing fullSlug: de/de-pikmin-no-sprunki, locale: de, baseSlug: de-pikmin-no-sprunki
✅ Game loaded: de-pikmin-no-sprunki for de
 (+11ms) 
01:32:51   ├─ /ja/de-pikmin-no-sprunki/index.html🔍 Processing fullSlug: ja/de-pikmin-no-sprunki, locale: ja, baseSlug: de-pikmin-no-sprunki
✅ Game loaded: de-pikmin-no-sprunki for ja
 (+11ms) 
01:32:51   ├─ /ko/de-pikmin-no-sprunki/index.html🔍 Processing fullSlug: ko/de-pikmin-no-sprunki, locale: ko, baseSlug: de-pikmin-no-sprunki
✅ Game loaded: de-pikmin-no-sprunki for ko
 (+11ms) 
01:32:51   ├─ /de-sprunki-abgerny/index.html🔍 Processing fullSlug: de-sprunki-abgerny, locale: en, baseSlug: de-sprunki-abgerny
✅ Game loaded: de-sprunki-abgerny for en
 (+13ms) 
01:32:51   ├─ /zh/de-sprunki-abgerny/index.html🔍 Processing fullSlug: zh/de-sprunki-abgerny, locale: zh, baseSlug: de-sprunki-abgerny
✅ Game loaded: de-sprunki-abgerny for zh
 (+16ms) 
01:32:51   ├─ /es/de-sprunki-abgerny/index.html🔍 Processing fullSlug: es/de-sprunki-abgerny, locale: es, baseSlug: de-sprunki-abgerny
✅ Game loaded: de-sprunki-abgerny for es
 (+11ms) 
01:32:51   ├─ /fr/de-sprunki-abgerny/index.html🔍 Processing fullSlug: fr/de-sprunki-abgerny, locale: fr, baseSlug: de-sprunki-abgerny
✅ Game loaded: de-sprunki-abgerny for fr
 (+11ms) 
01:32:51   ├─ /de/de-sprunki-abgerny/index.html🔍 Processing fullSlug: de/de-sprunki-abgerny, locale: de, baseSlug: de-sprunki-abgerny
✅ Game loaded: de-sprunki-abgerny for de
 (+10ms) 
01:32:51   ├─ /ja/de-sprunki-abgerny/index.html🔍 Processing fullSlug: ja/de-sprunki-abgerny, locale: ja, baseSlug: de-sprunki-abgerny
✅ Game loaded: de-sprunki-abgerny for ja
 (+11ms) 
01:32:51   ├─ /ko/de-sprunki-abgerny/index.html🔍 Processing fullSlug: ko/de-sprunki-abgerny, locale: ko, baseSlug: de-sprunki-abgerny
✅ Game loaded: de-sprunki-abgerny for ko
 (+11ms) 
01:32:51   ├─ /de-sprunki-babies/index.html🔍 Processing fullSlug: de-sprunki-babies, locale: en, baseSlug: de-sprunki-babies
✅ Game loaded: de-sprunki-babies for en
 (+11ms) 
01:32:51   ├─ /zh/de-sprunki-babies/index.html🔍 Processing fullSlug: zh/de-sprunki-babies, locale: zh, baseSlug: de-sprunki-babies
✅ Game loaded: de-sprunki-babies for zh
 (+11ms) 
01:32:51   ├─ /es/de-sprunki-babies/index.html🔍 Processing fullSlug: es/de-sprunki-babies, locale: es, baseSlug: de-sprunki-babies
✅ Game loaded: de-sprunki-babies for es
 (+11ms) 
01:32:51   ├─ /fr/de-sprunki-babies/index.html🔍 Processing fullSlug: fr/de-sprunki-babies, locale: fr, baseSlug: de-sprunki-babies
✅ Game loaded: de-sprunki-babies for fr
 (+11ms) 
01:32:51   ├─ /de/de-sprunki-babies/index.html🔍 Processing fullSlug: de/de-sprunki-babies, locale: de, baseSlug: de-sprunki-babies
✅ Game loaded: de-sprunki-babies for de
 (+12ms) 
01:32:51   ├─ /ja/de-sprunki-babies/index.html🔍 Processing fullSlug: ja/de-sprunki-babies, locale: ja, baseSlug: de-sprunki-babies
✅ Game loaded: de-sprunki-babies for ja
 (+11ms) 
01:32:51   ├─ /ko/de-sprunki-babies/index.html🔍 Processing fullSlug: ko/de-sprunki-babies, locale: ko, baseSlug: de-sprunki-babies
✅ Game loaded: de-sprunki-babies for ko
 (+11ms) 
01:32:51   ├─ /de-sprunki-1996/index.html🔍 Processing fullSlug: de-sprunki-1996, locale: en, baseSlug: de-sprunki-1996
✅ Game loaded: de-sprunki-1996 for en
 (+14ms) 
01:32:51   ├─ /zh/de-sprunki-1996/index.html🔍 Processing fullSlug: zh/de-sprunki-1996, locale: zh, baseSlug: de-sprunki-1996
✅ Game loaded: de-sprunki-1996 for zh
 (+17ms) 
01:32:51   ├─ /es/de-sprunki-1996/index.html🔍 Processing fullSlug: es/de-sprunki-1996, locale: es, baseSlug: de-sprunki-1996
✅ Game loaded: de-sprunki-1996 for es
 (+11ms) 
01:32:51   ├─ /fr/de-sprunki-1996/index.html🔍 Processing fullSlug: fr/de-sprunki-1996, locale: fr, baseSlug: de-sprunki-1996
✅ Game loaded: de-sprunki-1996 for fr
 (+12ms) 
01:32:51   ├─ /de/de-sprunki-1996/index.html🔍 Processing fullSlug: de/de-sprunki-1996, locale: de, baseSlug: de-sprunki-1996
✅ Game loaded: de-sprunki-1996 for de
 (+11ms) 
01:32:51   ├─ /ja/de-sprunki-1996/index.html🔍 Processing fullSlug: ja/de-sprunki-1996, locale: ja, baseSlug: de-sprunki-1996
✅ Game loaded: de-sprunki-1996 for ja
 (+11ms) 
01:32:51   ├─ /ko/de-sprunki-1996/index.html🔍 Processing fullSlug: ko/de-sprunki-1996, locale: ko, baseSlug: de-sprunki-1996
✅ Game loaded: de-sprunki-1996 for ko
 (+11ms) 
01:32:51   ├─ /de-sprunki-basical/index.html🔍 Processing fullSlug: de-sprunki-basical, locale: en, baseSlug: de-sprunki-basical
✅ Game loaded: de-sprunki-basical for en
 (+12ms) 
01:32:51   ├─ /zh/de-sprunki-basical/index.html🔍 Processing fullSlug: zh/de-sprunki-basical, locale: zh, baseSlug: de-sprunki-basical
✅ Game loaded: de-sprunki-basical for zh
 (+11ms) 
01:32:51   ├─ /es/de-sprunki-basical/index.html🔍 Processing fullSlug: es/de-sprunki-basical, locale: es, baseSlug: de-sprunki-basical
✅ Game loaded: de-sprunki-basical for es
 (+11ms) 
01:32:51   ├─ /fr/de-sprunki-basical/index.html🔍 Processing fullSlug: fr/de-sprunki-basical, locale: fr, baseSlug: de-sprunki-basical
✅ Game loaded: de-sprunki-basical for fr
 (+11ms) 
01:32:51   ├─ /de/de-sprunki-basical/index.html🔍 Processing fullSlug: de/de-sprunki-basical, locale: de, baseSlug: de-sprunki-basical
✅ Game loaded: de-sprunki-basical for de
 (+14ms) 
01:32:51   ├─ /ja/de-sprunki-basical/index.html🔍 Processing fullSlug: ja/de-sprunki-basical, locale: ja, baseSlug: de-sprunki-basical
✅ Game loaded: de-sprunki-basical for ja
 (+37ms) 
01:32:51   ├─ /ko/de-sprunki-basical/index.html🔍 Processing fullSlug: ko/de-sprunki-basical, locale: ko, baseSlug: de-sprunki-basical
✅ Game loaded: de-sprunki-basical for ko
 (+12ms) 
01:32:51   ├─ /de-sprunki-but-with-memes/index.html🔍 Processing fullSlug: de-sprunki-but-with-memes, locale: en, baseSlug: de-sprunki-but-with-memes
✅ Game loaded: de-sprunki-but-with-memes for en
 (+12ms) 
01:32:51   ├─ /zh/de-sprunki-but-with-memes/index.html🔍 Processing fullSlug: zh/de-sprunki-but-with-memes, locale: zh, baseSlug: de-sprunki-but-with-memes
✅ Game loaded: de-sprunki-but-with-memes for zh
 (+15ms) 
01:32:51   ├─ /es/de-sprunki-but-with-memes/index.html🔍 Processing fullSlug: es/de-sprunki-but-with-memes, locale: es, baseSlug: de-sprunki-but-with-memes
✅ Game loaded: de-sprunki-but-with-memes for es
 (+11ms) 
01:32:51   ├─ /fr/de-sprunki-but-with-memes/index.html🔍 Processing fullSlug: fr/de-sprunki-but-with-memes, locale: fr, baseSlug: de-sprunki-but-with-memes
✅ Game loaded: de-sprunki-but-with-memes for fr
 (+11ms) 
01:32:51   ├─ /de/de-sprunki-but-with-memes/index.html🔍 Processing fullSlug: de/de-sprunki-but-with-memes, locale: de, baseSlug: de-sprunki-but-with-memes
✅ Game loaded: de-sprunki-but-with-memes for de
 (+11ms) 
01:32:51   ├─ /ja/de-sprunki-but-with-memes/index.html🔍 Processing fullSlug: ja/de-sprunki-but-with-memes, locale: ja, baseSlug: de-sprunki-but-with-memes
✅ Game loaded: de-sprunki-but-with-memes for ja
 (+11ms) 
01:32:51   ├─ /ko/de-sprunki-but-with-memes/index.html🔍 Processing fullSlug: ko/de-sprunki-but-with-memes, locale: ko, baseSlug: de-sprunki-but-with-memes
✅ Game loaded: de-sprunki-but-with-memes for ko
 (+11ms) 
01:32:51   ├─ /de-sprunki-christmas/index.html🔍 Processing fullSlug: de-sprunki-christmas, locale: en, baseSlug: de-sprunki-christmas
✅ Game loaded: de-sprunki-christmas for en
 (+11ms) 
01:32:51   ├─ /zh/de-sprunki-christmas/index.html🔍 Processing fullSlug: zh/de-sprunki-christmas, locale: zh, baseSlug: de-sprunki-christmas
✅ Game loaded: de-sprunki-christmas for zh
 (+11ms) 
01:32:51   ├─ /es/de-sprunki-christmas/index.html🔍 Processing fullSlug: es/de-sprunki-christmas, locale: es, baseSlug: de-sprunki-christmas
✅ Game loaded: de-sprunki-christmas for es
 (+12ms) 
01:32:51   ├─ /fr/de-sprunki-christmas/index.html🔍 Processing fullSlug: fr/de-sprunki-christmas, locale: fr, baseSlug: de-sprunki-christmas
✅ Game loaded: de-sprunki-christmas for fr
 (+14ms) 
01:32:51   ├─ /de/de-sprunki-christmas/index.html🔍 Processing fullSlug: de/de-sprunki-christmas, locale: de, baseSlug: de-sprunki-christmas
✅ Game loaded: de-sprunki-christmas for de
 (+11ms) 
01:32:51   ├─ /ja/de-sprunki-christmas/index.html🔍 Processing fullSlug: ja/de-sprunki-christmas, locale: ja, baseSlug: de-sprunki-christmas
✅ Game loaded: de-sprunki-christmas for ja
 (+11ms) 
01:32:51   ├─ /ko/de-sprunki-christmas/index.html🔍 Processing fullSlug: ko/de-sprunki-christmas, locale: ko, baseSlug: de-sprunki-christmas
✅ Game loaded: de-sprunki-christmas for ko
 (+13ms) 
01:32:51   ├─ /de-sprunki-dandys-world/index.html🔍 Processing fullSlug: de-sprunki-dandys-world, locale: en, baseSlug: de-sprunki-dandys-world
✅ Game loaded: de-sprunki-dandys-world for en
 (+13ms) 
01:32:51   ├─ /zh/de-sprunki-dandys-world/index.html🔍 Processing fullSlug: zh/de-sprunki-dandys-world, locale: zh, baseSlug: de-sprunki-dandys-world
✅ Game loaded: de-sprunki-dandys-world for zh
 (+14ms) 
01:32:51   ├─ /es/de-sprunki-dandys-world/index.html🔍 Processing fullSlug: es/de-sprunki-dandys-world, locale: es, baseSlug: de-sprunki-dandys-world
✅ Game loaded: de-sprunki-dandys-world for es
 (+11ms) 
01:32:51   ├─ /fr/de-sprunki-dandys-world/index.html🔍 Processing fullSlug: fr/de-sprunki-dandys-world, locale: fr, baseSlug: de-sprunki-dandys-world
✅ Game loaded: de-sprunki-dandys-world for fr
 (+10ms) 
01:32:51   ├─ /de/de-sprunki-dandys-world/index.html🔍 Processing fullSlug: de/de-sprunki-dandys-world, locale: de, baseSlug: de-sprunki-dandys-world
✅ Game loaded: de-sprunki-dandys-world for de
 (+10ms) 
01:32:51   ├─ /ja/de-sprunki-dandys-world/index.html🔍 Processing fullSlug: ja/de-sprunki-dandys-world, locale: ja, baseSlug: de-sprunki-dandys-world
✅ Game loaded: de-sprunki-dandys-world for ja
 (+11ms) 
01:32:51   ├─ /ko/de-sprunki-dandys-world/index.html🔍 Processing fullSlug: ko/de-sprunki-dandys-world, locale: ko, baseSlug: de-sprunki-dandys-world
✅ Game loaded: de-sprunki-dandys-world for ko
 (+10ms) 
01:32:51   ├─ /de-sprunki-craft/index.html🔍 Processing fullSlug: de-sprunki-craft, locale: en, baseSlug: de-sprunki-craft
✅ Game loaded: de-sprunki-craft for en
 (+11ms) 
01:32:51   ├─ /zh/de-sprunki-craft/index.html🔍 Processing fullSlug: zh/de-sprunki-craft, locale: zh, baseSlug: de-sprunki-craft
✅ Game loaded: de-sprunki-craft for zh
 (+10ms) 
01:32:51   ├─ /es/de-sprunki-craft/index.html🔍 Processing fullSlug: es/de-sprunki-craft, locale: es, baseSlug: de-sprunki-craft
✅ Game loaded: de-sprunki-craft for es
 (+10ms) 
01:32:51   ├─ /fr/de-sprunki-craft/index.html🔍 Processing fullSlug: fr/de-sprunki-craft, locale: fr, baseSlug: de-sprunki-craft
✅ Game loaded: de-sprunki-craft for fr
 (+11ms) 
01:32:51   ├─ /de/de-sprunki-craft/index.html🔍 Processing fullSlug: de/de-sprunki-craft, locale: de, baseSlug: de-sprunki-craft
✅ Game loaded: de-sprunki-craft for de
 (+10ms) 
01:32:51   ├─ /ja/de-sprunki-craft/index.html🔍 Processing fullSlug: ja/de-sprunki-craft, locale: ja, baseSlug: de-sprunki-craft
✅ Game loaded: de-sprunki-craft for ja
 (+10ms) 
01:32:51   ├─ /ko/de-sprunki-craft/index.html🔍 Processing fullSlug: ko/de-sprunki-craft, locale: ko, baseSlug: de-sprunki-craft
✅ Game loaded: de-sprunki-craft for ko
 (+11ms) 
01:32:51   ├─ /de-sprunki-cool-as-ice/index.html🔍 Processing fullSlug: de-sprunki-cool-as-ice, locale: en, baseSlug: de-sprunki-cool-as-ice
✅ Game loaded: de-sprunki-cool-as-ice for en
 (+13ms) 
01:32:51   ├─ /zh/de-sprunki-cool-as-ice/index.html🔍 Processing fullSlug: zh/de-sprunki-cool-as-ice, locale: zh, baseSlug: de-sprunki-cool-as-ice
✅ Game loaded: de-sprunki-cool-as-ice for zh
 (+13ms) 
01:32:51   ├─ /es/de-sprunki-cool-as-ice/index.html🔍 Processing fullSlug: es/de-sprunki-cool-as-ice, locale: es, baseSlug: de-sprunki-cool-as-ice
✅ Game loaded: de-sprunki-cool-as-ice for es
 (+12ms) 
01:32:51   ├─ /fr/de-sprunki-cool-as-ice/index.html🔍 Processing fullSlug: fr/de-sprunki-cool-as-ice, locale: fr, baseSlug: de-sprunki-cool-as-ice
✅ Game loaded: de-sprunki-cool-as-ice for fr
 (+11ms) 
01:32:51   ├─ /de/de-sprunki-cool-as-ice/index.html🔍 Processing fullSlug: de/de-sprunki-cool-as-ice, locale: de, baseSlug: de-sprunki-cool-as-ice
✅ Game loaded: de-sprunki-cool-as-ice for de
 (+11ms) 
01:32:51   ├─ /ja/de-sprunki-cool-as-ice/index.html🔍 Processing fullSlug: ja/de-sprunki-cool-as-ice, locale: ja, baseSlug: de-sprunki-cool-as-ice
✅ Game loaded: de-sprunki-cool-as-ice for ja
 (+11ms) 
01:32:51   ├─ /ko/de-sprunki-cool-as-ice/index.html🔍 Processing fullSlug: ko/de-sprunki-cool-as-ice, locale: ko, baseSlug: de-sprunki-cool-as-ice
✅ Game loaded: de-sprunki-cool-as-ice for ko
 (+11ms) 
01:32:51   ├─ /de-sprunki-eggs-mix/index.html🔍 Processing fullSlug: de-sprunki-eggs-mix, locale: en, baseSlug: de-sprunki-eggs-mix
✅ Game loaded: de-sprunki-eggs-mix for en
 (+11ms) 
01:32:51   ├─ /zh/de-sprunki-eggs-mix/index.html🔍 Processing fullSlug: zh/de-sprunki-eggs-mix, locale: zh, baseSlug: de-sprunki-eggs-mix
✅ Game loaded: de-sprunki-eggs-mix for zh
 (+10ms) 
01:32:52   ├─ /es/de-sprunki-eggs-mix/index.html🔍 Processing fullSlug: es/de-sprunki-eggs-mix, locale: es, baseSlug: de-sprunki-eggs-mix
✅ Game loaded: de-sprunki-eggs-mix for es
 (+10ms) 
01:32:52   ├─ /fr/de-sprunki-eggs-mix/index.html🔍 Processing fullSlug: fr/de-sprunki-eggs-mix, locale: fr, baseSlug: de-sprunki-eggs-mix
✅ Game loaded: de-sprunki-eggs-mix for fr
 (+11ms) 
01:32:52   ├─ /de/de-sprunki-eggs-mix/index.html🔍 Processing fullSlug: de/de-sprunki-eggs-mix, locale: de, baseSlug: de-sprunki-eggs-mix
✅ Game loaded: de-sprunki-eggs-mix for de
 (+10ms) 
01:32:52   ├─ /ja/de-sprunki-eggs-mix/index.html🔍 Processing fullSlug: ja/de-sprunki-eggs-mix, locale: ja, baseSlug: de-sprunki-eggs-mix
✅ Game loaded: de-sprunki-eggs-mix for ja
 (+12ms) 
01:32:52   ├─ /ko/de-sprunki-eggs-mix/index.html🔍 Processing fullSlug: ko/de-sprunki-eggs-mix, locale: ko, baseSlug: de-sprunki-eggs-mix
✅ Game loaded: de-sprunki-eggs-mix for ko
 (+12ms) 
01:32:52   ├─ /de-sprunki-good-night/index.html🔍 Processing fullSlug: de-sprunki-good-night, locale: en, baseSlug: de-sprunki-good-night
✅ Game loaded: de-sprunki-good-night for en
 (+13ms) 
01:32:52   ├─ /zh/de-sprunki-good-night/index.html🔍 Processing fullSlug: zh/de-sprunki-good-night, locale: zh, baseSlug: de-sprunki-good-night
✅ Game loaded: de-sprunki-good-night for zh
 (+13ms) 
01:32:52   ├─ /es/de-sprunki-good-night/index.html🔍 Processing fullSlug: es/de-sprunki-good-night, locale: es, baseSlug: de-sprunki-good-night
✅ Game loaded: de-sprunki-good-night for es
 (+11ms) 
01:32:52   ├─ /fr/de-sprunki-good-night/index.html🔍 Processing fullSlug: fr/de-sprunki-good-night, locale: fr, baseSlug: de-sprunki-good-night
✅ Game loaded: de-sprunki-good-night for fr
 (+10ms) 
01:32:52   ├─ /de/de-sprunki-good-night/index.html🔍 Processing fullSlug: de/de-sprunki-good-night, locale: de, baseSlug: de-sprunki-good-night
✅ Game loaded: de-sprunki-good-night for de
 (+11ms) 
01:32:52   ├─ /ja/de-sprunki-good-night/index.html🔍 Processing fullSlug: ja/de-sprunki-good-night, locale: ja, baseSlug: de-sprunki-good-night
✅ Game loaded: de-sprunki-good-night for ja
 (+11ms) 
01:32:52   ├─ /ko/de-sprunki-good-night/index.html🔍 Processing fullSlug: ko/de-sprunki-good-night, locale: ko, baseSlug: de-sprunki-good-night
✅ Game loaded: de-sprunki-good-night for ko
 (+11ms) 
01:32:52   ├─ /de-sprunki-halloween/index.html🔍 Processing fullSlug: de-sprunki-halloween, locale: en, baseSlug: de-sprunki-halloween
✅ Game loaded: de-sprunki-halloween for en
 (+11ms) 
01:32:52   ├─ /zh/de-sprunki-halloween/index.html🔍 Processing fullSlug: zh/de-sprunki-halloween, locale: zh, baseSlug: de-sprunki-halloween
✅ Game loaded: de-sprunki-halloween for zh
 (+11ms) 
01:32:52   ├─ /es/de-sprunki-halloween/index.html🔍 Processing fullSlug: es/de-sprunki-halloween, locale: es, baseSlug: de-sprunki-halloween
✅ Game loaded: de-sprunki-halloween for es
 (+12ms) 
01:32:52   ├─ /fr/de-sprunki-halloween/index.html🔍 Processing fullSlug: fr/de-sprunki-halloween, locale: fr, baseSlug: de-sprunki-halloween
✅ Game loaded: de-sprunki-halloween for fr
 (+12ms) 
01:32:52   ├─ /de/de-sprunki-halloween/index.html🔍 Processing fullSlug: de/de-sprunki-halloween, locale: de, baseSlug: de-sprunki-halloween
✅ Game loaded: de-sprunki-halloween for de
 (+11ms) 
01:32:52   ├─ /ja/de-sprunki-halloween/index.html🔍 Processing fullSlug: ja/de-sprunki-halloween, locale: ja, baseSlug: de-sprunki-halloween
✅ Game loaded: de-sprunki-halloween for ja
 (+10ms) 
01:32:52   ├─ /ko/de-sprunki-halloween/index.html🔍 Processing fullSlug: ko/de-sprunki-halloween, locale: ko, baseSlug: de-sprunki-halloween
✅ Game loaded: de-sprunki-halloween for ko
 (+11ms) 
01:32:52   ├─ /de-sprunki-interactive-beta/index.html🔍 Processing fullSlug: de-sprunki-interactive-beta, locale: en, baseSlug: de-sprunki-interactive-beta
✅ Game loaded: de-sprunki-interactive-beta for en
 (+12ms) 
01:32:52   ├─ /zh/de-sprunki-interactive-beta/index.html🔍 Processing fullSlug: zh/de-sprunki-interactive-beta, locale: zh, baseSlug: de-sprunki-interactive-beta
✅ Game loaded: de-sprunki-interactive-beta for zh
 (+11ms) 
01:32:52   ├─ /es/de-sprunki-interactive-beta/index.html🔍 Processing fullSlug: es/de-sprunki-interactive-beta, locale: es, baseSlug: de-sprunki-interactive-beta
✅ Game loaded: de-sprunki-interactive-beta for es
 (+12ms) 
01:32:52   ├─ /fr/de-sprunki-interactive-beta/index.html🔍 Processing fullSlug: fr/de-sprunki-interactive-beta, locale: fr, baseSlug: de-sprunki-interactive-beta
✅ Game loaded: de-sprunki-interactive-beta for fr
 (+14ms) 
01:32:52   ├─ /de/de-sprunki-interactive-beta/index.html🔍 Processing fullSlug: de/de-sprunki-interactive-beta, locale: de, baseSlug: de-sprunki-interactive-beta
✅ Game loaded: de-sprunki-interactive-beta for de
 (+13ms) 
01:32:52   ├─ /ja/de-sprunki-interactive-beta/index.html🔍 Processing fullSlug: ja/de-sprunki-interactive-beta, locale: ja, baseSlug: de-sprunki-interactive-beta
✅ Game loaded: de-sprunki-interactive-beta for ja
 (+15ms) 
01:32:52   ├─ /ko/de-sprunki-interactive-beta/index.html🔍 Processing fullSlug: ko/de-sprunki-interactive-beta, locale: ko, baseSlug: de-sprunki-interactive-beta
✅ Game loaded: de-sprunki-interactive-beta for ko
 (+18ms) 
01:32:52   ├─ /de-sprunki-like-minecraft/index.html🔍 Processing fullSlug: de-sprunki-like-minecraft, locale: en, baseSlug: de-sprunki-like-minecraft
✅ Game loaded: de-sprunki-like-minecraft for en
 (+20ms) 
01:32:52   ├─ /zh/de-sprunki-like-minecraft/index.html🔍 Processing fullSlug: zh/de-sprunki-like-minecraft, locale: zh, baseSlug: de-sprunki-like-minecraft
✅ Game loaded: de-sprunki-like-minecraft for zh
 (+20ms) 
01:32:52   ├─ /es/de-sprunki-like-minecraft/index.html🔍 Processing fullSlug: es/de-sprunki-like-minecraft, locale: es, baseSlug: de-sprunki-like-minecraft
✅ Game loaded: de-sprunki-like-minecraft for es
 (+12ms) 
01:32:52   ├─ /fr/de-sprunki-like-minecraft/index.html🔍 Processing fullSlug: fr/de-sprunki-like-minecraft, locale: fr, baseSlug: de-sprunki-like-minecraft
✅ Game loaded: de-sprunki-like-minecraft for fr
 (+12ms) 
01:32:52   ├─ /de/de-sprunki-like-minecraft/index.html🔍 Processing fullSlug: de/de-sprunki-like-minecraft, locale: de, baseSlug: de-sprunki-like-minecraft
✅ Game loaded: de-sprunki-like-minecraft for de
 (+11ms) 
01:32:52   ├─ /ja/de-sprunki-like-minecraft/index.html🔍 Processing fullSlug: ja/de-sprunki-like-minecraft, locale: ja, baseSlug: de-sprunki-like-minecraft
✅ Game loaded: de-sprunki-like-minecraft for ja
 (+11ms) 
01:32:52   ├─ /ko/de-sprunki-like-minecraft/index.html🔍 Processing fullSlug: ko/de-sprunki-like-minecraft, locale: ko, baseSlug: de-sprunki-like-minecraft
✅ Game loaded: de-sprunki-like-minecraft for ko
 (+10ms) 
01:32:52   ├─ /de-sprunki-minecraft/index.html🔍 Processing fullSlug: de-sprunki-minecraft, locale: en, baseSlug: de-sprunki-minecraft
✅ Game loaded: de-sprunki-minecraft for en
 (+12ms) 
01:32:52   ├─ /zh/de-sprunki-minecraft/index.html🔍 Processing fullSlug: zh/de-sprunki-minecraft, locale: zh, baseSlug: de-sprunki-minecraft
✅ Game loaded: de-sprunki-minecraft for zh
 (+11ms) 
01:32:52   ├─ /es/de-sprunki-minecraft/index.html🔍 Processing fullSlug: es/de-sprunki-minecraft, locale: es, baseSlug: de-sprunki-minecraft
✅ Game loaded: de-sprunki-minecraft for es
 (+11ms) 
01:32:52   ├─ /fr/de-sprunki-minecraft/index.html🔍 Processing fullSlug: fr/de-sprunki-minecraft, locale: fr, baseSlug: de-sprunki-minecraft
✅ Game loaded: de-sprunki-minecraft for fr
 (+11ms) 
01:32:52   ├─ /de/de-sprunki-minecraft/index.html🔍 Processing fullSlug: de/de-sprunki-minecraft, locale: de, baseSlug: de-sprunki-minecraft
✅ Game loaded: de-sprunki-minecraft for de
 (+11ms) 
01:32:52   ├─ /ja/de-sprunki-minecraft/index.html🔍 Processing fullSlug: ja/de-sprunki-minecraft, locale: ja, baseSlug: de-sprunki-minecraft
✅ Game loaded: de-sprunki-minecraft for ja
 (+11ms) 
01:32:52   ├─ /ko/de-sprunki-minecraft/index.html🔍 Processing fullSlug: ko/de-sprunki-minecraft, locale: ko, baseSlug: de-sprunki-minecraft
✅ Game loaded: de-sprunki-minecraft for ko
 (+11ms) 
01:32:52   ├─ /de-sprunki-maker/index.html🔍 Processing fullSlug: de-sprunki-maker, locale: en, baseSlug: de-sprunki-maker
✅ Game loaded: de-sprunki-maker for en
 (+13ms) 
01:32:52   ├─ /zh/de-sprunki-maker/index.html🔍 Processing fullSlug: zh/de-sprunki-maker, locale: zh, baseSlug: de-sprunki-maker
✅ Game loaded: de-sprunki-maker for zh
 (+14ms) 
01:32:52   ├─ /es/de-sprunki-maker/index.html🔍 Processing fullSlug: es/de-sprunki-maker, locale: es, baseSlug: de-sprunki-maker
✅ Game loaded: de-sprunki-maker for es
 (+10ms) 
01:32:52   ├─ /fr/de-sprunki-maker/index.html🔍 Processing fullSlug: fr/de-sprunki-maker, locale: fr, baseSlug: de-sprunki-maker
✅ Game loaded: de-sprunki-maker for fr
 (+11ms) 
01:32:52   ├─ /de/de-sprunki-maker/index.html🔍 Processing fullSlug: de/de-sprunki-maker, locale: de, baseSlug: de-sprunki-maker
✅ Game loaded: de-sprunki-maker for de
 (+11ms) 
01:32:52   ├─ /ja/de-sprunki-maker/index.html🔍 Processing fullSlug: ja/de-sprunki-maker, locale: ja, baseSlug: de-sprunki-maker
✅ Game loaded: de-sprunki-maker for ja
 (+11ms) 
01:32:52   ├─ /ko/de-sprunki-maker/index.html🔍 Processing fullSlug: ko/de-sprunki-maker, locale: ko, baseSlug: de-sprunki-maker
✅ Game loaded: de-sprunki-maker for ko
 (+10ms) 
01:32:52   ├─ /de-sprunki-mod-BFDI/index.html🔍 Processing fullSlug: de-sprunki-mod-BFDI, locale: en, baseSlug: de-sprunki-mod-BFDI
✅ Game loaded: de-sprunki-mod-BFDI for en
 (+11ms) 
01:32:52   ├─ /zh/de-sprunki-mod-BFDI/index.html🔍 Processing fullSlug: zh/de-sprunki-mod-BFDI, locale: zh, baseSlug: de-sprunki-mod-BFDI
✅ Game loaded: de-sprunki-mod-BFDI for zh
 (+11ms) 
01:32:52   ├─ /es/de-sprunki-mod-BFDI/index.html🔍 Processing fullSlug: es/de-sprunki-mod-BFDI, locale: es, baseSlug: de-sprunki-mod-BFDI
✅ Game loaded: de-sprunki-mod-BFDI for es
 (+10ms) 
01:32:52   ├─ /fr/de-sprunki-mod-BFDI/index.html🔍 Processing fullSlug: fr/de-sprunki-mod-BFDI, locale: fr, baseSlug: de-sprunki-mod-BFDI
✅ Game loaded: de-sprunki-mod-BFDI for fr
 (+11ms) 
01:32:52   ├─ /de/de-sprunki-mod-BFDI/index.html🔍 Processing fullSlug: de/de-sprunki-mod-BFDI, locale: de, baseSlug: de-sprunki-mod-BFDI
✅ Game loaded: de-sprunki-mod-BFDI for de
 (+12ms) 
01:32:52   ├─ /ja/de-sprunki-mod-BFDI/index.html🔍 Processing fullSlug: ja/de-sprunki-mod-BFDI, locale: ja, baseSlug: de-sprunki-mod-BFDI
✅ Game loaded: de-sprunki-mod-BFDI for ja
 (+11ms) 
01:32:52   ├─ /ko/de-sprunki-mod-BFDI/index.html🔍 Processing fullSlug: ko/de-sprunki-mod-BFDI, locale: ko, baseSlug: de-sprunki-mod-BFDI
✅ Game loaded: de-sprunki-mod-BFDI for ko
 (+11ms) 
01:32:52   ├─ /de-sprunki-meets-the-cat-spell/index.html🔍 Processing fullSlug: de-sprunki-meets-the-cat-spell, locale: en, baseSlug: de-sprunki-meets-the-cat-spell
✅ Game loaded: de-sprunki-meets-the-cat-spell for en
 (+12ms) 
01:32:52   ├─ /zh/de-sprunki-meets-the-cat-spell/index.html🔍 Processing fullSlug: zh/de-sprunki-meets-the-cat-spell, locale: zh, baseSlug: de-sprunki-meets-the-cat-spell
✅ Game loaded: de-sprunki-meets-the-cat-spell for zh
 (+16ms) 
01:32:52   ├─ /es/de-sprunki-meets-the-cat-spell/index.html🔍 Processing fullSlug: es/de-sprunki-meets-the-cat-spell, locale: es, baseSlug: de-sprunki-meets-the-cat-spell
✅ Game loaded: de-sprunki-meets-the-cat-spell for es
 (+11ms) 
01:32:52   ├─ /fr/de-sprunki-meets-the-cat-spell/index.html🔍 Processing fullSlug: fr/de-sprunki-meets-the-cat-spell, locale: fr, baseSlug: de-sprunki-meets-the-cat-spell
✅ Game loaded: de-sprunki-meets-the-cat-spell for fr
 (+11ms) 
01:32:52   ├─ /de/de-sprunki-meets-the-cat-spell/index.html🔍 Processing fullSlug: de/de-sprunki-meets-the-cat-spell, locale: de, baseSlug: de-sprunki-meets-the-cat-spell
✅ Game loaded: de-sprunki-meets-the-cat-spell for de
 (+11ms) 
01:32:52   ├─ /ja/de-sprunki-meets-the-cat-spell/index.html🔍 Processing fullSlug: ja/de-sprunki-meets-the-cat-spell, locale: ja, baseSlug: de-sprunki-meets-the-cat-spell
✅ Game loaded: de-sprunki-meets-the-cat-spell for ja
 (+11ms) 
01:32:52   ├─ /ko/de-sprunki-meets-the-cat-spell/index.html🔍 Processing fullSlug: ko/de-sprunki-meets-the-cat-spell, locale: ko, baseSlug: de-sprunki-meets-the-cat-spell
✅ Game loaded: de-sprunki-meets-the-cat-spell for ko
 (+11ms) 
01:32:52   ├─ /de-sprunki-night-time/index.html🔍 Processing fullSlug: de-sprunki-night-time, locale: en, baseSlug: de-sprunki-night-time
✅ Game loaded: de-sprunki-night-time for en
 (+11ms) 
01:32:52   ├─ /zh/de-sprunki-night-time/index.html🔍 Processing fullSlug: zh/de-sprunki-night-time, locale: zh, baseSlug: de-sprunki-night-time
✅ Game loaded: de-sprunki-night-time for zh
 (+10ms) 
01:32:52   ├─ /es/de-sprunki-night-time/index.html🔍 Processing fullSlug: es/de-sprunki-night-time, locale: es, baseSlug: de-sprunki-night-time
✅ Game loaded: de-sprunki-night-time for es
 (+10ms) 
01:32:52   ├─ /fr/de-sprunki-night-time/index.html🔍 Processing fullSlug: fr/de-sprunki-night-time, locale: fr, baseSlug: de-sprunki-night-time
✅ Game loaded: de-sprunki-night-time for fr
 (+10ms) 
01:32:52   ├─ /de/de-sprunki-night-time/index.html🔍 Processing fullSlug: de/de-sprunki-night-time, locale: de, baseSlug: de-sprunki-night-time
✅ Game loaded: de-sprunki-night-time for de
 (+10ms) 
01:32:52   ├─ /ja/de-sprunki-night-time/index.html🔍 Processing fullSlug: ja/de-sprunki-night-time, locale: ja, baseSlug: de-sprunki-night-time
✅ Game loaded: de-sprunki-night-time for ja
 (+11ms) 
01:32:52   ├─ /ko/de-sprunki-night-time/index.html🔍 Processing fullSlug: ko/de-sprunki-night-time, locale: ko, baseSlug: de-sprunki-night-time
✅ Game loaded: de-sprunki-night-time for ko
 (+11ms) 
01:32:52   ├─ /de-sprunki-mustard/index.html🔍 Processing fullSlug: de-sprunki-mustard, locale: en, baseSlug: de-sprunki-mustard
✅ Game loaded: de-sprunki-mustard for en
 (+13ms) 
01:32:52   ├─ /zh/de-sprunki-mustard/index.html🔍 Processing fullSlug: zh/de-sprunki-mustard, locale: zh, baseSlug: de-sprunki-mustard
✅ Game loaded: de-sprunki-mustard for zh
 (+17ms) 
01:32:52   ├─ /es/de-sprunki-mustard/index.html🔍 Processing fullSlug: es/de-sprunki-mustard, locale: es, baseSlug: de-sprunki-mustard
✅ Game loaded: de-sprunki-mustard for es
 (+11ms) 
01:32:52   ├─ /fr/de-sprunki-mustard/index.html🔍 Processing fullSlug: fr/de-sprunki-mustard, locale: fr, baseSlug: de-sprunki-mustard
✅ Game loaded: de-sprunki-mustard for fr
 (+10ms) 
01:32:52   ├─ /de/de-sprunki-mustard/index.html🔍 Processing fullSlug: de/de-sprunki-mustard, locale: de, baseSlug: de-sprunki-mustard
✅ Game loaded: de-sprunki-mustard for de
 (+11ms) 
01:32:52   ├─ /ja/de-sprunki-mustard/index.html🔍 Processing fullSlug: ja/de-sprunki-mustard, locale: ja, baseSlug: de-sprunki-mustard
✅ Game loaded: de-sprunki-mustard for ja
 (+11ms) 
01:32:52   ├─ /ko/de-sprunki-mustard/index.html🔍 Processing fullSlug: ko/de-sprunki-mustard, locale: ko, baseSlug: de-sprunki-mustard
✅ Game loaded: de-sprunki-mustard for ko
 (+11ms) 
01:32:52   ├─ /de-sprunki-phase-1/index.html🔍 Processing fullSlug: de-sprunki-phase-1, locale: en, baseSlug: de-sprunki-phase-1
✅ Game loaded: de-sprunki-phase-1 for en
 (+11ms) 
01:32:52   ├─ /zh/de-sprunki-phase-1/index.html🔍 Processing fullSlug: zh/de-sprunki-phase-1, locale: zh, baseSlug: de-sprunki-phase-1
✅ Game loaded: de-sprunki-phase-1 for zh
 (+11ms) 
01:32:52   ├─ /es/de-sprunki-phase-1/index.html🔍 Processing fullSlug: es/de-sprunki-phase-1, locale: es, baseSlug: de-sprunki-phase-1
✅ Game loaded: de-sprunki-phase-1 for es
 (+10ms) 
01:32:52   ├─ /fr/de-sprunki-phase-1/index.html🔍 Processing fullSlug: fr/de-sprunki-phase-1, locale: fr, baseSlug: de-sprunki-phase-1
✅ Game loaded: de-sprunki-phase-1 for fr
 (+11ms) 
01:32:52   ├─ /de/de-sprunki-phase-1/index.html🔍 Processing fullSlug: de/de-sprunki-phase-1, locale: de, baseSlug: de-sprunki-phase-1
✅ Game loaded: de-sprunki-phase-1 for de
 (+17ms) 
01:32:52   ├─ /ja/de-sprunki-phase-1/index.html🔍 Processing fullSlug: ja/de-sprunki-phase-1, locale: ja, baseSlug: de-sprunki-phase-1
✅ Game loaded: de-sprunki-phase-1 for ja
 (+11ms) 
01:32:52   ├─ /ko/de-sprunki-phase-1/index.html🔍 Processing fullSlug: ko/de-sprunki-phase-1, locale: ko, baseSlug: de-sprunki-phase-1
✅ Game loaded: de-sprunki-phase-1 for ko
 (+10ms) 
01:32:52   ├─ /de-sprunki-parasite-parasprunki-15/index.html🔍 Processing fullSlug: de-sprunki-parasite-parasprunki-15, locale: en, baseSlug: de-sprunki-parasite-parasprunki-15
✅ Game loaded: de-sprunki-parasite-parasprunki-15 for en
 (+12ms) 
01:32:52   ├─ /zh/de-sprunki-parasite-parasprunki-15/index.html🔍 Processing fullSlug: zh/de-sprunki-parasite-parasprunki-15, locale: zh, baseSlug: de-sprunki-parasite-parasprunki-15
✅ Game loaded: de-sprunki-parasite-parasprunki-15 for zh
 (+14ms) 
01:32:52   ├─ /es/de-sprunki-parasite-parasprunki-15/index.html🔍 Processing fullSlug: es/de-sprunki-parasite-parasprunki-15, locale: es, baseSlug: de-sprunki-parasite-parasprunki-15
✅ Game loaded: de-sprunki-parasite-parasprunki-15 for es
 (+11ms) 
01:32:53   ├─ /fr/de-sprunki-parasite-parasprunki-15/index.html🔍 Processing fullSlug: fr/de-sprunki-parasite-parasprunki-15, locale: fr, baseSlug: de-sprunki-parasite-parasprunki-15
✅ Game loaded: de-sprunki-parasite-parasprunki-15 for fr
 (+11ms) 
01:32:53   ├─ /de/de-sprunki-parasite-parasprunki-15/index.html🔍 Processing fullSlug: de/de-sprunki-parasite-parasprunki-15, locale: de, baseSlug: de-sprunki-parasite-parasprunki-15
✅ Game loaded: de-sprunki-parasite-parasprunki-15 for de
 (+11ms) 
01:32:53   ├─ /ja/de-sprunki-parasite-parasprunki-15/index.html🔍 Processing fullSlug: ja/de-sprunki-parasite-parasprunki-15, locale: ja, baseSlug: de-sprunki-parasite-parasprunki-15
✅ Game loaded: de-sprunki-parasite-parasprunki-15 for ja
 (+11ms) 
01:32:53   ├─ /ko/de-sprunki-parasite-parasprunki-15/index.html🔍 Processing fullSlug: ko/de-sprunki-parasite-parasprunki-15, locale: ko, baseSlug: de-sprunki-parasite-parasprunki-15
✅ Game loaded: de-sprunki-parasite-parasprunki-15 for ko
 (+11ms) 
01:32:53   ├─ /de-sprunki-phase-2-5/index.html🔍 Processing fullSlug: de-sprunki-phase-2-5, locale: en, baseSlug: de-sprunki-phase-2-5
✅ Game loaded: de-sprunki-phase-2-5 for en
 (+12ms) 
01:32:53   ├─ /zh/de-sprunki-phase-2-5/index.html🔍 Processing fullSlug: zh/de-sprunki-phase-2-5, locale: zh, baseSlug: de-sprunki-phase-2-5
✅ Game loaded: de-sprunki-phase-2-5 for zh
 (+11ms) 
01:32:53   ├─ /es/de-sprunki-phase-2-5/index.html🔍 Processing fullSlug: es/de-sprunki-phase-2-5, locale: es, baseSlug: de-sprunki-phase-2-5
✅ Game loaded: de-sprunki-phase-2-5 for es
 (+14ms) 
01:32:53   ├─ /fr/de-sprunki-phase-2-5/index.html🔍 Processing fullSlug: fr/de-sprunki-phase-2-5, locale: fr, baseSlug: de-sprunki-phase-2-5
✅ Game loaded: de-sprunki-phase-2-5 for fr
 (+12ms) 
01:32:53   ├─ /de/de-sprunki-phase-2-5/index.html🔍 Processing fullSlug: de/de-sprunki-phase-2-5, locale: de, baseSlug: de-sprunki-phase-2-5
✅ Game loaded: de-sprunki-phase-2-5 for de
 (+11ms) 
01:32:53   ├─ /ja/de-sprunki-phase-2-5/index.html🔍 Processing fullSlug: ja/de-sprunki-phase-2-5, locale: ja, baseSlug: de-sprunki-phase-2-5
✅ Game loaded: de-sprunki-phase-2-5 for ja
 (+12ms) 
01:32:53   ├─ /ko/de-sprunki-phase-2-5/index.html🔍 Processing fullSlug: ko/de-sprunki-phase-2-5, locale: ko, baseSlug: de-sprunki-phase-2-5
✅ Game loaded: de-sprunki-phase-2-5 for ko
 (+11ms) 
01:32:53   ├─ /de-sprunki-phase-5/index.html🔍 Processing fullSlug: de-sprunki-phase-5, locale: en, baseSlug: de-sprunki-phase-5
✅ Game loaded: de-sprunki-phase-5 for en
 (+13ms) 
01:32:53   ├─ /zh/de-sprunki-phase-5/index.html🔍 Processing fullSlug: zh/de-sprunki-phase-5, locale: zh, baseSlug: de-sprunki-phase-5
✅ Game loaded: de-sprunki-phase-5 for zh
 (+14ms) 
01:32:53   ├─ /es/de-sprunki-phase-5/index.html🔍 Processing fullSlug: es/de-sprunki-phase-5, locale: es, baseSlug: de-sprunki-phase-5
✅ Game loaded: de-sprunki-phase-5 for es
 (+10ms) 
01:32:53   ├─ /fr/de-sprunki-phase-5/index.html🔍 Processing fullSlug: fr/de-sprunki-phase-5, locale: fr, baseSlug: de-sprunki-phase-5
✅ Game loaded: de-sprunki-phase-5 for fr
 (+11ms) 
01:32:53   ├─ /de/de-sprunki-phase-5/index.html🔍 Processing fullSlug: de/de-sprunki-phase-5, locale: de, baseSlug: de-sprunki-phase-5
✅ Game loaded: de-sprunki-phase-5 for de
 (+11ms) 
01:32:53   ├─ /ja/de-sprunki-phase-5/index.html🔍 Processing fullSlug: ja/de-sprunki-phase-5, locale: ja, baseSlug: de-sprunki-phase-5
✅ Game loaded: de-sprunki-phase-5 for ja
 (+11ms) 
01:32:53   ├─ /ko/de-sprunki-phase-5/index.html🔍 Processing fullSlug: ko/de-sprunki-phase-5, locale: ko, baseSlug: de-sprunki-phase-5
✅ Game loaded: de-sprunki-phase-5 for ko
 (+11ms) 
01:32:53   ├─ /de-sprunki-police-and-prisoners/index.html🔍 Processing fullSlug: de-sprunki-police-and-prisoners, locale: en, baseSlug: de-sprunki-police-and-prisoners
✅ Game loaded: de-sprunki-police-and-prisoners for en
 (+11ms) 
01:32:53   ├─ /zh/de-sprunki-police-and-prisoners/index.html🔍 Processing fullSlug: zh/de-sprunki-police-and-prisoners, locale: zh, baseSlug: de-sprunki-police-and-prisoners
✅ Game loaded: de-sprunki-police-and-prisoners for zh
 (+11ms) 
01:32:53   ├─ /es/de-sprunki-police-and-prisoners/index.html🔍 Processing fullSlug: es/de-sprunki-police-and-prisoners, locale: es, baseSlug: de-sprunki-police-and-prisoners
✅ Game loaded: de-sprunki-police-and-prisoners for es
 (+12ms) 
01:32:53   ├─ /fr/de-sprunki-police-and-prisoners/index.html🔍 Processing fullSlug: fr/de-sprunki-police-and-prisoners, locale: fr, baseSlug: de-sprunki-police-and-prisoners
✅ Game loaded: de-sprunki-police-and-prisoners for fr
 (+12ms) 
01:32:53   ├─ /de/de-sprunki-police-and-prisoners/index.html🔍 Processing fullSlug: de/de-sprunki-police-and-prisoners, locale: de, baseSlug: de-sprunki-police-and-prisoners
✅ Game loaded: de-sprunki-police-and-prisoners for de
 (+12ms) 
01:32:53   ├─ /ja/de-sprunki-police-and-prisoners/index.html🔍 Processing fullSlug: ja/de-sprunki-police-and-prisoners, locale: ja, baseSlug: de-sprunki-police-and-prisoners
✅ Game loaded: de-sprunki-police-and-prisoners for ja
 (+11ms) 
01:32:53   ├─ /ko/de-sprunki-police-and-prisoners/index.html🔍 Processing fullSlug: ko/de-sprunki-police-and-prisoners, locale: ko, baseSlug: de-sprunki-police-and-prisoners
✅ Game loaded: de-sprunki-police-and-prisoners for ko
 (+11ms) 
01:32:53   ├─ /de-sprunki-phase-8/index.html🔍 Processing fullSlug: de-sprunki-phase-8, locale: en, baseSlug: de-sprunki-phase-8
✅ Game loaded: de-sprunki-phase-8 for en
 (+16ms) 
01:32:53   ├─ /zh/de-sprunki-phase-8/index.html🔍 Processing fullSlug: zh/de-sprunki-phase-8, locale: zh, baseSlug: de-sprunki-phase-8
✅ Game loaded: de-sprunki-phase-8 for zh
 (+13ms) 
01:32:53   ├─ /es/de-sprunki-phase-8/index.html🔍 Processing fullSlug: es/de-sprunki-phase-8, locale: es, baseSlug: de-sprunki-phase-8
✅ Game loaded: de-sprunki-phase-8 for es
 (+11ms) 
01:32:53   ├─ /fr/de-sprunki-phase-8/index.html🔍 Processing fullSlug: fr/de-sprunki-phase-8, locale: fr, baseSlug: de-sprunki-phase-8
✅ Game loaded: de-sprunki-phase-8 for fr
 (+11ms) 
01:32:53   ├─ /de/de-sprunki-phase-8/index.html🔍 Processing fullSlug: de/de-sprunki-phase-8, locale: de, baseSlug: de-sprunki-phase-8
✅ Game loaded: de-sprunki-phase-8 for de
 (+11ms) 
01:32:53   ├─ /ja/de-sprunki-phase-8/index.html🔍 Processing fullSlug: ja/de-sprunki-phase-8, locale: ja, baseSlug: de-sprunki-phase-8
✅ Game loaded: de-sprunki-phase-8 for ja
 (+11ms) 
01:32:53   ├─ /ko/de-sprunki-phase-8/index.html🔍 Processing fullSlug: ko/de-sprunki-phase-8, locale: ko, baseSlug: de-sprunki-phase-8
✅ Game loaded: de-sprunki-phase-8 for ko
 (+10ms) 
01:32:53   ├─ /de-sprunki-play-random/index.html🔍 Processing fullSlug: de-sprunki-play-random, locale: en, baseSlug: de-sprunki-play-random
✅ Game loaded: de-sprunki-play-random for en
 (+12ms) 
01:32:53   ├─ /zh/de-sprunki-play-random/index.html🔍 Processing fullSlug: zh/de-sprunki-play-random, locale: zh, baseSlug: de-sprunki-play-random
✅ Game loaded: de-sprunki-play-random for zh
 (+12ms) 
01:32:53   ├─ /es/de-sprunki-play-random/index.html🔍 Processing fullSlug: es/de-sprunki-play-random, locale: es, baseSlug: de-sprunki-play-random
✅ Game loaded: de-sprunki-play-random for es
 (+11ms) 
01:32:53   ├─ /fr/de-sprunki-play-random/index.html🔍 Processing fullSlug: fr/de-sprunki-play-random, locale: fr, baseSlug: de-sprunki-play-random
✅ Game loaded: de-sprunki-play-random for fr
 (+11ms) 
01:32:53   ├─ /de/de-sprunki-play-random/index.html🔍 Processing fullSlug: de/de-sprunki-play-random, locale: de, baseSlug: de-sprunki-play-random
✅ Game loaded: de-sprunki-play-random for de
 (+11ms) 
01:32:53   ├─ /ja/de-sprunki-play-random/index.html🔍 Processing fullSlug: ja/de-sprunki-play-random, locale: ja, baseSlug: de-sprunki-play-random
✅ Game loaded: de-sprunki-play-random for ja
 (+11ms) 
01:32:53   ├─ /ko/de-sprunki-play-random/index.html🔍 Processing fullSlug: ko/de-sprunki-play-random, locale: ko, baseSlug: de-sprunki-play-random
✅ Game loaded: de-sprunki-play-random for ko
 (+11ms) 
01:32:53   ├─ /de-sprunki-pyramixed-version/index.html🔍 Processing fullSlug: de-sprunki-pyramixed-version, locale: en, baseSlug: de-sprunki-pyramixed-version
✅ Game loaded: de-sprunki-pyramixed-version for en
 (+12ms) 
01:32:53   ├─ /zh/de-sprunki-pyramixed-version/index.html🔍 Processing fullSlug: zh/de-sprunki-pyramixed-version, locale: zh, baseSlug: de-sprunki-pyramixed-version
✅ Game loaded: de-sprunki-pyramixed-version for zh
 (+14ms) 
01:32:53   ├─ /es/de-sprunki-pyramixed-version/index.html🔍 Processing fullSlug: es/de-sprunki-pyramixed-version, locale: es, baseSlug: de-sprunki-pyramixed-version
✅ Game loaded: de-sprunki-pyramixed-version for es
 (+11ms) 
01:32:53   ├─ /fr/de-sprunki-pyramixed-version/index.html🔍 Processing fullSlug: fr/de-sprunki-pyramixed-version, locale: fr, baseSlug: de-sprunki-pyramixed-version
✅ Game loaded: de-sprunki-pyramixed-version for fr
 (+11ms) 
01:32:53   ├─ /de/de-sprunki-pyramixed-version/index.html🔍 Processing fullSlug: de/de-sprunki-pyramixed-version, locale: de, baseSlug: de-sprunki-pyramixed-version
✅ Game loaded: de-sprunki-pyramixed-version for de
 (+11ms) 
01:32:53   ├─ /ja/de-sprunki-pyramixed-version/index.html🔍 Processing fullSlug: ja/de-sprunki-pyramixed-version, locale: ja, baseSlug: de-sprunki-pyramixed-version
✅ Game loaded: de-sprunki-pyramixed-version for ja
 (+11ms) 
01:32:53   ├─ /ko/de-sprunki-pyramixed-version/index.html🔍 Processing fullSlug: ko/de-sprunki-pyramixed-version, locale: ko, baseSlug: de-sprunki-pyramixed-version
✅ Game loaded: de-sprunki-pyramixed-version for ko
 (+10ms) 
01:32:53   ├─ /de-sprunki-pyramixed/index.html🔍 Processing fullSlug: de-sprunki-pyramixed, locale: en, baseSlug: de-sprunki-pyramixed
✅ Game loaded: de-sprunki-pyramixed for en
 (+11ms) 
01:32:53   ├─ /zh/de-sprunki-pyramixed/index.html🔍 Processing fullSlug: zh/de-sprunki-pyramixed, locale: zh, baseSlug: de-sprunki-pyramixed
✅ Game loaded: de-sprunki-pyramixed for zh
 (+11ms) 
01:32:53   ├─ /es/de-sprunki-pyramixed/index.html🔍 Processing fullSlug: es/de-sprunki-pyramixed, locale: es, baseSlug: de-sprunki-pyramixed
✅ Game loaded: de-sprunki-pyramixed for es
 (+11ms) 
01:32:53   ├─ /fr/de-sprunki-pyramixed/index.html🔍 Processing fullSlug: fr/de-sprunki-pyramixed, locale: fr, baseSlug: de-sprunki-pyramixed
✅ Game loaded: de-sprunki-pyramixed for fr
 (+11ms) 
01:32:53   ├─ /de/de-sprunki-pyramixed/index.html🔍 Processing fullSlug: de/de-sprunki-pyramixed, locale: de, baseSlug: de-sprunki-pyramixed
✅ Game loaded: de-sprunki-pyramixed for de
 (+11ms) 
01:32:53   ├─ /ja/de-sprunki-pyramixed/index.html🔍 Processing fullSlug: ja/de-sprunki-pyramixed, locale: ja, baseSlug: de-sprunki-pyramixed
✅ Game loaded: de-sprunki-pyramixed for ja
 (+12ms) 
01:32:53   ├─ /ko/de-sprunki-pyramixed/index.html🔍 Processing fullSlug: ko/de-sprunki-pyramixed, locale: ko, baseSlug: de-sprunki-pyramixed
✅ Game loaded: de-sprunki-pyramixed for ko
 (+11ms) 
01:32:53   ├─ /de-sprunki-red-sun/index.html🔍 Processing fullSlug: de-sprunki-red-sun, locale: en, baseSlug: de-sprunki-red-sun
✅ Game loaded: de-sprunki-red-sun for en
 (+13ms) 
01:32:53   ├─ /zh/de-sprunki-red-sun/index.html🔍 Processing fullSlug: zh/de-sprunki-red-sun, locale: zh, baseSlug: de-sprunki-red-sun
✅ Game loaded: de-sprunki-red-sun for zh
 (+13ms) 
01:32:53   ├─ /es/de-sprunki-red-sun/index.html🔍 Processing fullSlug: es/de-sprunki-red-sun, locale: es, baseSlug: de-sprunki-red-sun
✅ Game loaded: de-sprunki-red-sun for es
 (+11ms) 
01:32:53   ├─ /fr/de-sprunki-red-sun/index.html🔍 Processing fullSlug: fr/de-sprunki-red-sun, locale: fr, baseSlug: de-sprunki-red-sun
✅ Game loaded: de-sprunki-red-sun for fr
 (+11ms) 
01:32:53   ├─ /de/de-sprunki-red-sun/index.html🔍 Processing fullSlug: de/de-sprunki-red-sun, locale: de, baseSlug: de-sprunki-red-sun
✅ Game loaded: de-sprunki-red-sun for de
 (+11ms) 
01:32:53   ├─ /ja/de-sprunki-red-sun/index.html🔍 Processing fullSlug: ja/de-sprunki-red-sun, locale: ja, baseSlug: de-sprunki-red-sun
✅ Game loaded: de-sprunki-red-sun for ja
 (+11ms) 
01:32:53   ├─ /ko/de-sprunki-red-sun/index.html🔍 Processing fullSlug: ko/de-sprunki-red-sun, locale: ko, baseSlug: de-sprunki-red-sun
✅ Game loaded: de-sprunki-red-sun for ko
 (+12ms) 
01:32:53   ├─ /de-sprunki-retake-bonus-characters/index.html🔍 Processing fullSlug: de-sprunki-retake-bonus-characters, locale: en, baseSlug: de-sprunki-retake-bonus-characters
✅ Game loaded: de-sprunki-retake-bonus-characters for en
 (+12ms) 
01:32:53   ├─ /zh/de-sprunki-retake-bonus-characters/index.html🔍 Processing fullSlug: zh/de-sprunki-retake-bonus-characters, locale: zh, baseSlug: de-sprunki-retake-bonus-characters
✅ Game loaded: de-sprunki-retake-bonus-characters for zh
 (+10ms) 
01:32:53   ├─ /es/de-sprunki-retake-bonus-characters/index.html🔍 Processing fullSlug: es/de-sprunki-retake-bonus-characters, locale: es, baseSlug: de-sprunki-retake-bonus-characters
✅ Game loaded: de-sprunki-retake-bonus-characters for es
 (+11ms) 
01:32:53   ├─ /fr/de-sprunki-retake-bonus-characters/index.html🔍 Processing fullSlug: fr/de-sprunki-retake-bonus-characters, locale: fr, baseSlug: de-sprunki-retake-bonus-characters
✅ Game loaded: de-sprunki-retake-bonus-characters for fr
 (+10ms) 
01:32:53   ├─ /de/de-sprunki-retake-bonus-characters/index.html🔍 Processing fullSlug: de/de-sprunki-retake-bonus-characters, locale: de, baseSlug: de-sprunki-retake-bonus-characters
✅ Game loaded: de-sprunki-retake-bonus-characters for de
 (+10ms) 
01:32:53   ├─ /ja/de-sprunki-retake-bonus-characters/index.html🔍 Processing fullSlug: ja/de-sprunki-retake-bonus-characters, locale: ja, baseSlug: de-sprunki-retake-bonus-characters
✅ Game loaded: de-sprunki-retake-bonus-characters for ja
 (+12ms) 
01:32:53   ├─ /ko/de-sprunki-retake-bonus-characters/index.html🔍 Processing fullSlug: ko/de-sprunki-retake-bonus-characters, locale: ko, baseSlug: de-sprunki-retake-bonus-characters
✅ Game loaded: de-sprunki-retake-bonus-characters for ko
 (+11ms) 
01:32:53   ├─ /de-sprunki-retake-new-human/index.html🔍 Processing fullSlug: de-sprunki-retake-new-human, locale: en, baseSlug: de-sprunki-retake-new-human
✅ Game loaded: de-sprunki-retake-new-human for en
 (+14ms) 
01:32:53   ├─ /zh/de-sprunki-retake-new-human/index.html🔍 Processing fullSlug: zh/de-sprunki-retake-new-human, locale: zh, baseSlug: de-sprunki-retake-new-human
✅ Game loaded: de-sprunki-retake-new-human for zh
 (+13ms) 
01:32:53   ├─ /es/de-sprunki-retake-new-human/index.html🔍 Processing fullSlug: es/de-sprunki-retake-new-human, locale: es, baseSlug: de-sprunki-retake-new-human
✅ Game loaded: de-sprunki-retake-new-human for es
 (+11ms) 
01:32:53   ├─ /fr/de-sprunki-retake-new-human/index.html🔍 Processing fullSlug: fr/de-sprunki-retake-new-human, locale: fr, baseSlug: de-sprunki-retake-new-human
✅ Game loaded: de-sprunki-retake-new-human for fr
 (+11ms) 
01:32:53   ├─ /de/de-sprunki-retake-new-human/index.html🔍 Processing fullSlug: de/de-sprunki-retake-new-human, locale: de, baseSlug: de-sprunki-retake-new-human
✅ Game loaded: de-sprunki-retake-new-human for de
 (+11ms) 
01:32:53   ├─ /ja/de-sprunki-retake-new-human/index.html🔍 Processing fullSlug: ja/de-sprunki-retake-new-human, locale: ja, baseSlug: de-sprunki-retake-new-human
✅ Game loaded: de-sprunki-retake-new-human for ja
 (+11ms) 
01:32:53   ├─ /ko/de-sprunki-retake-new-human/index.html🔍 Processing fullSlug: ko/de-sprunki-retake-new-human, locale: ko, baseSlug: de-sprunki-retake-new-human
✅ Game loaded: de-sprunki-retake-new-human for ko
 (+11ms) 
01:32:53   ├─ /de-sprunki-retake/index.html🔍 Processing fullSlug: de-sprunki-retake, locale: en, baseSlug: de-sprunki-retake
✅ Game loaded: de-sprunki-retake for en
 (+11ms) 
01:32:53   ├─ /zh/de-sprunki-retake/index.html🔍 Processing fullSlug: zh/de-sprunki-retake, locale: zh, baseSlug: de-sprunki-retake
✅ Game loaded: de-sprunki-retake for zh
 (+11ms) 
01:32:53   ├─ /es/de-sprunki-retake/index.html🔍 Processing fullSlug: es/de-sprunki-retake, locale: es, baseSlug: de-sprunki-retake
✅ Game loaded: de-sprunki-retake for es
 (+11ms) 
01:32:53   ├─ /fr/de-sprunki-retake/index.html🔍 Processing fullSlug: fr/de-sprunki-retake, locale: fr, baseSlug: de-sprunki-retake
✅ Game loaded: de-sprunki-retake for fr
 (+10ms) 
01:32:53   ├─ /de/de-sprunki-retake/index.html🔍 Processing fullSlug: de/de-sprunki-retake, locale: de, baseSlug: de-sprunki-retake
✅ Game loaded: de-sprunki-retake for de
 (+11ms) 
01:32:53   ├─ /ja/de-sprunki-retake/index.html🔍 Processing fullSlug: ja/de-sprunki-retake, locale: ja, baseSlug: de-sprunki-retake
✅ Game loaded: de-sprunki-retake for ja
 (+11ms) 
01:32:53   ├─ /ko/de-sprunki-retake/index.html🔍 Processing fullSlug: ko/de-sprunki-retake, locale: ko, baseSlug: de-sprunki-retake
✅ Game loaded: de-sprunki-retake for ko
 (+12ms) 
01:32:53   ├─ /de-sprunki-rotrizi-5/index.html🔍 Processing fullSlug: de-sprunki-rotrizi-5, locale: en, baseSlug: de-sprunki-rotrizi-5
✅ Game loaded: de-sprunki-rotrizi-5 for en
 (+15ms) 
01:32:53   ├─ /zh/de-sprunki-rotrizi-5/index.html🔍 Processing fullSlug: zh/de-sprunki-rotrizi-5, locale: zh, baseSlug: de-sprunki-rotrizi-5
✅ Game loaded: de-sprunki-rotrizi-5 for zh
 (+17ms) 
01:32:53   ├─ /es/de-sprunki-rotrizi-5/index.html🔍 Processing fullSlug: es/de-sprunki-rotrizi-5, locale: es, baseSlug: de-sprunki-rotrizi-5
✅ Game loaded: de-sprunki-rotrizi-5 for es
 (+10ms) 
01:32:53   ├─ /fr/de-sprunki-rotrizi-5/index.html🔍 Processing fullSlug: fr/de-sprunki-rotrizi-5, locale: fr, baseSlug: de-sprunki-rotrizi-5
✅ Game loaded: de-sprunki-rotrizi-5 for fr
 (+10ms) 
01:32:53   ├─ /de/de-sprunki-rotrizi-5/index.html🔍 Processing fullSlug: de/de-sprunki-rotrizi-5, locale: de, baseSlug: de-sprunki-rotrizi-5
✅ Game loaded: de-sprunki-rotrizi-5 for de
 (+11ms) 
01:32:53   ├─ /ja/de-sprunki-rotrizi-5/index.html🔍 Processing fullSlug: ja/de-sprunki-rotrizi-5, locale: ja, baseSlug: de-sprunki-rotrizi-5
✅ Game loaded: de-sprunki-rotrizi-5 for ja
 (+10ms) 
01:32:54   ├─ /ko/de-sprunki-rotrizi-5/index.html🔍 Processing fullSlug: ko/de-sprunki-rotrizi-5, locale: ko, baseSlug: de-sprunki-rotrizi-5
✅ Game loaded: de-sprunki-rotrizi-5 for ko
 (+11ms) 
01:32:54   ├─ /de-sprunki-sepbox-steel-factory/index.html🔍 Processing fullSlug: de-sprunki-sepbox-steel-factory, locale: en, baseSlug: de-sprunki-sepbox-steel-factory
✅ Game loaded: de-sprunki-sepbox-steel-factory for en
 (+12ms) 
01:32:54   ├─ /zh/de-sprunki-sepbox-steel-factory/index.html🔍 Processing fullSlug: zh/de-sprunki-sepbox-steel-factory, locale: zh, baseSlug: de-sprunki-sepbox-steel-factory
✅ Game loaded: de-sprunki-sepbox-steel-factory for zh
 (+11ms) 
01:32:54   ├─ /es/de-sprunki-sepbox-steel-factory/index.html🔍 Processing fullSlug: es/de-sprunki-sepbox-steel-factory, locale: es, baseSlug: de-sprunki-sepbox-steel-factory
✅ Game loaded: de-sprunki-sepbox-steel-factory for es
 (+11ms) 
01:32:54   ├─ /fr/de-sprunki-sepbox-steel-factory/index.html🔍 Processing fullSlug: fr/de-sprunki-sepbox-steel-factory, locale: fr, baseSlug: de-sprunki-sepbox-steel-factory
✅ Game loaded: de-sprunki-sepbox-steel-factory for fr
 (+11ms) 
01:32:54   ├─ /de/de-sprunki-sepbox-steel-factory/index.html🔍 Processing fullSlug: de/de-sprunki-sepbox-steel-factory, locale: de, baseSlug: de-sprunki-sepbox-steel-factory
✅ Game loaded: de-sprunki-sepbox-steel-factory for de
 (+12ms) 
01:32:54   ├─ /ja/de-sprunki-sepbox-steel-factory/index.html🔍 Processing fullSlug: ja/de-sprunki-sepbox-steel-factory, locale: ja, baseSlug: de-sprunki-sepbox-steel-factory
✅ Game loaded: de-sprunki-sepbox-steel-factory for ja
 (+12ms) 
01:32:54   ├─ /ko/de-sprunki-sepbox-steel-factory/index.html🔍 Processing fullSlug: ko/de-sprunki-sepbox-steel-factory, locale: ko, baseSlug: de-sprunki-sepbox-steel-factory
✅ Game loaded: de-sprunki-sepbox-steel-factory for ko
 (+11ms) 
01:32:54   ├─ /de-sprunki-virus-new-update/index.html🔍 Processing fullSlug: de-sprunki-virus-new-update, locale: en, baseSlug: de-sprunki-virus-new-update
✅ Game loaded: de-sprunki-virus-new-update for en
 (+13ms) 
01:32:54   ├─ /zh/de-sprunki-virus-new-update/index.html🔍 Processing fullSlug: zh/de-sprunki-virus-new-update, locale: zh, baseSlug: de-sprunki-virus-new-update
✅ Game loaded: de-sprunki-virus-new-update for zh
 (+13ms) 
01:32:54   ├─ /es/de-sprunki-virus-new-update/index.html🔍 Processing fullSlug: es/de-sprunki-virus-new-update, locale: es, baseSlug: de-sprunki-virus-new-update
✅ Game loaded: de-sprunki-virus-new-update for es
 (+10ms) 
01:32:54   ├─ /fr/de-sprunki-virus-new-update/index.html🔍 Processing fullSlug: fr/de-sprunki-virus-new-update, locale: fr, baseSlug: de-sprunki-virus-new-update
✅ Game loaded: de-sprunki-virus-new-update for fr
 (+11ms) 
01:32:54   ├─ /de/de-sprunki-virus-new-update/index.html🔍 Processing fullSlug: de/de-sprunki-virus-new-update, locale: de, baseSlug: de-sprunki-virus-new-update
✅ Game loaded: de-sprunki-virus-new-update for de
 (+11ms) 
01:32:54   ├─ /ja/de-sprunki-virus-new-update/index.html🔍 Processing fullSlug: ja/de-sprunki-virus-new-update, locale: ja, baseSlug: de-sprunki-virus-new-update
✅ Game loaded: de-sprunki-virus-new-update for ja
 (+10ms) 
01:32:54   ├─ /ko/de-sprunki-virus-new-update/index.html🔍 Processing fullSlug: ko/de-sprunki-virus-new-update, locale: ko, baseSlug: de-sprunki-virus-new-update
✅ Game loaded: de-sprunki-virus-new-update for ko
 (+10ms) 
01:32:54   ├─ /de-sprunki-sonic/index.html🔍 Processing fullSlug: de-sprunki-sonic, locale: en, baseSlug: de-sprunki-sonic
✅ Game loaded: de-sprunki-sonic for en
 (+12ms) 
01:32:54   ├─ /zh/de-sprunki-sonic/index.html🔍 Processing fullSlug: zh/de-sprunki-sonic, locale: zh, baseSlug: de-sprunki-sonic
✅ Game loaded: de-sprunki-sonic for zh
 (+11ms) 
01:32:54   ├─ /es/de-sprunki-sonic/index.html🔍 Processing fullSlug: es/de-sprunki-sonic, locale: es, baseSlug: de-sprunki-sonic
✅ Game loaded: de-sprunki-sonic for es
 (+11ms) 
01:32:54   ├─ /fr/de-sprunki-sonic/index.html🔍 Processing fullSlug: fr/de-sprunki-sonic, locale: fr, baseSlug: de-sprunki-sonic
✅ Game loaded: de-sprunki-sonic for fr
 (+10ms) 
01:32:54   ├─ /de/de-sprunki-sonic/index.html🔍 Processing fullSlug: de/de-sprunki-sonic, locale: de, baseSlug: de-sprunki-sonic
✅ Game loaded: de-sprunki-sonic for de
 (+10ms) 
01:32:54   ├─ /ja/de-sprunki-sonic/index.html🔍 Processing fullSlug: ja/de-sprunki-sonic, locale: ja, baseSlug: de-sprunki-sonic
✅ Game loaded: de-sprunki-sonic for ja
 (+10ms) 
01:32:54   ├─ /ko/de-sprunki-sonic/index.html🔍 Processing fullSlug: ko/de-sprunki-sonic, locale: ko, baseSlug: de-sprunki-sonic
✅ Game loaded: de-sprunki-sonic for ko
 (+11ms) 
01:32:54   ├─ /de-sprunki-squid-remix/index.html🔍 Processing fullSlug: de-sprunki-squid-remix, locale: en, baseSlug: de-sprunki-squid-remix
✅ Game loaded: de-sprunki-squid-remix for en
 (+13ms) 
01:32:54   ├─ /zh/de-sprunki-squid-remix/index.html🔍 Processing fullSlug: zh/de-sprunki-squid-remix, locale: zh, baseSlug: de-sprunki-squid-remix
✅ Game loaded: de-sprunki-squid-remix for zh
 (+16ms) 
01:32:54   ├─ /es/de-sprunki-squid-remix/index.html🔍 Processing fullSlug: es/de-sprunki-squid-remix, locale: es, baseSlug: de-sprunki-squid-remix
✅ Game loaded: de-sprunki-squid-remix for es
 (+11ms) 
01:32:54   ├─ /fr/de-sprunki-squid-remix/index.html🔍 Processing fullSlug: fr/de-sprunki-squid-remix, locale: fr, baseSlug: de-sprunki-squid-remix
✅ Game loaded: de-sprunki-squid-remix for fr
 (+11ms) 
01:32:54   ├─ /de/de-sprunki-squid-remix/index.html🔍 Processing fullSlug: de/de-sprunki-squid-remix, locale: de, baseSlug: de-sprunki-squid-remix
✅ Game loaded: de-sprunki-squid-remix for de
 (+11ms) 
01:32:54   ├─ /ja/de-sprunki-squid-remix/index.html🔍 Processing fullSlug: ja/de-sprunki-squid-remix, locale: ja, baseSlug: de-sprunki-squid-remix
✅ Game loaded: de-sprunki-squid-remix for ja
 (+11ms) 
01:32:54   ├─ /ko/de-sprunki-squid-remix/index.html🔍 Processing fullSlug: ko/de-sprunki-squid-remix, locale: ko, baseSlug: de-sprunki-squid-remix
✅ Game loaded: de-sprunki-squid-remix for ko
 (+11ms) 
01:32:54   ├─ /de-sprunki-swapped-horror/index.html🔍 Processing fullSlug: de-sprunki-swapped-horror, locale: en, baseSlug: de-sprunki-swapped-horror
✅ Game loaded: de-sprunki-swapped-horror for en
 (+11ms) 
01:32:54   ├─ /zh/de-sprunki-swapped-horror/index.html🔍 Processing fullSlug: zh/de-sprunki-swapped-horror, locale: zh, baseSlug: de-sprunki-swapped-horror
✅ Game loaded: de-sprunki-swapped-horror for zh
 (+10ms) 
01:32:54   ├─ /es/de-sprunki-swapped-horror/index.html🔍 Processing fullSlug: es/de-sprunki-swapped-horror, locale: es, baseSlug: de-sprunki-swapped-horror
✅ Game loaded: de-sprunki-swapped-horror for es
 (+10ms) 
01:32:54   ├─ /fr/de-sprunki-swapped-horror/index.html🔍 Processing fullSlug: fr/de-sprunki-swapped-horror, locale: fr, baseSlug: de-sprunki-swapped-horror
✅ Game loaded: de-sprunki-swapped-horror for fr
 (+10ms) 
01:32:54   ├─ /de/de-sprunki-swapped-horror/index.html🔍 Processing fullSlug: de/de-sprunki-swapped-horror, locale: de, baseSlug: de-sprunki-swapped-horror
✅ Game loaded: de-sprunki-swapped-horror for de
 (+11ms) 
01:32:54   ├─ /ja/de-sprunki-swapped-horror/index.html🔍 Processing fullSlug: ja/de-sprunki-swapped-horror, locale: ja, baseSlug: de-sprunki-swapped-horror
✅ Game loaded: de-sprunki-swapped-horror for ja
 (+11ms) 
01:32:54   ├─ /ko/de-sprunki-swapped-horror/index.html🔍 Processing fullSlug: ko/de-sprunki-swapped-horror, locale: ko, baseSlug: de-sprunki-swapped-horror
✅ Game loaded: de-sprunki-swapped-horror for ko
 (+11ms) 
01:32:54   ├─ /de-sprunkle-bops/index.html🔍 Processing fullSlug: de-sprunkle-bops, locale: en, baseSlug: de-sprunkle-bops
✅ Game loaded: de-sprunkle-bops for en
 (+12ms) 
01:32:54   ├─ /zh/de-sprunkle-bops/index.html🔍 Processing fullSlug: zh/de-sprunkle-bops, locale: zh, baseSlug: de-sprunkle-bops
✅ Game loaded: de-sprunkle-bops for zh
 (+12ms) 
01:32:54   ├─ /es/de-sprunkle-bops/index.html🔍 Processing fullSlug: es/de-sprunkle-bops, locale: es, baseSlug: de-sprunkle-bops
✅ Game loaded: de-sprunkle-bops for es
 (+10ms) 
01:32:54   ├─ /fr/de-sprunkle-bops/index.html🔍 Processing fullSlug: fr/de-sprunkle-bops, locale: fr, baseSlug: de-sprunkle-bops
✅ Game loaded: de-sprunkle-bops for fr
 (+10ms) 
01:32:54   ├─ /de/de-sprunkle-bops/index.html🔍 Processing fullSlug: de/de-sprunkle-bops, locale: de, baseSlug: de-sprunkle-bops
✅ Game loaded: de-sprunkle-bops for de
 (+11ms) 
01:32:54   ├─ /ja/de-sprunkle-bops/index.html🔍 Processing fullSlug: ja/de-sprunkle-bops, locale: ja, baseSlug: de-sprunkle-bops
✅ Game loaded: de-sprunkle-bops for ja
 (+10ms) 
01:32:54   ├─ /ko/de-sprunkle-bops/index.html🔍 Processing fullSlug: ko/de-sprunkle-bops, locale: ko, baseSlug: de-sprunkle-bops
✅ Game loaded: de-sprunkle-bops for ko
 (+11ms) 
01:32:54   ├─ /de-sprunkr-but-sprunki/index.html🔍 Processing fullSlug: de-sprunkr-but-sprunki, locale: en, baseSlug: de-sprunkr-but-sprunki
✅ Game loaded: de-sprunkr-but-sprunki for en
 (+12ms) 
01:32:54   ├─ /zh/de-sprunkr-but-sprunki/index.html🔍 Processing fullSlug: zh/de-sprunkr-but-sprunki, locale: zh, baseSlug: de-sprunkr-but-sprunki
✅ Game loaded: de-sprunkr-but-sprunki for zh
 (+10ms) 
01:32:54   ├─ /es/de-sprunkr-but-sprunki/index.html🔍 Processing fullSlug: es/de-sprunkr-but-sprunki, locale: es, baseSlug: de-sprunkr-but-sprunki
✅ Game loaded: de-sprunkr-but-sprunki for es
 (+10ms) 
01:32:54   ├─ /fr/de-sprunkr-but-sprunki/index.html🔍 Processing fullSlug: fr/de-sprunkr-but-sprunki, locale: fr, baseSlug: de-sprunkr-but-sprunki
✅ Game loaded: de-sprunkr-but-sprunki for fr
 (+10ms) 
01:32:54   ├─ /de/de-sprunkr-but-sprunki/index.html🔍 Processing fullSlug: de/de-sprunkr-but-sprunki, locale: de, baseSlug: de-sprunkr-but-sprunki
✅ Game loaded: de-sprunkr-but-sprunki for de
 (+12ms) 
01:32:54   ├─ /ja/de-sprunkr-but-sprunki/index.html🔍 Processing fullSlug: ja/de-sprunkr-but-sprunki, locale: ja, baseSlug: de-sprunkr-but-sprunki
✅ Game loaded: de-sprunkr-but-sprunki for ja
 (+11ms) 
01:32:54   ├─ /ko/de-sprunkr-but-sprunki/index.html🔍 Processing fullSlug: ko/de-sprunkr-but-sprunki, locale: ko, baseSlug: de-sprunkr-but-sprunki
✅ Game loaded: de-sprunkr-but-sprunki for ko
 (+11ms) 
01:32:54   ├─ /de-super-sprunki-brasil/index.html🔍 Processing fullSlug: de-super-sprunki-brasil, locale: en, baseSlug: de-super-sprunki-brasil
✅ Game loaded: de-super-sprunki-brasil for en
 (+13ms) 
01:32:54   ├─ /zh/de-super-sprunki-brasil/index.html🔍 Processing fullSlug: zh/de-super-sprunki-brasil, locale: zh, baseSlug: de-super-sprunki-brasil
✅ Game loaded: de-super-sprunki-brasil for zh
 (+16ms) 
01:32:54   ├─ /es/de-super-sprunki-brasil/index.html🔍 Processing fullSlug: es/de-super-sprunki-brasil, locale: es, baseSlug: de-super-sprunki-brasil
✅ Game loaded: de-super-sprunki-brasil for es
 (+11ms) 
01:32:54   ├─ /fr/de-super-sprunki-brasil/index.html🔍 Processing fullSlug: fr/de-super-sprunki-brasil, locale: fr, baseSlug: de-super-sprunki-brasil
✅ Game loaded: de-super-sprunki-brasil for fr
 (+10ms) 
01:32:54   ├─ /de/de-super-sprunki-brasil/index.html🔍 Processing fullSlug: de/de-super-sprunki-brasil, locale: de, baseSlug: de-super-sprunki-brasil
✅ Game loaded: de-super-sprunki-brasil for de
 (+11ms) 
01:32:54   ├─ /ja/de-super-sprunki-brasil/index.html🔍 Processing fullSlug: ja/de-super-sprunki-brasil, locale: ja, baseSlug: de-super-sprunki-brasil
✅ Game loaded: de-super-sprunki-brasil for ja
 (+11ms) 
01:32:54   ├─ /ko/de-super-sprunki-brasil/index.html🔍 Processing fullSlug: ko/de-super-sprunki-brasil, locale: ko, baseSlug: de-super-sprunki-brasil
✅ Game loaded: de-super-sprunki-brasil for ko
 (+11ms) 
01:32:54   ├─ /de-swap-sprunkgerny/index.html🔍 Processing fullSlug: de-swap-sprunkgerny, locale: en, baseSlug: de-swap-sprunkgerny
✅ Game loaded: de-swap-sprunkgerny for en
 (+11ms) 
01:32:54   ├─ /zh/de-swap-sprunkgerny/index.html🔍 Processing fullSlug: zh/de-swap-sprunkgerny, locale: zh, baseSlug: de-swap-sprunkgerny
✅ Game loaded: de-swap-sprunkgerny for zh
 (+10ms) 
01:32:54   ├─ /es/de-swap-sprunkgerny/index.html🔍 Processing fullSlug: es/de-swap-sprunkgerny, locale: es, baseSlug: de-swap-sprunkgerny
✅ Game loaded: de-swap-sprunkgerny for es
 (+10ms) 
01:32:54   ├─ /fr/de-swap-sprunkgerny/index.html🔍 Processing fullSlug: fr/de-swap-sprunkgerny, locale: fr, baseSlug: de-swap-sprunkgerny
✅ Game loaded: de-swap-sprunkgerny for fr
 (+13ms) 
01:32:54   ├─ /de/de-swap-sprunkgerny/index.html🔍 Processing fullSlug: de/de-swap-sprunkgerny, locale: de, baseSlug: de-swap-sprunkgerny
✅ Game loaded: de-swap-sprunkgerny for de
 (+13ms) 
01:32:54   ├─ /ja/de-swap-sprunkgerny/index.html🔍 Processing fullSlug: ja/de-swap-sprunkgerny, locale: ja, baseSlug: de-swap-sprunkgerny
✅ Game loaded: de-swap-sprunkgerny for ja
 (+11ms) 
01:32:54   ├─ /ko/de-swap-sprunkgerny/index.html🔍 Processing fullSlug: ko/de-swap-sprunkgerny, locale: ko, baseSlug: de-swap-sprunkgerny
✅ Game loaded: de-swap-sprunkgerny for ko
 (+11ms) 
01:32:54   ├─ /de-the-haze-pixelbox/index.html🔍 Processing fullSlug: de-the-haze-pixelbox, locale: en, baseSlug: de-the-haze-pixelbox
✅ Game loaded: de-the-haze-pixelbox for en
 (+11ms) 
01:32:54   ├─ /zh/de-the-haze-pixelbox/index.html🔍 Processing fullSlug: zh/de-the-haze-pixelbox, locale: zh, baseSlug: de-the-haze-pixelbox
✅ Game loaded: de-the-haze-pixelbox for zh
 (+11ms) 
01:32:54   ├─ /es/de-the-haze-pixelbox/index.html🔍 Processing fullSlug: es/de-the-haze-pixelbox, locale: es, baseSlug: de-the-haze-pixelbox
✅ Game loaded: de-the-haze-pixelbox for es
 (+11ms) 
01:32:54   ├─ /fr/de-the-haze-pixelbox/index.html🔍 Processing fullSlug: fr/de-the-haze-pixelbox, locale: fr, baseSlug: de-the-haze-pixelbox
✅ Game loaded: de-the-haze-pixelbox for fr
 (+10ms) 
01:32:54   ├─ /de/de-the-haze-pixelbox/index.html🔍 Processing fullSlug: de/de-the-haze-pixelbox, locale: de, baseSlug: de-the-haze-pixelbox
✅ Game loaded: de-the-haze-pixelbox for de
 (+11ms) 
01:32:54   ├─ /ja/de-the-haze-pixelbox/index.html🔍 Processing fullSlug: ja/de-the-haze-pixelbox, locale: ja, baseSlug: de-the-haze-pixelbox
✅ Game loaded: de-the-haze-pixelbox for ja
 (+10ms) 
01:32:54   ├─ /ko/de-the-haze-pixelbox/index.html🔍 Processing fullSlug: ko/de-the-haze-pixelbox, locale: ko, baseSlug: de-the-haze-pixelbox
✅ Game loaded: de-the-haze-pixelbox for ko
 (+11ms) 
01:32:54   ├─ /de-yojou-sprunki-mustard/index.html🔍 Processing fullSlug: de-yojou-sprunki-mustard, locale: en, baseSlug: de-yojou-sprunki-mustard
✅ Game loaded: de-yojou-sprunki-mustard for en
 (+13ms) 
01:32:54   ├─ /zh/de-yojou-sprunki-mustard/index.html🔍 Processing fullSlug: zh/de-yojou-sprunki-mustard, locale: zh, baseSlug: de-yojou-sprunki-mustard
✅ Game loaded: de-yojou-sprunki-mustard for zh
 (+12ms) 
01:32:54   ├─ /es/de-yojou-sprunki-mustard/index.html🔍 Processing fullSlug: es/de-yojou-sprunki-mustard, locale: es, baseSlug: de-yojou-sprunki-mustard
✅ Game loaded: de-yojou-sprunki-mustard for es
 (+11ms) 
01:32:54   ├─ /fr/de-yojou-sprunki-mustard/index.html🔍 Processing fullSlug: fr/de-yojou-sprunki-mustard, locale: fr, baseSlug: de-yojou-sprunki-mustard
✅ Game loaded: de-yojou-sprunki-mustard for fr
 (+11ms) 
01:32:54   ├─ /de/de-yojou-sprunki-mustard/index.html🔍 Processing fullSlug: de/de-yojou-sprunki-mustard, locale: de, baseSlug: de-yojou-sprunki-mustard
✅ Game loaded: de-yojou-sprunki-mustard for de
 (+10ms) 
01:32:54   ├─ /ja/de-yojou-sprunki-mustard/index.html🔍 Processing fullSlug: ja/de-yojou-sprunki-mustard, locale: ja, baseSlug: de-yojou-sprunki-mustard
✅ Game loaded: de-yojou-sprunki-mustard for ja
 (+10ms) 
01:32:54   ├─ /ko/de-yojou-sprunki-mustard/index.html🔍 Processing fullSlug: ko/de-yojou-sprunki-mustard, locale: ko, baseSlug: de-yojou-sprunki-mustard
✅ Game loaded: de-yojou-sprunki-mustard for ko
 (+10ms) 
01:32:54   ├─ /es-fiddlebops-but-dandys-world/index.html🔍 Processing fullSlug: es-fiddlebops-but-dandys-world, locale: en, baseSlug: es-fiddlebops-but-dandys-world
✅ Game loaded: es-fiddlebops-but-dandys-world for en
 (+11ms) 
01:32:54   ├─ /zh/es-fiddlebops-but-dandys-world/index.html🔍 Processing fullSlug: zh/es-fiddlebops-but-dandys-world, locale: zh, baseSlug: es-fiddlebops-but-dandys-world
✅ Game loaded: es-fiddlebops-but-dandys-world for zh
 (+21ms) 
01:32:54   ├─ /es/es-fiddlebops-but-dandys-world/index.html🔍 Processing fullSlug: es/es-fiddlebops-but-dandys-world, locale: es, baseSlug: es-fiddlebops-but-dandys-world
✅ Game loaded: es-fiddlebops-but-dandys-world for es
 (+11ms) 
01:32:54   ├─ /fr/es-fiddlebops-but-dandys-world/index.html🔍 Processing fullSlug: fr/es-fiddlebops-but-dandys-world, locale: fr, baseSlug: es-fiddlebops-but-dandys-world
✅ Game loaded: es-fiddlebops-but-dandys-world for fr
 (+11ms) 
01:32:54   ├─ /de/es-fiddlebops-but-dandys-world/index.html🔍 Processing fullSlug: de/es-fiddlebops-but-dandys-world, locale: de, baseSlug: es-fiddlebops-but-dandys-world
✅ Game loaded: es-fiddlebops-but-dandys-world for de
 (+12ms) 
01:32:54   ├─ /ja/es-fiddlebops-but-dandys-world/index.html🔍 Processing fullSlug: ja/es-fiddlebops-but-dandys-world, locale: ja, baseSlug: es-fiddlebops-but-dandys-world
✅ Game loaded: es-fiddlebops-but-dandys-world for ja
 (+13ms) 
01:32:54   ├─ /ko/es-fiddlebops-but-dandys-world/index.html🔍 Processing fullSlug: ko/es-fiddlebops-but-dandys-world, locale: ko, baseSlug: es-fiddlebops-but-dandys-world
✅ Game loaded: es-fiddlebops-but-dandys-world for ko
 (+12ms) 
01:32:54   ├─ /es-ayocs-sprunkr/index.html🔍 Processing fullSlug: es-ayocs-sprunkr, locale: en, baseSlug: es-ayocs-sprunkr
✅ Game loaded: es-ayocs-sprunkr for en
 (+12ms) 
01:32:54   ├─ /zh/es-ayocs-sprunkr/index.html🔍 Processing fullSlug: zh/es-ayocs-sprunkr, locale: zh, baseSlug: es-ayocs-sprunkr
✅ Game loaded: es-ayocs-sprunkr for zh
 (+12ms) 
01:32:54   ├─ /es/es-ayocs-sprunkr/index.html🔍 Processing fullSlug: es/es-ayocs-sprunkr, locale: es, baseSlug: es-ayocs-sprunkr
✅ Game loaded: es-ayocs-sprunkr for es
 (+11ms) 
01:32:55   ├─ /fr/es-ayocs-sprunkr/index.html🔍 Processing fullSlug: fr/es-ayocs-sprunkr, locale: fr, baseSlug: es-ayocs-sprunkr
✅ Game loaded: es-ayocs-sprunkr for fr
 (+11ms) 
01:32:55   ├─ /de/es-ayocs-sprunkr/index.html🔍 Processing fullSlug: de/es-ayocs-sprunkr, locale: de, baseSlug: es-ayocs-sprunkr
✅ Game loaded: es-ayocs-sprunkr for de
 (+11ms) 
01:32:55   ├─ /ja/es-ayocs-sprunkr/index.html🔍 Processing fullSlug: ja/es-ayocs-sprunkr, locale: ja, baseSlug: es-ayocs-sprunkr
✅ Game loaded: es-ayocs-sprunkr for ja
 (+11ms) 
01:32:55   ├─ /ko/es-ayocs-sprunkr/index.html🔍 Processing fullSlug: ko/es-ayocs-sprunkr, locale: ko, baseSlug: es-ayocs-sprunkr
✅ Game loaded: es-ayocs-sprunkr for ko
 (+11ms) 
01:32:55   ├─ /es-dandyrunki-retake/index.html🔍 Processing fullSlug: es-dandyrunki-retake, locale: en, baseSlug: es-dandyrunki-retake
✅ Game loaded: es-dandyrunki-retake for en
 (+11ms) 
01:32:55   ├─ /zh/es-dandyrunki-retake/index.html🔍 Processing fullSlug: zh/es-dandyrunki-retake, locale: zh, baseSlug: es-dandyrunki-retake
✅ Game loaded: es-dandyrunki-retake for zh
 (+11ms) 
01:32:55   ├─ /es/es-dandyrunki-retake/index.html🔍 Processing fullSlug: es/es-dandyrunki-retake, locale: es, baseSlug: es-dandyrunki-retake
✅ Game loaded: es-dandyrunki-retake for es
 (+12ms) 
01:32:55   ├─ /fr/es-dandyrunki-retake/index.html🔍 Processing fullSlug: fr/es-dandyrunki-retake, locale: fr, baseSlug: es-dandyrunki-retake
✅ Game loaded: es-dandyrunki-retake for fr
 (+11ms) 
01:32:55   ├─ /de/es-dandyrunki-retake/index.html🔍 Processing fullSlug: de/es-dandyrunki-retake, locale: de, baseSlug: es-dandyrunki-retake
✅ Game loaded: es-dandyrunki-retake for de
 (+12ms) 
01:32:55   ├─ /ja/es-dandyrunki-retake/index.html🔍 Processing fullSlug: ja/es-dandyrunki-retake, locale: ja, baseSlug: es-dandyrunki-retake
✅ Game loaded: es-dandyrunki-retake for ja
 (+13ms) 
01:32:55   ├─ /ko/es-dandyrunki-retake/index.html🔍 Processing fullSlug: ko/es-dandyrunki-retake, locale: ko, baseSlug: es-dandyrunki-retake
✅ Game loaded: es-dandyrunki-retake for ko
 (+13ms) 
01:32:55   ├─ /es-fiddlebops-but-sprunki/index.html🔍 Processing fullSlug: es-fiddlebops-but-sprunki, locale: en, baseSlug: es-fiddlebops-but-sprunki
✅ Game loaded: es-fiddlebops-but-sprunki for en
 (+14ms) 
01:32:55   ├─ /zh/es-fiddlebops-but-sprunki/index.html🔍 Processing fullSlug: zh/es-fiddlebops-but-sprunki, locale: zh, baseSlug: es-fiddlebops-but-sprunki
✅ Game loaded: es-fiddlebops-but-sprunki for zh
 (+15ms) 
01:32:55   ├─ /es/es-fiddlebops-but-sprunki/index.html🔍 Processing fullSlug: es/es-fiddlebops-but-sprunki, locale: es, baseSlug: es-fiddlebops-but-sprunki
✅ Game loaded: es-fiddlebops-but-sprunki for es
 (+11ms) 
01:32:55   ├─ /fr/es-fiddlebops-but-sprunki/index.html🔍 Processing fullSlug: fr/es-fiddlebops-but-sprunki, locale: fr, baseSlug: es-fiddlebops-but-sprunki
✅ Game loaded: es-fiddlebops-but-sprunki for fr
 (+10ms) 
01:32:55   ├─ /de/es-fiddlebops-but-sprunki/index.html🔍 Processing fullSlug: de/es-fiddlebops-but-sprunki, locale: de, baseSlug: es-fiddlebops-but-sprunki
✅ Game loaded: es-fiddlebops-but-sprunki for de
 (+11ms) 
01:32:55   ├─ /ja/es-fiddlebops-but-sprunki/index.html🔍 Processing fullSlug: ja/es-fiddlebops-but-sprunki, locale: ja, baseSlug: es-fiddlebops-but-sprunki
✅ Game loaded: es-fiddlebops-but-sprunki for ja
 (+11ms) 
01:32:55   ├─ /ko/es-fiddlebops-but-sprunki/index.html🔍 Processing fullSlug: ko/es-fiddlebops-but-sprunki, locale: ko, baseSlug: es-fiddlebops-but-sprunki
✅ Game loaded: es-fiddlebops-but-sprunki for ko
 (+10ms) 
01:32:55   ├─ /es-fiddlebops-fix/index.html🔍 Processing fullSlug: es-fiddlebops-fix, locale: en, baseSlug: es-fiddlebops-fix
✅ Game loaded: es-fiddlebops-fix for en
 (+11ms) 
01:32:55   ├─ /zh/es-fiddlebops-fix/index.html🔍 Processing fullSlug: zh/es-fiddlebops-fix, locale: zh, baseSlug: es-fiddlebops-fix
✅ Game loaded: es-fiddlebops-fix for zh
 (+11ms) 
01:32:55   ├─ /es/es-fiddlebops-fix/index.html🔍 Processing fullSlug: es/es-fiddlebops-fix, locale: es, baseSlug: es-fiddlebops-fix
✅ Game loaded: es-fiddlebops-fix for es
 (+11ms) 
01:32:55   ├─ /fr/es-fiddlebops-fix/index.html🔍 Processing fullSlug: fr/es-fiddlebops-fix, locale: fr, baseSlug: es-fiddlebops-fix
✅ Game loaded: es-fiddlebops-fix for fr
 (+11ms) 
01:32:55   ├─ /de/es-fiddlebops-fix/index.html🔍 Processing fullSlug: de/es-fiddlebops-fix, locale: de, baseSlug: es-fiddlebops-fix
✅ Game loaded: es-fiddlebops-fix for de
 (+11ms) 
01:32:55   ├─ /ja/es-fiddlebops-fix/index.html🔍 Processing fullSlug: ja/es-fiddlebops-fix, locale: ja, baseSlug: es-fiddlebops-fix
✅ Game loaded: es-fiddlebops-fix for ja
 (+11ms) 
01:32:55   ├─ /ko/es-fiddlebops-fix/index.html🔍 Processing fullSlug: ko/es-fiddlebops-fix, locale: ko, baseSlug: es-fiddlebops-fix
✅ Game loaded: es-fiddlebops-fix for ko
 (+11ms) 
01:32:55   ├─ /es-fiddlebops-sprunkbop/index.html🔍 Processing fullSlug: es-fiddlebops-sprunkbop, locale: en, baseSlug: es-fiddlebops-sprunkbop
✅ Game loaded: es-fiddlebops-sprunkbop for en
 (+14ms) 
01:32:55   ├─ /zh/es-fiddlebops-sprunkbop/index.html🔍 Processing fullSlug: zh/es-fiddlebops-sprunkbop, locale: zh, baseSlug: es-fiddlebops-sprunkbop
✅ Game loaded: es-fiddlebops-sprunkbop for zh
 (+14ms) 
01:32:55   ├─ /es/es-fiddlebops-sprunkbop/index.html🔍 Processing fullSlug: es/es-fiddlebops-sprunkbop, locale: es, baseSlug: es-fiddlebops-sprunkbop
✅ Game loaded: es-fiddlebops-sprunkbop for es
 (+11ms) 
01:32:55   ├─ /fr/es-fiddlebops-sprunkbop/index.html🔍 Processing fullSlug: fr/es-fiddlebops-sprunkbop, locale: fr, baseSlug: es-fiddlebops-sprunkbop
✅ Game loaded: es-fiddlebops-sprunkbop for fr
 (+10ms) 
01:32:55   ├─ /de/es-fiddlebops-sprunkbop/index.html🔍 Processing fullSlug: de/es-fiddlebops-sprunkbop, locale: de, baseSlug: es-fiddlebops-sprunkbop
✅ Game loaded: es-fiddlebops-sprunkbop for de
 (+11ms) 
01:32:55   ├─ /ja/es-fiddlebops-sprunkbop/index.html🔍 Processing fullSlug: ja/es-fiddlebops-sprunkbop, locale: ja, baseSlug: es-fiddlebops-sprunkbop
✅ Game loaded: es-fiddlebops-sprunkbop for ja
 (+11ms) 
01:32:55   ├─ /ko/es-fiddlebops-sprunkbop/index.html🔍 Processing fullSlug: ko/es-fiddlebops-sprunkbop, locale: ko, baseSlug: es-fiddlebops-sprunkbop
✅ Game loaded: es-fiddlebops-sprunkbop for ko
 (+10ms) 
01:32:55   ├─ /es-fiddlebops-sprunki/index.html🔍 Processing fullSlug: es-fiddlebops-sprunki, locale: en, baseSlug: es-fiddlebops-sprunki
✅ Game loaded: es-fiddlebops-sprunki for en
 (+11ms) 
01:32:55   ├─ /zh/es-fiddlebops-sprunki/index.html🔍 Processing fullSlug: zh/es-fiddlebops-sprunki, locale: zh, baseSlug: es-fiddlebops-sprunki
✅ Game loaded: es-fiddlebops-sprunki for zh
 (+11ms) 
01:32:55   ├─ /es/es-fiddlebops-sprunki/index.html🔍 Processing fullSlug: es/es-fiddlebops-sprunki, locale: es, baseSlug: es-fiddlebops-sprunki
✅ Game loaded: es-fiddlebops-sprunki for es
 (+11ms) 
01:32:55   ├─ /fr/es-fiddlebops-sprunki/index.html🔍 Processing fullSlug: fr/es-fiddlebops-sprunki, locale: fr, baseSlug: es-fiddlebops-sprunki
✅ Game loaded: es-fiddlebops-sprunki for fr
 (+10ms) 
01:32:55   ├─ /de/es-fiddlebops-sprunki/index.html🔍 Processing fullSlug: de/es-fiddlebops-sprunki, locale: de, baseSlug: es-fiddlebops-sprunki
✅ Game loaded: es-fiddlebops-sprunki for de
 (+11ms) 
01:32:55   ├─ /ja/es-fiddlebops-sprunki/index.html🔍 Processing fullSlug: ja/es-fiddlebops-sprunki, locale: ja, baseSlug: es-fiddlebops-sprunki
✅ Game loaded: es-fiddlebops-sprunki for ja
 (+11ms) 
01:32:55   ├─ /ko/es-fiddlebops-sprunki/index.html🔍 Processing fullSlug: ko/es-fiddlebops-sprunki, locale: ko, baseSlug: es-fiddlebops-sprunki
✅ Game loaded: es-fiddlebops-sprunki for ko
 (+11ms) 
01:32:55   ├─ /es-fiddlebops-polos/index.html🔍 Processing fullSlug: es-fiddlebops-polos, locale: en, baseSlug: es-fiddlebops-polos
✅ Game loaded: es-fiddlebops-polos for en
 (+13ms) 
01:32:55   ├─ /zh/es-fiddlebops-polos/index.html🔍 Processing fullSlug: zh/es-fiddlebops-polos, locale: zh, baseSlug: es-fiddlebops-polos
✅ Game loaded: es-fiddlebops-polos for zh
 (+13ms) 
01:32:55   ├─ /es/es-fiddlebops-polos/index.html🔍 Processing fullSlug: es/es-fiddlebops-polos, locale: es, baseSlug: es-fiddlebops-polos
✅ Game loaded: es-fiddlebops-polos for es
 (+11ms) 
01:32:55   ├─ /fr/es-fiddlebops-polos/index.html🔍 Processing fullSlug: fr/es-fiddlebops-polos, locale: fr, baseSlug: es-fiddlebops-polos
✅ Game loaded: es-fiddlebops-polos for fr
 (+11ms) 
01:32:55   ├─ /de/es-fiddlebops-polos/index.html🔍 Processing fullSlug: de/es-fiddlebops-polos, locale: de, baseSlug: es-fiddlebops-polos
✅ Game loaded: es-fiddlebops-polos for de
 (+11ms) 
01:32:55   ├─ /ja/es-fiddlebops-polos/index.html🔍 Processing fullSlug: ja/es-fiddlebops-polos, locale: ja, baseSlug: es-fiddlebops-polos
✅ Game loaded: es-fiddlebops-polos for ja
 (+11ms) 
01:32:55   ├─ /ko/es-fiddlebops-polos/index.html🔍 Processing fullSlug: ko/es-fiddlebops-polos, locale: ko, baseSlug: es-fiddlebops-polos
✅ Game loaded: es-fiddlebops-polos for ko
 (+12ms) 
01:32:55   ├─ /es-fiddlebops-sprunksters-remix/index.html🔍 Processing fullSlug: es-fiddlebops-sprunksters-remix, locale: en, baseSlug: es-fiddlebops-sprunksters-remix
✅ Game loaded: es-fiddlebops-sprunksters-remix for en
 (+11ms) 
01:32:55   ├─ /zh/es-fiddlebops-sprunksters-remix/index.html🔍 Processing fullSlug: zh/es-fiddlebops-sprunksters-remix, locale: zh, baseSlug: es-fiddlebops-sprunksters-remix
✅ Game loaded: es-fiddlebops-sprunksters-remix for zh
 (+12ms) 
01:32:55   ├─ /es/es-fiddlebops-sprunksters-remix/index.html🔍 Processing fullSlug: es/es-fiddlebops-sprunksters-remix, locale: es, baseSlug: es-fiddlebops-sprunksters-remix
✅ Game loaded: es-fiddlebops-sprunksters-remix for es
 (+11ms) 
01:32:55   ├─ /fr/es-fiddlebops-sprunksters-remix/index.html🔍 Processing fullSlug: fr/es-fiddlebops-sprunksters-remix, locale: fr, baseSlug: es-fiddlebops-sprunksters-remix
✅ Game loaded: es-fiddlebops-sprunksters-remix for fr
 (+10ms) 
01:32:55   ├─ /de/es-fiddlebops-sprunksters-remix/index.html🔍 Processing fullSlug: de/es-fiddlebops-sprunksters-remix, locale: de, baseSlug: es-fiddlebops-sprunksters-remix
✅ Game loaded: es-fiddlebops-sprunksters-remix for de
 (+11ms) 
01:32:55   ├─ /ja/es-fiddlebops-sprunksters-remix/index.html🔍 Processing fullSlug: ja/es-fiddlebops-sprunksters-remix, locale: ja, baseSlug: es-fiddlebops-sprunksters-remix
✅ Game loaded: es-fiddlebops-sprunksters-remix for ja
 (+11ms) 
01:32:55   ├─ /ko/es-fiddlebops-sprunksters-remix/index.html🔍 Processing fullSlug: ko/es-fiddlebops-sprunksters-remix, locale: ko, baseSlug: es-fiddlebops-sprunksters-remix
✅ Game loaded: es-fiddlebops-sprunksters-remix for ko
 (+11ms) 
01:32:55   ├─ /es-incredibox-donki-abgerny/index.html🔍 Processing fullSlug: es-incredibox-donki-abgerny, locale: en, baseSlug: es-incredibox-donki-abgerny
✅ Game loaded: es-incredibox-donki-abgerny for en
 (+14ms) 
01:32:55   ├─ /zh/es-incredibox-donki-abgerny/index.html🔍 Processing fullSlug: zh/es-incredibox-donki-abgerny, locale: zh, baseSlug: es-incredibox-donki-abgerny
✅ Game loaded: es-incredibox-donki-abgerny for zh
 (+15ms) 
01:32:55   ├─ /es/es-incredibox-donki-abgerny/index.html🔍 Processing fullSlug: es/es-incredibox-donki-abgerny, locale: es, baseSlug: es-incredibox-donki-abgerny
✅ Game loaded: es-incredibox-donki-abgerny for es
 (+11ms) 
01:32:55   ├─ /fr/es-incredibox-donki-abgerny/index.html🔍 Processing fullSlug: fr/es-incredibox-donki-abgerny, locale: fr, baseSlug: es-incredibox-donki-abgerny
✅ Game loaded: es-incredibox-donki-abgerny for fr
 (+11ms) 
01:32:55   ├─ /de/es-incredibox-donki-abgerny/index.html🔍 Processing fullSlug: de/es-incredibox-donki-abgerny, locale: de, baseSlug: es-incredibox-donki-abgerny
✅ Game loaded: es-incredibox-donki-abgerny for de
 (+11ms) 
01:32:55   ├─ /ja/es-incredibox-donki-abgerny/index.html🔍 Processing fullSlug: ja/es-incredibox-donki-abgerny, locale: ja, baseSlug: es-incredibox-donki-abgerny
✅ Game loaded: es-incredibox-donki-abgerny for ja
 (+11ms) 
01:32:55   ├─ /ko/es-incredibox-donki-abgerny/index.html🔍 Processing fullSlug: ko/es-incredibox-donki-abgerny, locale: ko, baseSlug: es-incredibox-donki-abgerny
✅ Game loaded: es-incredibox-donki-abgerny for ko
 (+11ms) 
01:32:55   ├─ /es-incredibox-cool-as-ice/index.html🔍 Processing fullSlug: es-incredibox-cool-as-ice, locale: en, baseSlug: es-incredibox-cool-as-ice
✅ Game loaded: es-incredibox-cool-as-ice for en
 (+11ms) 
01:32:55   ├─ /zh/es-incredibox-cool-as-ice/index.html🔍 Processing fullSlug: zh/es-incredibox-cool-as-ice, locale: zh, baseSlug: es-incredibox-cool-as-ice
✅ Game loaded: es-incredibox-cool-as-ice for zh
 (+11ms) 
01:32:55   ├─ /es/es-incredibox-cool-as-ice/index.html🔍 Processing fullSlug: es/es-incredibox-cool-as-ice, locale: es, baseSlug: es-incredibox-cool-as-ice
✅ Game loaded: es-incredibox-cool-as-ice for es
 (+12ms) 
01:32:55   ├─ /fr/es-incredibox-cool-as-ice/index.html🔍 Processing fullSlug: fr/es-incredibox-cool-as-ice, locale: fr, baseSlug: es-incredibox-cool-as-ice
✅ Game loaded: es-incredibox-cool-as-ice for fr
 (+11ms) 
01:32:55   ├─ /de/es-incredibox-cool-as-ice/index.html🔍 Processing fullSlug: de/es-incredibox-cool-as-ice, locale: de, baseSlug: es-incredibox-cool-as-ice
✅ Game loaded: es-incredibox-cool-as-ice for de
 (+11ms) 
01:32:55   ├─ /ja/es-incredibox-cool-as-ice/index.html🔍 Processing fullSlug: ja/es-incredibox-cool-as-ice, locale: ja, baseSlug: es-incredibox-cool-as-ice
✅ Game loaded: es-incredibox-cool-as-ice for ja
 (+10ms) 
01:32:55   ├─ /ko/es-incredibox-cool-as-ice/index.html🔍 Processing fullSlug: ko/es-incredibox-cool-as-ice, locale: ko, baseSlug: es-incredibox-cool-as-ice
✅ Game loaded: es-incredibox-cool-as-ice for ko
 (+11ms) 
01:32:55   ├─ /es-incredibox-shatter-sprunk/index.html🔍 Processing fullSlug: es-incredibox-shatter-sprunk, locale: en, baseSlug: es-incredibox-shatter-sprunk
✅ Game loaded: es-incredibox-shatter-sprunk for en
 (+12ms) 
01:32:55   ├─ /zh/es-incredibox-shatter-sprunk/index.html🔍 Processing fullSlug: zh/es-incredibox-shatter-sprunk, locale: zh, baseSlug: es-incredibox-shatter-sprunk
✅ Game loaded: es-incredibox-shatter-sprunk for zh
 (+11ms) 
01:32:55   ├─ /es/es-incredibox-shatter-sprunk/index.html🔍 Processing fullSlug: es/es-incredibox-shatter-sprunk, locale: es, baseSlug: es-incredibox-shatter-sprunk
✅ Game loaded: es-incredibox-shatter-sprunk for es
 (+10ms) 
01:32:55   ├─ /fr/es-incredibox-shatter-sprunk/index.html🔍 Processing fullSlug: fr/es-incredibox-shatter-sprunk, locale: fr, baseSlug: es-incredibox-shatter-sprunk
✅ Game loaded: es-incredibox-shatter-sprunk for fr
 (+11ms) 
01:32:55   ├─ /de/es-incredibox-shatter-sprunk/index.html🔍 Processing fullSlug: de/es-incredibox-shatter-sprunk, locale: de, baseSlug: es-incredibox-shatter-sprunk
✅ Game loaded: es-incredibox-shatter-sprunk for de
 (+12ms) 
01:32:55   ├─ /ja/es-incredibox-shatter-sprunk/index.html🔍 Processing fullSlug: ja/es-incredibox-shatter-sprunk, locale: ja, baseSlug: es-incredibox-shatter-sprunk
✅ Game loaded: es-incredibox-shatter-sprunk for ja
 (+11ms) 
01:32:55   ├─ /ko/es-incredibox-shatter-sprunk/index.html🔍 Processing fullSlug: ko/es-incredibox-shatter-sprunk, locale: ko, baseSlug: es-incredibox-shatter-sprunk
✅ Game loaded: es-incredibox-shatter-sprunk for ko
 (+11ms) 
01:32:55   ├─ /es-incredibox-sprinkle/index.html🔍 Processing fullSlug: es-incredibox-sprinkle, locale: en, baseSlug: es-incredibox-sprinkle
✅ Game loaded: es-incredibox-sprinkle for en
 (+12ms) 
01:32:55   ├─ /zh/es-incredibox-sprinkle/index.html🔍 Processing fullSlug: zh/es-incredibox-sprinkle, locale: zh, baseSlug: es-incredibox-sprinkle
✅ Game loaded: es-incredibox-sprinkle for zh
 (+13ms) 
01:32:55   ├─ /es/es-incredibox-sprinkle/index.html🔍 Processing fullSlug: es/es-incredibox-sprinkle, locale: es, baseSlug: es-incredibox-sprinkle
✅ Game loaded: es-incredibox-sprinkle for es
 (+11ms) 
01:32:55   ├─ /fr/es-incredibox-sprinkle/index.html🔍 Processing fullSlug: fr/es-incredibox-sprinkle, locale: fr, baseSlug: es-incredibox-sprinkle
✅ Game loaded: es-incredibox-sprinkle for fr
 (+10ms) 
01:32:55   ├─ /de/es-incredibox-sprinkle/index.html🔍 Processing fullSlug: de/es-incredibox-sprinkle, locale: de, baseSlug: es-incredibox-sprinkle
✅ Game loaded: es-incredibox-sprinkle for de
 (+11ms) 
01:32:55   ├─ /ja/es-incredibox-sprinkle/index.html🔍 Processing fullSlug: ja/es-incredibox-sprinkle, locale: ja, baseSlug: es-incredibox-sprinkle
✅ Game loaded: es-incredibox-sprinkle for ja
 (+10ms) 
01:32:55   ├─ /ko/es-incredibox-sprinkle/index.html🔍 Processing fullSlug: ko/es-incredibox-sprinkle, locale: ko, baseSlug: es-incredibox-sprinkle
✅ Game loaded: es-incredibox-sprinkle for ko
 (+11ms) 
01:32:55   ├─ /es-incredibox-sprunksters/index.html🔍 Processing fullSlug: es-incredibox-sprunksters, locale: en, baseSlug: es-incredibox-sprunksters
✅ Game loaded: es-incredibox-sprunksters for en
 (+12ms) 
01:32:55   ├─ /zh/es-incredibox-sprunksters/index.html🔍 Processing fullSlug: zh/es-incredibox-sprunksters, locale: zh, baseSlug: es-incredibox-sprunksters
✅ Game loaded: es-incredibox-sprunksters for zh
 (+11ms) 
01:32:55   ├─ /es/es-incredibox-sprunksters/index.html🔍 Processing fullSlug: es/es-incredibox-sprunksters, locale: es, baseSlug: es-incredibox-sprunksters
✅ Game loaded: es-incredibox-sprunksters for es
 (+11ms) 
01:32:55   ├─ /fr/es-incredibox-sprunksters/index.html🔍 Processing fullSlug: fr/es-incredibox-sprunksters, locale: fr, baseSlug: es-incredibox-sprunksters
✅ Game loaded: es-incredibox-sprunksters for fr
 (+10ms) 
01:32:55   ├─ /de/es-incredibox-sprunksters/index.html🔍 Processing fullSlug: de/es-incredibox-sprunksters, locale: de, baseSlug: es-incredibox-sprunksters
✅ Game loaded: es-incredibox-sprunksters for de
 (+11ms) 
01:32:55   ├─ /ja/es-incredibox-sprunksters/index.html🔍 Processing fullSlug: ja/es-incredibox-sprunksters, locale: ja, baseSlug: es-incredibox-sprunksters
✅ Game loaded: es-incredibox-sprunksters for ja
 (+11ms) 
01:32:55   ├─ /ko/es-incredibox-sprunksters/index.html🔍 Processing fullSlug: ko/es-incredibox-sprunksters, locale: ko, baseSlug: es-incredibox-sprunksters
✅ Game loaded: es-incredibox-sprunksters for ko
 (+11ms) 
01:32:55   ├─ /es-incredibox-yellow-colorbox/index.html🔍 Processing fullSlug: es-incredibox-yellow-colorbox, locale: en, baseSlug: es-incredibox-yellow-colorbox
✅ Game loaded: es-incredibox-yellow-colorbox for en
 (+15ms) 
01:32:56   ├─ /zh/es-incredibox-yellow-colorbox/index.html🔍 Processing fullSlug: zh/es-incredibox-yellow-colorbox, locale: zh, baseSlug: es-incredibox-yellow-colorbox
✅ Game loaded: es-incredibox-yellow-colorbox for zh
 (+13ms) 
01:32:56   ├─ /es/es-incredibox-yellow-colorbox/index.html🔍 Processing fullSlug: es/es-incredibox-yellow-colorbox, locale: es, baseSlug: es-incredibox-yellow-colorbox
✅ Game loaded: es-incredibox-yellow-colorbox for es
 (+11ms) 
01:32:56   ├─ /fr/es-incredibox-yellow-colorbox/index.html🔍 Processing fullSlug: fr/es-incredibox-yellow-colorbox, locale: fr, baseSlug: es-incredibox-yellow-colorbox
✅ Game loaded: es-incredibox-yellow-colorbox for fr
 (+11ms) 
01:32:56   ├─ /de/es-incredibox-yellow-colorbox/index.html🔍 Processing fullSlug: de/es-incredibox-yellow-colorbox, locale: de, baseSlug: es-incredibox-yellow-colorbox
✅ Game loaded: es-incredibox-yellow-colorbox for de
 (+11ms) 
01:32:56   ├─ /ja/es-incredibox-yellow-colorbox/index.html🔍 Processing fullSlug: ja/es-incredibox-yellow-colorbox, locale: ja, baseSlug: es-incredibox-yellow-colorbox
✅ Game loaded: es-incredibox-yellow-colorbox for ja
 (+11ms) 
01:32:56   ├─ /ko/es-incredibox-yellow-colorbox/index.html🔍 Processing fullSlug: ko/es-incredibox-yellow-colorbox, locale: ko, baseSlug: es-incredibox-yellow-colorbox
✅ Game loaded: es-incredibox-yellow-colorbox for ko
 (+10ms) 
01:32:56   ├─ /es-incredibox/index.html🔍 Processing fullSlug: es-incredibox, locale: en, baseSlug: es-incredibox
✅ Game loaded: es-incredibox for en
 (+11ms) 
01:32:56   ├─ /zh/es-incredibox/index.html🔍 Processing fullSlug: zh/es-incredibox, locale: zh, baseSlug: es-incredibox
✅ Game loaded: es-incredibox for zh
 (+11ms) 
01:32:56   ├─ /es/es-incredibox/index.html🔍 Processing fullSlug: es/es-incredibox, locale: es, baseSlug: es-incredibox
✅ Game loaded: es-incredibox for es
 (+10ms) 
01:32:56   ├─ /fr/es-incredibox/index.html🔍 Processing fullSlug: fr/es-incredibox, locale: fr, baseSlug: es-incredibox
✅ Game loaded: es-incredibox for fr
 (+11ms) 
01:32:56   ├─ /de/es-incredibox/index.html🔍 Processing fullSlug: de/es-incredibox, locale: de, baseSlug: es-incredibox
✅ Game loaded: es-incredibox for de
 (+11ms) 
01:32:56   ├─ /ja/es-incredibox/index.html🔍 Processing fullSlug: ja/es-incredibox, locale: ja, baseSlug: es-incredibox
✅ Game loaded: es-incredibox for ja
 (+12ms) 
01:32:56   ├─ /ko/es-incredibox/index.html🔍 Processing fullSlug: ko/es-incredibox, locale: ko, baseSlug: es-incredibox
✅ Game loaded: es-incredibox for ko
 (+12ms) 
01:32:56   ├─ /es-mountayonnaise/index.html🔍 Processing fullSlug: es-mountayonnaise, locale: en, baseSlug: es-mountayonnaise
✅ Game loaded: es-mountayonnaise for en
 (+17ms) 
01:32:56   ├─ /zh/es-mountayonnaise/index.html🔍 Processing fullSlug: zh/es-mountayonnaise, locale: zh, baseSlug: es-mountayonnaise
✅ Game loaded: es-mountayonnaise for zh
 (+13ms) 
01:32:56   ├─ /es/es-mountayonnaise/index.html🔍 Processing fullSlug: es/es-mountayonnaise, locale: es, baseSlug: es-mountayonnaise
✅ Game loaded: es-mountayonnaise for es
 (+11ms) 
01:32:56   ├─ /fr/es-mountayonnaise/index.html🔍 Processing fullSlug: fr/es-mountayonnaise, locale: fr, baseSlug: es-mountayonnaise
✅ Game loaded: es-mountayonnaise for fr
 (+10ms) 
01:32:56   ├─ /de/es-mountayonnaise/index.html🔍 Processing fullSlug: de/es-mountayonnaise, locale: de, baseSlug: es-mountayonnaise
✅ Game loaded: es-mountayonnaise for de
 (+11ms) 
01:32:56   ├─ /ja/es-mountayonnaise/index.html🔍 Processing fullSlug: ja/es-mountayonnaise, locale: ja, baseSlug: es-mountayonnaise
✅ Game loaded: es-mountayonnaise for ja
 (+11ms) 
01:32:56   ├─ /ko/es-mountayonnaise/index.html🔍 Processing fullSlug: ko/es-mountayonnaise, locale: ko, baseSlug: es-mountayonnaise
✅ Game loaded: es-mountayonnaise for ko
 (+10ms) 
01:32:56   ├─ /es-mundo-torajo-sprunki/index.html🔍 Processing fullSlug: es-mundo-torajo-sprunki, locale: en, baseSlug: es-mundo-torajo-sprunki
✅ Game loaded: es-mundo-torajo-sprunki for en
 (+12ms) 
01:32:56   ├─ /zh/es-mundo-torajo-sprunki/index.html🔍 Processing fullSlug: zh/es-mundo-torajo-sprunki, locale: zh, baseSlug: es-mundo-torajo-sprunki
✅ Game loaded: es-mundo-torajo-sprunki for zh
 (+11ms) 
01:32:56   ├─ /es/es-mundo-torajo-sprunki/index.html🔍 Processing fullSlug: es/es-mundo-torajo-sprunki, locale: es, baseSlug: es-mundo-torajo-sprunki
✅ Game loaded: es-mundo-torajo-sprunki for es
 (+10ms) 
01:32:56   ├─ /fr/es-mundo-torajo-sprunki/index.html🔍 Processing fullSlug: fr/es-mundo-torajo-sprunki, locale: fr, baseSlug: es-mundo-torajo-sprunki
✅ Game loaded: es-mundo-torajo-sprunki for fr
 (+11ms) 
01:32:56   ├─ /de/es-mundo-torajo-sprunki/index.html🔍 Processing fullSlug: de/es-mundo-torajo-sprunki, locale: de, baseSlug: es-mundo-torajo-sprunki
✅ Game loaded: es-mundo-torajo-sprunki for de
 (+12ms) 
01:32:56   ├─ /ja/es-mundo-torajo-sprunki/index.html🔍 Processing fullSlug: ja/es-mundo-torajo-sprunki, locale: ja, baseSlug: es-mundo-torajo-sprunki
✅ Game loaded: es-mundo-torajo-sprunki for ja
 (+12ms) 
01:32:56   ├─ /ko/es-mundo-torajo-sprunki/index.html🔍 Processing fullSlug: ko/es-mundo-torajo-sprunki, locale: ko, baseSlug: es-mundo-torajo-sprunki
✅ Game loaded: es-mundo-torajo-sprunki for ko
 (+11ms) 
01:32:56   ├─ /es-sprunkgerny/index.html🔍 Processing fullSlug: es-sprunkgerny, locale: en, baseSlug: es-sprunkgerny
✅ Game loaded: es-sprunkgerny for en
 (+13ms) 
01:32:56   ├─ /zh/es-sprunkgerny/index.html🔍 Processing fullSlug: zh/es-sprunkgerny, locale: zh, baseSlug: es-sprunkgerny
✅ Game loaded: es-sprunkgerny for zh
 (+13ms) 
01:32:56   ├─ /es/es-sprunkgerny/index.html🔍 Processing fullSlug: es/es-sprunkgerny, locale: es, baseSlug: es-sprunkgerny
✅ Game loaded: es-sprunkgerny for es
 (+11ms) 
01:32:56   ├─ /fr/es-sprunkgerny/index.html🔍 Processing fullSlug: fr/es-sprunkgerny, locale: fr, baseSlug: es-sprunkgerny
✅ Game loaded: es-sprunkgerny for fr
 (+11ms) 
01:32:56   ├─ /de/es-sprunkgerny/index.html🔍 Processing fullSlug: de/es-sprunkgerny, locale: de, baseSlug: es-sprunkgerny
✅ Game loaded: es-sprunkgerny for de
 (+12ms) 
01:32:56   ├─ /ja/es-sprunkgerny/index.html🔍 Processing fullSlug: ja/es-sprunkgerny, locale: ja, baseSlug: es-sprunkgerny
✅ Game loaded: es-sprunkgerny for ja
 (+10ms) 
01:32:56   ├─ /ko/es-sprunkgerny/index.html🔍 Processing fullSlug: ko/es-sprunkgerny, locale: ko, baseSlug: es-sprunkgerny
✅ Game loaded: es-sprunkgerny for ko
 (+11ms) 
01:32:56   ├─ /es-pikmin-no-sprunki/index.html🔍 Processing fullSlug: es-pikmin-no-sprunki, locale: en, baseSlug: es-pikmin-no-sprunki
✅ Game loaded: es-pikmin-no-sprunki for en
 (+11ms) 
01:32:56   ├─ /zh/es-pikmin-no-sprunki/index.html🔍 Processing fullSlug: zh/es-pikmin-no-sprunki, locale: zh, baseSlug: es-pikmin-no-sprunki
✅ Game loaded: es-pikmin-no-sprunki for zh
 (+11ms) 
01:32:56   ├─ /es/es-pikmin-no-sprunki/index.html🔍 Processing fullSlug: es/es-pikmin-no-sprunki, locale: es, baseSlug: es-pikmin-no-sprunki
✅ Game loaded: es-pikmin-no-sprunki for es
 (+11ms) 
01:32:56   ├─ /fr/es-pikmin-no-sprunki/index.html🔍 Processing fullSlug: fr/es-pikmin-no-sprunki, locale: fr, baseSlug: es-pikmin-no-sprunki
✅ Game loaded: es-pikmin-no-sprunki for fr
 (+10ms) 
01:32:56   ├─ /de/es-pikmin-no-sprunki/index.html🔍 Processing fullSlug: de/es-pikmin-no-sprunki, locale: de, baseSlug: es-pikmin-no-sprunki
✅ Game loaded: es-pikmin-no-sprunki for de
 (+11ms) 
01:32:56   ├─ /ja/es-pikmin-no-sprunki/index.html🔍 Processing fullSlug: ja/es-pikmin-no-sprunki, locale: ja, baseSlug: es-pikmin-no-sprunki
✅ Game loaded: es-pikmin-no-sprunki for ja
 (+12ms) 
01:32:56   ├─ /ko/es-pikmin-no-sprunki/index.html🔍 Processing fullSlug: ko/es-pikmin-no-sprunki, locale: ko, baseSlug: es-pikmin-no-sprunki
✅ Game loaded: es-pikmin-no-sprunki for ko
 (+11ms) 
01:32:56   ├─ /es-sprunki-abgerny/index.html🔍 Processing fullSlug: es-sprunki-abgerny, locale: en, baseSlug: es-sprunki-abgerny
✅ Game loaded: es-sprunki-abgerny for en
 (+13ms) 
01:32:56   ├─ /zh/es-sprunki-abgerny/index.html🔍 Processing fullSlug: zh/es-sprunki-abgerny, locale: zh, baseSlug: es-sprunki-abgerny
✅ Game loaded: es-sprunki-abgerny for zh
 (+14ms) 
01:32:56   ├─ /es/es-sprunki-abgerny/index.html🔍 Processing fullSlug: es/es-sprunki-abgerny, locale: es, baseSlug: es-sprunki-abgerny
✅ Game loaded: es-sprunki-abgerny for es
 (+11ms) 
01:32:56   ├─ /fr/es-sprunki-abgerny/index.html🔍 Processing fullSlug: fr/es-sprunki-abgerny, locale: fr, baseSlug: es-sprunki-abgerny
✅ Game loaded: es-sprunki-abgerny for fr
 (+11ms) 
01:32:56   ├─ /de/es-sprunki-abgerny/index.html🔍 Processing fullSlug: de/es-sprunki-abgerny, locale: de, baseSlug: es-sprunki-abgerny
✅ Game loaded: es-sprunki-abgerny for de
 (+10ms) 
01:32:56   ├─ /ja/es-sprunki-abgerny/index.html🔍 Processing fullSlug: ja/es-sprunki-abgerny, locale: ja, baseSlug: es-sprunki-abgerny
✅ Game loaded: es-sprunki-abgerny for ja
 (+11ms) 
01:32:56   ├─ /ko/es-sprunki-abgerny/index.html🔍 Processing fullSlug: ko/es-sprunki-abgerny, locale: ko, baseSlug: es-sprunki-abgerny
✅ Game loaded: es-sprunki-abgerny for ko
 (+11ms) 
01:32:56   ├─ /es-sprunki-babies/index.html🔍 Processing fullSlug: es-sprunki-babies, locale: en, baseSlug: es-sprunki-babies
✅ Game loaded: es-sprunki-babies for en
 (+12ms) 
01:32:56   ├─ /zh/es-sprunki-babies/index.html🔍 Processing fullSlug: zh/es-sprunki-babies, locale: zh, baseSlug: es-sprunki-babies
✅ Game loaded: es-sprunki-babies for zh
 (+11ms) 
01:32:56   ├─ /es/es-sprunki-babies/index.html🔍 Processing fullSlug: es/es-sprunki-babies, locale: es, baseSlug: es-sprunki-babies
✅ Game loaded: es-sprunki-babies for es
 (+10ms) 
01:32:56   ├─ /fr/es-sprunki-babies/index.html🔍 Processing fullSlug: fr/es-sprunki-babies, locale: fr, baseSlug: es-sprunki-babies
✅ Game loaded: es-sprunki-babies for fr
 (+11ms) 
01:32:56   ├─ /de/es-sprunki-babies/index.html🔍 Processing fullSlug: de/es-sprunki-babies, locale: de, baseSlug: es-sprunki-babies
✅ Game loaded: es-sprunki-babies for de
 (+11ms) 
01:32:56   ├─ /ja/es-sprunki-babies/index.html🔍 Processing fullSlug: ja/es-sprunki-babies, locale: ja, baseSlug: es-sprunki-babies
✅ Game loaded: es-sprunki-babies for ja
 (+12ms) 
01:32:56   ├─ /ko/es-sprunki-babies/index.html🔍 Processing fullSlug: ko/es-sprunki-babies, locale: ko, baseSlug: es-sprunki-babies
✅ Game loaded: es-sprunki-babies for ko
 (+11ms) 
01:32:56   ├─ /es-sprunki-1996/index.html🔍 Processing fullSlug: es-sprunki-1996, locale: en, baseSlug: es-sprunki-1996
✅ Game loaded: es-sprunki-1996 for en
 (+12ms) 
01:32:56   ├─ /zh/es-sprunki-1996/index.html🔍 Processing fullSlug: zh/es-sprunki-1996, locale: zh, baseSlug: es-sprunki-1996
✅ Game loaded: es-sprunki-1996 for zh
 (+13ms) 
01:32:56   ├─ /es/es-sprunki-1996/index.html🔍 Processing fullSlug: es/es-sprunki-1996, locale: es, baseSlug: es-sprunki-1996
✅ Game loaded: es-sprunki-1996 for es
 (+11ms) 
01:32:56   ├─ /fr/es-sprunki-1996/index.html🔍 Processing fullSlug: fr/es-sprunki-1996, locale: fr, baseSlug: es-sprunki-1996
✅ Game loaded: es-sprunki-1996 for fr
 (+10ms) 
01:32:56   ├─ /de/es-sprunki-1996/index.html🔍 Processing fullSlug: de/es-sprunki-1996, locale: de, baseSlug: es-sprunki-1996
✅ Game loaded: es-sprunki-1996 for de
 (+11ms) 
01:32:56   ├─ /ja/es-sprunki-1996/index.html🔍 Processing fullSlug: ja/es-sprunki-1996, locale: ja, baseSlug: es-sprunki-1996
✅ Game loaded: es-sprunki-1996 for ja
 (+11ms) 
01:32:56   ├─ /ko/es-sprunki-1996/index.html🔍 Processing fullSlug: ko/es-sprunki-1996, locale: ko, baseSlug: es-sprunki-1996
✅ Game loaded: es-sprunki-1996 for ko
 (+10ms) 
01:32:56   ├─ /es-sprunki-basical/index.html🔍 Processing fullSlug: es-sprunki-basical, locale: en, baseSlug: es-sprunki-basical
✅ Game loaded: es-sprunki-basical for en
 (+12ms) 
01:32:56   ├─ /zh/es-sprunki-basical/index.html🔍 Processing fullSlug: zh/es-sprunki-basical, locale: zh, baseSlug: es-sprunki-basical
✅ Game loaded: es-sprunki-basical for zh
 (+10ms) 
01:32:56   ├─ /es/es-sprunki-basical/index.html🔍 Processing fullSlug: es/es-sprunki-basical, locale: es, baseSlug: es-sprunki-basical
✅ Game loaded: es-sprunki-basical for es
 (+10ms) 
01:32:56   ├─ /fr/es-sprunki-basical/index.html🔍 Processing fullSlug: fr/es-sprunki-basical, locale: fr, baseSlug: es-sprunki-basical
✅ Game loaded: es-sprunki-basical for fr
 (+11ms) 
01:32:56   ├─ /de/es-sprunki-basical/index.html🔍 Processing fullSlug: de/es-sprunki-basical, locale: de, baseSlug: es-sprunki-basical
✅ Game loaded: es-sprunki-basical for de
 (+11ms) 
01:32:56   ├─ /ja/es-sprunki-basical/index.html🔍 Processing fullSlug: ja/es-sprunki-basical, locale: ja, baseSlug: es-sprunki-basical
✅ Game loaded: es-sprunki-basical for ja
 (+12ms) 
01:32:56   ├─ /ko/es-sprunki-basical/index.html🔍 Processing fullSlug: ko/es-sprunki-basical, locale: ko, baseSlug: es-sprunki-basical
✅ Game loaded: es-sprunki-basical for ko
 (+12ms) 
01:32:56   ├─ /es-sprunki-but-with-memes/index.html🔍 Processing fullSlug: es-sprunki-but-with-memes, locale: en, baseSlug: es-sprunki-but-with-memes
✅ Game loaded: es-sprunki-but-with-memes for en
 (+12ms) 
01:32:56   ├─ /zh/es-sprunki-but-with-memes/index.html🔍 Processing fullSlug: zh/es-sprunki-but-with-memes, locale: zh, baseSlug: es-sprunki-but-with-memes
✅ Game loaded: es-sprunki-but-with-memes for zh
 (+14ms) 
01:32:56   ├─ /es/es-sprunki-but-with-memes/index.html🔍 Processing fullSlug: es/es-sprunki-but-with-memes, locale: es, baseSlug: es-sprunki-but-with-memes
✅ Game loaded: es-sprunki-but-with-memes for es
 (+11ms) 
01:32:56   ├─ /fr/es-sprunki-but-with-memes/index.html🔍 Processing fullSlug: fr/es-sprunki-but-with-memes, locale: fr, baseSlug: es-sprunki-but-with-memes
✅ Game loaded: es-sprunki-but-with-memes for fr
 (+10ms) 
01:32:56   ├─ /de/es-sprunki-but-with-memes/index.html🔍 Processing fullSlug: de/es-sprunki-but-with-memes, locale: de, baseSlug: es-sprunki-but-with-memes
✅ Game loaded: es-sprunki-but-with-memes for de
 (+10ms) 
01:32:56   ├─ /ja/es-sprunki-but-with-memes/index.html🔍 Processing fullSlug: ja/es-sprunki-but-with-memes, locale: ja, baseSlug: es-sprunki-but-with-memes
✅ Game loaded: es-sprunki-but-with-memes for ja
 (+11ms) 
01:32:56   ├─ /ko/es-sprunki-but-with-memes/index.html🔍 Processing fullSlug: ko/es-sprunki-but-with-memes, locale: ko, baseSlug: es-sprunki-but-with-memes
✅ Game loaded: es-sprunki-but-with-memes for ko
 (+11ms) 
01:32:56   ├─ /es-sprunki-cool-as-ice/index.html🔍 Processing fullSlug: es-sprunki-cool-as-ice, locale: en, baseSlug: es-sprunki-cool-as-ice
✅ Game loaded: es-sprunki-cool-as-ice for en
 (+12ms) 
01:32:56   ├─ /zh/es-sprunki-cool-as-ice/index.html🔍 Processing fullSlug: zh/es-sprunki-cool-as-ice, locale: zh, baseSlug: es-sprunki-cool-as-ice
✅ Game loaded: es-sprunki-cool-as-ice for zh
 (+11ms) 
01:32:56   ├─ /es/es-sprunki-cool-as-ice/index.html🔍 Processing fullSlug: es/es-sprunki-cool-as-ice, locale: es, baseSlug: es-sprunki-cool-as-ice
✅ Game loaded: es-sprunki-cool-as-ice for es
 (+11ms) 
01:32:56   ├─ /fr/es-sprunki-cool-as-ice/index.html🔍 Processing fullSlug: fr/es-sprunki-cool-as-ice, locale: fr, baseSlug: es-sprunki-cool-as-ice
✅ Game loaded: es-sprunki-cool-as-ice for fr
 (+11ms) 
01:32:56   ├─ /de/es-sprunki-cool-as-ice/index.html🔍 Processing fullSlug: de/es-sprunki-cool-as-ice, locale: de, baseSlug: es-sprunki-cool-as-ice
✅ Game loaded: es-sprunki-cool-as-ice for de
 (+10ms) 
01:32:56   ├─ /ja/es-sprunki-cool-as-ice/index.html🔍 Processing fullSlug: ja/es-sprunki-cool-as-ice, locale: ja, baseSlug: es-sprunki-cool-as-ice
✅ Game loaded: es-sprunki-cool-as-ice for ja
 (+11ms) 
01:32:56   ├─ /ko/es-sprunki-cool-as-ice/index.html🔍 Processing fullSlug: ko/es-sprunki-cool-as-ice, locale: ko, baseSlug: es-sprunki-cool-as-ice
✅ Game loaded: es-sprunki-cool-as-ice for ko
 (+11ms) 
01:32:56   ├─ /es-sprunki-craft/index.html🔍 Processing fullSlug: es-sprunki-craft, locale: en, baseSlug: es-sprunki-craft
✅ Game loaded: es-sprunki-craft for en
 (+12ms) 
01:32:56   ├─ /zh/es-sprunki-craft/index.html🔍 Processing fullSlug: zh/es-sprunki-craft, locale: zh, baseSlug: es-sprunki-craft
✅ Game loaded: es-sprunki-craft for zh
 (+14ms) 
01:32:56   ├─ /es/es-sprunki-craft/index.html🔍 Processing fullSlug: es/es-sprunki-craft, locale: es, baseSlug: es-sprunki-craft
✅ Game loaded: es-sprunki-craft for es
 (+11ms) 
01:32:56   ├─ /fr/es-sprunki-craft/index.html🔍 Processing fullSlug: fr/es-sprunki-craft, locale: fr, baseSlug: es-sprunki-craft
✅ Game loaded: es-sprunki-craft for fr
 (+11ms) 
01:32:56   ├─ /de/es-sprunki-craft/index.html🔍 Processing fullSlug: de/es-sprunki-craft, locale: de, baseSlug: es-sprunki-craft
✅ Game loaded: es-sprunki-craft for de
 (+11ms) 
01:32:56   ├─ /ja/es-sprunki-craft/index.html🔍 Processing fullSlug: ja/es-sprunki-craft, locale: ja, baseSlug: es-sprunki-craft
✅ Game loaded: es-sprunki-craft for ja
 (+10ms) 
01:32:57   ├─ /ko/es-sprunki-craft/index.html🔍 Processing fullSlug: ko/es-sprunki-craft, locale: ko, baseSlug: es-sprunki-craft
✅ Game loaded: es-sprunki-craft for ko
 (+10ms) 
01:32:57   ├─ /es-sprunki-christmas/index.html🔍 Processing fullSlug: es-sprunki-christmas, locale: en, baseSlug: es-sprunki-christmas
✅ Game loaded: es-sprunki-christmas for en
 (+11ms) 
01:32:57   ├─ /zh/es-sprunki-christmas/index.html🔍 Processing fullSlug: zh/es-sprunki-christmas, locale: zh, baseSlug: es-sprunki-christmas
✅ Game loaded: es-sprunki-christmas for zh
 (+10ms) 
01:32:57   ├─ /es/es-sprunki-christmas/index.html🔍 Processing fullSlug: es/es-sprunki-christmas, locale: es, baseSlug: es-sprunki-christmas
✅ Game loaded: es-sprunki-christmas for es
 (+11ms) 
01:32:57   ├─ /fr/es-sprunki-christmas/index.html🔍 Processing fullSlug: fr/es-sprunki-christmas, locale: fr, baseSlug: es-sprunki-christmas
✅ Game loaded: es-sprunki-christmas for fr
 (+11ms) 
01:32:57   ├─ /de/es-sprunki-christmas/index.html🔍 Processing fullSlug: de/es-sprunki-christmas, locale: de, baseSlug: es-sprunki-christmas
✅ Game loaded: es-sprunki-christmas for de
 (+10ms) 
01:32:57   ├─ /ja/es-sprunki-christmas/index.html🔍 Processing fullSlug: ja/es-sprunki-christmas, locale: ja, baseSlug: es-sprunki-christmas
✅ Game loaded: es-sprunki-christmas for ja
 (+10ms) 
01:32:57   ├─ /ko/es-sprunki-christmas/index.html🔍 Processing fullSlug: ko/es-sprunki-christmas, locale: ko, baseSlug: es-sprunki-christmas
✅ Game loaded: es-sprunki-christmas for ko
 (+11ms) 
01:32:57   ├─ /es-sprunki-dandys-world/index.html🔍 Processing fullSlug: es-sprunki-dandys-world, locale: en, baseSlug: es-sprunki-dandys-world
✅ Game loaded: es-sprunki-dandys-world for en
 (+14ms) 
01:32:57   ├─ /zh/es-sprunki-dandys-world/index.html🔍 Processing fullSlug: zh/es-sprunki-dandys-world, locale: zh, baseSlug: es-sprunki-dandys-world
✅ Game loaded: es-sprunki-dandys-world for zh
 (+19ms) 
01:32:57   ├─ /es/es-sprunki-dandys-world/index.html🔍 Processing fullSlug: es/es-sprunki-dandys-world, locale: es, baseSlug: es-sprunki-dandys-world
✅ Game loaded: es-sprunki-dandys-world for es
 (+11ms) 
01:32:57   ├─ /fr/es-sprunki-dandys-world/index.html🔍 Processing fullSlug: fr/es-sprunki-dandys-world, locale: fr, baseSlug: es-sprunki-dandys-world
✅ Game loaded: es-sprunki-dandys-world for fr
 (+10ms) 
01:32:57   ├─ /de/es-sprunki-dandys-world/index.html🔍 Processing fullSlug: de/es-sprunki-dandys-world, locale: de, baseSlug: es-sprunki-dandys-world
✅ Game loaded: es-sprunki-dandys-world for de
 (+11ms) 
01:32:57   ├─ /ja/es-sprunki-dandys-world/index.html🔍 Processing fullSlug: ja/es-sprunki-dandys-world, locale: ja, baseSlug: es-sprunki-dandys-world
✅ Game loaded: es-sprunki-dandys-world for ja
 (+10ms) 
01:32:57   ├─ /ko/es-sprunki-dandys-world/index.html🔍 Processing fullSlug: ko/es-sprunki-dandys-world, locale: ko, baseSlug: es-sprunki-dandys-world
✅ Game loaded: es-sprunki-dandys-world for ko
 (+11ms) 
01:32:57   ├─ /es-sprunki-eggs-mix/index.html🔍 Processing fullSlug: es-sprunki-eggs-mix, locale: en, baseSlug: es-sprunki-eggs-mix
✅ Game loaded: es-sprunki-eggs-mix for en
 (+12ms) 
01:32:57   ├─ /zh/es-sprunki-eggs-mix/index.html🔍 Processing fullSlug: zh/es-sprunki-eggs-mix, locale: zh, baseSlug: es-sprunki-eggs-mix
✅ Game loaded: es-sprunki-eggs-mix for zh
 (+12ms) 
01:32:57   ├─ /es/es-sprunki-eggs-mix/index.html🔍 Processing fullSlug: es/es-sprunki-eggs-mix, locale: es, baseSlug: es-sprunki-eggs-mix
✅ Game loaded: es-sprunki-eggs-mix for es
 (+10ms) 
01:32:57   ├─ /fr/es-sprunki-eggs-mix/index.html🔍 Processing fullSlug: fr/es-sprunki-eggs-mix, locale: fr, baseSlug: es-sprunki-eggs-mix
✅ Game loaded: es-sprunki-eggs-mix for fr
 (+13ms) 
01:32:57   ├─ /de/es-sprunki-eggs-mix/index.html🔍 Processing fullSlug: de/es-sprunki-eggs-mix, locale: de, baseSlug: es-sprunki-eggs-mix
✅ Game loaded: es-sprunki-eggs-mix for de
 (+12ms) 
01:32:57   ├─ /ja/es-sprunki-eggs-mix/index.html🔍 Processing fullSlug: ja/es-sprunki-eggs-mix, locale: ja, baseSlug: es-sprunki-eggs-mix
✅ Game loaded: es-sprunki-eggs-mix for ja
 (+10ms) 
01:32:57   ├─ /ko/es-sprunki-eggs-mix/index.html🔍 Processing fullSlug: ko/es-sprunki-eggs-mix, locale: ko, baseSlug: es-sprunki-eggs-mix
✅ Game loaded: es-sprunki-eggs-mix for ko
 (+11ms) 
01:32:57   ├─ /es-sprunki-halloween/index.html🔍 Processing fullSlug: es-sprunki-halloween, locale: en, baseSlug: es-sprunki-halloween
✅ Game loaded: es-sprunki-halloween for en
 (+11ms) 
01:32:57   ├─ /zh/es-sprunki-halloween/index.html🔍 Processing fullSlug: zh/es-sprunki-halloween, locale: zh, baseSlug: es-sprunki-halloween
✅ Game loaded: es-sprunki-halloween for zh
 (+10ms) 
01:32:57   ├─ /es/es-sprunki-halloween/index.html🔍 Processing fullSlug: es/es-sprunki-halloween, locale: es, baseSlug: es-sprunki-halloween
✅ Game loaded: es-sprunki-halloween for es
 (+10ms) 
01:32:57   ├─ /fr/es-sprunki-halloween/index.html🔍 Processing fullSlug: fr/es-sprunki-halloween, locale: fr, baseSlug: es-sprunki-halloween
✅ Game loaded: es-sprunki-halloween for fr
 (+11ms) 
01:32:57   ├─ /de/es-sprunki-halloween/index.html🔍 Processing fullSlug: de/es-sprunki-halloween, locale: de, baseSlug: es-sprunki-halloween
✅ Game loaded: es-sprunki-halloween for de
 (+11ms) 
01:32:57   ├─ /ja/es-sprunki-halloween/index.html🔍 Processing fullSlug: ja/es-sprunki-halloween, locale: ja, baseSlug: es-sprunki-halloween
✅ Game loaded: es-sprunki-halloween for ja
 (+10ms) 
01:32:57   ├─ /ko/es-sprunki-halloween/index.html🔍 Processing fullSlug: ko/es-sprunki-halloween, locale: ko, baseSlug: es-sprunki-halloween
✅ Game loaded: es-sprunki-halloween for ko
 (+10ms) 
01:32:57   ├─ /es-sprunki-good-night/index.html🔍 Processing fullSlug: es-sprunki-good-night, locale: en, baseSlug: es-sprunki-good-night
✅ Game loaded: es-sprunki-good-night for en
 (+13ms) 
01:32:57   ├─ /zh/es-sprunki-good-night/index.html🔍 Processing fullSlug: zh/es-sprunki-good-night, locale: zh, baseSlug: es-sprunki-good-night
✅ Game loaded: es-sprunki-good-night for zh
 (+14ms) 
01:32:57   ├─ /es/es-sprunki-good-night/index.html🔍 Processing fullSlug: es/es-sprunki-good-night, locale: es, baseSlug: es-sprunki-good-night
✅ Game loaded: es-sprunki-good-night for es
 (+11ms) 
01:32:57   ├─ /fr/es-sprunki-good-night/index.html🔍 Processing fullSlug: fr/es-sprunki-good-night, locale: fr, baseSlug: es-sprunki-good-night
✅ Game loaded: es-sprunki-good-night for fr
 (+11ms) 
01:32:57   ├─ /de/es-sprunki-good-night/index.html🔍 Processing fullSlug: de/es-sprunki-good-night, locale: de, baseSlug: es-sprunki-good-night
✅ Game loaded: es-sprunki-good-night for de
 (+10ms) 
01:32:57   ├─ /ja/es-sprunki-good-night/index.html🔍 Processing fullSlug: ja/es-sprunki-good-night, locale: ja, baseSlug: es-sprunki-good-night
✅ Game loaded: es-sprunki-good-night for ja
 (+11ms) 
01:32:57   ├─ /ko/es-sprunki-good-night/index.html🔍 Processing fullSlug: ko/es-sprunki-good-night, locale: ko, baseSlug: es-sprunki-good-night
✅ Game loaded: es-sprunki-good-night for ko
 (+12ms) 
01:32:57   ├─ /es-sprunki-interactive-beta/index.html🔍 Processing fullSlug: es-sprunki-interactive-beta, locale: en, baseSlug: es-sprunki-interactive-beta
✅ Game loaded: es-sprunki-interactive-beta for en
 (+11ms) 
01:32:57   ├─ /zh/es-sprunki-interactive-beta/index.html🔍 Processing fullSlug: zh/es-sprunki-interactive-beta, locale: zh, baseSlug: es-sprunki-interactive-beta
✅ Game loaded: es-sprunki-interactive-beta for zh
 (+11ms) 
01:32:57   ├─ /es/es-sprunki-interactive-beta/index.html🔍 Processing fullSlug: es/es-sprunki-interactive-beta, locale: es, baseSlug: es-sprunki-interactive-beta
✅ Game loaded: es-sprunki-interactive-beta for es
 (+11ms) 
01:32:57   ├─ /fr/es-sprunki-interactive-beta/index.html🔍 Processing fullSlug: fr/es-sprunki-interactive-beta, locale: fr, baseSlug: es-sprunki-interactive-beta
✅ Game loaded: es-sprunki-interactive-beta for fr
 (+11ms) 
01:32:57   ├─ /de/es-sprunki-interactive-beta/index.html🔍 Processing fullSlug: de/es-sprunki-interactive-beta, locale: de, baseSlug: es-sprunki-interactive-beta
✅ Game loaded: es-sprunki-interactive-beta for de
 (+12ms) 
01:32:57   ├─ /ja/es-sprunki-interactive-beta/index.html🔍 Processing fullSlug: ja/es-sprunki-interactive-beta, locale: ja, baseSlug: es-sprunki-interactive-beta
✅ Game loaded: es-sprunki-interactive-beta for ja
 (+12ms) 
01:32:57   ├─ /ko/es-sprunki-interactive-beta/index.html🔍 Processing fullSlug: ko/es-sprunki-interactive-beta, locale: ko, baseSlug: es-sprunki-interactive-beta
✅ Game loaded: es-sprunki-interactive-beta for ko
 (+12ms) 
01:32:57   ├─ /es-sprunki-like-minecraft/index.html🔍 Processing fullSlug: es-sprunki-like-minecraft, locale: en, baseSlug: es-sprunki-like-minecraft
✅ Game loaded: es-sprunki-like-minecraft for en
 (+13ms) 
01:32:57   ├─ /zh/es-sprunki-like-minecraft/index.html🔍 Processing fullSlug: zh/es-sprunki-like-minecraft, locale: zh, baseSlug: es-sprunki-like-minecraft
✅ Game loaded: es-sprunki-like-minecraft for zh
 (+13ms) 
01:32:57   ├─ /es/es-sprunki-like-minecraft/index.html🔍 Processing fullSlug: es/es-sprunki-like-minecraft, locale: es, baseSlug: es-sprunki-like-minecraft
✅ Game loaded: es-sprunki-like-minecraft for es
 (+11ms) 
01:32:57   ├─ /fr/es-sprunki-like-minecraft/index.html🔍 Processing fullSlug: fr/es-sprunki-like-minecraft, locale: fr, baseSlug: es-sprunki-like-minecraft
✅ Game loaded: es-sprunki-like-minecraft for fr
 (+36ms) 
01:32:57   ├─ /de/es-sprunki-like-minecraft/index.html🔍 Processing fullSlug: de/es-sprunki-like-minecraft, locale: de, baseSlug: es-sprunki-like-minecraft
✅ Game loaded: es-sprunki-like-minecraft for de
 (+12ms) 
01:32:57   ├─ /ja/es-sprunki-like-minecraft/index.html🔍 Processing fullSlug: ja/es-sprunki-like-minecraft, locale: ja, baseSlug: es-sprunki-like-minecraft
✅ Game loaded: es-sprunki-like-minecraft for ja
 (+11ms) 
01:32:57   ├─ /ko/es-sprunki-like-minecraft/index.html🔍 Processing fullSlug: ko/es-sprunki-like-minecraft, locale: ko, baseSlug: es-sprunki-like-minecraft
✅ Game loaded: es-sprunki-like-minecraft for ko
 (+11ms) 
01:32:57   ├─ /es-sprunki-maker/index.html🔍 Processing fullSlug: es-sprunki-maker, locale: en, baseSlug: es-sprunki-maker
✅ Game loaded: es-sprunki-maker for en
 (+11ms) 
01:32:57   ├─ /zh/es-sprunki-maker/index.html🔍 Processing fullSlug: zh/es-sprunki-maker, locale: zh, baseSlug: es-sprunki-maker
✅ Game loaded: es-sprunki-maker for zh
 (+11ms) 
01:32:57   ├─ /es/es-sprunki-maker/index.html🔍 Processing fullSlug: es/es-sprunki-maker, locale: es, baseSlug: es-sprunki-maker
✅ Game loaded: es-sprunki-maker for es
 (+11ms) 
01:32:57   ├─ /fr/es-sprunki-maker/index.html🔍 Processing fullSlug: fr/es-sprunki-maker, locale: fr, baseSlug: es-sprunki-maker
✅ Game loaded: es-sprunki-maker for fr
 (+11ms) 
01:32:57   ├─ /de/es-sprunki-maker/index.html🔍 Processing fullSlug: de/es-sprunki-maker, locale: de, baseSlug: es-sprunki-maker
✅ Game loaded: es-sprunki-maker for de
 (+12ms) 
01:32:57   ├─ /ja/es-sprunki-maker/index.html🔍 Processing fullSlug: ja/es-sprunki-maker, locale: ja, baseSlug: es-sprunki-maker
✅ Game loaded: es-sprunki-maker for ja
 (+11ms) 
01:32:57   ├─ /ko/es-sprunki-maker/index.html🔍 Processing fullSlug: ko/es-sprunki-maker, locale: ko, baseSlug: es-sprunki-maker
✅ Game loaded: es-sprunki-maker for ko
 (+12ms) 
01:32:57   ├─ /es-sprunki-meets-the-cat-spell/index.html🔍 Processing fullSlug: es-sprunki-meets-the-cat-spell, locale: en, baseSlug: es-sprunki-meets-the-cat-spell
✅ Game loaded: es-sprunki-meets-the-cat-spell for en
 (+12ms) 
01:32:57   ├─ /zh/es-sprunki-meets-the-cat-spell/index.html🔍 Processing fullSlug: zh/es-sprunki-meets-the-cat-spell, locale: zh, baseSlug: es-sprunki-meets-the-cat-spell
✅ Game loaded: es-sprunki-meets-the-cat-spell for zh
 (+13ms) 
01:32:57   ├─ /es/es-sprunki-meets-the-cat-spell/index.html🔍 Processing fullSlug: es/es-sprunki-meets-the-cat-spell, locale: es, baseSlug: es-sprunki-meets-the-cat-spell
✅ Game loaded: es-sprunki-meets-the-cat-spell for es
 (+10ms) 
01:32:57   ├─ /fr/es-sprunki-meets-the-cat-spell/index.html🔍 Processing fullSlug: fr/es-sprunki-meets-the-cat-spell, locale: fr, baseSlug: es-sprunki-meets-the-cat-spell
✅ Game loaded: es-sprunki-meets-the-cat-spell for fr
 (+11ms) 
01:32:57   ├─ /de/es-sprunki-meets-the-cat-spell/index.html🔍 Processing fullSlug: de/es-sprunki-meets-the-cat-spell, locale: de, baseSlug: es-sprunki-meets-the-cat-spell
✅ Game loaded: es-sprunki-meets-the-cat-spell for de
 (+11ms) 
01:32:57   ├─ /ja/es-sprunki-meets-the-cat-spell/index.html🔍 Processing fullSlug: ja/es-sprunki-meets-the-cat-spell, locale: ja, baseSlug: es-sprunki-meets-the-cat-spell
✅ Game loaded: es-sprunki-meets-the-cat-spell for ja
 (+10ms) 
01:32:57   ├─ /ko/es-sprunki-meets-the-cat-spell/index.html🔍 Processing fullSlug: ko/es-sprunki-meets-the-cat-spell, locale: ko, baseSlug: es-sprunki-meets-the-cat-spell
✅ Game loaded: es-sprunki-meets-the-cat-spell for ko
 (+11ms) 
01:32:57   ├─ /es-sprunki-minecraft/index.html🔍 Processing fullSlug: es-sprunki-minecraft, locale: en, baseSlug: es-sprunki-minecraft
✅ Game loaded: es-sprunki-minecraft for en
 (+11ms) 
01:32:57   ├─ /zh/es-sprunki-minecraft/index.html🔍 Processing fullSlug: zh/es-sprunki-minecraft, locale: zh, baseSlug: es-sprunki-minecraft
✅ Game loaded: es-sprunki-minecraft for zh
 (+10ms) 
01:32:57   ├─ /es/es-sprunki-minecraft/index.html🔍 Processing fullSlug: es/es-sprunki-minecraft, locale: es, baseSlug: es-sprunki-minecraft
✅ Game loaded: es-sprunki-minecraft for es
 (+11ms) 
01:32:57   ├─ /fr/es-sprunki-minecraft/index.html🔍 Processing fullSlug: fr/es-sprunki-minecraft, locale: fr, baseSlug: es-sprunki-minecraft
✅ Game loaded: es-sprunki-minecraft for fr
 (+11ms) 
01:32:57   ├─ /de/es-sprunki-minecraft/index.html🔍 Processing fullSlug: de/es-sprunki-minecraft, locale: de, baseSlug: es-sprunki-minecraft
✅ Game loaded: es-sprunki-minecraft for de
 (+11ms) 
01:32:57   ├─ /ja/es-sprunki-minecraft/index.html🔍 Processing fullSlug: ja/es-sprunki-minecraft, locale: ja, baseSlug: es-sprunki-minecraft
✅ Game loaded: es-sprunki-minecraft for ja
 (+11ms) 
01:32:57   ├─ /ko/es-sprunki-minecraft/index.html🔍 Processing fullSlug: ko/es-sprunki-minecraft, locale: ko, baseSlug: es-sprunki-minecraft
✅ Game loaded: es-sprunki-minecraft for ko
 (+11ms) 
01:32:57   ├─ /es-sprunki-mod-BFDI/index.html🔍 Processing fullSlug: es-sprunki-mod-BFDI, locale: en, baseSlug: es-sprunki-mod-BFDI
✅ Game loaded: es-sprunki-mod-BFDI for en
 (+12ms) 
01:32:57   ├─ /zh/es-sprunki-mod-BFDI/index.html🔍 Processing fullSlug: zh/es-sprunki-mod-BFDI, locale: zh, baseSlug: es-sprunki-mod-BFDI
✅ Game loaded: es-sprunki-mod-BFDI for zh
 (+14ms) 
01:32:57   ├─ /es/es-sprunki-mod-BFDI/index.html🔍 Processing fullSlug: es/es-sprunki-mod-BFDI, locale: es, baseSlug: es-sprunki-mod-BFDI
✅ Game loaded: es-sprunki-mod-BFDI for es
 (+11ms) 
01:32:57   ├─ /fr/es-sprunki-mod-BFDI/index.html🔍 Processing fullSlug: fr/es-sprunki-mod-BFDI, locale: fr, baseSlug: es-sprunki-mod-BFDI
✅ Game loaded: es-sprunki-mod-BFDI for fr
 (+11ms) 
01:32:57   ├─ /de/es-sprunki-mod-BFDI/index.html🔍 Processing fullSlug: de/es-sprunki-mod-BFDI, locale: de, baseSlug: es-sprunki-mod-BFDI
✅ Game loaded: es-sprunki-mod-BFDI for de
 (+11ms) 
01:32:57   ├─ /ja/es-sprunki-mod-BFDI/index.html🔍 Processing fullSlug: ja/es-sprunki-mod-BFDI, locale: ja, baseSlug: es-sprunki-mod-BFDI
✅ Game loaded: es-sprunki-mod-BFDI for ja
 (+10ms) 
01:32:57   ├─ /ko/es-sprunki-mod-BFDI/index.html🔍 Processing fullSlug: ko/es-sprunki-mod-BFDI, locale: ko, baseSlug: es-sprunki-mod-BFDI
✅ Game loaded: es-sprunki-mod-BFDI for ko
 (+11ms) 
01:32:57   ├─ /es-sprunki-mustard/index.html🔍 Processing fullSlug: es-sprunki-mustard, locale: en, baseSlug: es-sprunki-mustard
✅ Game loaded: es-sprunki-mustard for en
 (+11ms) 
01:32:57   ├─ /zh/es-sprunki-mustard/index.html🔍 Processing fullSlug: zh/es-sprunki-mustard, locale: zh, baseSlug: es-sprunki-mustard
✅ Game loaded: es-sprunki-mustard for zh
 (+10ms) 
01:32:57   ├─ /es/es-sprunki-mustard/index.html🔍 Processing fullSlug: es/es-sprunki-mustard, locale: es, baseSlug: es-sprunki-mustard
✅ Game loaded: es-sprunki-mustard for es
 (+11ms) 
01:32:57   ├─ /fr/es-sprunki-mustard/index.html🔍 Processing fullSlug: fr/es-sprunki-mustard, locale: fr, baseSlug: es-sprunki-mustard
✅ Game loaded: es-sprunki-mustard for fr
 (+10ms) 
01:32:57   ├─ /de/es-sprunki-mustard/index.html🔍 Processing fullSlug: de/es-sprunki-mustard, locale: de, baseSlug: es-sprunki-mustard
✅ Game loaded: es-sprunki-mustard for de
 (+10ms) 
01:32:57   ├─ /ja/es-sprunki-mustard/index.html🔍 Processing fullSlug: ja/es-sprunki-mustard, locale: ja, baseSlug: es-sprunki-mustard
✅ Game loaded: es-sprunki-mustard for ja
 (+11ms) 
01:32:57   ├─ /ko/es-sprunki-mustard/index.html🔍 Processing fullSlug: ko/es-sprunki-mustard, locale: ko, baseSlug: es-sprunki-mustard
✅ Game loaded: es-sprunki-mustard for ko
 (+11ms) 
01:32:57   ├─ /es-sprunki-parasite-parasprunki-15/index.html🔍 Processing fullSlug: es-sprunki-parasite-parasprunki-15, locale: en, baseSlug: es-sprunki-parasite-parasprunki-15
✅ Game loaded: es-sprunki-parasite-parasprunki-15 for en
 (+13ms) 
01:32:58   ├─ /zh/es-sprunki-parasite-parasprunki-15/index.html🔍 Processing fullSlug: zh/es-sprunki-parasite-parasprunki-15, locale: zh, baseSlug: es-sprunki-parasite-parasprunki-15
✅ Game loaded: es-sprunki-parasite-parasprunki-15 for zh
 (+15ms) 
01:32:58   ├─ /es/es-sprunki-parasite-parasprunki-15/index.html🔍 Processing fullSlug: es/es-sprunki-parasite-parasprunki-15, locale: es, baseSlug: es-sprunki-parasite-parasprunki-15
✅ Game loaded: es-sprunki-parasite-parasprunki-15 for es
 (+11ms) 
01:32:58   ├─ /fr/es-sprunki-parasite-parasprunki-15/index.html🔍 Processing fullSlug: fr/es-sprunki-parasite-parasprunki-15, locale: fr, baseSlug: es-sprunki-parasite-parasprunki-15
✅ Game loaded: es-sprunki-parasite-parasprunki-15 for fr
 (+11ms) 
01:32:58   ├─ /de/es-sprunki-parasite-parasprunki-15/index.html🔍 Processing fullSlug: de/es-sprunki-parasite-parasprunki-15, locale: de, baseSlug: es-sprunki-parasite-parasprunki-15
✅ Game loaded: es-sprunki-parasite-parasprunki-15 for de
 (+10ms) 
01:32:58   ├─ /ja/es-sprunki-parasite-parasprunki-15/index.html🔍 Processing fullSlug: ja/es-sprunki-parasite-parasprunki-15, locale: ja, baseSlug: es-sprunki-parasite-parasprunki-15
✅ Game loaded: es-sprunki-parasite-parasprunki-15 for ja
 (+10ms) 
01:32:58   ├─ /ko/es-sprunki-parasite-parasprunki-15/index.html🔍 Processing fullSlug: ko/es-sprunki-parasite-parasprunki-15, locale: ko, baseSlug: es-sprunki-parasite-parasprunki-15
✅ Game loaded: es-sprunki-parasite-parasprunki-15 for ko
 (+11ms) 
01:32:58   ├─ /es-sprunki-night-time/index.html🔍 Processing fullSlug: es-sprunki-night-time, locale: en, baseSlug: es-sprunki-night-time
✅ Game loaded: es-sprunki-night-time for en
 (+11ms) 
01:32:58   ├─ /zh/es-sprunki-night-time/index.html🔍 Processing fullSlug: zh/es-sprunki-night-time, locale: zh, baseSlug: es-sprunki-night-time
✅ Game loaded: es-sprunki-night-time for zh
 (+10ms) 
01:32:58   ├─ /es/es-sprunki-night-time/index.html🔍 Processing fullSlug: es/es-sprunki-night-time, locale: es, baseSlug: es-sprunki-night-time
✅ Game loaded: es-sprunki-night-time for es
 (+11ms) 
01:32:58   ├─ /fr/es-sprunki-night-time/index.html🔍 Processing fullSlug: fr/es-sprunki-night-time, locale: fr, baseSlug: es-sprunki-night-time
✅ Game loaded: es-sprunki-night-time for fr
 (+10ms) 
01:32:58   ├─ /de/es-sprunki-night-time/index.html🔍 Processing fullSlug: de/es-sprunki-night-time, locale: de, baseSlug: es-sprunki-night-time
✅ Game loaded: es-sprunki-night-time for de
 (+10ms) 
01:32:58   ├─ /ja/es-sprunki-night-time/index.html🔍 Processing fullSlug: ja/es-sprunki-night-time, locale: ja, baseSlug: es-sprunki-night-time
✅ Game loaded: es-sprunki-night-time for ja
 (+12ms) 
01:32:58   ├─ /ko/es-sprunki-night-time/index.html🔍 Processing fullSlug: ko/es-sprunki-night-time, locale: ko, baseSlug: es-sprunki-night-time
✅ Game loaded: es-sprunki-night-time for ko
 (+12ms) 
01:32:58   ├─ /es-sprunki-phase-2-5/index.html🔍 Processing fullSlug: es-sprunki-phase-2-5, locale: en, baseSlug: es-sprunki-phase-2-5
✅ Game loaded: es-sprunki-phase-2-5 for en
 (+14ms) 
01:32:58   ├─ /zh/es-sprunki-phase-2-5/index.html🔍 Processing fullSlug: zh/es-sprunki-phase-2-5, locale: zh, baseSlug: es-sprunki-phase-2-5
✅ Game loaded: es-sprunki-phase-2-5 for zh
 (+13ms) 
01:32:58   ├─ /es/es-sprunki-phase-2-5/index.html🔍 Processing fullSlug: es/es-sprunki-phase-2-5, locale: es, baseSlug: es-sprunki-phase-2-5
✅ Game loaded: es-sprunki-phase-2-5 for es
 (+11ms) 
01:32:58   ├─ /fr/es-sprunki-phase-2-5/index.html🔍 Processing fullSlug: fr/es-sprunki-phase-2-5, locale: fr, baseSlug: es-sprunki-phase-2-5
✅ Game loaded: es-sprunki-phase-2-5 for fr
 (+12ms) 
01:32:58   ├─ /de/es-sprunki-phase-2-5/index.html🔍 Processing fullSlug: de/es-sprunki-phase-2-5, locale: de, baseSlug: es-sprunki-phase-2-5
✅ Game loaded: es-sprunki-phase-2-5 for de
 (+11ms) 
01:32:58   ├─ /ja/es-sprunki-phase-2-5/index.html🔍 Processing fullSlug: ja/es-sprunki-phase-2-5, locale: ja, baseSlug: es-sprunki-phase-2-5
✅ Game loaded: es-sprunki-phase-2-5 for ja
 (+10ms) 
01:32:58   ├─ /ko/es-sprunki-phase-2-5/index.html🔍 Processing fullSlug: ko/es-sprunki-phase-2-5, locale: ko, baseSlug: es-sprunki-phase-2-5
✅ Game loaded: es-sprunki-phase-2-5 for ko
 (+11ms) 
01:32:58   ├─ /es-sprunki-phase-5/index.html🔍 Processing fullSlug: es-sprunki-phase-5, locale: en, baseSlug: es-sprunki-phase-5
✅ Game loaded: es-sprunki-phase-5 for en
 (+11ms) 
01:32:58   ├─ /zh/es-sprunki-phase-5/index.html🔍 Processing fullSlug: zh/es-sprunki-phase-5, locale: zh, baseSlug: es-sprunki-phase-5
✅ Game loaded: es-sprunki-phase-5 for zh
 (+11ms) 
01:32:58   ├─ /es/es-sprunki-phase-5/index.html🔍 Processing fullSlug: es/es-sprunki-phase-5, locale: es, baseSlug: es-sprunki-phase-5
✅ Game loaded: es-sprunki-phase-5 for es
 (+11ms) 
01:32:58   ├─ /fr/es-sprunki-phase-5/index.html🔍 Processing fullSlug: fr/es-sprunki-phase-5, locale: fr, baseSlug: es-sprunki-phase-5
✅ Game loaded: es-sprunki-phase-5 for fr
 (+11ms) 
01:32:58   ├─ /de/es-sprunki-phase-5/index.html🔍 Processing fullSlug: de/es-sprunki-phase-5, locale: de, baseSlug: es-sprunki-phase-5
✅ Game loaded: es-sprunki-phase-5 for de
 (+10ms) 
01:32:58   ├─ /ja/es-sprunki-phase-5/index.html🔍 Processing fullSlug: ja/es-sprunki-phase-5, locale: ja, baseSlug: es-sprunki-phase-5
✅ Game loaded: es-sprunki-phase-5 for ja
 (+12ms) 
01:32:58   ├─ /ko/es-sprunki-phase-5/index.html🔍 Processing fullSlug: ko/es-sprunki-phase-5, locale: ko, baseSlug: es-sprunki-phase-5
✅ Game loaded: es-sprunki-phase-5 for ko
 (+15ms) 
01:32:58   ├─ /es-sprunki-phase-8/index.html🔍 Processing fullSlug: es-sprunki-phase-8, locale: en, baseSlug: es-sprunki-phase-8
✅ Game loaded: es-sprunki-phase-8 for en
 (+14ms) 
01:32:58   ├─ /zh/es-sprunki-phase-8/index.html🔍 Processing fullSlug: zh/es-sprunki-phase-8, locale: zh, baseSlug: es-sprunki-phase-8
✅ Game loaded: es-sprunki-phase-8 for zh
 (+14ms) 
01:32:58   ├─ /es/es-sprunki-phase-8/index.html🔍 Processing fullSlug: es/es-sprunki-phase-8, locale: es, baseSlug: es-sprunki-phase-8
✅ Game loaded: es-sprunki-phase-8 for es
 (+11ms) 
01:32:58   ├─ /fr/es-sprunki-phase-8/index.html🔍 Processing fullSlug: fr/es-sprunki-phase-8, locale: fr, baseSlug: es-sprunki-phase-8
✅ Game loaded: es-sprunki-phase-8 for fr
 (+11ms) 
01:32:58   ├─ /de/es-sprunki-phase-8/index.html🔍 Processing fullSlug: de/es-sprunki-phase-8, locale: de, baseSlug: es-sprunki-phase-8
✅ Game loaded: es-sprunki-phase-8 for de
 (+10ms) 
01:32:58   ├─ /ja/es-sprunki-phase-8/index.html🔍 Processing fullSlug: ja/es-sprunki-phase-8, locale: ja, baseSlug: es-sprunki-phase-8
✅ Game loaded: es-sprunki-phase-8 for ja
 (+11ms) 
01:32:58   ├─ /ko/es-sprunki-phase-8/index.html🔍 Processing fullSlug: ko/es-sprunki-phase-8, locale: ko, baseSlug: es-sprunki-phase-8
✅ Game loaded: es-sprunki-phase-8 for ko
 (+11ms) 
01:32:58   ├─ /es-sprunki-phase-1/index.html🔍 Processing fullSlug: es-sprunki-phase-1, locale: en, baseSlug: es-sprunki-phase-1
✅ Game loaded: es-sprunki-phase-1 for en
 (+11ms) 
01:32:58   ├─ /zh/es-sprunki-phase-1/index.html🔍 Processing fullSlug: zh/es-sprunki-phase-1, locale: zh, baseSlug: es-sprunki-phase-1
✅ Game loaded: es-sprunki-phase-1 for zh
 (+10ms) 
01:32:58   ├─ /es/es-sprunki-phase-1/index.html🔍 Processing fullSlug: es/es-sprunki-phase-1, locale: es, baseSlug: es-sprunki-phase-1
✅ Game loaded: es-sprunki-phase-1 for es
 (+11ms) 
01:32:58   ├─ /fr/es-sprunki-phase-1/index.html🔍 Processing fullSlug: fr/es-sprunki-phase-1, locale: fr, baseSlug: es-sprunki-phase-1
✅ Game loaded: es-sprunki-phase-1 for fr
 (+10ms) 
01:32:58   ├─ /de/es-sprunki-phase-1/index.html🔍 Processing fullSlug: de/es-sprunki-phase-1, locale: de, baseSlug: es-sprunki-phase-1
✅ Game loaded: es-sprunki-phase-1 for de
 (+11ms) 
01:32:58   ├─ /ja/es-sprunki-phase-1/index.html🔍 Processing fullSlug: ja/es-sprunki-phase-1, locale: ja, baseSlug: es-sprunki-phase-1
✅ Game loaded: es-sprunki-phase-1 for ja
 (+13ms) 
01:32:58   ├─ /ko/es-sprunki-phase-1/index.html🔍 Processing fullSlug: ko/es-sprunki-phase-1, locale: ko, baseSlug: es-sprunki-phase-1
✅ Game loaded: es-sprunki-phase-1 for ko
 (+11ms) 
01:32:58   ├─ /es-sprunki-play-random/index.html🔍 Processing fullSlug: es-sprunki-play-random, locale: en, baseSlug: es-sprunki-play-random
✅ Game loaded: es-sprunki-play-random for en
 (+12ms) 
01:32:58   ├─ /zh/es-sprunki-play-random/index.html🔍 Processing fullSlug: zh/es-sprunki-play-random, locale: zh, baseSlug: es-sprunki-play-random
✅ Game loaded: es-sprunki-play-random for zh
 (+14ms) 
01:32:58   ├─ /es/es-sprunki-play-random/index.html🔍 Processing fullSlug: es/es-sprunki-play-random, locale: es, baseSlug: es-sprunki-play-random
✅ Game loaded: es-sprunki-play-random for es
 (+11ms) 
01:32:58   ├─ /fr/es-sprunki-play-random/index.html🔍 Processing fullSlug: fr/es-sprunki-play-random, locale: fr, baseSlug: es-sprunki-play-random
✅ Game loaded: es-sprunki-play-random for fr
 (+11ms) 
01:32:58   ├─ /de/es-sprunki-play-random/index.html🔍 Processing fullSlug: de/es-sprunki-play-random, locale: de, baseSlug: es-sprunki-play-random
✅ Game loaded: es-sprunki-play-random for de
 (+11ms) 
01:32:58   ├─ /ja/es-sprunki-play-random/index.html🔍 Processing fullSlug: ja/es-sprunki-play-random, locale: ja, baseSlug: es-sprunki-play-random
✅ Game loaded: es-sprunki-play-random for ja
 (+10ms) 
01:32:58   ├─ /ko/es-sprunki-play-random/index.html🔍 Processing fullSlug: ko/es-sprunki-play-random, locale: ko, baseSlug: es-sprunki-play-random
✅ Game loaded: es-sprunki-play-random for ko
 (+11ms) 
01:32:58   ├─ /es-sprunki-police-and-prisoners/index.html🔍 Processing fullSlug: es-sprunki-police-and-prisoners, locale: en, baseSlug: es-sprunki-police-and-prisoners
✅ Game loaded: es-sprunki-police-and-prisoners for en
 (+21ms) 
01:32:58   ├─ /zh/es-sprunki-police-and-prisoners/index.html🔍 Processing fullSlug: zh/es-sprunki-police-and-prisoners, locale: zh, baseSlug: es-sprunki-police-and-prisoners
✅ Game loaded: es-sprunki-police-and-prisoners for zh
 (+11ms) 
01:32:58   ├─ /es/es-sprunki-police-and-prisoners/index.html🔍 Processing fullSlug: es/es-sprunki-police-and-prisoners, locale: es, baseSlug: es-sprunki-police-and-prisoners
✅ Game loaded: es-sprunki-police-and-prisoners for es
 (+11ms) 
01:32:58   ├─ /fr/es-sprunki-police-and-prisoners/index.html🔍 Processing fullSlug: fr/es-sprunki-police-and-prisoners, locale: fr, baseSlug: es-sprunki-police-and-prisoners
✅ Game loaded: es-sprunki-police-and-prisoners for fr
 (+10ms) 
01:32:58   ├─ /de/es-sprunki-police-and-prisoners/index.html🔍 Processing fullSlug: de/es-sprunki-police-and-prisoners, locale: de, baseSlug: es-sprunki-police-and-prisoners
✅ Game loaded: es-sprunki-police-and-prisoners for de
 (+11ms) 
01:32:58   ├─ /ja/es-sprunki-police-and-prisoners/index.html🔍 Processing fullSlug: ja/es-sprunki-police-and-prisoners, locale: ja, baseSlug: es-sprunki-police-and-prisoners
✅ Game loaded: es-sprunki-police-and-prisoners for ja
 (+12ms) 
01:32:58   ├─ /ko/es-sprunki-police-and-prisoners/index.html🔍 Processing fullSlug: ko/es-sprunki-police-and-prisoners, locale: ko, baseSlug: es-sprunki-police-and-prisoners
✅ Game loaded: es-sprunki-police-and-prisoners for ko
 (+14ms) 
01:32:58   ├─ /es-sprunki-pyramixed-version/index.html🔍 Processing fullSlug: es-sprunki-pyramixed-version, locale: en, baseSlug: es-sprunki-pyramixed-version
✅ Game loaded: es-sprunki-pyramixed-version for en
 (+20ms) 
01:32:58   ├─ /zh/es-sprunki-pyramixed-version/index.html🔍 Processing fullSlug: zh/es-sprunki-pyramixed-version, locale: zh, baseSlug: es-sprunki-pyramixed-version
✅ Game loaded: es-sprunki-pyramixed-version for zh
 (+18ms) 
01:32:58   ├─ /es/es-sprunki-pyramixed-version/index.html🔍 Processing fullSlug: es/es-sprunki-pyramixed-version, locale: es, baseSlug: es-sprunki-pyramixed-version
✅ Game loaded: es-sprunki-pyramixed-version for es
 (+11ms) 
01:32:58   ├─ /fr/es-sprunki-pyramixed-version/index.html🔍 Processing fullSlug: fr/es-sprunki-pyramixed-version, locale: fr, baseSlug: es-sprunki-pyramixed-version
✅ Game loaded: es-sprunki-pyramixed-version for fr
 (+11ms) 
01:32:58   ├─ /de/es-sprunki-pyramixed-version/index.html🔍 Processing fullSlug: de/es-sprunki-pyramixed-version, locale: de, baseSlug: es-sprunki-pyramixed-version
✅ Game loaded: es-sprunki-pyramixed-version for de
 (+10ms) 
01:32:58   ├─ /ja/es-sprunki-pyramixed-version/index.html🔍 Processing fullSlug: ja/es-sprunki-pyramixed-version, locale: ja, baseSlug: es-sprunki-pyramixed-version
✅ Game loaded: es-sprunki-pyramixed-version for ja
 (+11ms) 
01:32:58   ├─ /ko/es-sprunki-pyramixed-version/index.html🔍 Processing fullSlug: ko/es-sprunki-pyramixed-version, locale: ko, baseSlug: es-sprunki-pyramixed-version
✅ Game loaded: es-sprunki-pyramixed-version for ko
 (+11ms) 
01:32:58   ├─ /es-sprunki-pyramixed/index.html🔍 Processing fullSlug: es-sprunki-pyramixed, locale: en, baseSlug: es-sprunki-pyramixed
✅ Game loaded: es-sprunki-pyramixed for en
 (+11ms) 
01:32:58   ├─ /zh/es-sprunki-pyramixed/index.html🔍 Processing fullSlug: zh/es-sprunki-pyramixed, locale: zh, baseSlug: es-sprunki-pyramixed
✅ Game loaded: es-sprunki-pyramixed for zh
 (+10ms) 
01:32:58   ├─ /es/es-sprunki-pyramixed/index.html🔍 Processing fullSlug: es/es-sprunki-pyramixed, locale: es, baseSlug: es-sprunki-pyramixed
✅ Game loaded: es-sprunki-pyramixed for es
 (+11ms) 
01:32:58   ├─ /fr/es-sprunki-pyramixed/index.html🔍 Processing fullSlug: fr/es-sprunki-pyramixed, locale: fr, baseSlug: es-sprunki-pyramixed
✅ Game loaded: es-sprunki-pyramixed for fr
 (+11ms) 
01:32:58   ├─ /de/es-sprunki-pyramixed/index.html🔍 Processing fullSlug: de/es-sprunki-pyramixed, locale: de, baseSlug: es-sprunki-pyramixed
✅ Game loaded: es-sprunki-pyramixed for de
 (+10ms) 
01:32:58   ├─ /ja/es-sprunki-pyramixed/index.html🔍 Processing fullSlug: ja/es-sprunki-pyramixed, locale: ja, baseSlug: es-sprunki-pyramixed
✅ Game loaded: es-sprunki-pyramixed for ja
 (+11ms) 
01:32:58   ├─ /ko/es-sprunki-pyramixed/index.html🔍 Processing fullSlug: ko/es-sprunki-pyramixed, locale: ko, baseSlug: es-sprunki-pyramixed
✅ Game loaded: es-sprunki-pyramixed for ko
 (+13ms) 
01:32:58   ├─ /es-sprunki-retake-bonus-characters/index.html🔍 Processing fullSlug: es-sprunki-retake-bonus-characters, locale: en, baseSlug: es-sprunki-retake-bonus-characters
✅ Game loaded: es-sprunki-retake-bonus-characters for en
 (+15ms) 
01:32:58   ├─ /zh/es-sprunki-retake-bonus-characters/index.html🔍 Processing fullSlug: zh/es-sprunki-retake-bonus-characters, locale: zh, baseSlug: es-sprunki-retake-bonus-characters
✅ Game loaded: es-sprunki-retake-bonus-characters for zh
 (+19ms) 
01:32:58   ├─ /es/es-sprunki-retake-bonus-characters/index.html🔍 Processing fullSlug: es/es-sprunki-retake-bonus-characters, locale: es, baseSlug: es-sprunki-retake-bonus-characters
✅ Game loaded: es-sprunki-retake-bonus-characters for es
 (+11ms) 
01:32:58   ├─ /fr/es-sprunki-retake-bonus-characters/index.html🔍 Processing fullSlug: fr/es-sprunki-retake-bonus-characters, locale: fr, baseSlug: es-sprunki-retake-bonus-characters
✅ Game loaded: es-sprunki-retake-bonus-characters for fr
 (+11ms) 
01:32:58   ├─ /de/es-sprunki-retake-bonus-characters/index.html🔍 Processing fullSlug: de/es-sprunki-retake-bonus-characters, locale: de, baseSlug: es-sprunki-retake-bonus-characters
✅ Game loaded: es-sprunki-retake-bonus-characters for de
 (+11ms) 
01:32:58   ├─ /ja/es-sprunki-retake-bonus-characters/index.html🔍 Processing fullSlug: ja/es-sprunki-retake-bonus-characters, locale: ja, baseSlug: es-sprunki-retake-bonus-characters
✅ Game loaded: es-sprunki-retake-bonus-characters for ja
 (+10ms) 
01:32:58   ├─ /ko/es-sprunki-retake-bonus-characters/index.html🔍 Processing fullSlug: ko/es-sprunki-retake-bonus-characters, locale: ko, baseSlug: es-sprunki-retake-bonus-characters
✅ Game loaded: es-sprunki-retake-bonus-characters for ko
 (+10ms) 
01:32:58   ├─ /es-sprunki-red-sun/index.html🔍 Processing fullSlug: es-sprunki-red-sun, locale: en, baseSlug: es-sprunki-red-sun
✅ Game loaded: es-sprunki-red-sun for en
 (+11ms) 
01:32:58   ├─ /zh/es-sprunki-red-sun/index.html🔍 Processing fullSlug: zh/es-sprunki-red-sun, locale: zh, baseSlug: es-sprunki-red-sun
✅ Game loaded: es-sprunki-red-sun for zh
 (+10ms) 
01:32:58   ├─ /es/es-sprunki-red-sun/index.html🔍 Processing fullSlug: es/es-sprunki-red-sun, locale: es, baseSlug: es-sprunki-red-sun
✅ Game loaded: es-sprunki-red-sun for es
 (+11ms) 
01:32:58   ├─ /fr/es-sprunki-red-sun/index.html🔍 Processing fullSlug: fr/es-sprunki-red-sun, locale: fr, baseSlug: es-sprunki-red-sun
✅ Game loaded: es-sprunki-red-sun for fr
 (+11ms) 
01:32:58   ├─ /de/es-sprunki-red-sun/index.html🔍 Processing fullSlug: de/es-sprunki-red-sun, locale: de, baseSlug: es-sprunki-red-sun
✅ Game loaded: es-sprunki-red-sun for de
 (+11ms) 
01:32:58   ├─ /ja/es-sprunki-red-sun/index.html🔍 Processing fullSlug: ja/es-sprunki-red-sun, locale: ja, baseSlug: es-sprunki-red-sun
✅ Game loaded: es-sprunki-red-sun for ja
 (+12ms) 
01:32:58   ├─ /ko/es-sprunki-red-sun/index.html🔍 Processing fullSlug: ko/es-sprunki-red-sun, locale: ko, baseSlug: es-sprunki-red-sun
✅ Game loaded: es-sprunki-red-sun for ko
 (+15ms) 
01:32:58   ├─ /es-sprunki-retake-new-human/index.html🔍 Processing fullSlug: es-sprunki-retake-new-human, locale: en, baseSlug: es-sprunki-retake-new-human
✅ Game loaded: es-sprunki-retake-new-human for en
 (+21ms) 
01:32:59   ├─ /zh/es-sprunki-retake-new-human/index.html🔍 Processing fullSlug: zh/es-sprunki-retake-new-human, locale: zh, baseSlug: es-sprunki-retake-new-human
✅ Game loaded: es-sprunki-retake-new-human for zh
 (+18ms) 
01:32:59   ├─ /es/es-sprunki-retake-new-human/index.html🔍 Processing fullSlug: es/es-sprunki-retake-new-human, locale: es, baseSlug: es-sprunki-retake-new-human
✅ Game loaded: es-sprunki-retake-new-human for es
 (+10ms) 
01:32:59   ├─ /fr/es-sprunki-retake-new-human/index.html🔍 Processing fullSlug: fr/es-sprunki-retake-new-human, locale: fr, baseSlug: es-sprunki-retake-new-human
✅ Game loaded: es-sprunki-retake-new-human for fr
 (+11ms) 
01:32:59   ├─ /de/es-sprunki-retake-new-human/index.html🔍 Processing fullSlug: de/es-sprunki-retake-new-human, locale: de, baseSlug: es-sprunki-retake-new-human
✅ Game loaded: es-sprunki-retake-new-human for de
 (+10ms) 
01:32:59   ├─ /ja/es-sprunki-retake-new-human/index.html🔍 Processing fullSlug: ja/es-sprunki-retake-new-human, locale: ja, baseSlug: es-sprunki-retake-new-human
✅ Game loaded: es-sprunki-retake-new-human for ja
 (+11ms) 
01:32:59   ├─ /ko/es-sprunki-retake-new-human/index.html🔍 Processing fullSlug: ko/es-sprunki-retake-new-human, locale: ko, baseSlug: es-sprunki-retake-new-human
✅ Game loaded: es-sprunki-retake-new-human for ko
 (+11ms) 
01:32:59   ├─ /es-sprunki-rotrizi-5/index.html🔍 Processing fullSlug: es-sprunki-rotrizi-5, locale: en, baseSlug: es-sprunki-rotrizi-5
✅ Game loaded: es-sprunki-rotrizi-5 for en
 (+11ms) 
01:32:59   ├─ /zh/es-sprunki-rotrizi-5/index.html🔍 Processing fullSlug: zh/es-sprunki-rotrizi-5, locale: zh, baseSlug: es-sprunki-rotrizi-5
✅ Game loaded: es-sprunki-rotrizi-5 for zh
 (+10ms) 
01:32:59   ├─ /es/es-sprunki-rotrizi-5/index.html🔍 Processing fullSlug: es/es-sprunki-rotrizi-5, locale: es, baseSlug: es-sprunki-rotrizi-5
✅ Game loaded: es-sprunki-rotrizi-5 for es
 (+11ms) 
01:32:59   ├─ /fr/es-sprunki-rotrizi-5/index.html🔍 Processing fullSlug: fr/es-sprunki-rotrizi-5, locale: fr, baseSlug: es-sprunki-rotrizi-5
✅ Game loaded: es-sprunki-rotrizi-5 for fr
 (+11ms) 
01:32:59   ├─ /de/es-sprunki-rotrizi-5/index.html🔍 Processing fullSlug: de/es-sprunki-rotrizi-5, locale: de, baseSlug: es-sprunki-rotrizi-5
✅ Game loaded: es-sprunki-rotrizi-5 for de
 (+11ms) 
01:32:59   ├─ /ja/es-sprunki-rotrizi-5/index.html🔍 Processing fullSlug: ja/es-sprunki-rotrizi-5, locale: ja, baseSlug: es-sprunki-rotrizi-5
✅ Game loaded: es-sprunki-rotrizi-5 for ja
 (+11ms) 
01:32:59   ├─ /ko/es-sprunki-rotrizi-5/index.html🔍 Processing fullSlug: ko/es-sprunki-rotrizi-5, locale: ko, baseSlug: es-sprunki-rotrizi-5
✅ Game loaded: es-sprunki-rotrizi-5 for ko
 (+11ms) 
01:32:59   ├─ /es-sprunki-retake/index.html🔍 Processing fullSlug: es-sprunki-retake, locale: en, baseSlug: es-sprunki-retake
✅ Game loaded: es-sprunki-retake for en
 (+12ms) 
01:32:59   ├─ /zh/es-sprunki-retake/index.html🔍 Processing fullSlug: zh/es-sprunki-retake, locale: zh, baseSlug: es-sprunki-retake
✅ Game loaded: es-sprunki-retake for zh
 (+12ms) 
01:32:59   ├─ /es/es-sprunki-retake/index.html🔍 Processing fullSlug: es/es-sprunki-retake, locale: es, baseSlug: es-sprunki-retake
✅ Game loaded: es-sprunki-retake for es
 (+11ms) 
01:32:59   ├─ /fr/es-sprunki-retake/index.html🔍 Processing fullSlug: fr/es-sprunki-retake, locale: fr, baseSlug: es-sprunki-retake
✅ Game loaded: es-sprunki-retake for fr
 (+11ms) 
01:32:59   ├─ /de/es-sprunki-retake/index.html🔍 Processing fullSlug: de/es-sprunki-retake, locale: de, baseSlug: es-sprunki-retake
✅ Game loaded: es-sprunki-retake for de
 (+10ms) 
01:32:59   ├─ /ja/es-sprunki-retake/index.html🔍 Processing fullSlug: ja/es-sprunki-retake, locale: ja, baseSlug: es-sprunki-retake
✅ Game loaded: es-sprunki-retake for ja
 (+11ms) 
01:32:59   ├─ /ko/es-sprunki-retake/index.html🔍 Processing fullSlug: ko/es-sprunki-retake, locale: ko, baseSlug: es-sprunki-retake
✅ Game loaded: es-sprunki-retake for ko
 (+11ms) 
01:32:59   ├─ /es-sprunki-sonic/index.html🔍 Processing fullSlug: es-sprunki-sonic, locale: en, baseSlug: es-sprunki-sonic
✅ Game loaded: es-sprunki-sonic for en
 (+11ms) 
01:32:59   ├─ /zh/es-sprunki-sonic/index.html🔍 Processing fullSlug: zh/es-sprunki-sonic, locale: zh, baseSlug: es-sprunki-sonic
✅ Game loaded: es-sprunki-sonic for zh
 (+11ms) 
01:32:59   ├─ /es/es-sprunki-sonic/index.html🔍 Processing fullSlug: es/es-sprunki-sonic, locale: es, baseSlug: es-sprunki-sonic
✅ Game loaded: es-sprunki-sonic for es
 (+11ms) 
01:32:59   ├─ /fr/es-sprunki-sonic/index.html🔍 Processing fullSlug: fr/es-sprunki-sonic, locale: fr, baseSlug: es-sprunki-sonic
✅ Game loaded: es-sprunki-sonic for fr
 (+11ms) 
01:32:59   ├─ /de/es-sprunki-sonic/index.html🔍 Processing fullSlug: de/es-sprunki-sonic, locale: de, baseSlug: es-sprunki-sonic
✅ Game loaded: es-sprunki-sonic for de
 (+10ms) 
01:32:59   ├─ /ja/es-sprunki-sonic/index.html🔍 Processing fullSlug: ja/es-sprunki-sonic, locale: ja, baseSlug: es-sprunki-sonic
✅ Game loaded: es-sprunki-sonic for ja
 (+11ms) 
01:32:59   ├─ /ko/es-sprunki-sonic/index.html🔍 Processing fullSlug: ko/es-sprunki-sonic, locale: ko, baseSlug: es-sprunki-sonic
✅ Game loaded: es-sprunki-sonic for ko
 (+10ms) 
01:32:59   ├─ /es-sprunki-sepbox-steel-factory/index.html🔍 Processing fullSlug: es-sprunki-sepbox-steel-factory, locale: en, baseSlug: es-sprunki-sepbox-steel-factory
✅ Game loaded: es-sprunki-sepbox-steel-factory for en
 (+11ms) 
01:32:59   ├─ /zh/es-sprunki-sepbox-steel-factory/index.html🔍 Processing fullSlug: zh/es-sprunki-sepbox-steel-factory, locale: zh, baseSlug: es-sprunki-sepbox-steel-factory
✅ Game loaded: es-sprunki-sepbox-steel-factory for zh
 (+11ms) 
01:32:59   ├─ /es/es-sprunki-sepbox-steel-factory/index.html🔍 Processing fullSlug: es/es-sprunki-sepbox-steel-factory, locale: es, baseSlug: es-sprunki-sepbox-steel-factory
✅ Game loaded: es-sprunki-sepbox-steel-factory for es
 (+10ms) 
01:32:59   ├─ /fr/es-sprunki-sepbox-steel-factory/index.html🔍 Processing fullSlug: fr/es-sprunki-sepbox-steel-factory, locale: fr, baseSlug: es-sprunki-sepbox-steel-factory
✅ Game loaded: es-sprunki-sepbox-steel-factory for fr
 (+10ms) 
01:32:59   ├─ /de/es-sprunki-sepbox-steel-factory/index.html🔍 Processing fullSlug: de/es-sprunki-sepbox-steel-factory, locale: de, baseSlug: es-sprunki-sepbox-steel-factory
✅ Game loaded: es-sprunki-sepbox-steel-factory for de
 (+10ms) 
01:32:59   ├─ /ja/es-sprunki-sepbox-steel-factory/index.html🔍 Processing fullSlug: ja/es-sprunki-sepbox-steel-factory, locale: ja, baseSlug: es-sprunki-sepbox-steel-factory
✅ Game loaded: es-sprunki-sepbox-steel-factory for ja
 (+11ms) 
01:32:59   ├─ /ko/es-sprunki-sepbox-steel-factory/index.html🔍 Processing fullSlug: ko/es-sprunki-sepbox-steel-factory, locale: ko, baseSlug: es-sprunki-sepbox-steel-factory
✅ Game loaded: es-sprunki-sepbox-steel-factory for ko
 (+11ms) 
01:32:59   ├─ /es-sprunki-squid-remix/index.html🔍 Processing fullSlug: es-sprunki-squid-remix, locale: en, baseSlug: es-sprunki-squid-remix
✅ Game loaded: es-sprunki-squid-remix for en
 (+12ms) 
01:32:59   ├─ /zh/es-sprunki-squid-remix/index.html🔍 Processing fullSlug: zh/es-sprunki-squid-remix, locale: zh, baseSlug: es-sprunki-squid-remix
✅ Game loaded: es-sprunki-squid-remix for zh
 (+15ms) 
01:32:59   ├─ /es/es-sprunki-squid-remix/index.html🔍 Processing fullSlug: es/es-sprunki-squid-remix, locale: es, baseSlug: es-sprunki-squid-remix
✅ Game loaded: es-sprunki-squid-remix for es
 (+14ms) 
01:32:59   ├─ /fr/es-sprunki-squid-remix/index.html🔍 Processing fullSlug: fr/es-sprunki-squid-remix, locale: fr, baseSlug: es-sprunki-squid-remix
✅ Game loaded: es-sprunki-squid-remix for fr
 (+11ms) 
01:32:59   ├─ /de/es-sprunki-squid-remix/index.html🔍 Processing fullSlug: de/es-sprunki-squid-remix, locale: de, baseSlug: es-sprunki-squid-remix
✅ Game loaded: es-sprunki-squid-remix for de
 (+11ms) 
01:32:59   ├─ /ja/es-sprunki-squid-remix/index.html🔍 Processing fullSlug: ja/es-sprunki-squid-remix, locale: ja, baseSlug: es-sprunki-squid-remix
✅ Game loaded: es-sprunki-squid-remix for ja
 (+11ms) 
01:32:59   ├─ /ko/es-sprunki-squid-remix/index.html🔍 Processing fullSlug: ko/es-sprunki-squid-remix, locale: ko, baseSlug: es-sprunki-squid-remix
✅ Game loaded: es-sprunki-squid-remix for ko
 (+10ms) 
01:32:59   ├─ /es-sprunki-swapped-horror/index.html🔍 Processing fullSlug: es-sprunki-swapped-horror, locale: en, baseSlug: es-sprunki-swapped-horror
✅ Game loaded: es-sprunki-swapped-horror for en
 (+10ms) 
01:32:59   ├─ /zh/es-sprunki-swapped-horror/index.html🔍 Processing fullSlug: zh/es-sprunki-swapped-horror, locale: zh, baseSlug: es-sprunki-swapped-horror
✅ Game loaded: es-sprunki-swapped-horror for zh
 (+10ms) 
01:32:59   ├─ /es/es-sprunki-swapped-horror/index.html🔍 Processing fullSlug: es/es-sprunki-swapped-horror, locale: es, baseSlug: es-sprunki-swapped-horror
✅ Game loaded: es-sprunki-swapped-horror for es
 (+10ms) 
01:32:59   ├─ /fr/es-sprunki-swapped-horror/index.html🔍 Processing fullSlug: fr/es-sprunki-swapped-horror, locale: fr, baseSlug: es-sprunki-swapped-horror
✅ Game loaded: es-sprunki-swapped-horror for fr
 (+10ms) 
01:32:59   ├─ /de/es-sprunki-swapped-horror/index.html🔍 Processing fullSlug: de/es-sprunki-swapped-horror, locale: de, baseSlug: es-sprunki-swapped-horror
✅ Game loaded: es-sprunki-swapped-horror for de
 (+10ms) 
01:32:59   ├─ /ja/es-sprunki-swapped-horror/index.html🔍 Processing fullSlug: ja/es-sprunki-swapped-horror, locale: ja, baseSlug: es-sprunki-swapped-horror
✅ Game loaded: es-sprunki-swapped-horror for ja
 (+11ms) 
01:32:59   ├─ /ko/es-sprunki-swapped-horror/index.html🔍 Processing fullSlug: ko/es-sprunki-swapped-horror, locale: ko, baseSlug: es-sprunki-swapped-horror
✅ Game loaded: es-sprunki-swapped-horror for ko
 (+11ms) 
01:32:59   ├─ /es-sprunkle-bops/index.html🔍 Processing fullSlug: es-sprunkle-bops, locale: en, baseSlug: es-sprunkle-bops
✅ Game loaded: es-sprunkle-bops for en
 (+12ms) 
01:32:59   ├─ /zh/es-sprunkle-bops/index.html🔍 Processing fullSlug: zh/es-sprunkle-bops, locale: zh, baseSlug: es-sprunkle-bops
✅ Game loaded: es-sprunkle-bops for zh
 (+15ms) 
01:32:59   ├─ /es/es-sprunkle-bops/index.html🔍 Processing fullSlug: es/es-sprunkle-bops, locale: es, baseSlug: es-sprunkle-bops
✅ Game loaded: es-sprunkle-bops for es
 (+11ms) 
01:32:59   ├─ /fr/es-sprunkle-bops/index.html🔍 Processing fullSlug: fr/es-sprunkle-bops, locale: fr, baseSlug: es-sprunkle-bops
✅ Game loaded: es-sprunkle-bops for fr
 (+11ms) 
01:32:59   ├─ /de/es-sprunkle-bops/index.html🔍 Processing fullSlug: de/es-sprunkle-bops, locale: de, baseSlug: es-sprunkle-bops
✅ Game loaded: es-sprunkle-bops for de
 (+11ms) 
01:32:59   ├─ /ja/es-sprunkle-bops/index.html🔍 Processing fullSlug: ja/es-sprunkle-bops, locale: ja, baseSlug: es-sprunkle-bops
✅ Game loaded: es-sprunkle-bops for ja
 (+11ms) 
01:32:59   ├─ /ko/es-sprunkle-bops/index.html🔍 Processing fullSlug: ko/es-sprunkle-bops, locale: ko, baseSlug: es-sprunkle-bops
✅ Game loaded: es-sprunkle-bops for ko
 (+10ms) 
01:32:59   ├─ /es-sprunki-virus-new-update/index.html🔍 Processing fullSlug: es-sprunki-virus-new-update, locale: en, baseSlug: es-sprunki-virus-new-update
✅ Game loaded: es-sprunki-virus-new-update for en
 (+11ms) 
01:32:59   ├─ /zh/es-sprunki-virus-new-update/index.html🔍 Processing fullSlug: zh/es-sprunki-virus-new-update, locale: zh, baseSlug: es-sprunki-virus-new-update
✅ Game loaded: es-sprunki-virus-new-update for zh
 (+11ms) 
01:32:59   ├─ /es/es-sprunki-virus-new-update/index.html🔍 Processing fullSlug: es/es-sprunki-virus-new-update, locale: es, baseSlug: es-sprunki-virus-new-update
✅ Game loaded: es-sprunki-virus-new-update for es
 (+11ms) 
01:32:59   ├─ /fr/es-sprunki-virus-new-update/index.html🔍 Processing fullSlug: fr/es-sprunki-virus-new-update, locale: fr, baseSlug: es-sprunki-virus-new-update
✅ Game loaded: es-sprunki-virus-new-update for fr
 (+11ms) 
01:32:59   ├─ /de/es-sprunki-virus-new-update/index.html🔍 Processing fullSlug: de/es-sprunki-virus-new-update, locale: de, baseSlug: es-sprunki-virus-new-update
✅ Game loaded: es-sprunki-virus-new-update for de
 (+10ms) 
01:32:59   ├─ /ja/es-sprunki-virus-new-update/index.html🔍 Processing fullSlug: ja/es-sprunki-virus-new-update, locale: ja, baseSlug: es-sprunki-virus-new-update
✅ Game loaded: es-sprunki-virus-new-update for ja
 (+11ms) 
01:32:59   ├─ /ko/es-sprunki-virus-new-update/index.html🔍 Processing fullSlug: ko/es-sprunki-virus-new-update, locale: ko, baseSlug: es-sprunki-virus-new-update
✅ Game loaded: es-sprunki-virus-new-update for ko
 (+12ms) 
01:32:59   ├─ /es-sprunkr-but-sprunki/index.html🔍 Processing fullSlug: es-sprunkr-but-sprunki, locale: en, baseSlug: es-sprunkr-but-sprunki
✅ Game loaded: es-sprunkr-but-sprunki for en
 (+13ms) 
01:32:59   ├─ /zh/es-sprunkr-but-sprunki/index.html🔍 Processing fullSlug: zh/es-sprunkr-but-sprunki, locale: zh, baseSlug: es-sprunkr-but-sprunki
✅ Game loaded: es-sprunkr-but-sprunki for zh
 (+13ms) 
01:32:59   ├─ /es/es-sprunkr-but-sprunki/index.html🔍 Processing fullSlug: es/es-sprunkr-but-sprunki, locale: es, baseSlug: es-sprunkr-but-sprunki
✅ Game loaded: es-sprunkr-but-sprunki for es
 (+11ms) 
01:32:59   ├─ /fr/es-sprunkr-but-sprunki/index.html🔍 Processing fullSlug: fr/es-sprunkr-but-sprunki, locale: fr, baseSlug: es-sprunkr-but-sprunki
✅ Game loaded: es-sprunkr-but-sprunki for fr
 (+16ms) 
01:32:59   ├─ /de/es-sprunkr-but-sprunki/index.html🔍 Processing fullSlug: de/es-sprunkr-but-sprunki, locale: de, baseSlug: es-sprunkr-but-sprunki
✅ Game loaded: es-sprunkr-but-sprunki for de
 (+21ms) 
01:32:59   ├─ /ja/es-sprunkr-but-sprunki/index.html🔍 Processing fullSlug: ja/es-sprunkr-but-sprunki, locale: ja, baseSlug: es-sprunkr-but-sprunki
✅ Game loaded: es-sprunkr-but-sprunki for ja
 (+17ms) 
01:32:59   ├─ /ko/es-sprunkr-but-sprunki/index.html🔍 Processing fullSlug: ko/es-sprunkr-but-sprunki, locale: ko, baseSlug: es-sprunkr-but-sprunki
✅ Game loaded: es-sprunkr-but-sprunki for ko
 (+13ms) 
01:32:59   ├─ /es-super-sprunki-brasil/index.html🔍 Processing fullSlug: es-super-sprunki-brasil, locale: en, baseSlug: es-super-sprunki-brasil
✅ Game loaded: es-super-sprunki-brasil for en
 (+18ms) 
01:32:59   ├─ /zh/es-super-sprunki-brasil/index.html🔍 Processing fullSlug: zh/es-super-sprunki-brasil, locale: zh, baseSlug: es-super-sprunki-brasil
✅ Game loaded: es-super-sprunki-brasil for zh
 (+12ms) 
01:32:59   ├─ /es/es-super-sprunki-brasil/index.html🔍 Processing fullSlug: es/es-super-sprunki-brasil, locale: es, baseSlug: es-super-sprunki-brasil
✅ Game loaded: es-super-sprunki-brasil for es
 (+11ms) 
01:32:59   ├─ /fr/es-super-sprunki-brasil/index.html🔍 Processing fullSlug: fr/es-super-sprunki-brasil, locale: fr, baseSlug: es-super-sprunki-brasil
✅ Game loaded: es-super-sprunki-brasil for fr
 (+11ms) 
01:32:59   ├─ /de/es-super-sprunki-brasil/index.html🔍 Processing fullSlug: de/es-super-sprunki-brasil, locale: de, baseSlug: es-super-sprunki-brasil
✅ Game loaded: es-super-sprunki-brasil for de
 (+10ms) 
01:32:59   ├─ /ja/es-super-sprunki-brasil/index.html🔍 Processing fullSlug: ja/es-super-sprunki-brasil, locale: ja, baseSlug: es-super-sprunki-brasil
✅ Game loaded: es-super-sprunki-brasil for ja
 (+10ms) 
01:32:59   ├─ /ko/es-super-sprunki-brasil/index.html🔍 Processing fullSlug: ko/es-super-sprunki-brasil, locale: ko, baseSlug: es-super-sprunki-brasil
✅ Game loaded: es-super-sprunki-brasil for ko
 (+11ms) 
01:32:59   ├─ /es-the-haze-pixelbox/index.html🔍 Processing fullSlug: es-the-haze-pixelbox, locale: en, baseSlug: es-the-haze-pixelbox
✅ Game loaded: es-the-haze-pixelbox for en
 (+12ms) 
01:32:59   ├─ /zh/es-the-haze-pixelbox/index.html🔍 Processing fullSlug: zh/es-the-haze-pixelbox, locale: zh, baseSlug: es-the-haze-pixelbox
✅ Game loaded: es-the-haze-pixelbox for zh
 (+12ms) 
01:32:59   ├─ /es/es-the-haze-pixelbox/index.html🔍 Processing fullSlug: es/es-the-haze-pixelbox, locale: es, baseSlug: es-the-haze-pixelbox
✅ Game loaded: es-the-haze-pixelbox for es
 (+12ms) 
01:32:59   ├─ /fr/es-the-haze-pixelbox/index.html🔍 Processing fullSlug: fr/es-the-haze-pixelbox, locale: fr, baseSlug: es-the-haze-pixelbox
✅ Game loaded: es-the-haze-pixelbox for fr
 (+11ms) 
01:32:59   ├─ /de/es-the-haze-pixelbox/index.html🔍 Processing fullSlug: de/es-the-haze-pixelbox, locale: de, baseSlug: es-the-haze-pixelbox
✅ Game loaded: es-the-haze-pixelbox for de
 (+10ms) 
01:32:59   ├─ /ja/es-the-haze-pixelbox/index.html🔍 Processing fullSlug: ja/es-the-haze-pixelbox, locale: ja, baseSlug: es-the-haze-pixelbox
✅ Game loaded: es-the-haze-pixelbox for ja
 (+11ms) 
01:32:59   ├─ /ko/es-the-haze-pixelbox/index.html🔍 Processing fullSlug: ko/es-the-haze-pixelbox, locale: ko, baseSlug: es-the-haze-pixelbox
✅ Game loaded: es-the-haze-pixelbox for ko
 (+11ms) 
01:32:59   ├─ /es-yojou-sprunki-mustard/index.html🔍 Processing fullSlug: es-yojou-sprunki-mustard, locale: en, baseSlug: es-yojou-sprunki-mustard
✅ Game loaded: es-yojou-sprunki-mustard for en
 (+11ms) 
01:32:59   ├─ /zh/es-yojou-sprunki-mustard/index.html🔍 Processing fullSlug: zh/es-yojou-sprunki-mustard, locale: zh, baseSlug: es-yojou-sprunki-mustard
✅ Game loaded: es-yojou-sprunki-mustard for zh
 (+11ms) 
01:32:59   ├─ /es/es-yojou-sprunki-mustard/index.html🔍 Processing fullSlug: es/es-yojou-sprunki-mustard, locale: es, baseSlug: es-yojou-sprunki-mustard
✅ Game loaded: es-yojou-sprunki-mustard for es
 (+11ms) 
01:32:59   ├─ /fr/es-yojou-sprunki-mustard/index.html🔍 Processing fullSlug: fr/es-yojou-sprunki-mustard, locale: fr, baseSlug: es-yojou-sprunki-mustard
✅ Game loaded: es-yojou-sprunki-mustard for fr
 (+10ms) 
01:33:00   ├─ /de/es-yojou-sprunki-mustard/index.html🔍 Processing fullSlug: de/es-yojou-sprunki-mustard, locale: de, baseSlug: es-yojou-sprunki-mustard
✅ Game loaded: es-yojou-sprunki-mustard for de
 (+11ms) 
01:33:00   ├─ /ja/es-yojou-sprunki-mustard/index.html🔍 Processing fullSlug: ja/es-yojou-sprunki-mustard, locale: ja, baseSlug: es-yojou-sprunki-mustard
✅ Game loaded: es-yojou-sprunki-mustard for ja
 (+12ms) 
01:33:00   ├─ /ko/es-yojou-sprunki-mustard/index.html🔍 Processing fullSlug: ko/es-yojou-sprunki-mustard, locale: ko, baseSlug: es-yojou-sprunki-mustard
✅ Game loaded: es-yojou-sprunki-mustard for ko
 (+12ms) 
01:33:00   ├─ /fr-ayocs-sprunkr/index.html🔍 Processing fullSlug: fr-ayocs-sprunkr, locale: en, baseSlug: fr-ayocs-sprunkr
✅ Game loaded: fr-ayocs-sprunkr for en
 (+13ms) 
01:33:00   ├─ /zh/fr-ayocs-sprunkr/index.html🔍 Processing fullSlug: zh/fr-ayocs-sprunkr, locale: zh, baseSlug: fr-ayocs-sprunkr
✅ Game loaded: fr-ayocs-sprunkr for zh
 (+16ms) 
01:33:00   ├─ /es/fr-ayocs-sprunkr/index.html🔍 Processing fullSlug: es/fr-ayocs-sprunkr, locale: es, baseSlug: fr-ayocs-sprunkr
✅ Game loaded: fr-ayocs-sprunkr for es
 (+11ms) 
01:33:00   ├─ /fr/fr-ayocs-sprunkr/index.html🔍 Processing fullSlug: fr/fr-ayocs-sprunkr, locale: fr, baseSlug: fr-ayocs-sprunkr
✅ Game loaded: fr-ayocs-sprunkr for fr
 (+10ms) 
01:33:00   ├─ /de/fr-ayocs-sprunkr/index.html🔍 Processing fullSlug: de/fr-ayocs-sprunkr, locale: de, baseSlug: fr-ayocs-sprunkr
✅ Game loaded: fr-ayocs-sprunkr for de
 (+11ms) 
01:33:00   ├─ /ja/fr-ayocs-sprunkr/index.html🔍 Processing fullSlug: ja/fr-ayocs-sprunkr, locale: ja, baseSlug: fr-ayocs-sprunkr
✅ Game loaded: fr-ayocs-sprunkr for ja
 (+11ms) 
01:33:00   ├─ /ko/fr-ayocs-sprunkr/index.html🔍 Processing fullSlug: ko/fr-ayocs-sprunkr, locale: ko, baseSlug: fr-ayocs-sprunkr
✅ Game loaded: fr-ayocs-sprunkr for ko
 (+10ms) 
01:33:00   ├─ /es-swap-sprunkgerny/index.html🔍 Processing fullSlug: es-swap-sprunkgerny, locale: en, baseSlug: es-swap-sprunkgerny
✅ Game loaded: es-swap-sprunkgerny for en
 (+11ms) 
01:33:00   ├─ /zh/es-swap-sprunkgerny/index.html🔍 Processing fullSlug: zh/es-swap-sprunkgerny, locale: zh, baseSlug: es-swap-sprunkgerny
✅ Game loaded: es-swap-sprunkgerny for zh
 (+19ms) 
01:33:00   ├─ /es/es-swap-sprunkgerny/index.html🔍 Processing fullSlug: es/es-swap-sprunkgerny, locale: es, baseSlug: es-swap-sprunkgerny
✅ Game loaded: es-swap-sprunkgerny for es
 (+19ms) 
01:33:00   ├─ /fr/es-swap-sprunkgerny/index.html🔍 Processing fullSlug: fr/es-swap-sprunkgerny, locale: fr, baseSlug: es-swap-sprunkgerny
✅ Game loaded: es-swap-sprunkgerny for fr
 (+19ms) 
01:33:00   ├─ /de/es-swap-sprunkgerny/index.html🔍 Processing fullSlug: de/es-swap-sprunkgerny, locale: de, baseSlug: es-swap-sprunkgerny
✅ Game loaded: es-swap-sprunkgerny for de
 (+20ms) 
01:33:00   ├─ /ja/es-swap-sprunkgerny/index.html🔍 Processing fullSlug: ja/es-swap-sprunkgerny, locale: ja, baseSlug: es-swap-sprunkgerny
✅ Game loaded: es-swap-sprunkgerny for ja
 (+18ms) 
01:33:00   ├─ /ko/es-swap-sprunkgerny/index.html🔍 Processing fullSlug: ko/es-swap-sprunkgerny, locale: ko, baseSlug: es-swap-sprunkgerny
✅ Game loaded: es-swap-sprunkgerny for ko
 (+14ms) 
01:33:00   ├─ /fr-dandyrunki-retake/index.html🔍 Processing fullSlug: fr-dandyrunki-retake, locale: en, baseSlug: fr-dandyrunki-retake
✅ Game loaded: fr-dandyrunki-retake for en
 (+14ms) 
01:33:00   ├─ /zh/fr-dandyrunki-retake/index.html🔍 Processing fullSlug: zh/fr-dandyrunki-retake, locale: zh, baseSlug: fr-dandyrunki-retake
✅ Game loaded: fr-dandyrunki-retake for zh
 (+11ms) 
01:33:00   ├─ /es/fr-dandyrunki-retake/index.html🔍 Processing fullSlug: es/fr-dandyrunki-retake, locale: es, baseSlug: fr-dandyrunki-retake
✅ Game loaded: fr-dandyrunki-retake for es
 (+11ms) 
01:33:00   ├─ /fr/fr-dandyrunki-retake/index.html🔍 Processing fullSlug: fr/fr-dandyrunki-retake, locale: fr, baseSlug: fr-dandyrunki-retake
✅ Game loaded: fr-dandyrunki-retake for fr
 (+11ms) 
01:33:00   ├─ /de/fr-dandyrunki-retake/index.html🔍 Processing fullSlug: de/fr-dandyrunki-retake, locale: de, baseSlug: fr-dandyrunki-retake
✅ Game loaded: fr-dandyrunki-retake for de
 (+11ms) 
01:33:00   ├─ /ja/fr-dandyrunki-retake/index.html🔍 Processing fullSlug: ja/fr-dandyrunki-retake, locale: ja, baseSlug: fr-dandyrunki-retake
✅ Game loaded: fr-dandyrunki-retake for ja
 (+11ms) 
01:33:00   ├─ /ko/fr-dandyrunki-retake/index.html🔍 Processing fullSlug: ko/fr-dandyrunki-retake, locale: ko, baseSlug: fr-dandyrunki-retake
✅ Game loaded: fr-dandyrunki-retake for ko
 (+11ms) 
01:33:00   ├─ /fr-fiddlebops-but-dandys-world/index.html🔍 Processing fullSlug: fr-fiddlebops-but-dandys-world, locale: en, baseSlug: fr-fiddlebops-but-dandys-world
✅ Game loaded: fr-fiddlebops-but-dandys-world for en
 (+14ms) 
01:33:00   ├─ /zh/fr-fiddlebops-but-dandys-world/index.html🔍 Processing fullSlug: zh/fr-fiddlebops-but-dandys-world, locale: zh, baseSlug: fr-fiddlebops-but-dandys-world
✅ Game loaded: fr-fiddlebops-but-dandys-world for zh
 (+17ms) 
01:33:00   ├─ /es/fr-fiddlebops-but-dandys-world/index.html🔍 Processing fullSlug: es/fr-fiddlebops-but-dandys-world, locale: es, baseSlug: fr-fiddlebops-but-dandys-world
✅ Game loaded: fr-fiddlebops-but-dandys-world for es
 (+11ms) 
01:33:00   ├─ /fr/fr-fiddlebops-but-dandys-world/index.html🔍 Processing fullSlug: fr/fr-fiddlebops-but-dandys-world, locale: fr, baseSlug: fr-fiddlebops-but-dandys-world
✅ Game loaded: fr-fiddlebops-but-dandys-world for fr
 (+11ms) 
01:33:00   ├─ /de/fr-fiddlebops-but-dandys-world/index.html🔍 Processing fullSlug: de/fr-fiddlebops-but-dandys-world, locale: de, baseSlug: fr-fiddlebops-but-dandys-world
✅ Game loaded: fr-fiddlebops-but-dandys-world for de
 (+11ms) 
01:33:00   ├─ /ja/fr-fiddlebops-but-dandys-world/index.html🔍 Processing fullSlug: ja/fr-fiddlebops-but-dandys-world, locale: ja, baseSlug: fr-fiddlebops-but-dandys-world
✅ Game loaded: fr-fiddlebops-but-dandys-world for ja
 (+10ms) 
01:33:00   ├─ /ko/fr-fiddlebops-but-dandys-world/index.html🔍 Processing fullSlug: ko/fr-fiddlebops-but-dandys-world, locale: ko, baseSlug: fr-fiddlebops-but-dandys-world
✅ Game loaded: fr-fiddlebops-but-dandys-world for ko
 (+11ms) 
01:33:00   ├─ /fr-fiddlebops-but-sprunki/index.html🔍 Processing fullSlug: fr-fiddlebops-but-sprunki, locale: en, baseSlug: fr-fiddlebops-but-sprunki
✅ Game loaded: fr-fiddlebops-but-sprunki for en
 (+11ms) 
01:33:00   ├─ /zh/fr-fiddlebops-but-sprunki/index.html🔍 Processing fullSlug: zh/fr-fiddlebops-but-sprunki, locale: zh, baseSlug: fr-fiddlebops-but-sprunki
✅ Game loaded: fr-fiddlebops-but-sprunki for zh
 (+10ms) 
01:33:00   ├─ /es/fr-fiddlebops-but-sprunki/index.html🔍 Processing fullSlug: es/fr-fiddlebops-but-sprunki, locale: es, baseSlug: fr-fiddlebops-but-sprunki
✅ Game loaded: fr-fiddlebops-but-sprunki for es
 (+11ms) 
01:33:00   ├─ /fr/fr-fiddlebops-but-sprunki/index.html🔍 Processing fullSlug: fr/fr-fiddlebops-but-sprunki, locale: fr, baseSlug: fr-fiddlebops-but-sprunki
✅ Game loaded: fr-fiddlebops-but-sprunki for fr
 (+11ms) 
01:33:00   ├─ /de/fr-fiddlebops-but-sprunki/index.html🔍 Processing fullSlug: de/fr-fiddlebops-but-sprunki, locale: de, baseSlug: fr-fiddlebops-but-sprunki
✅ Game loaded: fr-fiddlebops-but-sprunki for de
 (+11ms) 
01:33:00   ├─ /ja/fr-fiddlebops-but-sprunki/index.html🔍 Processing fullSlug: ja/fr-fiddlebops-but-sprunki, locale: ja, baseSlug: fr-fiddlebops-but-sprunki
✅ Game loaded: fr-fiddlebops-but-sprunki for ja
 (+11ms) 
01:33:00   ├─ /ko/fr-fiddlebops-but-sprunki/index.html🔍 Processing fullSlug: ko/fr-fiddlebops-but-sprunki, locale: ko, baseSlug: fr-fiddlebops-but-sprunki
✅ Game loaded: fr-fiddlebops-but-sprunki for ko
 (+11ms) 
01:33:00   ├─ /fr-fiddlebops-sprunkbop/index.html🔍 Processing fullSlug: fr-fiddlebops-sprunkbop, locale: en, baseSlug: fr-fiddlebops-sprunkbop
✅ Game loaded: fr-fiddlebops-sprunkbop for en
 (+14ms) 
01:33:00   ├─ /zh/fr-fiddlebops-sprunkbop/index.html🔍 Processing fullSlug: zh/fr-fiddlebops-sprunkbop, locale: zh, baseSlug: fr-fiddlebops-sprunkbop
✅ Game loaded: fr-fiddlebops-sprunkbop for zh
 (+13ms) 
01:33:00   ├─ /es/fr-fiddlebops-sprunkbop/index.html🔍 Processing fullSlug: es/fr-fiddlebops-sprunkbop, locale: es, baseSlug: fr-fiddlebops-sprunkbop
✅ Game loaded: fr-fiddlebops-sprunkbop for es
 (+11ms) 
01:33:00   ├─ /fr/fr-fiddlebops-sprunkbop/index.html🔍 Processing fullSlug: fr/fr-fiddlebops-sprunkbop, locale: fr, baseSlug: fr-fiddlebops-sprunkbop
✅ Game loaded: fr-fiddlebops-sprunkbop for fr
 (+11ms) 
01:33:00   ├─ /de/fr-fiddlebops-sprunkbop/index.html🔍 Processing fullSlug: de/fr-fiddlebops-sprunkbop, locale: de, baseSlug: fr-fiddlebops-sprunkbop
✅ Game loaded: fr-fiddlebops-sprunkbop for de
 (+10ms) 
01:33:00   ├─ /ja/fr-fiddlebops-sprunkbop/index.html🔍 Processing fullSlug: ja/fr-fiddlebops-sprunkbop, locale: ja, baseSlug: fr-fiddlebops-sprunkbop
✅ Game loaded: fr-fiddlebops-sprunkbop for ja
 (+10ms) 
01:33:00   ├─ /ko/fr-fiddlebops-sprunkbop/index.html🔍 Processing fullSlug: ko/fr-fiddlebops-sprunkbop, locale: ko, baseSlug: fr-fiddlebops-sprunkbop
✅ Game loaded: fr-fiddlebops-sprunkbop for ko
 (+11ms) 
01:33:00   ├─ /fr-fiddlebops-fix/index.html🔍 Processing fullSlug: fr-fiddlebops-fix, locale: en, baseSlug: fr-fiddlebops-fix
✅ Game loaded: fr-fiddlebops-fix for en
 (+11ms) 
01:33:00   ├─ /zh/fr-fiddlebops-fix/index.html🔍 Processing fullSlug: zh/fr-fiddlebops-fix, locale: zh, baseSlug: fr-fiddlebops-fix
✅ Game loaded: fr-fiddlebops-fix for zh
 (+11ms) 
01:33:00   ├─ /es/fr-fiddlebops-fix/index.html🔍 Processing fullSlug: es/fr-fiddlebops-fix, locale: es, baseSlug: fr-fiddlebops-fix
✅ Game loaded: fr-fiddlebops-fix for es
 (+11ms) 
01:33:00   ├─ /fr/fr-fiddlebops-fix/index.html🔍 Processing fullSlug: fr/fr-fiddlebops-fix, locale: fr, baseSlug: fr-fiddlebops-fix
✅ Game loaded: fr-fiddlebops-fix for fr
 (+11ms) 
01:33:00   ├─ /de/fr-fiddlebops-fix/index.html🔍 Processing fullSlug: de/fr-fiddlebops-fix, locale: de, baseSlug: fr-fiddlebops-fix
✅ Game loaded: fr-fiddlebops-fix for de
 (+10ms) 
01:33:00   ├─ /ja/fr-fiddlebops-fix/index.html🔍 Processing fullSlug: ja/fr-fiddlebops-fix, locale: ja, baseSlug: fr-fiddlebops-fix
✅ Game loaded: fr-fiddlebops-fix for ja
 (+12ms) 
01:33:00   ├─ /ko/fr-fiddlebops-fix/index.html🔍 Processing fullSlug: ko/fr-fiddlebops-fix, locale: ko, baseSlug: fr-fiddlebops-fix
✅ Game loaded: fr-fiddlebops-fix for ko
 (+11ms) 
01:33:00   ├─ /fr-fiddlebops-polos/index.html🔍 Processing fullSlug: fr-fiddlebops-polos, locale: en, baseSlug: fr-fiddlebops-polos
✅ Game loaded: fr-fiddlebops-polos for en
 (+13ms) 
01:33:00   ├─ /zh/fr-fiddlebops-polos/index.html🔍 Processing fullSlug: zh/fr-fiddlebops-polos, locale: zh, baseSlug: fr-fiddlebops-polos
✅ Game loaded: fr-fiddlebops-polos for zh
 (+14ms) 
01:33:00   ├─ /es/fr-fiddlebops-polos/index.html🔍 Processing fullSlug: es/fr-fiddlebops-polos, locale: es, baseSlug: fr-fiddlebops-polos
✅ Game loaded: fr-fiddlebops-polos for es
 (+11ms) 
01:33:00   ├─ /fr/fr-fiddlebops-polos/index.html🔍 Processing fullSlug: fr/fr-fiddlebops-polos, locale: fr, baseSlug: fr-fiddlebops-polos
✅ Game loaded: fr-fiddlebops-polos for fr
 (+11ms) 
01:33:00   ├─ /de/fr-fiddlebops-polos/index.html🔍 Processing fullSlug: de/fr-fiddlebops-polos, locale: de, baseSlug: fr-fiddlebops-polos
✅ Game loaded: fr-fiddlebops-polos for de
 (+11ms) 
01:33:00   ├─ /ja/fr-fiddlebops-polos/index.html🔍 Processing fullSlug: ja/fr-fiddlebops-polos, locale: ja, baseSlug: fr-fiddlebops-polos
✅ Game loaded: fr-fiddlebops-polos for ja
 (+11ms) 
01:33:00   ├─ /ko/fr-fiddlebops-polos/index.html🔍 Processing fullSlug: ko/fr-fiddlebops-polos, locale: ko, baseSlug: fr-fiddlebops-polos
✅ Game loaded: fr-fiddlebops-polos for ko
 (+11ms) 
01:33:00   ├─ /fr-fiddlebops-sprunki/index.html🔍 Processing fullSlug: fr-fiddlebops-sprunki, locale: en, baseSlug: fr-fiddlebops-sprunki
✅ Game loaded: fr-fiddlebops-sprunki for en
 (+11ms) 
01:33:00   ├─ /zh/fr-fiddlebops-sprunki/index.html🔍 Processing fullSlug: zh/fr-fiddlebops-sprunki, locale: zh, baseSlug: fr-fiddlebops-sprunki
✅ Game loaded: fr-fiddlebops-sprunki for zh
 (+13ms) 
01:33:00   ├─ /es/fr-fiddlebops-sprunki/index.html🔍 Processing fullSlug: es/fr-fiddlebops-sprunki, locale: es, baseSlug: fr-fiddlebops-sprunki
✅ Game loaded: fr-fiddlebops-sprunki for es
 (+15ms) 
01:33:00   ├─ /fr/fr-fiddlebops-sprunki/index.html🔍 Processing fullSlug: fr/fr-fiddlebops-sprunki, locale: fr, baseSlug: fr-fiddlebops-sprunki
✅ Game loaded: fr-fiddlebops-sprunki for fr
 (+10ms) 
01:33:00   ├─ /de/fr-fiddlebops-sprunki/index.html🔍 Processing fullSlug: de/fr-fiddlebops-sprunki, locale: de, baseSlug: fr-fiddlebops-sprunki
✅ Game loaded: fr-fiddlebops-sprunki for de
 (+10ms) 
01:33:00   ├─ /ja/fr-fiddlebops-sprunki/index.html🔍 Processing fullSlug: ja/fr-fiddlebops-sprunki, locale: ja, baseSlug: fr-fiddlebops-sprunki
✅ Game loaded: fr-fiddlebops-sprunki for ja
 (+11ms) 
01:33:00   ├─ /ko/fr-fiddlebops-sprunki/index.html🔍 Processing fullSlug: ko/fr-fiddlebops-sprunki, locale: ko, baseSlug: fr-fiddlebops-sprunki
✅ Game loaded: fr-fiddlebops-sprunki for ko
 (+11ms) 
01:33:00   ├─ /fr-fiddlebops-sprunksters-remix/index.html🔍 Processing fullSlug: fr-fiddlebops-sprunksters-remix, locale: en, baseSlug: fr-fiddlebops-sprunksters-remix
✅ Game loaded: fr-fiddlebops-sprunksters-remix for en
 (+11ms) 
01:33:00   ├─ /zh/fr-fiddlebops-sprunksters-remix/index.html🔍 Processing fullSlug: zh/fr-fiddlebops-sprunksters-remix, locale: zh, baseSlug: fr-fiddlebops-sprunksters-remix
✅ Game loaded: fr-fiddlebops-sprunksters-remix for zh
 (+11ms) 
01:33:00   ├─ /es/fr-fiddlebops-sprunksters-remix/index.html🔍 Processing fullSlug: es/fr-fiddlebops-sprunksters-remix, locale: es, baseSlug: fr-fiddlebops-sprunksters-remix
✅ Game loaded: fr-fiddlebops-sprunksters-remix for es
 (+11ms) 
01:33:00   ├─ /fr/fr-fiddlebops-sprunksters-remix/index.html🔍 Processing fullSlug: fr/fr-fiddlebops-sprunksters-remix, locale: fr, baseSlug: fr-fiddlebops-sprunksters-remix
✅ Game loaded: fr-fiddlebops-sprunksters-remix for fr
 (+11ms) 
01:33:00   ├─ /de/fr-fiddlebops-sprunksters-remix/index.html🔍 Processing fullSlug: de/fr-fiddlebops-sprunksters-remix, locale: de, baseSlug: fr-fiddlebops-sprunksters-remix
✅ Game loaded: fr-fiddlebops-sprunksters-remix for de
 (+10ms) 
01:33:00   ├─ /ja/fr-fiddlebops-sprunksters-remix/index.html🔍 Processing fullSlug: ja/fr-fiddlebops-sprunksters-remix, locale: ja, baseSlug: fr-fiddlebops-sprunksters-remix
✅ Game loaded: fr-fiddlebops-sprunksters-remix for ja
 (+11ms) 
01:33:00   ├─ /ko/fr-fiddlebops-sprunksters-remix/index.html🔍 Processing fullSlug: ko/fr-fiddlebops-sprunksters-remix, locale: ko, baseSlug: fr-fiddlebops-sprunksters-remix
✅ Game loaded: fr-fiddlebops-sprunksters-remix for ko
 (+12ms) 
01:33:00   ├─ /fr-incredibox-cool-as-ice/index.html🔍 Processing fullSlug: fr-incredibox-cool-as-ice, locale: en, baseSlug: fr-incredibox-cool-as-ice
✅ Game loaded: fr-incredibox-cool-as-ice for en
 (+12ms) 
01:33:00   ├─ /zh/fr-incredibox-cool-as-ice/index.html🔍 Processing fullSlug: zh/fr-incredibox-cool-as-ice, locale: zh, baseSlug: fr-incredibox-cool-as-ice
✅ Game loaded: fr-incredibox-cool-as-ice for zh
 (+21ms) 
01:33:00   ├─ /es/fr-incredibox-cool-as-ice/index.html🔍 Processing fullSlug: es/fr-incredibox-cool-as-ice, locale: es, baseSlug: fr-incredibox-cool-as-ice
✅ Game loaded: fr-incredibox-cool-as-ice for es
 (+12ms) 
01:33:00   ├─ /fr/fr-incredibox-cool-as-ice/index.html🔍 Processing fullSlug: fr/fr-incredibox-cool-as-ice, locale: fr, baseSlug: fr-incredibox-cool-as-ice
✅ Game loaded: fr-incredibox-cool-as-ice for fr
 (+11ms) 
01:33:00   ├─ /de/fr-incredibox-cool-as-ice/index.html🔍 Processing fullSlug: de/fr-incredibox-cool-as-ice, locale: de, baseSlug: fr-incredibox-cool-as-ice
✅ Game loaded: fr-incredibox-cool-as-ice for de
 (+11ms) 
01:33:00   ├─ /ja/fr-incredibox-cool-as-ice/index.html🔍 Processing fullSlug: ja/fr-incredibox-cool-as-ice, locale: ja, baseSlug: fr-incredibox-cool-as-ice
✅ Game loaded: fr-incredibox-cool-as-ice for ja
 (+11ms) 
01:33:00   ├─ /ko/fr-incredibox-cool-as-ice/index.html🔍 Processing fullSlug: ko/fr-incredibox-cool-as-ice, locale: ko, baseSlug: fr-incredibox-cool-as-ice
✅ Game loaded: fr-incredibox-cool-as-ice for ko
 (+10ms) 
01:33:00   ├─ /fr-incredibox-donki-abgerny/index.html🔍 Processing fullSlug: fr-incredibox-donki-abgerny, locale: en, baseSlug: fr-incredibox-donki-abgerny
✅ Game loaded: fr-incredibox-donki-abgerny for en
 (+32ms) 
01:33:00   ├─ /zh/fr-incredibox-donki-abgerny/index.html🔍 Processing fullSlug: zh/fr-incredibox-donki-abgerny, locale: zh, baseSlug: fr-incredibox-donki-abgerny
✅ Game loaded: fr-incredibox-donki-abgerny for zh
 (+16ms) 
01:33:01   ├─ /es/fr-incredibox-donki-abgerny/index.html🔍 Processing fullSlug: es/fr-incredibox-donki-abgerny, locale: es, baseSlug: fr-incredibox-donki-abgerny
✅ Game loaded: fr-incredibox-donki-abgerny for es
 (+13ms) 
01:33:01   ├─ /fr/fr-incredibox-donki-abgerny/index.html🔍 Processing fullSlug: fr/fr-incredibox-donki-abgerny, locale: fr, baseSlug: fr-incredibox-donki-abgerny
✅ Game loaded: fr-incredibox-donki-abgerny for fr
 (+11ms) 
01:33:01   ├─ /de/fr-incredibox-donki-abgerny/index.html🔍 Processing fullSlug: de/fr-incredibox-donki-abgerny, locale: de, baseSlug: fr-incredibox-donki-abgerny
✅ Game loaded: fr-incredibox-donki-abgerny for de
 (+11ms) 
01:33:01   ├─ /ja/fr-incredibox-donki-abgerny/index.html🔍 Processing fullSlug: ja/fr-incredibox-donki-abgerny, locale: ja, baseSlug: fr-incredibox-donki-abgerny
✅ Game loaded: fr-incredibox-donki-abgerny for ja
 (+11ms) 
01:33:01   ├─ /ko/fr-incredibox-donki-abgerny/index.html🔍 Processing fullSlug: ko/fr-incredibox-donki-abgerny, locale: ko, baseSlug: fr-incredibox-donki-abgerny
✅ Game loaded: fr-incredibox-donki-abgerny for ko
 (+12ms) 
01:33:01   ├─ /fr-incredibox-shatter-sprunk/index.html🔍 Processing fullSlug: fr-incredibox-shatter-sprunk, locale: en, baseSlug: fr-incredibox-shatter-sprunk
✅ Game loaded: fr-incredibox-shatter-sprunk for en
 (+12ms) 
01:33:01   ├─ /zh/fr-incredibox-shatter-sprunk/index.html🔍 Processing fullSlug: zh/fr-incredibox-shatter-sprunk, locale: zh, baseSlug: fr-incredibox-shatter-sprunk
✅ Game loaded: fr-incredibox-shatter-sprunk for zh
 (+13ms) 
01:33:01   ├─ /es/fr-incredibox-shatter-sprunk/index.html🔍 Processing fullSlug: es/fr-incredibox-shatter-sprunk, locale: es, baseSlug: fr-incredibox-shatter-sprunk
✅ Game loaded: fr-incredibox-shatter-sprunk for es
 (+11ms) 
01:33:01   ├─ /fr/fr-incredibox-shatter-sprunk/index.html🔍 Processing fullSlug: fr/fr-incredibox-shatter-sprunk, locale: fr, baseSlug: fr-incredibox-shatter-sprunk
✅ Game loaded: fr-incredibox-shatter-sprunk for fr
 (+11ms) 
01:33:01   ├─ /de/fr-incredibox-shatter-sprunk/index.html🔍 Processing fullSlug: de/fr-incredibox-shatter-sprunk, locale: de, baseSlug: fr-incredibox-shatter-sprunk
✅ Game loaded: fr-incredibox-shatter-sprunk for de
 (+10ms) 
01:33:01   ├─ /ja/fr-incredibox-shatter-sprunk/index.html🔍 Processing fullSlug: ja/fr-incredibox-shatter-sprunk, locale: ja, baseSlug: fr-incredibox-shatter-sprunk
✅ Game loaded: fr-incredibox-shatter-sprunk for ja
 (+11ms) 
01:33:01   ├─ /ko/fr-incredibox-shatter-sprunk/index.html🔍 Processing fullSlug: ko/fr-incredibox-shatter-sprunk, locale: ko, baseSlug: fr-incredibox-shatter-sprunk
✅ Game loaded: fr-incredibox-shatter-sprunk for ko
 (+11ms) 
01:33:01   ├─ /fr-incredibox-sprinkle/index.html🔍 Processing fullSlug: fr-incredibox-sprinkle, locale: en, baseSlug: fr-incredibox-sprinkle
✅ Game loaded: fr-incredibox-sprinkle for en
 (+12ms) 
01:33:01   ├─ /zh/fr-incredibox-sprinkle/index.html🔍 Processing fullSlug: zh/fr-incredibox-sprinkle, locale: zh, baseSlug: fr-incredibox-sprinkle
✅ Game loaded: fr-incredibox-sprinkle for zh
 (+11ms) 
01:33:01   ├─ /es/fr-incredibox-sprinkle/index.html🔍 Processing fullSlug: es/fr-incredibox-sprinkle, locale: es, baseSlug: fr-incredibox-sprinkle
✅ Game loaded: fr-incredibox-sprinkle for es
 (+11ms) 
01:33:01   ├─ /fr/fr-incredibox-sprinkle/index.html🔍 Processing fullSlug: fr/fr-incredibox-sprinkle, locale: fr, baseSlug: fr-incredibox-sprinkle
✅ Game loaded: fr-incredibox-sprinkle for fr
 (+11ms) 
01:33:01   ├─ /de/fr-incredibox-sprinkle/index.html🔍 Processing fullSlug: de/fr-incredibox-sprinkle, locale: de, baseSlug: fr-incredibox-sprinkle
✅ Game loaded: fr-incredibox-sprinkle for de
 (+10ms) 
01:33:01   ├─ /ja/fr-incredibox-sprinkle/index.html🔍 Processing fullSlug: ja/fr-incredibox-sprinkle, locale: ja, baseSlug: fr-incredibox-sprinkle
✅ Game loaded: fr-incredibox-sprinkle for ja
 (+11ms) 
01:33:01   ├─ /ko/fr-incredibox-sprinkle/index.html🔍 Processing fullSlug: ko/fr-incredibox-sprinkle, locale: ko, baseSlug: fr-incredibox-sprinkle
✅ Game loaded: fr-incredibox-sprinkle for ko
 (+11ms) 
01:33:01   ├─ /fr-incredibox-sprunksters/index.html🔍 Processing fullSlug: fr-incredibox-sprunksters, locale: en, baseSlug: fr-incredibox-sprunksters
✅ Game loaded: fr-incredibox-sprunksters for en
 (+13ms) 
01:33:01   ├─ /zh/fr-incredibox-sprunksters/index.html🔍 Processing fullSlug: zh/fr-incredibox-sprunksters, locale: zh, baseSlug: fr-incredibox-sprunksters
✅ Game loaded: fr-incredibox-sprunksters for zh
 (+12ms) 
01:33:01   ├─ /es/fr-incredibox-sprunksters/index.html🔍 Processing fullSlug: es/fr-incredibox-sprunksters, locale: es, baseSlug: fr-incredibox-sprunksters
✅ Game loaded: fr-incredibox-sprunksters for es
 (+11ms) 
01:33:01   ├─ /fr/fr-incredibox-sprunksters/index.html🔍 Processing fullSlug: fr/fr-incredibox-sprunksters, locale: fr, baseSlug: fr-incredibox-sprunksters
✅ Game loaded: fr-incredibox-sprunksters for fr
 (+10ms) 
01:33:01   ├─ /de/fr-incredibox-sprunksters/index.html🔍 Processing fullSlug: de/fr-incredibox-sprunksters, locale: de, baseSlug: fr-incredibox-sprunksters
✅ Game loaded: fr-incredibox-sprunksters for de
 (+10ms) 
01:33:01   ├─ /ja/fr-incredibox-sprunksters/index.html🔍 Processing fullSlug: ja/fr-incredibox-sprunksters, locale: ja, baseSlug: fr-incredibox-sprunksters
✅ Game loaded: fr-incredibox-sprunksters for ja
 (+11ms) 
01:33:01   ├─ /ko/fr-incredibox-sprunksters/index.html🔍 Processing fullSlug: ko/fr-incredibox-sprunksters, locale: ko, baseSlug: fr-incredibox-sprunksters
✅ Game loaded: fr-incredibox-sprunksters for ko
 (+10ms) 
01:33:01   ├─ /fr-incredibox/index.html🔍 Processing fullSlug: fr-incredibox, locale: en, baseSlug: fr-incredibox
✅ Game loaded: fr-incredibox for en
 (+12ms) 
01:33:01   ├─ /zh/fr-incredibox/index.html🔍 Processing fullSlug: zh/fr-incredibox, locale: zh, baseSlug: fr-incredibox
✅ Game loaded: fr-incredibox for zh
 (+11ms) 
01:33:01   ├─ /es/fr-incredibox/index.html🔍 Processing fullSlug: es/fr-incredibox, locale: es, baseSlug: fr-incredibox
✅ Game loaded: fr-incredibox for es
 (+11ms) 
01:33:01   ├─ /fr/fr-incredibox/index.html🔍 Processing fullSlug: fr/fr-incredibox, locale: fr, baseSlug: fr-incredibox
✅ Game loaded: fr-incredibox for fr
 (+11ms) 
01:33:01   ├─ /de/fr-incredibox/index.html🔍 Processing fullSlug: de/fr-incredibox, locale: de, baseSlug: fr-incredibox
✅ Game loaded: fr-incredibox for de
 (+11ms) 
01:33:01   ├─ /ja/fr-incredibox/index.html🔍 Processing fullSlug: ja/fr-incredibox, locale: ja, baseSlug: fr-incredibox
✅ Game loaded: fr-incredibox for ja
 (+11ms) 
01:33:01   ├─ /ko/fr-incredibox/index.html🔍 Processing fullSlug: ko/fr-incredibox, locale: ko, baseSlug: fr-incredibox
✅ Game loaded: fr-incredibox for ko
 (+12ms) 
01:33:01   ├─ /fr-mountayonnaise/index.html🔍 Processing fullSlug: fr-mountayonnaise, locale: en, baseSlug: fr-mountayonnaise
✅ Game loaded: fr-mountayonnaise for en
 (+15ms) 
01:33:01   ├─ /zh/fr-mountayonnaise/index.html🔍 Processing fullSlug: zh/fr-mountayonnaise, locale: zh, baseSlug: fr-mountayonnaise
✅ Game loaded: fr-mountayonnaise for zh
 (+14ms) 
01:33:01   ├─ /es/fr-mountayonnaise/index.html🔍 Processing fullSlug: es/fr-mountayonnaise, locale: es, baseSlug: fr-mountayonnaise
✅ Game loaded: fr-mountayonnaise for es
 (+12ms) 
01:33:01   ├─ /fr/fr-mountayonnaise/index.html🔍 Processing fullSlug: fr/fr-mountayonnaise, locale: fr, baseSlug: fr-mountayonnaise
✅ Game loaded: fr-mountayonnaise for fr
 (+11ms) 
01:33:01   ├─ /de/fr-mountayonnaise/index.html🔍 Processing fullSlug: de/fr-mountayonnaise, locale: de, baseSlug: fr-mountayonnaise
✅ Game loaded: fr-mountayonnaise for de
 (+11ms) 
01:33:01   ├─ /ja/fr-mountayonnaise/index.html🔍 Processing fullSlug: ja/fr-mountayonnaise, locale: ja, baseSlug: fr-mountayonnaise
✅ Game loaded: fr-mountayonnaise for ja
 (+11ms) 
01:33:01   ├─ /ko/fr-mountayonnaise/index.html🔍 Processing fullSlug: ko/fr-mountayonnaise, locale: ko, baseSlug: fr-mountayonnaise
✅ Game loaded: fr-mountayonnaise for ko
 (+11ms) 
01:33:01   ├─ /fr-incredibox-yellow-colorbox/index.html🔍 Processing fullSlug: fr-incredibox-yellow-colorbox, locale: en, baseSlug: fr-incredibox-yellow-colorbox
✅ Game loaded: fr-incredibox-yellow-colorbox for en
 (+11ms) 
01:33:01   ├─ /zh/fr-incredibox-yellow-colorbox/index.html🔍 Processing fullSlug: zh/fr-incredibox-yellow-colorbox, locale: zh, baseSlug: fr-incredibox-yellow-colorbox
✅ Game loaded: fr-incredibox-yellow-colorbox for zh
 (+10ms) 
01:33:01   ├─ /es/fr-incredibox-yellow-colorbox/index.html🔍 Processing fullSlug: es/fr-incredibox-yellow-colorbox, locale: es, baseSlug: fr-incredibox-yellow-colorbox
✅ Game loaded: fr-incredibox-yellow-colorbox for es
 (+10ms) 
01:33:01   ├─ /fr/fr-incredibox-yellow-colorbox/index.html🔍 Processing fullSlug: fr/fr-incredibox-yellow-colorbox, locale: fr, baseSlug: fr-incredibox-yellow-colorbox
✅ Game loaded: fr-incredibox-yellow-colorbox for fr
 (+10ms) 
01:33:01   ├─ /de/fr-incredibox-yellow-colorbox/index.html🔍 Processing fullSlug: de/fr-incredibox-yellow-colorbox, locale: de, baseSlug: fr-incredibox-yellow-colorbox
✅ Game loaded: fr-incredibox-yellow-colorbox for de
 (+10ms) 
01:33:01   ├─ /ja/fr-incredibox-yellow-colorbox/index.html🔍 Processing fullSlug: ja/fr-incredibox-yellow-colorbox, locale: ja, baseSlug: fr-incredibox-yellow-colorbox
✅ Game loaded: fr-incredibox-yellow-colorbox for ja
 (+11ms) 
01:33:01   ├─ /ko/fr-incredibox-yellow-colorbox/index.html🔍 Processing fullSlug: ko/fr-incredibox-yellow-colorbox, locale: ko, baseSlug: fr-incredibox-yellow-colorbox
✅ Game loaded: fr-incredibox-yellow-colorbox for ko
 (+18ms) 
01:33:01   ├─ /fr-mundo-torajo-sprunki/index.html🔍 Processing fullSlug: fr-mundo-torajo-sprunki, locale: en, baseSlug: fr-mundo-torajo-sprunki
✅ Game loaded: fr-mundo-torajo-sprunki for en
 (+18ms) 
01:33:01   ├─ /zh/fr-mundo-torajo-sprunki/index.html🔍 Processing fullSlug: zh/fr-mundo-torajo-sprunki, locale: zh, baseSlug: fr-mundo-torajo-sprunki
✅ Game loaded: fr-mundo-torajo-sprunki for zh
 (+14ms) 
01:33:01   ├─ /es/fr-mundo-torajo-sprunki/index.html🔍 Processing fullSlug: es/fr-mundo-torajo-sprunki, locale: es, baseSlug: fr-mundo-torajo-sprunki
✅ Game loaded: fr-mundo-torajo-sprunki for es
 (+11ms) 
01:33:01   ├─ /fr/fr-mundo-torajo-sprunki/index.html🔍 Processing fullSlug: fr/fr-mundo-torajo-sprunki, locale: fr, baseSlug: fr-mundo-torajo-sprunki
✅ Game loaded: fr-mundo-torajo-sprunki for fr
 (+11ms) 
01:33:01   ├─ /de/fr-mundo-torajo-sprunki/index.html🔍 Processing fullSlug: de/fr-mundo-torajo-sprunki, locale: de, baseSlug: fr-mundo-torajo-sprunki
✅ Game loaded: fr-mundo-torajo-sprunki for de
 (+10ms) 
01:33:01   ├─ /ja/fr-mundo-torajo-sprunki/index.html🔍 Processing fullSlug: ja/fr-mundo-torajo-sprunki, locale: ja, baseSlug: fr-mundo-torajo-sprunki
✅ Game loaded: fr-mundo-torajo-sprunki for ja
 (+11ms) 
01:33:01   ├─ /ko/fr-mundo-torajo-sprunki/index.html🔍 Processing fullSlug: ko/fr-mundo-torajo-sprunki, locale: ko, baseSlug: fr-mundo-torajo-sprunki
✅ Game loaded: fr-mundo-torajo-sprunki for ko
 (+10ms) 
01:33:01   ├─ /fr-pikmin-no-sprunki/index.html🔍 Processing fullSlug: fr-pikmin-no-sprunki, locale: en, baseSlug: fr-pikmin-no-sprunki
✅ Game loaded: fr-pikmin-no-sprunki for en
 (+11ms) 
01:33:01   ├─ /zh/fr-pikmin-no-sprunki/index.html🔍 Processing fullSlug: zh/fr-pikmin-no-sprunki, locale: zh, baseSlug: fr-pikmin-no-sprunki
✅ Game loaded: fr-pikmin-no-sprunki for zh
 (+10ms) 
01:33:01   ├─ /es/fr-pikmin-no-sprunki/index.html🔍 Processing fullSlug: es/fr-pikmin-no-sprunki, locale: es, baseSlug: fr-pikmin-no-sprunki
✅ Game loaded: fr-pikmin-no-sprunki for es
 (+10ms) 
01:33:01   ├─ /fr/fr-pikmin-no-sprunki/index.html🔍 Processing fullSlug: fr/fr-pikmin-no-sprunki, locale: fr, baseSlug: fr-pikmin-no-sprunki
✅ Game loaded: fr-pikmin-no-sprunki for fr
 (+11ms) 
01:33:01   ├─ /de/fr-pikmin-no-sprunki/index.html🔍 Processing fullSlug: de/fr-pikmin-no-sprunki, locale: de, baseSlug: fr-pikmin-no-sprunki
✅ Game loaded: fr-pikmin-no-sprunki for de
 (+11ms) 
01:33:01   ├─ /ja/fr-pikmin-no-sprunki/index.html🔍 Processing fullSlug: ja/fr-pikmin-no-sprunki, locale: ja, baseSlug: fr-pikmin-no-sprunki
✅ Game loaded: fr-pikmin-no-sprunki for ja
 (+11ms) 
01:33:01   ├─ /ko/fr-pikmin-no-sprunki/index.html🔍 Processing fullSlug: ko/fr-pikmin-no-sprunki, locale: ko, baseSlug: fr-pikmin-no-sprunki
✅ Game loaded: fr-pikmin-no-sprunki for ko
 (+11ms) 
01:33:01   ├─ /fr-sprunkgerny/index.html🔍 Processing fullSlug: fr-sprunkgerny, locale: en, baseSlug: fr-sprunkgerny
✅ Game loaded: fr-sprunkgerny for en
 (+12ms) 
01:33:01   ├─ /zh/fr-sprunkgerny/index.html🔍 Processing fullSlug: zh/fr-sprunkgerny, locale: zh, baseSlug: fr-sprunkgerny
✅ Game loaded: fr-sprunkgerny for zh
 (+13ms) 
01:33:01   ├─ /es/fr-sprunkgerny/index.html🔍 Processing fullSlug: es/fr-sprunkgerny, locale: es, baseSlug: fr-sprunkgerny
✅ Game loaded: fr-sprunkgerny for es
 (+11ms) 
01:33:01   ├─ /fr/fr-sprunkgerny/index.html🔍 Processing fullSlug: fr/fr-sprunkgerny, locale: fr, baseSlug: fr-sprunkgerny
✅ Game loaded: fr-sprunkgerny for fr
 (+11ms) 
01:33:01   ├─ /de/fr-sprunkgerny/index.html🔍 Processing fullSlug: de/fr-sprunkgerny, locale: de, baseSlug: fr-sprunkgerny
✅ Game loaded: fr-sprunkgerny for de
 (+11ms) 
01:33:01   ├─ /ja/fr-sprunkgerny/index.html🔍 Processing fullSlug: ja/fr-sprunkgerny, locale: ja, baseSlug: fr-sprunkgerny
✅ Game loaded: fr-sprunkgerny for ja
 (+11ms) 
01:33:01   ├─ /ko/fr-sprunkgerny/index.html🔍 Processing fullSlug: ko/fr-sprunkgerny, locale: ko, baseSlug: fr-sprunkgerny
✅ Game loaded: fr-sprunkgerny for ko
 (+11ms) 
01:33:01   ├─ /fr-sprunki-1996/index.html🔍 Processing fullSlug: fr-sprunki-1996, locale: en, baseSlug: fr-sprunki-1996
✅ Game loaded: fr-sprunki-1996 for en
 (+11ms) 
01:33:01   ├─ /zh/fr-sprunki-1996/index.html🔍 Processing fullSlug: zh/fr-sprunki-1996, locale: zh, baseSlug: fr-sprunki-1996
✅ Game loaded: fr-sprunki-1996 for zh
 (+10ms) 
01:33:01   ├─ /es/fr-sprunki-1996/index.html🔍 Processing fullSlug: es/fr-sprunki-1996, locale: es, baseSlug: fr-sprunki-1996
✅ Game loaded: fr-sprunki-1996 for es
 (+11ms) 
01:33:01   ├─ /fr/fr-sprunki-1996/index.html🔍 Processing fullSlug: fr/fr-sprunki-1996, locale: fr, baseSlug: fr-sprunki-1996
✅ Game loaded: fr-sprunki-1996 for fr
 (+11ms) 
01:33:01   ├─ /de/fr-sprunki-1996/index.html🔍 Processing fullSlug: de/fr-sprunki-1996, locale: de, baseSlug: fr-sprunki-1996
✅ Game loaded: fr-sprunki-1996 for de
 (+10ms) 
01:33:01   ├─ /ja/fr-sprunki-1996/index.html🔍 Processing fullSlug: ja/fr-sprunki-1996, locale: ja, baseSlug: fr-sprunki-1996
✅ Game loaded: fr-sprunki-1996 for ja
 (+11ms) 
01:33:01   ├─ /ko/fr-sprunki-1996/index.html🔍 Processing fullSlug: ko/fr-sprunki-1996, locale: ko, baseSlug: fr-sprunki-1996
✅ Game loaded: fr-sprunki-1996 for ko
 (+11ms) 
01:33:01   ├─ /fr-sprunki-abgerny/index.html🔍 Processing fullSlug: fr-sprunki-abgerny, locale: en, baseSlug: fr-sprunki-abgerny
✅ Game loaded: fr-sprunki-abgerny for en
 (+13ms) 
01:33:01   ├─ /zh/fr-sprunki-abgerny/index.html🔍 Processing fullSlug: zh/fr-sprunki-abgerny, locale: zh, baseSlug: fr-sprunki-abgerny
✅ Game loaded: fr-sprunki-abgerny for zh
 (+13ms) 
01:33:01   ├─ /es/fr-sprunki-abgerny/index.html🔍 Processing fullSlug: es/fr-sprunki-abgerny, locale: es, baseSlug: fr-sprunki-abgerny
✅ Game loaded: fr-sprunki-abgerny for es
 (+11ms) 
01:33:01   ├─ /fr/fr-sprunki-abgerny/index.html🔍 Processing fullSlug: fr/fr-sprunki-abgerny, locale: fr, baseSlug: fr-sprunki-abgerny
✅ Game loaded: fr-sprunki-abgerny for fr
 (+10ms) 
01:33:01   ├─ /de/fr-sprunki-abgerny/index.html🔍 Processing fullSlug: de/fr-sprunki-abgerny, locale: de, baseSlug: fr-sprunki-abgerny
✅ Game loaded: fr-sprunki-abgerny for de
 (+11ms) 
01:33:01   ├─ /ja/fr-sprunki-abgerny/index.html🔍 Processing fullSlug: ja/fr-sprunki-abgerny, locale: ja, baseSlug: fr-sprunki-abgerny
✅ Game loaded: fr-sprunki-abgerny for ja
 (+11ms) 
01:33:01   ├─ /ko/fr-sprunki-abgerny/index.html🔍 Processing fullSlug: ko/fr-sprunki-abgerny, locale: ko, baseSlug: fr-sprunki-abgerny
✅ Game loaded: fr-sprunki-abgerny for ko
 (+10ms) 
01:33:01   ├─ /fr-sprunki-babies/index.html🔍 Processing fullSlug: fr-sprunki-babies, locale: en, baseSlug: fr-sprunki-babies
✅ Game loaded: fr-sprunki-babies for en
 (+11ms) 
01:33:01   ├─ /zh/fr-sprunki-babies/index.html🔍 Processing fullSlug: zh/fr-sprunki-babies, locale: zh, baseSlug: fr-sprunki-babies
✅ Game loaded: fr-sprunki-babies for zh
 (+10ms) 
01:33:01   ├─ /es/fr-sprunki-babies/index.html🔍 Processing fullSlug: es/fr-sprunki-babies, locale: es, baseSlug: fr-sprunki-babies
✅ Game loaded: fr-sprunki-babies for es
 (+10ms) 
01:33:01   ├─ /fr/fr-sprunki-babies/index.html🔍 Processing fullSlug: fr/fr-sprunki-babies, locale: fr, baseSlug: fr-sprunki-babies
✅ Game loaded: fr-sprunki-babies for fr
 (+11ms) 
01:33:01   ├─ /de/fr-sprunki-babies/index.html🔍 Processing fullSlug: de/fr-sprunki-babies, locale: de, baseSlug: fr-sprunki-babies
✅ Game loaded: fr-sprunki-babies for de
 (+11ms) 
01:33:01   ├─ /ja/fr-sprunki-babies/index.html🔍 Processing fullSlug: ja/fr-sprunki-babies, locale: ja, baseSlug: fr-sprunki-babies
✅ Game loaded: fr-sprunki-babies for ja
 (+11ms) 
01:33:02   ├─ /ko/fr-sprunki-babies/index.html🔍 Processing fullSlug: ko/fr-sprunki-babies, locale: ko, baseSlug: fr-sprunki-babies
✅ Game loaded: fr-sprunki-babies for ko
 (+11ms) 
01:33:02   ├─ /fr-sprunki-basical/index.html🔍 Processing fullSlug: fr-sprunki-basical, locale: en, baseSlug: fr-sprunki-basical
✅ Game loaded: fr-sprunki-basical for en
 (+16ms) 
01:33:02   ├─ /zh/fr-sprunki-basical/index.html🔍 Processing fullSlug: zh/fr-sprunki-basical, locale: zh, baseSlug: fr-sprunki-basical
✅ Game loaded: fr-sprunki-basical for zh
 (+13ms) 
01:33:02   ├─ /es/fr-sprunki-basical/index.html🔍 Processing fullSlug: es/fr-sprunki-basical, locale: es, baseSlug: fr-sprunki-basical
✅ Game loaded: fr-sprunki-basical for es
 (+11ms) 
01:33:02   ├─ /fr/fr-sprunki-basical/index.html🔍 Processing fullSlug: fr/fr-sprunki-basical, locale: fr, baseSlug: fr-sprunki-basical
✅ Game loaded: fr-sprunki-basical for fr
 (+11ms) 
01:33:02   ├─ /de/fr-sprunki-basical/index.html🔍 Processing fullSlug: de/fr-sprunki-basical, locale: de, baseSlug: fr-sprunki-basical
✅ Game loaded: fr-sprunki-basical for de
 (+10ms) 
01:33:02   ├─ /ja/fr-sprunki-basical/index.html🔍 Processing fullSlug: ja/fr-sprunki-basical, locale: ja, baseSlug: fr-sprunki-basical
✅ Game loaded: fr-sprunki-basical for ja
 (+11ms) 
01:33:02   ├─ /ko/fr-sprunki-basical/index.html🔍 Processing fullSlug: ko/fr-sprunki-basical, locale: ko, baseSlug: fr-sprunki-basical
✅ Game loaded: fr-sprunki-basical for ko
 (+10ms) 
01:33:02   ├─ /fr-sprunki-but-with-memes/index.html🔍 Processing fullSlug: fr-sprunki-but-with-memes, locale: en, baseSlug: fr-sprunki-but-with-memes
✅ Game loaded: fr-sprunki-but-with-memes for en
 (+11ms) 
01:33:02   ├─ /zh/fr-sprunki-but-with-memes/index.html🔍 Processing fullSlug: zh/fr-sprunki-but-with-memes, locale: zh, baseSlug: fr-sprunki-but-with-memes
✅ Game loaded: fr-sprunki-but-with-memes for zh
 (+10ms) 
01:33:02   ├─ /es/fr-sprunki-but-with-memes/index.html🔍 Processing fullSlug: es/fr-sprunki-but-with-memes, locale: es, baseSlug: fr-sprunki-but-with-memes
✅ Game loaded: fr-sprunki-but-with-memes for es
 (+10ms) 
01:33:02   ├─ /fr/fr-sprunki-but-with-memes/index.html🔍 Processing fullSlug: fr/fr-sprunki-but-with-memes, locale: fr, baseSlug: fr-sprunki-but-with-memes
✅ Game loaded: fr-sprunki-but-with-memes for fr
 (+11ms) 
01:33:02   ├─ /de/fr-sprunki-but-with-memes/index.html🔍 Processing fullSlug: de/fr-sprunki-but-with-memes, locale: de, baseSlug: fr-sprunki-but-with-memes
✅ Game loaded: fr-sprunki-but-with-memes for de
 (+10ms) 
01:33:02   ├─ /ja/fr-sprunki-but-with-memes/index.html🔍 Processing fullSlug: ja/fr-sprunki-but-with-memes, locale: ja, baseSlug: fr-sprunki-but-with-memes
✅ Game loaded: fr-sprunki-but-with-memes for ja
 (+11ms) 
01:33:02   ├─ /ko/fr-sprunki-but-with-memes/index.html🔍 Processing fullSlug: ko/fr-sprunki-but-with-memes, locale: ko, baseSlug: fr-sprunki-but-with-memes
✅ Game loaded: fr-sprunki-but-with-memes for ko
 (+15ms) 
01:33:02   ├─ /fr-sprunki-christmas/index.html🔍 Processing fullSlug: fr-sprunki-christmas, locale: en, baseSlug: fr-sprunki-christmas
✅ Game loaded: fr-sprunki-christmas for en
 (+15ms) 
01:33:02   ├─ /zh/fr-sprunki-christmas/index.html🔍 Processing fullSlug: zh/fr-sprunki-christmas, locale: zh, baseSlug: fr-sprunki-christmas
✅ Game loaded: fr-sprunki-christmas for zh
 (+13ms) 
01:33:02   ├─ /es/fr-sprunki-christmas/index.html🔍 Processing fullSlug: es/fr-sprunki-christmas, locale: es, baseSlug: fr-sprunki-christmas
✅ Game loaded: fr-sprunki-christmas for es
 (+11ms) 
01:33:02   ├─ /fr/fr-sprunki-christmas/index.html🔍 Processing fullSlug: fr/fr-sprunki-christmas, locale: fr, baseSlug: fr-sprunki-christmas
✅ Game loaded: fr-sprunki-christmas for fr
 (+10ms) 
01:33:02   ├─ /de/fr-sprunki-christmas/index.html🔍 Processing fullSlug: de/fr-sprunki-christmas, locale: de, baseSlug: fr-sprunki-christmas
✅ Game loaded: fr-sprunki-christmas for de
 (+10ms) 
01:33:02   ├─ /ja/fr-sprunki-christmas/index.html🔍 Processing fullSlug: ja/fr-sprunki-christmas, locale: ja, baseSlug: fr-sprunki-christmas
✅ Game loaded: fr-sprunki-christmas for ja
 (+10ms) 
01:33:02   ├─ /ko/fr-sprunki-christmas/index.html🔍 Processing fullSlug: ko/fr-sprunki-christmas, locale: ko, baseSlug: fr-sprunki-christmas
✅ Game loaded: fr-sprunki-christmas for ko
 (+10ms) 
01:33:02   ├─ /fr-sprunki-dandys-world/index.html🔍 Processing fullSlug: fr-sprunki-dandys-world, locale: en, baseSlug: fr-sprunki-dandys-world
✅ Game loaded: fr-sprunki-dandys-world for en
 (+12ms) 
01:33:02   ├─ /zh/fr-sprunki-dandys-world/index.html🔍 Processing fullSlug: zh/fr-sprunki-dandys-world, locale: zh, baseSlug: fr-sprunki-dandys-world
✅ Game loaded: fr-sprunki-dandys-world for zh
 (+11ms) 
01:33:02   ├─ /es/fr-sprunki-dandys-world/index.html🔍 Processing fullSlug: es/fr-sprunki-dandys-world, locale: es, baseSlug: fr-sprunki-dandys-world
✅ Game loaded: fr-sprunki-dandys-world for es
 (+10ms) 
01:33:02   ├─ /fr/fr-sprunki-dandys-world/index.html🔍 Processing fullSlug: fr/fr-sprunki-dandys-world, locale: fr, baseSlug: fr-sprunki-dandys-world
✅ Game loaded: fr-sprunki-dandys-world for fr
 (+11ms) 
01:33:02   ├─ /de/fr-sprunki-dandys-world/index.html🔍 Processing fullSlug: de/fr-sprunki-dandys-world, locale: de, baseSlug: fr-sprunki-dandys-world
✅ Game loaded: fr-sprunki-dandys-world for de
 (+11ms) 
01:33:02   ├─ /ja/fr-sprunki-dandys-world/index.html🔍 Processing fullSlug: ja/fr-sprunki-dandys-world, locale: ja, baseSlug: fr-sprunki-dandys-world
✅ Game loaded: fr-sprunki-dandys-world for ja
 (+10ms) 
01:33:02   ├─ /ko/fr-sprunki-dandys-world/index.html🔍 Processing fullSlug: ko/fr-sprunki-dandys-world, locale: ko, baseSlug: fr-sprunki-dandys-world
✅ Game loaded: fr-sprunki-dandys-world for ko
 (+11ms) 
01:33:02   ├─ /fr-sprunki-craft/index.html🔍 Processing fullSlug: fr-sprunki-craft, locale: en, baseSlug: fr-sprunki-craft
✅ Game loaded: fr-sprunki-craft for en
 (+11ms) 
01:33:02   ├─ /zh/fr-sprunki-craft/index.html🔍 Processing fullSlug: zh/fr-sprunki-craft, locale: zh, baseSlug: fr-sprunki-craft
✅ Game loaded: fr-sprunki-craft for zh
 (+10ms) 
01:33:02   ├─ /es/fr-sprunki-craft/index.html🔍 Processing fullSlug: es/fr-sprunki-craft, locale: es, baseSlug: fr-sprunki-craft
✅ Game loaded: fr-sprunki-craft for es
 (+11ms) 
01:33:02   ├─ /fr/fr-sprunki-craft/index.html🔍 Processing fullSlug: fr/fr-sprunki-craft, locale: fr, baseSlug: fr-sprunki-craft
✅ Game loaded: fr-sprunki-craft for fr
 (+11ms) 
01:33:02   ├─ /de/fr-sprunki-craft/index.html🔍 Processing fullSlug: de/fr-sprunki-craft, locale: de, baseSlug: fr-sprunki-craft
✅ Game loaded: fr-sprunki-craft for de
 (+11ms) 
01:33:02   ├─ /ja/fr-sprunki-craft/index.html🔍 Processing fullSlug: ja/fr-sprunki-craft, locale: ja, baseSlug: fr-sprunki-craft
✅ Game loaded: fr-sprunki-craft for ja
 (+11ms) 
01:33:02   ├─ /ko/fr-sprunki-craft/index.html🔍 Processing fullSlug: ko/fr-sprunki-craft, locale: ko, baseSlug: fr-sprunki-craft
✅ Game loaded: fr-sprunki-craft for ko
 (+10ms) 
01:33:02   ├─ /fr-sprunki-cool-as-ice/index.html🔍 Processing fullSlug: fr-sprunki-cool-as-ice, locale: en, baseSlug: fr-sprunki-cool-as-ice
✅ Game loaded: fr-sprunki-cool-as-ice for en
 (+14ms) 
01:33:02   ├─ /zh/fr-sprunki-cool-as-ice/index.html🔍 Processing fullSlug: zh/fr-sprunki-cool-as-ice, locale: zh, baseSlug: fr-sprunki-cool-as-ice
✅ Game loaded: fr-sprunki-cool-as-ice for zh
 (+21ms) 
01:33:02   ├─ /es/fr-sprunki-cool-as-ice/index.html🔍 Processing fullSlug: es/fr-sprunki-cool-as-ice, locale: es, baseSlug: fr-sprunki-cool-as-ice
✅ Game loaded: fr-sprunki-cool-as-ice for es
 (+11ms) 
01:33:02   ├─ /fr/fr-sprunki-cool-as-ice/index.html🔍 Processing fullSlug: fr/fr-sprunki-cool-as-ice, locale: fr, baseSlug: fr-sprunki-cool-as-ice
✅ Game loaded: fr-sprunki-cool-as-ice for fr
 (+10ms) 
01:33:02   ├─ /de/fr-sprunki-cool-as-ice/index.html🔍 Processing fullSlug: de/fr-sprunki-cool-as-ice, locale: de, baseSlug: fr-sprunki-cool-as-ice
✅ Game loaded: fr-sprunki-cool-as-ice for de
 (+10ms) 
01:33:02   ├─ /ja/fr-sprunki-cool-as-ice/index.html🔍 Processing fullSlug: ja/fr-sprunki-cool-as-ice, locale: ja, baseSlug: fr-sprunki-cool-as-ice
✅ Game loaded: fr-sprunki-cool-as-ice for ja
 (+11ms) 
01:33:02   ├─ /ko/fr-sprunki-cool-as-ice/index.html🔍 Processing fullSlug: ko/fr-sprunki-cool-as-ice, locale: ko, baseSlug: fr-sprunki-cool-as-ice
✅ Game loaded: fr-sprunki-cool-as-ice for ko
 (+12ms) 
01:33:02   ├─ /fr-sprunki-eggs-mix/index.html🔍 Processing fullSlug: fr-sprunki-eggs-mix, locale: en, baseSlug: fr-sprunki-eggs-mix
✅ Game loaded: fr-sprunki-eggs-mix for en
 (+11ms) 
01:33:02   ├─ /zh/fr-sprunki-eggs-mix/index.html🔍 Processing fullSlug: zh/fr-sprunki-eggs-mix, locale: zh, baseSlug: fr-sprunki-eggs-mix
✅ Game loaded: fr-sprunki-eggs-mix for zh
 (+10ms) 
01:33:02   ├─ /es/fr-sprunki-eggs-mix/index.html🔍 Processing fullSlug: es/fr-sprunki-eggs-mix, locale: es, baseSlug: fr-sprunki-eggs-mix
✅ Game loaded: fr-sprunki-eggs-mix for es
 (+11ms) 
01:33:02   ├─ /fr/fr-sprunki-eggs-mix/index.html🔍 Processing fullSlug: fr/fr-sprunki-eggs-mix, locale: fr, baseSlug: fr-sprunki-eggs-mix
✅ Game loaded: fr-sprunki-eggs-mix for fr
 (+10ms) 
01:33:02   ├─ /de/fr-sprunki-eggs-mix/index.html🔍 Processing fullSlug: de/fr-sprunki-eggs-mix, locale: de, baseSlug: fr-sprunki-eggs-mix
✅ Game loaded: fr-sprunki-eggs-mix for de
 (+12ms) 
01:33:02   ├─ /ja/fr-sprunki-eggs-mix/index.html🔍 Processing fullSlug: ja/fr-sprunki-eggs-mix, locale: ja, baseSlug: fr-sprunki-eggs-mix
✅ Game loaded: fr-sprunki-eggs-mix for ja
 (+11ms) 
01:33:02   ├─ /ko/fr-sprunki-eggs-mix/index.html🔍 Processing fullSlug: ko/fr-sprunki-eggs-mix, locale: ko, baseSlug: fr-sprunki-eggs-mix
✅ Game loaded: fr-sprunki-eggs-mix for ko
 (+11ms) 
01:33:02   ├─ /fr-sprunki-good-night/index.html🔍 Processing fullSlug: fr-sprunki-good-night, locale: en, baseSlug: fr-sprunki-good-night
✅ Game loaded: fr-sprunki-good-night for en
 (+13ms) 
01:33:02   ├─ /zh/fr-sprunki-good-night/index.html🔍 Processing fullSlug: zh/fr-sprunki-good-night, locale: zh, baseSlug: fr-sprunki-good-night
✅ Game loaded: fr-sprunki-good-night for zh
 (+14ms) 
01:33:02   ├─ /es/fr-sprunki-good-night/index.html🔍 Processing fullSlug: es/fr-sprunki-good-night, locale: es, baseSlug: fr-sprunki-good-night
✅ Game loaded: fr-sprunki-good-night for es
 (+11ms) 
01:33:02   ├─ /fr/fr-sprunki-good-night/index.html🔍 Processing fullSlug: fr/fr-sprunki-good-night, locale: fr, baseSlug: fr-sprunki-good-night
✅ Game loaded: fr-sprunki-good-night for fr
 (+12ms) 
01:33:02   ├─ /de/fr-sprunki-good-night/index.html🔍 Processing fullSlug: de/fr-sprunki-good-night, locale: de, baseSlug: fr-sprunki-good-night
✅ Game loaded: fr-sprunki-good-night for de
 (+11ms) 
01:33:02   ├─ /ja/fr-sprunki-good-night/index.html🔍 Processing fullSlug: ja/fr-sprunki-good-night, locale: ja, baseSlug: fr-sprunki-good-night
✅ Game loaded: fr-sprunki-good-night for ja
 (+11ms) 
01:33:02   ├─ /ko/fr-sprunki-good-night/index.html🔍 Processing fullSlug: ko/fr-sprunki-good-night, locale: ko, baseSlug: fr-sprunki-good-night
✅ Game loaded: fr-sprunki-good-night for ko
 (+12ms) 
01:33:02   ├─ /fr-sprunki-halloween/index.html🔍 Processing fullSlug: fr-sprunki-halloween, locale: en, baseSlug: fr-sprunki-halloween
✅ Game loaded: fr-sprunki-halloween for en
 (+12ms) 
01:33:02   ├─ /zh/fr-sprunki-halloween/index.html🔍 Processing fullSlug: zh/fr-sprunki-halloween, locale: zh, baseSlug: fr-sprunki-halloween
✅ Game loaded: fr-sprunki-halloween for zh
 (+11ms) 
01:33:02   ├─ /es/fr-sprunki-halloween/index.html🔍 Processing fullSlug: es/fr-sprunki-halloween, locale: es, baseSlug: fr-sprunki-halloween
✅ Game loaded: fr-sprunki-halloween for es
 (+12ms) 
01:33:02   ├─ /fr/fr-sprunki-halloween/index.html🔍 Processing fullSlug: fr/fr-sprunki-halloween, locale: fr, baseSlug: fr-sprunki-halloween
✅ Game loaded: fr-sprunki-halloween for fr
 (+11ms) 
01:33:02   ├─ /de/fr-sprunki-halloween/index.html🔍 Processing fullSlug: de/fr-sprunki-halloween, locale: de, baseSlug: fr-sprunki-halloween
✅ Game loaded: fr-sprunki-halloween for de
 (+11ms) 
01:33:02   ├─ /ja/fr-sprunki-halloween/index.html🔍 Processing fullSlug: ja/fr-sprunki-halloween, locale: ja, baseSlug: fr-sprunki-halloween
✅ Game loaded: fr-sprunki-halloween for ja
 (+11ms) 
01:33:02   ├─ /ko/fr-sprunki-halloween/index.html🔍 Processing fullSlug: ko/fr-sprunki-halloween, locale: ko, baseSlug: fr-sprunki-halloween
✅ Game loaded: fr-sprunki-halloween for ko
 (+13ms) 
01:33:02   ├─ /fr-sprunki-interactive-beta/index.html🔍 Processing fullSlug: fr-sprunki-interactive-beta, locale: en, baseSlug: fr-sprunki-interactive-beta
✅ Game loaded: fr-sprunki-interactive-beta for en
 (+25ms) 
01:33:02   ├─ /zh/fr-sprunki-interactive-beta/index.html🔍 Processing fullSlug: zh/fr-sprunki-interactive-beta, locale: zh, baseSlug: fr-sprunki-interactive-beta
✅ Game loaded: fr-sprunki-interactive-beta for zh
 (+16ms) 
01:33:02   ├─ /es/fr-sprunki-interactive-beta/index.html🔍 Processing fullSlug: es/fr-sprunki-interactive-beta, locale: es, baseSlug: fr-sprunki-interactive-beta
✅ Game loaded: fr-sprunki-interactive-beta for es
 (+13ms) 
01:33:02   ├─ /fr/fr-sprunki-interactive-beta/index.html🔍 Processing fullSlug: fr/fr-sprunki-interactive-beta, locale: fr, baseSlug: fr-sprunki-interactive-beta
✅ Game loaded: fr-sprunki-interactive-beta for fr
 (+16ms) 
01:33:02   ├─ /de/fr-sprunki-interactive-beta/index.html🔍 Processing fullSlug: de/fr-sprunki-interactive-beta, locale: de, baseSlug: fr-sprunki-interactive-beta
✅ Game loaded: fr-sprunki-interactive-beta for de
 (+11ms) 
01:33:02   ├─ /ja/fr-sprunki-interactive-beta/index.html🔍 Processing fullSlug: ja/fr-sprunki-interactive-beta, locale: ja, baseSlug: fr-sprunki-interactive-beta
✅ Game loaded: fr-sprunki-interactive-beta for ja
 (+11ms) 
01:33:02   ├─ /ko/fr-sprunki-interactive-beta/index.html🔍 Processing fullSlug: ko/fr-sprunki-interactive-beta, locale: ko, baseSlug: fr-sprunki-interactive-beta
✅ Game loaded: fr-sprunki-interactive-beta for ko
 (+11ms) 
01:33:02   ├─ /fr-sprunki-like-minecraft/index.html🔍 Processing fullSlug: fr-sprunki-like-minecraft, locale: en, baseSlug: fr-sprunki-like-minecraft
✅ Game loaded: fr-sprunki-like-minecraft for en
 (+11ms) 
01:33:02   ├─ /zh/fr-sprunki-like-minecraft/index.html🔍 Processing fullSlug: zh/fr-sprunki-like-minecraft, locale: zh, baseSlug: fr-sprunki-like-minecraft
✅ Game loaded: fr-sprunki-like-minecraft for zh
 (+10ms) 
01:33:02   ├─ /es/fr-sprunki-like-minecraft/index.html🔍 Processing fullSlug: es/fr-sprunki-like-minecraft, locale: es, baseSlug: fr-sprunki-like-minecraft
✅ Game loaded: fr-sprunki-like-minecraft for es
 (+11ms) 
01:33:02   ├─ /fr/fr-sprunki-like-minecraft/index.html🔍 Processing fullSlug: fr/fr-sprunki-like-minecraft, locale: fr, baseSlug: fr-sprunki-like-minecraft
✅ Game loaded: fr-sprunki-like-minecraft for fr
 (+11ms) 
01:33:02   ├─ /de/fr-sprunki-like-minecraft/index.html🔍 Processing fullSlug: de/fr-sprunki-like-minecraft, locale: de, baseSlug: fr-sprunki-like-minecraft
✅ Game loaded: fr-sprunki-like-minecraft for de
 (+15ms) 
01:33:02   ├─ /ja/fr-sprunki-like-minecraft/index.html🔍 Processing fullSlug: ja/fr-sprunki-like-minecraft, locale: ja, baseSlug: fr-sprunki-like-minecraft
✅ Game loaded: fr-sprunki-like-minecraft for ja
 (+15ms) 
01:33:02   ├─ /ko/fr-sprunki-like-minecraft/index.html🔍 Processing fullSlug: ko/fr-sprunki-like-minecraft, locale: ko, baseSlug: fr-sprunki-like-minecraft
✅ Game loaded: fr-sprunki-like-minecraft for ko
 (+14ms) 
01:33:02   ├─ /fr-sprunki-maker/index.html🔍 Processing fullSlug: fr-sprunki-maker, locale: en, baseSlug: fr-sprunki-maker
✅ Game loaded: fr-sprunki-maker for en
 (+13ms) 
01:33:02   ├─ /zh/fr-sprunki-maker/index.html🔍 Processing fullSlug: zh/fr-sprunki-maker, locale: zh, baseSlug: fr-sprunki-maker
✅ Game loaded: fr-sprunki-maker for zh
 (+13ms) 
01:33:02   ├─ /es/fr-sprunki-maker/index.html🔍 Processing fullSlug: es/fr-sprunki-maker, locale: es, baseSlug: fr-sprunki-maker
✅ Game loaded: fr-sprunki-maker for es
 (+11ms) 
01:33:02   ├─ /fr/fr-sprunki-maker/index.html🔍 Processing fullSlug: fr/fr-sprunki-maker, locale: fr, baseSlug: fr-sprunki-maker
✅ Game loaded: fr-sprunki-maker for fr
 (+11ms) 
01:33:02   ├─ /de/fr-sprunki-maker/index.html🔍 Processing fullSlug: de/fr-sprunki-maker, locale: de, baseSlug: fr-sprunki-maker
✅ Game loaded: fr-sprunki-maker for de
 (+11ms) 
01:33:02   ├─ /ja/fr-sprunki-maker/index.html🔍 Processing fullSlug: ja/fr-sprunki-maker, locale: ja, baseSlug: fr-sprunki-maker
✅ Game loaded: fr-sprunki-maker for ja
 (+10ms) 
01:33:02   ├─ /ko/fr-sprunki-maker/index.html🔍 Processing fullSlug: ko/fr-sprunki-maker, locale: ko, baseSlug: fr-sprunki-maker
✅ Game loaded: fr-sprunki-maker for ko
 (+11ms) 
01:33:03   ├─ /fr-sprunki-meets-the-cat-spell/index.html🔍 Processing fullSlug: fr-sprunki-meets-the-cat-spell, locale: en, baseSlug: fr-sprunki-meets-the-cat-spell
✅ Game loaded: fr-sprunki-meets-the-cat-spell for en
 (+11ms) 
01:33:03   ├─ /zh/fr-sprunki-meets-the-cat-spell/index.html🔍 Processing fullSlug: zh/fr-sprunki-meets-the-cat-spell, locale: zh, baseSlug: fr-sprunki-meets-the-cat-spell
✅ Game loaded: fr-sprunki-meets-the-cat-spell for zh
 (+12ms) 
01:33:03   ├─ /es/fr-sprunki-meets-the-cat-spell/index.html🔍 Processing fullSlug: es/fr-sprunki-meets-the-cat-spell, locale: es, baseSlug: fr-sprunki-meets-the-cat-spell
✅ Game loaded: fr-sprunki-meets-the-cat-spell for es
 (+11ms) 
01:33:03   ├─ /fr/fr-sprunki-meets-the-cat-spell/index.html🔍 Processing fullSlug: fr/fr-sprunki-meets-the-cat-spell, locale: fr, baseSlug: fr-sprunki-meets-the-cat-spell
✅ Game loaded: fr-sprunki-meets-the-cat-spell for fr
 (+11ms) 
01:33:03   ├─ /de/fr-sprunki-meets-the-cat-spell/index.html🔍 Processing fullSlug: de/fr-sprunki-meets-the-cat-spell, locale: de, baseSlug: fr-sprunki-meets-the-cat-spell
✅ Game loaded: fr-sprunki-meets-the-cat-spell for de
 (+11ms) 
01:33:03   ├─ /ja/fr-sprunki-meets-the-cat-spell/index.html🔍 Processing fullSlug: ja/fr-sprunki-meets-the-cat-spell, locale: ja, baseSlug: fr-sprunki-meets-the-cat-spell
✅ Game loaded: fr-sprunki-meets-the-cat-spell for ja
 (+11ms) 
01:33:03   ├─ /ko/fr-sprunki-meets-the-cat-spell/index.html🔍 Processing fullSlug: ko/fr-sprunki-meets-the-cat-spell, locale: ko, baseSlug: fr-sprunki-meets-the-cat-spell
✅ Game loaded: fr-sprunki-meets-the-cat-spell for ko
 (+11ms) 
01:33:03   ├─ /fr-sprunki-mod-BFDI/index.html🔍 Processing fullSlug: fr-sprunki-mod-BFDI, locale: en, baseSlug: fr-sprunki-mod-BFDI
✅ Game loaded: fr-sprunki-mod-BFDI for en
 (+12ms) 
01:33:03   ├─ /zh/fr-sprunki-mod-BFDI/index.html🔍 Processing fullSlug: zh/fr-sprunki-mod-BFDI, locale: zh, baseSlug: fr-sprunki-mod-BFDI
✅ Game loaded: fr-sprunki-mod-BFDI for zh
 (+13ms) 
01:33:03   ├─ /es/fr-sprunki-mod-BFDI/index.html🔍 Processing fullSlug: es/fr-sprunki-mod-BFDI, locale: es, baseSlug: fr-sprunki-mod-BFDI
✅ Game loaded: fr-sprunki-mod-BFDI for es
 (+11ms) 
01:33:03   ├─ /fr/fr-sprunki-mod-BFDI/index.html🔍 Processing fullSlug: fr/fr-sprunki-mod-BFDI, locale: fr, baseSlug: fr-sprunki-mod-BFDI
✅ Game loaded: fr-sprunki-mod-BFDI for fr
 (+11ms) 
01:33:03   ├─ /de/fr-sprunki-mod-BFDI/index.html🔍 Processing fullSlug: de/fr-sprunki-mod-BFDI, locale: de, baseSlug: fr-sprunki-mod-BFDI
✅ Game loaded: fr-sprunki-mod-BFDI for de
 (+10ms) 
01:33:03   ├─ /ja/fr-sprunki-mod-BFDI/index.html🔍 Processing fullSlug: ja/fr-sprunki-mod-BFDI, locale: ja, baseSlug: fr-sprunki-mod-BFDI
✅ Game loaded: fr-sprunki-mod-BFDI for ja
 (+10ms) 
01:33:03   ├─ /ko/fr-sprunki-mod-BFDI/index.html🔍 Processing fullSlug: ko/fr-sprunki-mod-BFDI, locale: ko, baseSlug: fr-sprunki-mod-BFDI
✅ Game loaded: fr-sprunki-mod-BFDI for ko
 (+11ms) 
01:33:03   ├─ /fr-sprunki-minecraft/index.html🔍 Processing fullSlug: fr-sprunki-minecraft, locale: en, baseSlug: fr-sprunki-minecraft
✅ Game loaded: fr-sprunki-minecraft for en
 (+11ms) 
01:33:03   ├─ /zh/fr-sprunki-minecraft/index.html🔍 Processing fullSlug: zh/fr-sprunki-minecraft, locale: zh, baseSlug: fr-sprunki-minecraft
✅ Game loaded: fr-sprunki-minecraft for zh
 (+11ms) 
01:33:03   ├─ /es/fr-sprunki-minecraft/index.html🔍 Processing fullSlug: es/fr-sprunki-minecraft, locale: es, baseSlug: fr-sprunki-minecraft
✅ Game loaded: fr-sprunki-minecraft for es
 (+11ms) 
01:33:03   ├─ /fr/fr-sprunki-minecraft/index.html🔍 Processing fullSlug: fr/fr-sprunki-minecraft, locale: fr, baseSlug: fr-sprunki-minecraft
✅ Game loaded: fr-sprunki-minecraft for fr
 (+11ms) 
01:33:03   ├─ /de/fr-sprunki-minecraft/index.html🔍 Processing fullSlug: de/fr-sprunki-minecraft, locale: de, baseSlug: fr-sprunki-minecraft
✅ Game loaded: fr-sprunki-minecraft for de
 (+10ms) 
01:33:03   ├─ /ja/fr-sprunki-minecraft/index.html🔍 Processing fullSlug: ja/fr-sprunki-minecraft, locale: ja, baseSlug: fr-sprunki-minecraft
✅ Game loaded: fr-sprunki-minecraft for ja
 (+13ms) 
01:33:03   ├─ /ko/fr-sprunki-minecraft/index.html🔍 Processing fullSlug: ko/fr-sprunki-minecraft, locale: ko, baseSlug: fr-sprunki-minecraft
✅ Game loaded: fr-sprunki-minecraft for ko
 (+14ms) 
01:33:03   ├─ /fr-sprunki-mustard/index.html🔍 Processing fullSlug: fr-sprunki-mustard, locale: en, baseSlug: fr-sprunki-mustard
✅ Game loaded: fr-sprunki-mustard for en
 (+14ms) 
01:33:03   ├─ /zh/fr-sprunki-mustard/index.html🔍 Processing fullSlug: zh/fr-sprunki-mustard, locale: zh, baseSlug: fr-sprunki-mustard
✅ Game loaded: fr-sprunki-mustard for zh
 (+16ms) 
01:33:03   ├─ /es/fr-sprunki-mustard/index.html🔍 Processing fullSlug: es/fr-sprunki-mustard, locale: es, baseSlug: fr-sprunki-mustard
✅ Game loaded: fr-sprunki-mustard for es
 (+11ms) 
01:33:03   ├─ /fr/fr-sprunki-mustard/index.html🔍 Processing fullSlug: fr/fr-sprunki-mustard, locale: fr, baseSlug: fr-sprunki-mustard
✅ Game loaded: fr-sprunki-mustard for fr
 (+11ms) 
01:33:03   ├─ /de/fr-sprunki-mustard/index.html🔍 Processing fullSlug: de/fr-sprunki-mustard, locale: de, baseSlug: fr-sprunki-mustard
✅ Game loaded: fr-sprunki-mustard for de
 (+10ms) 
01:33:03   ├─ /ja/fr-sprunki-mustard/index.html🔍 Processing fullSlug: ja/fr-sprunki-mustard, locale: ja, baseSlug: fr-sprunki-mustard
✅ Game loaded: fr-sprunki-mustard for ja
 (+11ms) 
01:33:03   ├─ /ko/fr-sprunki-mustard/index.html🔍 Processing fullSlug: ko/fr-sprunki-mustard, locale: ko, baseSlug: fr-sprunki-mustard
✅ Game loaded: fr-sprunki-mustard for ko
 (+11ms) 
01:33:03   ├─ /fr-sprunki-night-time/index.html🔍 Processing fullSlug: fr-sprunki-night-time, locale: en, baseSlug: fr-sprunki-night-time
✅ Game loaded: fr-sprunki-night-time for en
 (+11ms) 
01:33:03   ├─ /zh/fr-sprunki-night-time/index.html🔍 Processing fullSlug: zh/fr-sprunki-night-time, locale: zh, baseSlug: fr-sprunki-night-time
✅ Game loaded: fr-sprunki-night-time for zh
 (+11ms) 
01:33:03   ├─ /es/fr-sprunki-night-time/index.html🔍 Processing fullSlug: es/fr-sprunki-night-time, locale: es, baseSlug: fr-sprunki-night-time
✅ Game loaded: fr-sprunki-night-time for es
 (+11ms) 
01:33:03   ├─ /fr/fr-sprunki-night-time/index.html🔍 Processing fullSlug: fr/fr-sprunki-night-time, locale: fr, baseSlug: fr-sprunki-night-time
✅ Game loaded: fr-sprunki-night-time for fr
 (+13ms) 
01:33:03   ├─ /de/fr-sprunki-night-time/index.html🔍 Processing fullSlug: de/fr-sprunki-night-time, locale: de, baseSlug: fr-sprunki-night-time
✅ Game loaded: fr-sprunki-night-time for de
 (+13ms) 
01:33:03   ├─ /ja/fr-sprunki-night-time/index.html🔍 Processing fullSlug: ja/fr-sprunki-night-time, locale: ja, baseSlug: fr-sprunki-night-time
✅ Game loaded: fr-sprunki-night-time for ja
 (+14ms) 
01:33:03   ├─ /ko/fr-sprunki-night-time/index.html🔍 Processing fullSlug: ko/fr-sprunki-night-time, locale: ko, baseSlug: fr-sprunki-night-time
✅ Game loaded: fr-sprunki-night-time for ko
 (+12ms) 
01:33:03   ├─ /fr-sprunki-parasite-parasprunki-15/index.html🔍 Processing fullSlug: fr-sprunki-parasite-parasprunki-15, locale: en, baseSlug: fr-sprunki-parasite-parasprunki-15
✅ Game loaded: fr-sprunki-parasite-parasprunki-15 for en
 (+14ms) 
01:33:03   ├─ /zh/fr-sprunki-parasite-parasprunki-15/index.html🔍 Processing fullSlug: zh/fr-sprunki-parasite-parasprunki-15, locale: zh, baseSlug: fr-sprunki-parasite-parasprunki-15
✅ Game loaded: fr-sprunki-parasite-parasprunki-15 for zh
 (+16ms) 
01:33:03   ├─ /es/fr-sprunki-parasite-parasprunki-15/index.html🔍 Processing fullSlug: es/fr-sprunki-parasite-parasprunki-15, locale: es, baseSlug: fr-sprunki-parasite-parasprunki-15
✅ Game loaded: fr-sprunki-parasite-parasprunki-15 for es
 (+11ms) 
01:33:03   ├─ /fr/fr-sprunki-parasite-parasprunki-15/index.html🔍 Processing fullSlug: fr/fr-sprunki-parasite-parasprunki-15, locale: fr, baseSlug: fr-sprunki-parasite-parasprunki-15
✅ Game loaded: fr-sprunki-parasite-parasprunki-15 for fr
 (+11ms) 
01:33:03   ├─ /de/fr-sprunki-parasite-parasprunki-15/index.html🔍 Processing fullSlug: de/fr-sprunki-parasite-parasprunki-15, locale: de, baseSlug: fr-sprunki-parasite-parasprunki-15
✅ Game loaded: fr-sprunki-parasite-parasprunki-15 for de
 (+10ms) 
01:33:03   ├─ /ja/fr-sprunki-parasite-parasprunki-15/index.html🔍 Processing fullSlug: ja/fr-sprunki-parasite-parasprunki-15, locale: ja, baseSlug: fr-sprunki-parasite-parasprunki-15
✅ Game loaded: fr-sprunki-parasite-parasprunki-15 for ja
 (+10ms) 
01:33:03   ├─ /ko/fr-sprunki-parasite-parasprunki-15/index.html🔍 Processing fullSlug: ko/fr-sprunki-parasite-parasprunki-15, locale: ko, baseSlug: fr-sprunki-parasite-parasprunki-15
✅ Game loaded: fr-sprunki-parasite-parasprunki-15 for ko
 (+11ms) 
01:33:03   ├─ /fr-sprunki-phase-1/index.html🔍 Processing fullSlug: fr-sprunki-phase-1, locale: en, baseSlug: fr-sprunki-phase-1
✅ Game loaded: fr-sprunki-phase-1 for en
 (+11ms) 
01:33:03   ├─ /zh/fr-sprunki-phase-1/index.html🔍 Processing fullSlug: zh/fr-sprunki-phase-1, locale: zh, baseSlug: fr-sprunki-phase-1
✅ Game loaded: fr-sprunki-phase-1 for zh
 (+10ms) 
01:33:03   ├─ /es/fr-sprunki-phase-1/index.html🔍 Processing fullSlug: es/fr-sprunki-phase-1, locale: es, baseSlug: fr-sprunki-phase-1
✅ Game loaded: fr-sprunki-phase-1 for es
 (+10ms) 
01:33:03   ├─ /fr/fr-sprunki-phase-1/index.html🔍 Processing fullSlug: fr/fr-sprunki-phase-1, locale: fr, baseSlug: fr-sprunki-phase-1
✅ Game loaded: fr-sprunki-phase-1 for fr
 (+10ms) 
01:33:03   ├─ /de/fr-sprunki-phase-1/index.html🔍 Processing fullSlug: de/fr-sprunki-phase-1, locale: de, baseSlug: fr-sprunki-phase-1
✅ Game loaded: fr-sprunki-phase-1 for de
 (+11ms) 
01:33:03   ├─ /ja/fr-sprunki-phase-1/index.html🔍 Processing fullSlug: ja/fr-sprunki-phase-1, locale: ja, baseSlug: fr-sprunki-phase-1
✅ Game loaded: fr-sprunki-phase-1 for ja
 (+11ms) 
01:33:03   ├─ /ko/fr-sprunki-phase-1/index.html🔍 Processing fullSlug: ko/fr-sprunki-phase-1, locale: ko, baseSlug: fr-sprunki-phase-1
✅ Game loaded: fr-sprunki-phase-1 for ko
 (+12ms) 
01:33:03   ├─ /fr-sprunki-phase-2-5/index.html🔍 Processing fullSlug: fr-sprunki-phase-2-5, locale: en, baseSlug: fr-sprunki-phase-2-5
✅ Game loaded: fr-sprunki-phase-2-5 for en
 (+13ms) 
01:33:03   ├─ /zh/fr-sprunki-phase-2-5/index.html🔍 Processing fullSlug: zh/fr-sprunki-phase-2-5, locale: zh, baseSlug: fr-sprunki-phase-2-5
✅ Game loaded: fr-sprunki-phase-2-5 for zh
 (+16ms) 
01:33:03   ├─ /es/fr-sprunki-phase-2-5/index.html🔍 Processing fullSlug: es/fr-sprunki-phase-2-5, locale: es, baseSlug: fr-sprunki-phase-2-5
✅ Game loaded: fr-sprunki-phase-2-5 for es
 (+11ms) 
01:33:03   ├─ /fr/fr-sprunki-phase-2-5/index.html🔍 Processing fullSlug: fr/fr-sprunki-phase-2-5, locale: fr, baseSlug: fr-sprunki-phase-2-5
✅ Game loaded: fr-sprunki-phase-2-5 for fr
 (+11ms) 
01:33:03   ├─ /de/fr-sprunki-phase-2-5/index.html🔍 Processing fullSlug: de/fr-sprunki-phase-2-5, locale: de, baseSlug: fr-sprunki-phase-2-5
✅ Game loaded: fr-sprunki-phase-2-5 for de
 (+11ms) 
01:33:03   ├─ /ja/fr-sprunki-phase-2-5/index.html🔍 Processing fullSlug: ja/fr-sprunki-phase-2-5, locale: ja, baseSlug: fr-sprunki-phase-2-5
✅ Game loaded: fr-sprunki-phase-2-5 for ja
 (+10ms) 
01:33:03   ├─ /ko/fr-sprunki-phase-2-5/index.html🔍 Processing fullSlug: ko/fr-sprunki-phase-2-5, locale: ko, baseSlug: fr-sprunki-phase-2-5
✅ Game loaded: fr-sprunki-phase-2-5 for ko
 (+11ms) 
01:33:03   ├─ /fr-sprunki-phase-5/index.html🔍 Processing fullSlug: fr-sprunki-phase-5, locale: en, baseSlug: fr-sprunki-phase-5
✅ Game loaded: fr-sprunki-phase-5 for en
 (+11ms) 
01:33:03   ├─ /zh/fr-sprunki-phase-5/index.html🔍 Processing fullSlug: zh/fr-sprunki-phase-5, locale: zh, baseSlug: fr-sprunki-phase-5
✅ Game loaded: fr-sprunki-phase-5 for zh
 (+10ms) 
01:33:03   ├─ /es/fr-sprunki-phase-5/index.html🔍 Processing fullSlug: es/fr-sprunki-phase-5, locale: es, baseSlug: fr-sprunki-phase-5
✅ Game loaded: fr-sprunki-phase-5 for es
 (+10ms) 
01:33:03   ├─ /fr/fr-sprunki-phase-5/index.html🔍 Processing fullSlug: fr/fr-sprunki-phase-5, locale: fr, baseSlug: fr-sprunki-phase-5
✅ Game loaded: fr-sprunki-phase-5 for fr
 (+11ms) 
01:33:03   ├─ /de/fr-sprunki-phase-5/index.html🔍 Processing fullSlug: de/fr-sprunki-phase-5, locale: de, baseSlug: fr-sprunki-phase-5
✅ Game loaded: fr-sprunki-phase-5 for de
 (+11ms) 
01:33:03   ├─ /ja/fr-sprunki-phase-5/index.html🔍 Processing fullSlug: ja/fr-sprunki-phase-5, locale: ja, baseSlug: fr-sprunki-phase-5
✅ Game loaded: fr-sprunki-phase-5 for ja
 (+11ms) 
01:33:03   ├─ /ko/fr-sprunki-phase-5/index.html🔍 Processing fullSlug: ko/fr-sprunki-phase-5, locale: ko, baseSlug: fr-sprunki-phase-5
✅ Game loaded: fr-sprunki-phase-5 for ko
 (+10ms) 
01:33:03   ├─ /fr-sprunki-play-random/index.html🔍 Processing fullSlug: fr-sprunki-play-random, locale: en, baseSlug: fr-sprunki-play-random
✅ Game loaded: fr-sprunki-play-random for en
 (+12ms) 
01:33:03   ├─ /zh/fr-sprunki-play-random/index.html🔍 Processing fullSlug: zh/fr-sprunki-play-random, locale: zh, baseSlug: fr-sprunki-play-random
✅ Game loaded: fr-sprunki-play-random for zh
 (+13ms) 
01:33:03   ├─ /es/fr-sprunki-play-random/index.html🔍 Processing fullSlug: es/fr-sprunki-play-random, locale: es, baseSlug: fr-sprunki-play-random
✅ Game loaded: fr-sprunki-play-random for es
 (+11ms) 
01:33:03   ├─ /fr/fr-sprunki-play-random/index.html🔍 Processing fullSlug: fr/fr-sprunki-play-random, locale: fr, baseSlug: fr-sprunki-play-random
✅ Game loaded: fr-sprunki-play-random for fr
 (+11ms) 
01:33:03   ├─ /de/fr-sprunki-play-random/index.html🔍 Processing fullSlug: de/fr-sprunki-play-random, locale: de, baseSlug: fr-sprunki-play-random
✅ Game loaded: fr-sprunki-play-random for de
 (+11ms) 
01:33:03   ├─ /ja/fr-sprunki-play-random/index.html🔍 Processing fullSlug: ja/fr-sprunki-play-random, locale: ja, baseSlug: fr-sprunki-play-random
✅ Game loaded: fr-sprunki-play-random for ja
 (+11ms) 
01:33:03   ├─ /ko/fr-sprunki-play-random/index.html🔍 Processing fullSlug: ko/fr-sprunki-play-random, locale: ko, baseSlug: fr-sprunki-play-random
✅ Game loaded: fr-sprunki-play-random for ko
 (+11ms) 
01:33:03   ├─ /fr-sprunki-phase-8/index.html🔍 Processing fullSlug: fr-sprunki-phase-8, locale: en, baseSlug: fr-sprunki-phase-8
✅ Game loaded: fr-sprunki-phase-8 for en
 (+11ms) 
01:33:03   ├─ /zh/fr-sprunki-phase-8/index.html🔍 Processing fullSlug: zh/fr-sprunki-phase-8, locale: zh, baseSlug: fr-sprunki-phase-8
✅ Game loaded: fr-sprunki-phase-8 for zh
 (+10ms) 
01:33:03   ├─ /es/fr-sprunki-phase-8/index.html🔍 Processing fullSlug: es/fr-sprunki-phase-8, locale: es, baseSlug: fr-sprunki-phase-8
✅ Game loaded: fr-sprunki-phase-8 for es
 (+10ms) 
01:33:03   ├─ /fr/fr-sprunki-phase-8/index.html🔍 Processing fullSlug: fr/fr-sprunki-phase-8, locale: fr, baseSlug: fr-sprunki-phase-8
✅ Game loaded: fr-sprunki-phase-8 for fr
 (+10ms) 
01:33:03   ├─ /de/fr-sprunki-phase-8/index.html🔍 Processing fullSlug: de/fr-sprunki-phase-8, locale: de, baseSlug: fr-sprunki-phase-8
✅ Game loaded: fr-sprunki-phase-8 for de
 (+11ms) 
01:33:03   ├─ /ja/fr-sprunki-phase-8/index.html🔍 Processing fullSlug: ja/fr-sprunki-phase-8, locale: ja, baseSlug: fr-sprunki-phase-8
✅ Game loaded: fr-sprunki-phase-8 for ja
 (+11ms) 
01:33:03   ├─ /ko/fr-sprunki-phase-8/index.html🔍 Processing fullSlug: ko/fr-sprunki-phase-8, locale: ko, baseSlug: fr-sprunki-phase-8
✅ Game loaded: fr-sprunki-phase-8 for ko
 (+11ms) 
01:33:03   ├─ /fr-sprunki-pyramixed-version/index.html🔍 Processing fullSlug: fr-sprunki-pyramixed-version, locale: en, baseSlug: fr-sprunki-pyramixed-version
✅ Game loaded: fr-sprunki-pyramixed-version for en
 (+14ms) 
01:33:03   ├─ /zh/fr-sprunki-pyramixed-version/index.html🔍 Processing fullSlug: zh/fr-sprunki-pyramixed-version, locale: zh, baseSlug: fr-sprunki-pyramixed-version
✅ Game loaded: fr-sprunki-pyramixed-version for zh
 (+14ms) 
01:33:03   ├─ /es/fr-sprunki-pyramixed-version/index.html🔍 Processing fullSlug: es/fr-sprunki-pyramixed-version, locale: es, baseSlug: fr-sprunki-pyramixed-version
✅ Game loaded: fr-sprunki-pyramixed-version for es
 (+11ms) 
01:33:03   ├─ /fr/fr-sprunki-pyramixed-version/index.html🔍 Processing fullSlug: fr/fr-sprunki-pyramixed-version, locale: fr, baseSlug: fr-sprunki-pyramixed-version
✅ Game loaded: fr-sprunki-pyramixed-version for fr
 (+11ms) 
01:33:03   ├─ /de/fr-sprunki-pyramixed-version/index.html🔍 Processing fullSlug: de/fr-sprunki-pyramixed-version, locale: de, baseSlug: fr-sprunki-pyramixed-version
✅ Game loaded: fr-sprunki-pyramixed-version for de
 (+10ms) 
01:33:03   ├─ /ja/fr-sprunki-pyramixed-version/index.html🔍 Processing fullSlug: ja/fr-sprunki-pyramixed-version, locale: ja, baseSlug: fr-sprunki-pyramixed-version
✅ Game loaded: fr-sprunki-pyramixed-version for ja
 (+11ms) 
01:33:03   ├─ /ko/fr-sprunki-pyramixed-version/index.html🔍 Processing fullSlug: ko/fr-sprunki-pyramixed-version, locale: ko, baseSlug: fr-sprunki-pyramixed-version
✅ Game loaded: fr-sprunki-pyramixed-version for ko
 (+11ms) 
01:33:03   ├─ /fr-sprunki-pyramixed/index.html🔍 Processing fullSlug: fr-sprunki-pyramixed, locale: en, baseSlug: fr-sprunki-pyramixed
✅ Game loaded: fr-sprunki-pyramixed for en
 (+11ms) 
01:33:03   ├─ /zh/fr-sprunki-pyramixed/index.html🔍 Processing fullSlug: zh/fr-sprunki-pyramixed, locale: zh, baseSlug: fr-sprunki-pyramixed
✅ Game loaded: fr-sprunki-pyramixed for zh
 (+11ms) 
01:33:03   ├─ /es/fr-sprunki-pyramixed/index.html🔍 Processing fullSlug: es/fr-sprunki-pyramixed, locale: es, baseSlug: fr-sprunki-pyramixed
✅ Game loaded: fr-sprunki-pyramixed for es
 (+10ms) 
01:33:03   ├─ /fr/fr-sprunki-pyramixed/index.html🔍 Processing fullSlug: fr/fr-sprunki-pyramixed, locale: fr, baseSlug: fr-sprunki-pyramixed
✅ Game loaded: fr-sprunki-pyramixed for fr
 (+11ms) 
01:33:04   ├─ /de/fr-sprunki-pyramixed/index.html🔍 Processing fullSlug: de/fr-sprunki-pyramixed, locale: de, baseSlug: fr-sprunki-pyramixed
✅ Game loaded: fr-sprunki-pyramixed for de
 (+11ms) 
01:33:04   ├─ /ja/fr-sprunki-pyramixed/index.html🔍 Processing fullSlug: ja/fr-sprunki-pyramixed, locale: ja, baseSlug: fr-sprunki-pyramixed
✅ Game loaded: fr-sprunki-pyramixed for ja
 (+11ms) 
01:33:04   ├─ /ko/fr-sprunki-pyramixed/index.html🔍 Processing fullSlug: ko/fr-sprunki-pyramixed, locale: ko, baseSlug: fr-sprunki-pyramixed
✅ Game loaded: fr-sprunki-pyramixed for ko
 (+11ms) 
01:33:04   ├─ /fr-sprunki-red-sun/index.html🔍 Processing fullSlug: fr-sprunki-red-sun, locale: en, baseSlug: fr-sprunki-red-sun
✅ Game loaded: fr-sprunki-red-sun for en
 (+13ms) 
01:33:04   ├─ /zh/fr-sprunki-red-sun/index.html🔍 Processing fullSlug: zh/fr-sprunki-red-sun, locale: zh, baseSlug: fr-sprunki-red-sun
✅ Game loaded: fr-sprunki-red-sun for zh
 (+13ms) 
01:33:04   ├─ /es/fr-sprunki-red-sun/index.html🔍 Processing fullSlug: es/fr-sprunki-red-sun, locale: es, baseSlug: fr-sprunki-red-sun
✅ Game loaded: fr-sprunki-red-sun for es
 (+10ms) 
01:33:04   ├─ /fr/fr-sprunki-red-sun/index.html🔍 Processing fullSlug: fr/fr-sprunki-red-sun, locale: fr, baseSlug: fr-sprunki-red-sun
✅ Game loaded: fr-sprunki-red-sun for fr
 (+11ms) 
01:33:04   ├─ /de/fr-sprunki-red-sun/index.html🔍 Processing fullSlug: de/fr-sprunki-red-sun, locale: de, baseSlug: fr-sprunki-red-sun
✅ Game loaded: fr-sprunki-red-sun for de
 (+11ms) 
01:33:04   ├─ /ja/fr-sprunki-red-sun/index.html🔍 Processing fullSlug: ja/fr-sprunki-red-sun, locale: ja, baseSlug: fr-sprunki-red-sun
✅ Game loaded: fr-sprunki-red-sun for ja
 (+11ms) 
01:33:04   ├─ /ko/fr-sprunki-red-sun/index.html🔍 Processing fullSlug: ko/fr-sprunki-red-sun, locale: ko, baseSlug: fr-sprunki-red-sun
✅ Game loaded: fr-sprunki-red-sun for ko
 (+11ms) 
01:33:04   ├─ /fr-sprunki-police-and-prisoners/index.html🔍 Processing fullSlug: fr-sprunki-police-and-prisoners, locale: en, baseSlug: fr-sprunki-police-and-prisoners
✅ Game loaded: fr-sprunki-police-and-prisoners for en
 (+19ms) 
01:33:04   ├─ /zh/fr-sprunki-police-and-prisoners/index.html🔍 Processing fullSlug: zh/fr-sprunki-police-and-prisoners, locale: zh, baseSlug: fr-sprunki-police-and-prisoners
✅ Game loaded: fr-sprunki-police-and-prisoners for zh
 (+10ms) 
01:33:04   ├─ /es/fr-sprunki-police-and-prisoners/index.html🔍 Processing fullSlug: es/fr-sprunki-police-and-prisoners, locale: es, baseSlug: fr-sprunki-police-and-prisoners
✅ Game loaded: fr-sprunki-police-and-prisoners for es
 (+11ms) 
01:33:04   ├─ /fr/fr-sprunki-police-and-prisoners/index.html🔍 Processing fullSlug: fr/fr-sprunki-police-and-prisoners, locale: fr, baseSlug: fr-sprunki-police-and-prisoners
✅ Game loaded: fr-sprunki-police-and-prisoners for fr
 (+11ms) 
01:33:04   ├─ /de/fr-sprunki-police-and-prisoners/index.html🔍 Processing fullSlug: de/fr-sprunki-police-and-prisoners, locale: de, baseSlug: fr-sprunki-police-and-prisoners
✅ Game loaded: fr-sprunki-police-and-prisoners for de
 (+11ms) 
01:33:04   ├─ /ja/fr-sprunki-police-and-prisoners/index.html🔍 Processing fullSlug: ja/fr-sprunki-police-and-prisoners, locale: ja, baseSlug: fr-sprunki-police-and-prisoners
✅ Game loaded: fr-sprunki-police-and-prisoners for ja
 (+11ms) 
01:33:04   ├─ /ko/fr-sprunki-police-and-prisoners/index.html🔍 Processing fullSlug: ko/fr-sprunki-police-and-prisoners, locale: ko, baseSlug: fr-sprunki-police-and-prisoners
✅ Game loaded: fr-sprunki-police-and-prisoners for ko
 (+11ms) 
01:33:04   ├─ /fr-sprunki-retake-bonus-characters/index.html🔍 Processing fullSlug: fr-sprunki-retake-bonus-characters, locale: en, baseSlug: fr-sprunki-retake-bonus-characters
✅ Game loaded: fr-sprunki-retake-bonus-characters for en
 (+13ms) 
01:33:04   ├─ /zh/fr-sprunki-retake-bonus-characters/index.html🔍 Processing fullSlug: zh/fr-sprunki-retake-bonus-characters, locale: zh, baseSlug: fr-sprunki-retake-bonus-characters
✅ Game loaded: fr-sprunki-retake-bonus-characters for zh
 (+41ms) 
01:33:04   ├─ /es/fr-sprunki-retake-bonus-characters/index.html🔍 Processing fullSlug: es/fr-sprunki-retake-bonus-characters, locale: es, baseSlug: fr-sprunki-retake-bonus-characters
✅ Game loaded: fr-sprunki-retake-bonus-characters for es
 (+12ms) 
01:33:04   ├─ /fr/fr-sprunki-retake-bonus-characters/index.html🔍 Processing fullSlug: fr/fr-sprunki-retake-bonus-characters, locale: fr, baseSlug: fr-sprunki-retake-bonus-characters
✅ Game loaded: fr-sprunki-retake-bonus-characters for fr
 (+11ms) 
01:33:04   ├─ /de/fr-sprunki-retake-bonus-characters/index.html🔍 Processing fullSlug: de/fr-sprunki-retake-bonus-characters, locale: de, baseSlug: fr-sprunki-retake-bonus-characters
✅ Game loaded: fr-sprunki-retake-bonus-characters for de
 (+11ms) 
01:33:04   ├─ /ja/fr-sprunki-retake-bonus-characters/index.html🔍 Processing fullSlug: ja/fr-sprunki-retake-bonus-characters, locale: ja, baseSlug: fr-sprunki-retake-bonus-characters
✅ Game loaded: fr-sprunki-retake-bonus-characters for ja
 (+11ms) 
01:33:04   ├─ /ko/fr-sprunki-retake-bonus-characters/index.html🔍 Processing fullSlug: ko/fr-sprunki-retake-bonus-characters, locale: ko, baseSlug: fr-sprunki-retake-bonus-characters
✅ Game loaded: fr-sprunki-retake-bonus-characters for ko
 (+10ms) 
01:33:04   ├─ /fr-sprunki-retake-new-human/index.html🔍 Processing fullSlug: fr-sprunki-retake-new-human, locale: en, baseSlug: fr-sprunki-retake-new-human
✅ Game loaded: fr-sprunki-retake-new-human for en
 (+12ms) 
01:33:04   ├─ /zh/fr-sprunki-retake-new-human/index.html🔍 Processing fullSlug: zh/fr-sprunki-retake-new-human, locale: zh, baseSlug: fr-sprunki-retake-new-human
✅ Game loaded: fr-sprunki-retake-new-human for zh
 (+10ms) 
01:33:04   ├─ /es/fr-sprunki-retake-new-human/index.html🔍 Processing fullSlug: es/fr-sprunki-retake-new-human, locale: es, baseSlug: fr-sprunki-retake-new-human
✅ Game loaded: fr-sprunki-retake-new-human for es
 (+11ms) 
01:33:04   ├─ /fr/fr-sprunki-retake-new-human/index.html🔍 Processing fullSlug: fr/fr-sprunki-retake-new-human, locale: fr, baseSlug: fr-sprunki-retake-new-human
✅ Game loaded: fr-sprunki-retake-new-human for fr
 (+13ms) 
01:33:04   ├─ /de/fr-sprunki-retake-new-human/index.html🔍 Processing fullSlug: de/fr-sprunki-retake-new-human, locale: de, baseSlug: fr-sprunki-retake-new-human
✅ Game loaded: fr-sprunki-retake-new-human for de
 (+16ms) 
01:33:04   ├─ /ja/fr-sprunki-retake-new-human/index.html🔍 Processing fullSlug: ja/fr-sprunki-retake-new-human, locale: ja, baseSlug: fr-sprunki-retake-new-human
✅ Game loaded: fr-sprunki-retake-new-human for ja
 (+16ms) 
01:33:04   ├─ /ko/fr-sprunki-retake-new-human/index.html🔍 Processing fullSlug: ko/fr-sprunki-retake-new-human, locale: ko, baseSlug: fr-sprunki-retake-new-human
✅ Game loaded: fr-sprunki-retake-new-human for ko
 (+11ms) 
01:33:04   ├─ /fr-sprunki-retake/index.html🔍 Processing fullSlug: fr-sprunki-retake, locale: en, baseSlug: fr-sprunki-retake
✅ Game loaded: fr-sprunki-retake for en
 (+13ms) 
01:33:04   ├─ /zh/fr-sprunki-retake/index.html🔍 Processing fullSlug: zh/fr-sprunki-retake, locale: zh, baseSlug: fr-sprunki-retake
✅ Game loaded: fr-sprunki-retake for zh
 (+12ms) 
01:33:04   ├─ /es/fr-sprunki-retake/index.html🔍 Processing fullSlug: es/fr-sprunki-retake, locale: es, baseSlug: fr-sprunki-retake
✅ Game loaded: fr-sprunki-retake for es
 (+11ms) 
01:33:04   ├─ /fr/fr-sprunki-retake/index.html🔍 Processing fullSlug: fr/fr-sprunki-retake, locale: fr, baseSlug: fr-sprunki-retake
✅ Game loaded: fr-sprunki-retake for fr
 (+10ms) 
01:33:04   ├─ /de/fr-sprunki-retake/index.html🔍 Processing fullSlug: de/fr-sprunki-retake, locale: de, baseSlug: fr-sprunki-retake
✅ Game loaded: fr-sprunki-retake for de
 (+11ms) 
01:33:04   ├─ /ja/fr-sprunki-retake/index.html🔍 Processing fullSlug: ja/fr-sprunki-retake, locale: ja, baseSlug: fr-sprunki-retake
✅ Game loaded: fr-sprunki-retake for ja
 (+11ms) 
01:33:04   ├─ /ko/fr-sprunki-retake/index.html🔍 Processing fullSlug: ko/fr-sprunki-retake, locale: ko, baseSlug: fr-sprunki-retake
✅ Game loaded: fr-sprunki-retake for ko
 (+11ms) 
01:33:04   ├─ /fr-sprunki-sonic/index.html🔍 Processing fullSlug: fr-sprunki-sonic, locale: en, baseSlug: fr-sprunki-sonic
✅ Game loaded: fr-sprunki-sonic for en
 (+11ms) 
01:33:04   ├─ /zh/fr-sprunki-sonic/index.html🔍 Processing fullSlug: zh/fr-sprunki-sonic, locale: zh, baseSlug: fr-sprunki-sonic
✅ Game loaded: fr-sprunki-sonic for zh
 (+10ms) 
01:33:04   ├─ /es/fr-sprunki-sonic/index.html🔍 Processing fullSlug: es/fr-sprunki-sonic, locale: es, baseSlug: fr-sprunki-sonic
✅ Game loaded: fr-sprunki-sonic for es
 (+10ms) 
01:33:04   ├─ /fr/fr-sprunki-sonic/index.html🔍 Processing fullSlug: fr/fr-sprunki-sonic, locale: fr, baseSlug: fr-sprunki-sonic
✅ Game loaded: fr-sprunki-sonic for fr
 (+11ms) 
01:33:04   ├─ /de/fr-sprunki-sonic/index.html🔍 Processing fullSlug: de/fr-sprunki-sonic, locale: de, baseSlug: fr-sprunki-sonic
✅ Game loaded: fr-sprunki-sonic for de
 (+10ms) 
01:33:04   ├─ /ja/fr-sprunki-sonic/index.html🔍 Processing fullSlug: ja/fr-sprunki-sonic, locale: ja, baseSlug: fr-sprunki-sonic
✅ Game loaded: fr-sprunki-sonic for ja
 (+11ms) 
01:33:04   ├─ /ko/fr-sprunki-sonic/index.html🔍 Processing fullSlug: ko/fr-sprunki-sonic, locale: ko, baseSlug: fr-sprunki-sonic
✅ Game loaded: fr-sprunki-sonic for ko
 (+11ms) 
01:33:04   ├─ /fr-sprunki-rotrizi-5/index.html🔍 Processing fullSlug: fr-sprunki-rotrizi-5, locale: en, baseSlug: fr-sprunki-rotrizi-5
✅ Game loaded: fr-sprunki-rotrizi-5 for en
 (+12ms) 
01:33:04   ├─ /zh/fr-sprunki-rotrizi-5/index.html🔍 Processing fullSlug: zh/fr-sprunki-rotrizi-5, locale: zh, baseSlug: fr-sprunki-rotrizi-5
✅ Game loaded: fr-sprunki-rotrizi-5 for zh
 (+13ms) 
01:33:04   ├─ /es/fr-sprunki-rotrizi-5/index.html🔍 Processing fullSlug: es/fr-sprunki-rotrizi-5, locale: es, baseSlug: fr-sprunki-rotrizi-5
✅ Game loaded: fr-sprunki-rotrizi-5 for es
 (+11ms) 
01:33:04   ├─ /fr/fr-sprunki-rotrizi-5/index.html🔍 Processing fullSlug: fr/fr-sprunki-rotrizi-5, locale: fr, baseSlug: fr-sprunki-rotrizi-5
✅ Game loaded: fr-sprunki-rotrizi-5 for fr
 (+11ms) 
01:33:04   ├─ /de/fr-sprunki-rotrizi-5/index.html🔍 Processing fullSlug: de/fr-sprunki-rotrizi-5, locale: de, baseSlug: fr-sprunki-rotrizi-5
✅ Game loaded: fr-sprunki-rotrizi-5 for de
 (+11ms) 
01:33:04   ├─ /ja/fr-sprunki-rotrizi-5/index.html🔍 Processing fullSlug: ja/fr-sprunki-rotrizi-5, locale: ja, baseSlug: fr-sprunki-rotrizi-5
✅ Game loaded: fr-sprunki-rotrizi-5 for ja
 (+11ms) 
01:33:04   ├─ /ko/fr-sprunki-rotrizi-5/index.html🔍 Processing fullSlug: ko/fr-sprunki-rotrizi-5, locale: ko, baseSlug: fr-sprunki-rotrizi-5
✅ Game loaded: fr-sprunki-rotrizi-5 for ko
 (+10ms) 
01:33:04   ├─ /fr-sprunki-sepbox-steel-factory/index.html🔍 Processing fullSlug: fr-sprunki-sepbox-steel-factory, locale: en, baseSlug: fr-sprunki-sepbox-steel-factory
✅ Game loaded: fr-sprunki-sepbox-steel-factory for en
 (+11ms) 
01:33:04   ├─ /zh/fr-sprunki-sepbox-steel-factory/index.html🔍 Processing fullSlug: zh/fr-sprunki-sepbox-steel-factory, locale: zh, baseSlug: fr-sprunki-sepbox-steel-factory
✅ Game loaded: fr-sprunki-sepbox-steel-factory for zh
 (+11ms) 
01:33:04   ├─ /es/fr-sprunki-sepbox-steel-factory/index.html🔍 Processing fullSlug: es/fr-sprunki-sepbox-steel-factory, locale: es, baseSlug: fr-sprunki-sepbox-steel-factory
✅ Game loaded: fr-sprunki-sepbox-steel-factory for es
 (+11ms) 
01:33:04   ├─ /fr/fr-sprunki-sepbox-steel-factory/index.html🔍 Processing fullSlug: fr/fr-sprunki-sepbox-steel-factory, locale: fr, baseSlug: fr-sprunki-sepbox-steel-factory
✅ Game loaded: fr-sprunki-sepbox-steel-factory for fr
 (+11ms) 
01:33:04   ├─ /de/fr-sprunki-sepbox-steel-factory/index.html🔍 Processing fullSlug: de/fr-sprunki-sepbox-steel-factory, locale: de, baseSlug: fr-sprunki-sepbox-steel-factory
✅ Game loaded: fr-sprunki-sepbox-steel-factory for de
 (+11ms) 
01:33:04   ├─ /ja/fr-sprunki-sepbox-steel-factory/index.html🔍 Processing fullSlug: ja/fr-sprunki-sepbox-steel-factory, locale: ja, baseSlug: fr-sprunki-sepbox-steel-factory
✅ Game loaded: fr-sprunki-sepbox-steel-factory for ja
 (+11ms) 
01:33:04   ├─ /ko/fr-sprunki-sepbox-steel-factory/index.html🔍 Processing fullSlug: ko/fr-sprunki-sepbox-steel-factory, locale: ko, baseSlug: fr-sprunki-sepbox-steel-factory
✅ Game loaded: fr-sprunki-sepbox-steel-factory for ko
 (+11ms) 
01:33:04   ├─ /fr-sprunki-squid-remix/index.html🔍 Processing fullSlug: fr-sprunki-squid-remix, locale: en, baseSlug: fr-sprunki-squid-remix
✅ Game loaded: fr-sprunki-squid-remix for en
 (+12ms) 
01:33:04   ├─ /zh/fr-sprunki-squid-remix/index.html🔍 Processing fullSlug: zh/fr-sprunki-squid-remix, locale: zh, baseSlug: fr-sprunki-squid-remix
✅ Game loaded: fr-sprunki-squid-remix for zh
 (+13ms) 
01:33:04   ├─ /es/fr-sprunki-squid-remix/index.html🔍 Processing fullSlug: es/fr-sprunki-squid-remix, locale: es, baseSlug: fr-sprunki-squid-remix
✅ Game loaded: fr-sprunki-squid-remix for es
 (+10ms) 
01:33:04   ├─ /fr/fr-sprunki-squid-remix/index.html🔍 Processing fullSlug: fr/fr-sprunki-squid-remix, locale: fr, baseSlug: fr-sprunki-squid-remix
✅ Game loaded: fr-sprunki-squid-remix for fr
 (+10ms) 
01:33:04   ├─ /de/fr-sprunki-squid-remix/index.html🔍 Processing fullSlug: de/fr-sprunki-squid-remix, locale: de, baseSlug: fr-sprunki-squid-remix
✅ Game loaded: fr-sprunki-squid-remix for de
 (+10ms) 
01:33:04   ├─ /ja/fr-sprunki-squid-remix/index.html🔍 Processing fullSlug: ja/fr-sprunki-squid-remix, locale: ja, baseSlug: fr-sprunki-squid-remix
✅ Game loaded: fr-sprunki-squid-remix for ja
 (+11ms) 
01:33:04   ├─ /ko/fr-sprunki-squid-remix/index.html🔍 Processing fullSlug: ko/fr-sprunki-squid-remix, locale: ko, baseSlug: fr-sprunki-squid-remix
✅ Game loaded: fr-sprunki-squid-remix for ko
 (+11ms) 
01:33:04   ├─ /fr-sprunki-swapped-horror/index.html🔍 Processing fullSlug: fr-sprunki-swapped-horror, locale: en, baseSlug: fr-sprunki-swapped-horror
✅ Game loaded: fr-sprunki-swapped-horror for en
 (+11ms) 
01:33:04   ├─ /zh/fr-sprunki-swapped-horror/index.html🔍 Processing fullSlug: zh/fr-sprunki-swapped-horror, locale: zh, baseSlug: fr-sprunki-swapped-horror
✅ Game loaded: fr-sprunki-swapped-horror for zh
 (+10ms) 
01:33:04   ├─ /es/fr-sprunki-swapped-horror/index.html🔍 Processing fullSlug: es/fr-sprunki-swapped-horror, locale: es, baseSlug: fr-sprunki-swapped-horror
✅ Game loaded: fr-sprunki-swapped-horror for es
 (+10ms) 
01:33:04   ├─ /fr/fr-sprunki-swapped-horror/index.html🔍 Processing fullSlug: fr/fr-sprunki-swapped-horror, locale: fr, baseSlug: fr-sprunki-swapped-horror
✅ Game loaded: fr-sprunki-swapped-horror for fr
 (+10ms) 
01:33:04   ├─ /de/fr-sprunki-swapped-horror/index.html🔍 Processing fullSlug: de/fr-sprunki-swapped-horror, locale: de, baseSlug: fr-sprunki-swapped-horror
✅ Game loaded: fr-sprunki-swapped-horror for de
 (+11ms) 
01:33:04   ├─ /ja/fr-sprunki-swapped-horror/index.html🔍 Processing fullSlug: ja/fr-sprunki-swapped-horror, locale: ja, baseSlug: fr-sprunki-swapped-horror
✅ Game loaded: fr-sprunki-swapped-horror for ja
 (+10ms) 
01:33:04   ├─ /ko/fr-sprunki-swapped-horror/index.html🔍 Processing fullSlug: ko/fr-sprunki-swapped-horror, locale: ko, baseSlug: fr-sprunki-swapped-horror
✅ Game loaded: fr-sprunki-swapped-horror for ko
 (+11ms) 
01:33:04   ├─ /fr-sprunki-virus-new-update/index.html🔍 Processing fullSlug: fr-sprunki-virus-new-update, locale: en, baseSlug: fr-sprunki-virus-new-update
✅ Game loaded: fr-sprunki-virus-new-update for en
 (+14ms) 
01:33:04   ├─ /zh/fr-sprunki-virus-new-update/index.html🔍 Processing fullSlug: zh/fr-sprunki-virus-new-update, locale: zh, baseSlug: fr-sprunki-virus-new-update
✅ Game loaded: fr-sprunki-virus-new-update for zh
 (+19ms) 
01:33:04   ├─ /es/fr-sprunki-virus-new-update/index.html🔍 Processing fullSlug: es/fr-sprunki-virus-new-update, locale: es, baseSlug: fr-sprunki-virus-new-update
✅ Game loaded: fr-sprunki-virus-new-update for es
 (+10ms) 
01:33:04   ├─ /fr/fr-sprunki-virus-new-update/index.html🔍 Processing fullSlug: fr/fr-sprunki-virus-new-update, locale: fr, baseSlug: fr-sprunki-virus-new-update
✅ Game loaded: fr-sprunki-virus-new-update for fr
 (+11ms) 
01:33:04   ├─ /de/fr-sprunki-virus-new-update/index.html🔍 Processing fullSlug: de/fr-sprunki-virus-new-update, locale: de, baseSlug: fr-sprunki-virus-new-update
✅ Game loaded: fr-sprunki-virus-new-update for de
 (+10ms) 
01:33:04   ├─ /ja/fr-sprunki-virus-new-update/index.html🔍 Processing fullSlug: ja/fr-sprunki-virus-new-update, locale: ja, baseSlug: fr-sprunki-virus-new-update
✅ Game loaded: fr-sprunki-virus-new-update for ja
 (+10ms) 
01:33:04   ├─ /ko/fr-sprunki-virus-new-update/index.html🔍 Processing fullSlug: ko/fr-sprunki-virus-new-update, locale: ko, baseSlug: fr-sprunki-virus-new-update
✅ Game loaded: fr-sprunki-virus-new-update for ko
 (+10ms) 
01:33:04   ├─ /fr-sprunkle-bops/index.html🔍 Processing fullSlug: fr-sprunkle-bops, locale: en, baseSlug: fr-sprunkle-bops
✅ Game loaded: fr-sprunkle-bops for en
 (+11ms) 
01:33:04   ├─ /zh/fr-sprunkle-bops/index.html🔍 Processing fullSlug: zh/fr-sprunkle-bops, locale: zh, baseSlug: fr-sprunkle-bops
✅ Game loaded: fr-sprunkle-bops for zh
 (+10ms) 
01:33:04   ├─ /es/fr-sprunkle-bops/index.html🔍 Processing fullSlug: es/fr-sprunkle-bops, locale: es, baseSlug: fr-sprunkle-bops
✅ Game loaded: fr-sprunkle-bops for es
 (+10ms) 
01:33:04   ├─ /fr/fr-sprunkle-bops/index.html🔍 Processing fullSlug: fr/fr-sprunkle-bops, locale: fr, baseSlug: fr-sprunkle-bops
✅ Game loaded: fr-sprunkle-bops for fr
 (+10ms) 
01:33:04   ├─ /de/fr-sprunkle-bops/index.html🔍 Processing fullSlug: de/fr-sprunkle-bops, locale: de, baseSlug: fr-sprunkle-bops
✅ Game loaded: fr-sprunkle-bops for de
 (+10ms) 
01:33:05   ├─ /ja/fr-sprunkle-bops/index.html🔍 Processing fullSlug: ja/fr-sprunkle-bops, locale: ja, baseSlug: fr-sprunkle-bops
✅ Game loaded: fr-sprunkle-bops for ja
 (+10ms) 
01:33:05   ├─ /ko/fr-sprunkle-bops/index.html🔍 Processing fullSlug: ko/fr-sprunkle-bops, locale: ko, baseSlug: fr-sprunkle-bops
✅ Game loaded: fr-sprunkle-bops for ko
 (+10ms) 
01:33:05   ├─ /fr-sprunkr-but-sprunki/index.html🔍 Processing fullSlug: fr-sprunkr-but-sprunki, locale: en, baseSlug: fr-sprunkr-but-sprunki
✅ Game loaded: fr-sprunkr-but-sprunki for en
 (+12ms) 
01:33:05   ├─ /zh/fr-sprunkr-but-sprunki/index.html🔍 Processing fullSlug: zh/fr-sprunkr-but-sprunki, locale: zh, baseSlug: fr-sprunkr-but-sprunki
✅ Game loaded: fr-sprunkr-but-sprunki for zh
 (+14ms) 
01:33:05   ├─ /es/fr-sprunkr-but-sprunki/index.html🔍 Processing fullSlug: es/fr-sprunkr-but-sprunki, locale: es, baseSlug: fr-sprunkr-but-sprunki
✅ Game loaded: fr-sprunkr-but-sprunki for es
 (+11ms) 
01:33:05   ├─ /fr/fr-sprunkr-but-sprunki/index.html🔍 Processing fullSlug: fr/fr-sprunkr-but-sprunki, locale: fr, baseSlug: fr-sprunkr-but-sprunki
✅ Game loaded: fr-sprunkr-but-sprunki for fr
 (+11ms) 
01:33:05   ├─ /de/fr-sprunkr-but-sprunki/index.html🔍 Processing fullSlug: de/fr-sprunkr-but-sprunki, locale: de, baseSlug: fr-sprunkr-but-sprunki
✅ Game loaded: fr-sprunkr-but-sprunki for de
 (+10ms) 
01:33:05   ├─ /ja/fr-sprunkr-but-sprunki/index.html🔍 Processing fullSlug: ja/fr-sprunkr-but-sprunki, locale: ja, baseSlug: fr-sprunkr-but-sprunki
✅ Game loaded: fr-sprunkr-but-sprunki for ja
 (+11ms) 
01:33:05   ├─ /ko/fr-sprunkr-but-sprunki/index.html🔍 Processing fullSlug: ko/fr-sprunkr-but-sprunki, locale: ko, baseSlug: fr-sprunkr-but-sprunki
✅ Game loaded: fr-sprunkr-but-sprunki for ko
 (+11ms) 
01:33:05   ├─ /fr-super-sprunki-brasil/index.html🔍 Processing fullSlug: fr-super-sprunki-brasil, locale: en, baseSlug: fr-super-sprunki-brasil
✅ Game loaded: fr-super-sprunki-brasil for en
 (+11ms) 
01:33:05   ├─ /zh/fr-super-sprunki-brasil/index.html🔍 Processing fullSlug: zh/fr-super-sprunki-brasil, locale: zh, baseSlug: fr-super-sprunki-brasil
✅ Game loaded: fr-super-sprunki-brasil for zh
 (+10ms) 
01:33:05   ├─ /es/fr-super-sprunki-brasil/index.html🔍 Processing fullSlug: es/fr-super-sprunki-brasil, locale: es, baseSlug: fr-super-sprunki-brasil
✅ Game loaded: fr-super-sprunki-brasil for es
 (+11ms) 
01:33:05   ├─ /fr/fr-super-sprunki-brasil/index.html🔍 Processing fullSlug: fr/fr-super-sprunki-brasil, locale: fr, baseSlug: fr-super-sprunki-brasil
✅ Game loaded: fr-super-sprunki-brasil for fr
 (+10ms) 
01:33:05   ├─ /de/fr-super-sprunki-brasil/index.html🔍 Processing fullSlug: de/fr-super-sprunki-brasil, locale: de, baseSlug: fr-super-sprunki-brasil
✅ Game loaded: fr-super-sprunki-brasil for de
 (+11ms) 
01:33:05   ├─ /ja/fr-super-sprunki-brasil/index.html🔍 Processing fullSlug: ja/fr-super-sprunki-brasil, locale: ja, baseSlug: fr-super-sprunki-brasil
✅ Game loaded: fr-super-sprunki-brasil for ja
 (+12ms) 
01:33:05   ├─ /ko/fr-super-sprunki-brasil/index.html🔍 Processing fullSlug: ko/fr-super-sprunki-brasil, locale: ko, baseSlug: fr-super-sprunki-brasil
✅ Game loaded: fr-super-sprunki-brasil for ko
 (+11ms) 
01:33:05   ├─ /fr-swap-sprunkgerny/index.html🔍 Processing fullSlug: fr-swap-sprunkgerny, locale: en, baseSlug: fr-swap-sprunkgerny
✅ Game loaded: fr-swap-sprunkgerny for en
 (+13ms) 
01:33:05   ├─ /zh/fr-swap-sprunkgerny/index.html🔍 Processing fullSlug: zh/fr-swap-sprunkgerny, locale: zh, baseSlug: fr-swap-sprunkgerny
✅ Game loaded: fr-swap-sprunkgerny for zh
 (+15ms) 
01:33:05   ├─ /es/fr-swap-sprunkgerny/index.html🔍 Processing fullSlug: es/fr-swap-sprunkgerny, locale: es, baseSlug: fr-swap-sprunkgerny
✅ Game loaded: fr-swap-sprunkgerny for es
 (+10ms) 
01:33:05   ├─ /fr/fr-swap-sprunkgerny/index.html🔍 Processing fullSlug: fr/fr-swap-sprunkgerny, locale: fr, baseSlug: fr-swap-sprunkgerny
✅ Game loaded: fr-swap-sprunkgerny for fr
 (+10ms) 
01:33:05   ├─ /de/fr-swap-sprunkgerny/index.html🔍 Processing fullSlug: de/fr-swap-sprunkgerny, locale: de, baseSlug: fr-swap-sprunkgerny
✅ Game loaded: fr-swap-sprunkgerny for de
 (+11ms) 
01:33:05   ├─ /ja/fr-swap-sprunkgerny/index.html🔍 Processing fullSlug: ja/fr-swap-sprunkgerny, locale: ja, baseSlug: fr-swap-sprunkgerny
✅ Game loaded: fr-swap-sprunkgerny for ja
 (+10ms) 
01:33:05   ├─ /ko/fr-swap-sprunkgerny/index.html🔍 Processing fullSlug: ko/fr-swap-sprunkgerny, locale: ko, baseSlug: fr-swap-sprunkgerny
✅ Game loaded: fr-swap-sprunkgerny for ko
 (+10ms) 
01:33:05   ├─ /fr-the-haze-pixelbox/index.html🔍 Processing fullSlug: fr-the-haze-pixelbox, locale: en, baseSlug: fr-the-haze-pixelbox
✅ Game loaded: fr-the-haze-pixelbox for en
 (+11ms) 
01:33:05   ├─ /zh/fr-the-haze-pixelbox/index.html🔍 Processing fullSlug: zh/fr-the-haze-pixelbox, locale: zh, baseSlug: fr-the-haze-pixelbox
✅ Game loaded: fr-the-haze-pixelbox for zh
 (+11ms) 
01:33:05   ├─ /es/fr-the-haze-pixelbox/index.html🔍 Processing fullSlug: es/fr-the-haze-pixelbox, locale: es, baseSlug: fr-the-haze-pixelbox
✅ Game loaded: fr-the-haze-pixelbox for es
 (+12ms) 
01:33:05   ├─ /fr/fr-the-haze-pixelbox/index.html🔍 Processing fullSlug: fr/fr-the-haze-pixelbox, locale: fr, baseSlug: fr-the-haze-pixelbox
✅ Game loaded: fr-the-haze-pixelbox for fr
 (+14ms) 
01:33:05   ├─ /de/fr-the-haze-pixelbox/index.html🔍 Processing fullSlug: de/fr-the-haze-pixelbox, locale: de, baseSlug: fr-the-haze-pixelbox
✅ Game loaded: fr-the-haze-pixelbox for de
 (+11ms) 
01:33:05   ├─ /ja/fr-the-haze-pixelbox/index.html🔍 Processing fullSlug: ja/fr-the-haze-pixelbox, locale: ja, baseSlug: fr-the-haze-pixelbox
✅ Game loaded: fr-the-haze-pixelbox for ja
 (+11ms) 
01:33:05   ├─ /ko/fr-the-haze-pixelbox/index.html🔍 Processing fullSlug: ko/fr-the-haze-pixelbox, locale: ko, baseSlug: fr-the-haze-pixelbox
✅ Game loaded: fr-the-haze-pixelbox for ko
 (+11ms) 
01:33:05   ├─ /fr-yojou-sprunki-mustard/index.html🔍 Processing fullSlug: fr-yojou-sprunki-mustard, locale: en, baseSlug: fr-yojou-sprunki-mustard
✅ Game loaded: fr-yojou-sprunki-mustard for en
 (+11ms) 
01:33:05   ├─ /zh/fr-yojou-sprunki-mustard/index.html🔍 Processing fullSlug: zh/fr-yojou-sprunki-mustard, locale: zh, baseSlug: fr-yojou-sprunki-mustard
✅ Game loaded: fr-yojou-sprunki-mustard for zh
 (+11ms) 
01:33:05   ├─ /es/fr-yojou-sprunki-mustard/index.html🔍 Processing fullSlug: es/fr-yojou-sprunki-mustard, locale: es, baseSlug: fr-yojou-sprunki-mustard
✅ Game loaded: fr-yojou-sprunki-mustard for es
 (+11ms) 
01:33:05   ├─ /fr/fr-yojou-sprunki-mustard/index.html🔍 Processing fullSlug: fr/fr-yojou-sprunki-mustard, locale: fr, baseSlug: fr-yojou-sprunki-mustard
✅ Game loaded: fr-yojou-sprunki-mustard for fr
 (+11ms) 
01:33:05   ├─ /de/fr-yojou-sprunki-mustard/index.html🔍 Processing fullSlug: de/fr-yojou-sprunki-mustard, locale: de, baseSlug: fr-yojou-sprunki-mustard
✅ Game loaded: fr-yojou-sprunki-mustard for de
 (+11ms) 
01:33:05   ├─ /ja/fr-yojou-sprunki-mustard/index.html🔍 Processing fullSlug: ja/fr-yojou-sprunki-mustard, locale: ja, baseSlug: fr-yojou-sprunki-mustard
✅ Game loaded: fr-yojou-sprunki-mustard for ja
 (+12ms) 
01:33:05   ├─ /ko/fr-yojou-sprunki-mustard/index.html🔍 Processing fullSlug: ko/fr-yojou-sprunki-mustard, locale: ko, baseSlug: fr-yojou-sprunki-mustard
✅ Game loaded: fr-yojou-sprunki-mustard for ko
 (+12ms) 
01:33:05   ├─ /ko-ayocs-sprunkr/index.html🔍 Processing fullSlug: ko-ayocs-sprunkr, locale: en, baseSlug: ko-ayocs-sprunkr
✅ Game loaded: ko-ayocs-sprunkr for en
 (+13ms) 
01:33:05   ├─ /zh/ko-ayocs-sprunkr/index.html🔍 Processing fullSlug: zh/ko-ayocs-sprunkr, locale: zh, baseSlug: ko-ayocs-sprunkr
✅ Game loaded: ko-ayocs-sprunkr for zh
 (+14ms) 
01:33:05   ├─ /es/ko-ayocs-sprunkr/index.html🔍 Processing fullSlug: es/ko-ayocs-sprunkr, locale: es, baseSlug: ko-ayocs-sprunkr
✅ Game loaded: ko-ayocs-sprunkr for es
 (+11ms) 
01:33:05   ├─ /fr/ko-ayocs-sprunkr/index.html🔍 Processing fullSlug: fr/ko-ayocs-sprunkr, locale: fr, baseSlug: ko-ayocs-sprunkr
✅ Game loaded: ko-ayocs-sprunkr for fr
 (+10ms) 
01:33:05   ├─ /de/ko-ayocs-sprunkr/index.html🔍 Processing fullSlug: de/ko-ayocs-sprunkr, locale: de, baseSlug: ko-ayocs-sprunkr
✅ Game loaded: ko-ayocs-sprunkr for de
 (+10ms) 
01:33:05   ├─ /ja/ko-ayocs-sprunkr/index.html🔍 Processing fullSlug: ja/ko-ayocs-sprunkr, locale: ja, baseSlug: ko-ayocs-sprunkr
✅ Game loaded: ko-ayocs-sprunkr for ja
 (+11ms) 
01:33:05   ├─ /ko/ko-ayocs-sprunkr/index.html🔍 Processing fullSlug: ko/ko-ayocs-sprunkr, locale: ko, baseSlug: ko-ayocs-sprunkr
✅ Game loaded: ko-ayocs-sprunkr for ko
 (+11ms) 
01:33:05   ├─ /ko-dandyrunki-retake/index.html🔍 Processing fullSlug: ko-dandyrunki-retake, locale: en, baseSlug: ko-dandyrunki-retake
✅ Game loaded: ko-dandyrunki-retake for en
 (+11ms) 
01:33:05   ├─ /zh/ko-dandyrunki-retake/index.html🔍 Processing fullSlug: zh/ko-dandyrunki-retake, locale: zh, baseSlug: ko-dandyrunki-retake
✅ Game loaded: ko-dandyrunki-retake for zh
 (+11ms) 
01:33:05   ├─ /es/ko-dandyrunki-retake/index.html🔍 Processing fullSlug: es/ko-dandyrunki-retake, locale: es, baseSlug: ko-dandyrunki-retake
✅ Game loaded: ko-dandyrunki-retake for es
 (+10ms) 
01:33:05   ├─ /fr/ko-dandyrunki-retake/index.html🔍 Processing fullSlug: fr/ko-dandyrunki-retake, locale: fr, baseSlug: ko-dandyrunki-retake
✅ Game loaded: ko-dandyrunki-retake for fr
 (+11ms) 
01:33:05   ├─ /de/ko-dandyrunki-retake/index.html🔍 Processing fullSlug: de/ko-dandyrunki-retake, locale: de, baseSlug: ko-dandyrunki-retake
✅ Game loaded: ko-dandyrunki-retake for de
 (+11ms) 
01:33:05   ├─ /ja/ko-dandyrunki-retake/index.html🔍 Processing fullSlug: ja/ko-dandyrunki-retake, locale: ja, baseSlug: ko-dandyrunki-retake
✅ Game loaded: ko-dandyrunki-retake for ja
 (+11ms) 
01:33:05   ├─ /ko/ko-dandyrunki-retake/index.html🔍 Processing fullSlug: ko/ko-dandyrunki-retake, locale: ko, baseSlug: ko-dandyrunki-retake
✅ Game loaded: ko-dandyrunki-retake for ko
 (+11ms) 
01:33:05   ├─ /ko-fiddlebops-but-dandys-world/index.html🔍 Processing fullSlug: ko-fiddlebops-but-dandys-world, locale: en, baseSlug: ko-fiddlebops-but-dandys-world
✅ Game loaded: ko-fiddlebops-but-dandys-world for en
 (+14ms) 
01:33:05   ├─ /zh/ko-fiddlebops-but-dandys-world/index.html🔍 Processing fullSlug: zh/ko-fiddlebops-but-dandys-world, locale: zh, baseSlug: ko-fiddlebops-but-dandys-world
✅ Game loaded: ko-fiddlebops-but-dandys-world for zh
 (+14ms) 
01:33:05   ├─ /es/ko-fiddlebops-but-dandys-world/index.html🔍 Processing fullSlug: es/ko-fiddlebops-but-dandys-world, locale: es, baseSlug: ko-fiddlebops-but-dandys-world
✅ Game loaded: ko-fiddlebops-but-dandys-world for es
 (+11ms) 
01:33:05   ├─ /fr/ko-fiddlebops-but-dandys-world/index.html🔍 Processing fullSlug: fr/ko-fiddlebops-but-dandys-world, locale: fr, baseSlug: ko-fiddlebops-but-dandys-world
✅ Game loaded: ko-fiddlebops-but-dandys-world for fr
 (+10ms) 
01:33:05   ├─ /de/ko-fiddlebops-but-dandys-world/index.html🔍 Processing fullSlug: de/ko-fiddlebops-but-dandys-world, locale: de, baseSlug: ko-fiddlebops-but-dandys-world
✅ Game loaded: ko-fiddlebops-but-dandys-world for de
 (+11ms) 
01:33:05   ├─ /ja/ko-fiddlebops-but-dandys-world/index.html🔍 Processing fullSlug: ja/ko-fiddlebops-but-dandys-world, locale: ja, baseSlug: ko-fiddlebops-but-dandys-world
✅ Game loaded: ko-fiddlebops-but-dandys-world for ja
 (+10ms) 
01:33:05   ├─ /ko/ko-fiddlebops-but-dandys-world/index.html🔍 Processing fullSlug: ko/ko-fiddlebops-but-dandys-world, locale: ko, baseSlug: ko-fiddlebops-but-dandys-world
✅ Game loaded: ko-fiddlebops-but-dandys-world for ko
 (+10ms) 
01:33:05   ├─ /ko-fiddlebops-but-sprunki/index.html🔍 Processing fullSlug: ko-fiddlebops-but-sprunki, locale: en, baseSlug: ko-fiddlebops-but-sprunki
✅ Game loaded: ko-fiddlebops-but-sprunki for en
 (+11ms) 
01:33:05   ├─ /zh/ko-fiddlebops-but-sprunki/index.html🔍 Processing fullSlug: zh/ko-fiddlebops-but-sprunki, locale: zh, baseSlug: ko-fiddlebops-but-sprunki
✅ Game loaded: ko-fiddlebops-but-sprunki for zh
 (+10ms) 
01:33:05   ├─ /es/ko-fiddlebops-but-sprunki/index.html🔍 Processing fullSlug: es/ko-fiddlebops-but-sprunki, locale: es, baseSlug: ko-fiddlebops-but-sprunki
✅ Game loaded: ko-fiddlebops-but-sprunki for es
 (+10ms) 
01:33:05   ├─ /fr/ko-fiddlebops-but-sprunki/index.html🔍 Processing fullSlug: fr/ko-fiddlebops-but-sprunki, locale: fr, baseSlug: ko-fiddlebops-but-sprunki
✅ Game loaded: ko-fiddlebops-but-sprunki for fr
 (+11ms) 
01:33:05   ├─ /de/ko-fiddlebops-but-sprunki/index.html🔍 Processing fullSlug: de/ko-fiddlebops-but-sprunki, locale: de, baseSlug: ko-fiddlebops-but-sprunki
✅ Game loaded: ko-fiddlebops-but-sprunki for de
 (+12ms) 
01:33:05   ├─ /ja/ko-fiddlebops-but-sprunki/index.html🔍 Processing fullSlug: ja/ko-fiddlebops-but-sprunki, locale: ja, baseSlug: ko-fiddlebops-but-sprunki
✅ Game loaded: ko-fiddlebops-but-sprunki for ja
 (+10ms) 
01:33:05   ├─ /ko/ko-fiddlebops-but-sprunki/index.html🔍 Processing fullSlug: ko/ko-fiddlebops-but-sprunki, locale: ko, baseSlug: ko-fiddlebops-but-sprunki
✅ Game loaded: ko-fiddlebops-but-sprunki for ko
 (+11ms) 
01:33:05   ├─ /ko-fiddlebops-fix/index.html🔍 Processing fullSlug: ko-fiddlebops-fix, locale: en, baseSlug: ko-fiddlebops-fix
✅ Game loaded: ko-fiddlebops-fix for en
 (+14ms) 
01:33:05   ├─ /zh/ko-fiddlebops-fix/index.html🔍 Processing fullSlug: zh/ko-fiddlebops-fix, locale: zh, baseSlug: ko-fiddlebops-fix
✅ Game loaded: ko-fiddlebops-fix for zh
 (+14ms) 
01:33:05   ├─ /es/ko-fiddlebops-fix/index.html🔍 Processing fullSlug: es/ko-fiddlebops-fix, locale: es, baseSlug: ko-fiddlebops-fix
✅ Game loaded: ko-fiddlebops-fix for es
 (+11ms) 
01:33:05   ├─ /fr/ko-fiddlebops-fix/index.html🔍 Processing fullSlug: fr/ko-fiddlebops-fix, locale: fr, baseSlug: ko-fiddlebops-fix
✅ Game loaded: ko-fiddlebops-fix for fr
 (+10ms) 
01:33:05   ├─ /de/ko-fiddlebops-fix/index.html🔍 Processing fullSlug: de/ko-fiddlebops-fix, locale: de, baseSlug: ko-fiddlebops-fix
✅ Game loaded: ko-fiddlebops-fix for de
 (+11ms) 
01:33:05   ├─ /ja/ko-fiddlebops-fix/index.html🔍 Processing fullSlug: ja/ko-fiddlebops-fix, locale: ja, baseSlug: ko-fiddlebops-fix
✅ Game loaded: ko-fiddlebops-fix for ja
 (+11ms) 
01:33:05   ├─ /ko/ko-fiddlebops-fix/index.html🔍 Processing fullSlug: ko/ko-fiddlebops-fix, locale: ko, baseSlug: ko-fiddlebops-fix
✅ Game loaded: ko-fiddlebops-fix for ko
 (+11ms) 
01:33:05   ├─ /ko-fiddlebops-polos/index.html🔍 Processing fullSlug: ko-fiddlebops-polos, locale: en, baseSlug: ko-fiddlebops-polos
✅ Game loaded: ko-fiddlebops-polos for en
 (+11ms) 
01:33:05   ├─ /zh/ko-fiddlebops-polos/index.html🔍 Processing fullSlug: zh/ko-fiddlebops-polos, locale: zh, baseSlug: ko-fiddlebops-polos
✅ Game loaded: ko-fiddlebops-polos for zh
 (+11ms) 
01:33:05   ├─ /es/ko-fiddlebops-polos/index.html🔍 Processing fullSlug: es/ko-fiddlebops-polos, locale: es, baseSlug: ko-fiddlebops-polos
✅ Game loaded: ko-fiddlebops-polos for es
 (+10ms) 
01:33:05   ├─ /fr/ko-fiddlebops-polos/index.html🔍 Processing fullSlug: fr/ko-fiddlebops-polos, locale: fr, baseSlug: ko-fiddlebops-polos
✅ Game loaded: ko-fiddlebops-polos for fr
 (+11ms) 
01:33:05   ├─ /de/ko-fiddlebops-polos/index.html🔍 Processing fullSlug: de/ko-fiddlebops-polos, locale: de, baseSlug: ko-fiddlebops-polos
✅ Game loaded: ko-fiddlebops-polos for de
 (+11ms) 
01:33:05   ├─ /ja/ko-fiddlebops-polos/index.html🔍 Processing fullSlug: ja/ko-fiddlebops-polos, locale: ja, baseSlug: ko-fiddlebops-polos
✅ Game loaded: ko-fiddlebops-polos for ja
 (+11ms) 
01:33:05   ├─ /ko/ko-fiddlebops-polos/index.html🔍 Processing fullSlug: ko/ko-fiddlebops-polos, locale: ko, baseSlug: ko-fiddlebops-polos
✅ Game loaded: ko-fiddlebops-polos for ko
 (+10ms) 
01:33:05   ├─ /ko-fiddlebops-sprunki/index.html🔍 Processing fullSlug: ko-fiddlebops-sprunki, locale: en, baseSlug: ko-fiddlebops-sprunki
✅ Game loaded: ko-fiddlebops-sprunki for en
 (+12ms) 
01:33:05   ├─ /zh/ko-fiddlebops-sprunki/index.html🔍 Processing fullSlug: zh/ko-fiddlebops-sprunki, locale: zh, baseSlug: ko-fiddlebops-sprunki
✅ Game loaded: ko-fiddlebops-sprunki for zh
 (+13ms) 
01:33:05   ├─ /es/ko-fiddlebops-sprunki/index.html🔍 Processing fullSlug: es/ko-fiddlebops-sprunki, locale: es, baseSlug: ko-fiddlebops-sprunki
✅ Game loaded: ko-fiddlebops-sprunki for es
 (+11ms) 
01:33:05   ├─ /fr/ko-fiddlebops-sprunki/index.html🔍 Processing fullSlug: fr/ko-fiddlebops-sprunki, locale: fr, baseSlug: ko-fiddlebops-sprunki
✅ Game loaded: ko-fiddlebops-sprunki for fr
 (+11ms) 
01:33:05   ├─ /de/ko-fiddlebops-sprunki/index.html🔍 Processing fullSlug: de/ko-fiddlebops-sprunki, locale: de, baseSlug: ko-fiddlebops-sprunki
✅ Game loaded: ko-fiddlebops-sprunki for de
 (+10ms) 
01:33:05   ├─ /ja/ko-fiddlebops-sprunki/index.html🔍 Processing fullSlug: ja/ko-fiddlebops-sprunki, locale: ja, baseSlug: ko-fiddlebops-sprunki
✅ Game loaded: ko-fiddlebops-sprunki for ja
 (+11ms) 
01:33:05   ├─ /ko/ko-fiddlebops-sprunki/index.html🔍 Processing fullSlug: ko/ko-fiddlebops-sprunki, locale: ko, baseSlug: ko-fiddlebops-sprunki
✅ Game loaded: ko-fiddlebops-sprunki for ko
 (+10ms) 
01:33:05   ├─ /ko-fiddlebops-sprunkbop/index.html🔍 Processing fullSlug: ko-fiddlebops-sprunkbop, locale: en, baseSlug: ko-fiddlebops-sprunkbop
✅ Game loaded: ko-fiddlebops-sprunkbop for en
 (+11ms) 
01:33:05   ├─ /zh/ko-fiddlebops-sprunkbop/index.html🔍 Processing fullSlug: zh/ko-fiddlebops-sprunkbop, locale: zh, baseSlug: ko-fiddlebops-sprunkbop
✅ Game loaded: ko-fiddlebops-sprunkbop for zh
 (+11ms) 
01:33:05   ├─ /es/ko-fiddlebops-sprunkbop/index.html🔍 Processing fullSlug: es/ko-fiddlebops-sprunkbop, locale: es, baseSlug: ko-fiddlebops-sprunkbop
✅ Game loaded: ko-fiddlebops-sprunkbop for es
 (+10ms) 
01:33:05   ├─ /fr/ko-fiddlebops-sprunkbop/index.html🔍 Processing fullSlug: fr/ko-fiddlebops-sprunkbop, locale: fr, baseSlug: ko-fiddlebops-sprunkbop
✅ Game loaded: ko-fiddlebops-sprunkbop for fr
 (+11ms) 
01:33:06   ├─ /de/ko-fiddlebops-sprunkbop/index.html🔍 Processing fullSlug: de/ko-fiddlebops-sprunkbop, locale: de, baseSlug: ko-fiddlebops-sprunkbop
✅ Game loaded: ko-fiddlebops-sprunkbop for de
 (+11ms) 
01:33:06   ├─ /ja/ko-fiddlebops-sprunkbop/index.html🔍 Processing fullSlug: ja/ko-fiddlebops-sprunkbop, locale: ja, baseSlug: ko-fiddlebops-sprunkbop
✅ Game loaded: ko-fiddlebops-sprunkbop for ja
 (+11ms) 
01:33:06   ├─ /ko/ko-fiddlebops-sprunkbop/index.html🔍 Processing fullSlug: ko/ko-fiddlebops-sprunkbop, locale: ko, baseSlug: ko-fiddlebops-sprunkbop
✅ Game loaded: ko-fiddlebops-sprunkbop for ko
 (+11ms) 
01:33:06   ├─ /ko-incredibox-cool-as-ice/index.html🔍 Processing fullSlug: ko-incredibox-cool-as-ice, locale: en, baseSlug: ko-incredibox-cool-as-ice
✅ Game loaded: ko-incredibox-cool-as-ice for en
 (+13ms) 
01:33:06   ├─ /zh/ko-incredibox-cool-as-ice/index.html🔍 Processing fullSlug: zh/ko-incredibox-cool-as-ice, locale: zh, baseSlug: ko-incredibox-cool-as-ice
✅ Game loaded: ko-incredibox-cool-as-ice for zh
 (+12ms) 
01:33:06   ├─ /es/ko-incredibox-cool-as-ice/index.html🔍 Processing fullSlug: es/ko-incredibox-cool-as-ice, locale: es, baseSlug: ko-incredibox-cool-as-ice
✅ Game loaded: ko-incredibox-cool-as-ice for es
 (+10ms) 
01:33:06   ├─ /fr/ko-incredibox-cool-as-ice/index.html🔍 Processing fullSlug: fr/ko-incredibox-cool-as-ice, locale: fr, baseSlug: ko-incredibox-cool-as-ice
✅ Game loaded: ko-incredibox-cool-as-ice for fr
 (+11ms) 
01:33:06   ├─ /de/ko-incredibox-cool-as-ice/index.html🔍 Processing fullSlug: de/ko-incredibox-cool-as-ice, locale: de, baseSlug: ko-incredibox-cool-as-ice
✅ Game loaded: ko-incredibox-cool-as-ice for de
 (+10ms) 
01:33:06   ├─ /ja/ko-incredibox-cool-as-ice/index.html🔍 Processing fullSlug: ja/ko-incredibox-cool-as-ice, locale: ja, baseSlug: ko-incredibox-cool-as-ice
✅ Game loaded: ko-incredibox-cool-as-ice for ja
 (+11ms) 
01:33:06   ├─ /ko/ko-incredibox-cool-as-ice/index.html🔍 Processing fullSlug: ko/ko-incredibox-cool-as-ice, locale: ko, baseSlug: ko-incredibox-cool-as-ice
✅ Game loaded: ko-incredibox-cool-as-ice for ko
 (+11ms) 
01:33:06   ├─ /ko-incredibox-donki-abgerny/index.html🔍 Processing fullSlug: ko-incredibox-donki-abgerny, locale: en, baseSlug: ko-incredibox-donki-abgerny
✅ Game loaded: ko-incredibox-donki-abgerny for en
 (+11ms) 
01:33:06   ├─ /zh/ko-incredibox-donki-abgerny/index.html🔍 Processing fullSlug: zh/ko-incredibox-donki-abgerny, locale: zh, baseSlug: ko-incredibox-donki-abgerny
✅ Game loaded: ko-incredibox-donki-abgerny for zh
 (+11ms) 
01:33:06   ├─ /es/ko-incredibox-donki-abgerny/index.html🔍 Processing fullSlug: es/ko-incredibox-donki-abgerny, locale: es, baseSlug: ko-incredibox-donki-abgerny
✅ Game loaded: ko-incredibox-donki-abgerny for es
 (+10ms) 
01:33:06   ├─ /fr/ko-incredibox-donki-abgerny/index.html🔍 Processing fullSlug: fr/ko-incredibox-donki-abgerny, locale: fr, baseSlug: ko-incredibox-donki-abgerny
✅ Game loaded: ko-incredibox-donki-abgerny for fr
 (+10ms) 
01:33:06   ├─ /de/ko-incredibox-donki-abgerny/index.html🔍 Processing fullSlug: de/ko-incredibox-donki-abgerny, locale: de, baseSlug: ko-incredibox-donki-abgerny
✅ Game loaded: ko-incredibox-donki-abgerny for de
 (+11ms) 
01:33:06   ├─ /ja/ko-incredibox-donki-abgerny/index.html🔍 Processing fullSlug: ja/ko-incredibox-donki-abgerny, locale: ja, baseSlug: ko-incredibox-donki-abgerny
✅ Game loaded: ko-incredibox-donki-abgerny for ja
 (+11ms) 
01:33:06   ├─ /ko/ko-incredibox-donki-abgerny/index.html🔍 Processing fullSlug: ko/ko-incredibox-donki-abgerny, locale: ko, baseSlug: ko-incredibox-donki-abgerny
✅ Game loaded: ko-incredibox-donki-abgerny for ko
 (+11ms) 
01:33:06   ├─ /ko-fiddlebops-sprunksters-remix/index.html🔍 Processing fullSlug: ko-fiddlebops-sprunksters-remix, locale: en, baseSlug: ko-fiddlebops-sprunksters-remix
✅ Game loaded: ko-fiddlebops-sprunksters-remix for en
 (+13ms) 
01:33:06   ├─ /zh/ko-fiddlebops-sprunksters-remix/index.html🔍 Processing fullSlug: zh/ko-fiddlebops-sprunksters-remix, locale: zh, baseSlug: ko-fiddlebops-sprunksters-remix
✅ Game loaded: ko-fiddlebops-sprunksters-remix for zh
 (+12ms) 
01:33:06   ├─ /es/ko-fiddlebops-sprunksters-remix/index.html🔍 Processing fullSlug: es/ko-fiddlebops-sprunksters-remix, locale: es, baseSlug: ko-fiddlebops-sprunksters-remix
✅ Game loaded: ko-fiddlebops-sprunksters-remix for es
 (+11ms) 
01:33:06   ├─ /fr/ko-fiddlebops-sprunksters-remix/index.html🔍 Processing fullSlug: fr/ko-fiddlebops-sprunksters-remix, locale: fr, baseSlug: ko-fiddlebops-sprunksters-remix
✅ Game loaded: ko-fiddlebops-sprunksters-remix for fr
 (+10ms) 
01:33:06   ├─ /de/ko-fiddlebops-sprunksters-remix/index.html🔍 Processing fullSlug: de/ko-fiddlebops-sprunksters-remix, locale: de, baseSlug: ko-fiddlebops-sprunksters-remix
✅ Game loaded: ko-fiddlebops-sprunksters-remix for de
 (+11ms) 
01:33:06   ├─ /ja/ko-fiddlebops-sprunksters-remix/index.html🔍 Processing fullSlug: ja/ko-fiddlebops-sprunksters-remix, locale: ja, baseSlug: ko-fiddlebops-sprunksters-remix
✅ Game loaded: ko-fiddlebops-sprunksters-remix for ja
 (+11ms) 
01:33:06   ├─ /ko/ko-fiddlebops-sprunksters-remix/index.html🔍 Processing fullSlug: ko/ko-fiddlebops-sprunksters-remix, locale: ko, baseSlug: ko-fiddlebops-sprunksters-remix
✅ Game loaded: ko-fiddlebops-sprunksters-remix for ko
 (+11ms) 
01:33:06   ├─ /ko-incredibox-sprinkle/index.html🔍 Processing fullSlug: ko-incredibox-sprinkle, locale: en, baseSlug: ko-incredibox-sprinkle
✅ Game loaded: ko-incredibox-sprinkle for en
 (+11ms) 
01:33:06   ├─ /zh/ko-incredibox-sprinkle/index.html🔍 Processing fullSlug: zh/ko-incredibox-sprinkle, locale: zh, baseSlug: ko-incredibox-sprinkle
✅ Game loaded: ko-incredibox-sprinkle for zh
 (+11ms) 
01:33:06   ├─ /es/ko-incredibox-sprinkle/index.html🔍 Processing fullSlug: es/ko-incredibox-sprinkle, locale: es, baseSlug: ko-incredibox-sprinkle
✅ Game loaded: ko-incredibox-sprinkle for es
 (+11ms) 
01:33:06   ├─ /fr/ko-incredibox-sprinkle/index.html🔍 Processing fullSlug: fr/ko-incredibox-sprinkle, locale: fr, baseSlug: ko-incredibox-sprinkle
✅ Game loaded: ko-incredibox-sprinkle for fr
 (+11ms) 
01:33:06   ├─ /de/ko-incredibox-sprinkle/index.html🔍 Processing fullSlug: de/ko-incredibox-sprinkle, locale: de, baseSlug: ko-incredibox-sprinkle
✅ Game loaded: ko-incredibox-sprinkle for de
 (+11ms) 
01:33:06   ├─ /ja/ko-incredibox-sprinkle/index.html🔍 Processing fullSlug: ja/ko-incredibox-sprinkle, locale: ja, baseSlug: ko-incredibox-sprinkle
✅ Game loaded: ko-incredibox-sprinkle for ja
 (+11ms) 
01:33:06   ├─ /ko/ko-incredibox-sprinkle/index.html🔍 Processing fullSlug: ko/ko-incredibox-sprinkle, locale: ko, baseSlug: ko-incredibox-sprinkle
✅ Game loaded: ko-incredibox-sprinkle for ko
 (+10ms) 
01:33:06   ├─ /ko-incredibox-yellow-colorbox/index.html🔍 Processing fullSlug: ko-incredibox-yellow-colorbox, locale: en, baseSlug: ko-incredibox-yellow-colorbox
✅ Game loaded: ko-incredibox-yellow-colorbox for en
 (+11ms) 
01:33:06   ├─ /zh/ko-incredibox-yellow-colorbox/index.html🔍 Processing fullSlug: zh/ko-incredibox-yellow-colorbox, locale: zh, baseSlug: ko-incredibox-yellow-colorbox
✅ Game loaded: ko-incredibox-yellow-colorbox for zh
 (+10ms) 
01:33:06   ├─ /es/ko-incredibox-yellow-colorbox/index.html🔍 Processing fullSlug: es/ko-incredibox-yellow-colorbox, locale: es, baseSlug: ko-incredibox-yellow-colorbox
✅ Game loaded: ko-incredibox-yellow-colorbox for es
 (+11ms) 
01:33:06   ├─ /fr/ko-incredibox-yellow-colorbox/index.html🔍 Processing fullSlug: fr/ko-incredibox-yellow-colorbox, locale: fr, baseSlug: ko-incredibox-yellow-colorbox
✅ Game loaded: ko-incredibox-yellow-colorbox for fr
 (+13ms) 
01:33:06   ├─ /de/ko-incredibox-yellow-colorbox/index.html🔍 Processing fullSlug: de/ko-incredibox-yellow-colorbox, locale: de, baseSlug: ko-incredibox-yellow-colorbox
✅ Game loaded: ko-incredibox-yellow-colorbox for de
 (+13ms) 
01:33:06   ├─ /ja/ko-incredibox-yellow-colorbox/index.html🔍 Processing fullSlug: ja/ko-incredibox-yellow-colorbox, locale: ja, baseSlug: ko-incredibox-yellow-colorbox
✅ Game loaded: ko-incredibox-yellow-colorbox for ja
 (+12ms) 
01:33:06   ├─ /ko/ko-incredibox-yellow-colorbox/index.html🔍 Processing fullSlug: ko/ko-incredibox-yellow-colorbox, locale: ko, baseSlug: ko-incredibox-yellow-colorbox
✅ Game loaded: ko-incredibox-yellow-colorbox for ko
 (+11ms) 
01:33:06   ├─ /ko-incredibox-sprunksters/index.html🔍 Processing fullSlug: ko-incredibox-sprunksters, locale: en, baseSlug: ko-incredibox-sprunksters
✅ Game loaded: ko-incredibox-sprunksters for en
 (+13ms) 
01:33:06   ├─ /zh/ko-incredibox-sprunksters/index.html🔍 Processing fullSlug: zh/ko-incredibox-sprunksters, locale: zh, baseSlug: ko-incredibox-sprunksters
✅ Game loaded: ko-incredibox-sprunksters for zh
 (+14ms) 
01:33:06   ├─ /es/ko-incredibox-sprunksters/index.html🔍 Processing fullSlug: es/ko-incredibox-sprunksters, locale: es, baseSlug: ko-incredibox-sprunksters
✅ Game loaded: ko-incredibox-sprunksters for es
 (+11ms) 
01:33:06   ├─ /fr/ko-incredibox-sprunksters/index.html🔍 Processing fullSlug: fr/ko-incredibox-sprunksters, locale: fr, baseSlug: ko-incredibox-sprunksters
✅ Game loaded: ko-incredibox-sprunksters for fr
 (+11ms) 
01:33:06   ├─ /de/ko-incredibox-sprunksters/index.html🔍 Processing fullSlug: de/ko-incredibox-sprunksters, locale: de, baseSlug: ko-incredibox-sprunksters
✅ Game loaded: ko-incredibox-sprunksters for de
 (+11ms) 
01:33:06   ├─ /ja/ko-incredibox-sprunksters/index.html🔍 Processing fullSlug: ja/ko-incredibox-sprunksters, locale: ja, baseSlug: ko-incredibox-sprunksters
✅ Game loaded: ko-incredibox-sprunksters for ja
 (+12ms) 
01:33:06   ├─ /ko/ko-incredibox-sprunksters/index.html🔍 Processing fullSlug: ko/ko-incredibox-sprunksters, locale: ko, baseSlug: ko-incredibox-sprunksters
✅ Game loaded: ko-incredibox-sprunksters for ko
 (+13ms) 
01:33:06   ├─ /ko-incredibox-shatter-sprunk/index.html🔍 Processing fullSlug: ko-incredibox-shatter-sprunk, locale: en, baseSlug: ko-incredibox-shatter-sprunk
✅ Game loaded: ko-incredibox-shatter-sprunk for en
 (+11ms) 
01:33:06   ├─ /zh/ko-incredibox-shatter-sprunk/index.html🔍 Processing fullSlug: zh/ko-incredibox-shatter-sprunk, locale: zh, baseSlug: ko-incredibox-shatter-sprunk
✅ Game loaded: ko-incredibox-shatter-sprunk for zh
 (+11ms) 
01:33:06   ├─ /es/ko-incredibox-shatter-sprunk/index.html🔍 Processing fullSlug: es/ko-incredibox-shatter-sprunk, locale: es, baseSlug: ko-incredibox-shatter-sprunk
✅ Game loaded: ko-incredibox-shatter-sprunk for es
 (+11ms) 
01:33:06   ├─ /fr/ko-incredibox-shatter-sprunk/index.html🔍 Processing fullSlug: fr/ko-incredibox-shatter-sprunk, locale: fr, baseSlug: ko-incredibox-shatter-sprunk
✅ Game loaded: ko-incredibox-shatter-sprunk for fr
 (+11ms) 
01:33:06   ├─ /de/ko-incredibox-shatter-sprunk/index.html🔍 Processing fullSlug: de/ko-incredibox-shatter-sprunk, locale: de, baseSlug: ko-incredibox-shatter-sprunk
✅ Game loaded: ko-incredibox-shatter-sprunk for de
 (+11ms) 
01:33:06   ├─ /ja/ko-incredibox-shatter-sprunk/index.html🔍 Processing fullSlug: ja/ko-incredibox-shatter-sprunk, locale: ja, baseSlug: ko-incredibox-shatter-sprunk
✅ Game loaded: ko-incredibox-shatter-sprunk for ja
 (+11ms) 
01:33:06   ├─ /ko/ko-incredibox-shatter-sprunk/index.html🔍 Processing fullSlug: ko/ko-incredibox-shatter-sprunk, locale: ko, baseSlug: ko-incredibox-shatter-sprunk
✅ Game loaded: ko-incredibox-shatter-sprunk for ko
 (+11ms) 
01:33:06   ├─ /ko-incredibox/index.html🔍 Processing fullSlug: ko-incredibox, locale: en, baseSlug: ko-incredibox
✅ Game loaded: ko-incredibox for en
 (+15ms) 
01:33:06   ├─ /zh/ko-incredibox/index.html🔍 Processing fullSlug: zh/ko-incredibox, locale: zh, baseSlug: ko-incredibox
✅ Game loaded: ko-incredibox for zh
 (+32ms) 
01:33:06   ├─ /es/ko-incredibox/index.html🔍 Processing fullSlug: es/ko-incredibox, locale: es, baseSlug: ko-incredibox
✅ Game loaded: ko-incredibox for es
 (+11ms) 
01:33:06   ├─ /fr/ko-incredibox/index.html🔍 Processing fullSlug: fr/ko-incredibox, locale: fr, baseSlug: ko-incredibox
✅ Game loaded: ko-incredibox for fr
 (+11ms) 
01:33:06   ├─ /de/ko-incredibox/index.html🔍 Processing fullSlug: de/ko-incredibox, locale: de, baseSlug: ko-incredibox
✅ Game loaded: ko-incredibox for de
 (+11ms) 
01:33:06   ├─ /ja/ko-incredibox/index.html🔍 Processing fullSlug: ja/ko-incredibox, locale: ja, baseSlug: ko-incredibox
✅ Game loaded: ko-incredibox for ja
 (+11ms) 
01:33:06   ├─ /ko/ko-incredibox/index.html🔍 Processing fullSlug: ko/ko-incredibox, locale: ko, baseSlug: ko-incredibox
✅ Game loaded: ko-incredibox for ko
 (+11ms) 
01:33:06   ├─ /ko-mountayonnaise/index.html🔍 Processing fullSlug: ko-mountayonnaise, locale: en, baseSlug: ko-mountayonnaise
✅ Game loaded: ko-mountayonnaise for en
 (+11ms) 
01:33:06   ├─ /zh/ko-mountayonnaise/index.html🔍 Processing fullSlug: zh/ko-mountayonnaise, locale: zh, baseSlug: ko-mountayonnaise
✅ Game loaded: ko-mountayonnaise for zh
 (+11ms) 
01:33:06   ├─ /es/ko-mountayonnaise/index.html🔍 Processing fullSlug: es/ko-mountayonnaise, locale: es, baseSlug: ko-mountayonnaise
✅ Game loaded: ko-mountayonnaise for es
 (+11ms) 
01:33:06   ├─ /fr/ko-mountayonnaise/index.html🔍 Processing fullSlug: fr/ko-mountayonnaise, locale: fr, baseSlug: ko-mountayonnaise
✅ Game loaded: ko-mountayonnaise for fr
 (+12ms) 
01:33:06   ├─ /de/ko-mountayonnaise/index.html🔍 Processing fullSlug: de/ko-mountayonnaise, locale: de, baseSlug: ko-mountayonnaise
✅ Game loaded: ko-mountayonnaise for de
 (+11ms) 
01:33:06   ├─ /ja/ko-mountayonnaise/index.html🔍 Processing fullSlug: ja/ko-mountayonnaise, locale: ja, baseSlug: ko-mountayonnaise
✅ Game loaded: ko-mountayonnaise for ja
 (+11ms) 
01:33:06   ├─ /ko/ko-mountayonnaise/index.html🔍 Processing fullSlug: ko/ko-mountayonnaise, locale: ko, baseSlug: ko-mountayonnaise
✅ Game loaded: ko-mountayonnaise for ko
 (+12ms) 
01:33:06   ├─ /ko-mundo-torajo-sprunki/index.html🔍 Processing fullSlug: ko-mundo-torajo-sprunki, locale: en, baseSlug: ko-mundo-torajo-sprunki
✅ Game loaded: ko-mundo-torajo-sprunki for en
 (+14ms) 
01:33:06   ├─ /zh/ko-mundo-torajo-sprunki/index.html🔍 Processing fullSlug: zh/ko-mundo-torajo-sprunki, locale: zh, baseSlug: ko-mundo-torajo-sprunki
✅ Game loaded: ko-mundo-torajo-sprunki for zh
 (+15ms) 
01:33:06   ├─ /es/ko-mundo-torajo-sprunki/index.html🔍 Processing fullSlug: es/ko-mundo-torajo-sprunki, locale: es, baseSlug: ko-mundo-torajo-sprunki
✅ Game loaded: ko-mundo-torajo-sprunki for es
 (+11ms) 
01:33:06   ├─ /fr/ko-mundo-torajo-sprunki/index.html🔍 Processing fullSlug: fr/ko-mundo-torajo-sprunki, locale: fr, baseSlug: ko-mundo-torajo-sprunki
✅ Game loaded: ko-mundo-torajo-sprunki for fr
 (+11ms) 
01:33:06   ├─ /de/ko-mundo-torajo-sprunki/index.html🔍 Processing fullSlug: de/ko-mundo-torajo-sprunki, locale: de, baseSlug: ko-mundo-torajo-sprunki
✅ Game loaded: ko-mundo-torajo-sprunki for de
 (+11ms) 
01:33:06   ├─ /ja/ko-mundo-torajo-sprunki/index.html🔍 Processing fullSlug: ja/ko-mundo-torajo-sprunki, locale: ja, baseSlug: ko-mundo-torajo-sprunki
✅ Game loaded: ko-mundo-torajo-sprunki for ja
 (+10ms) 
01:33:06   ├─ /ko/ko-mundo-torajo-sprunki/index.html🔍 Processing fullSlug: ko/ko-mundo-torajo-sprunki, locale: ko, baseSlug: ko-mundo-torajo-sprunki
✅ Game loaded: ko-mundo-torajo-sprunki for ko
 (+10ms) 
01:33:06   ├─ /ko-sprunkgerny/index.html🔍 Processing fullSlug: ko-sprunkgerny, locale: en, baseSlug: ko-sprunkgerny
✅ Game loaded: ko-sprunkgerny for en
 (+11ms) 
01:33:06   ├─ /zh/ko-sprunkgerny/index.html🔍 Processing fullSlug: zh/ko-sprunkgerny, locale: zh, baseSlug: ko-sprunkgerny
✅ Game loaded: ko-sprunkgerny for zh
 (+11ms) 
01:33:06   ├─ /es/ko-sprunkgerny/index.html🔍 Processing fullSlug: es/ko-sprunkgerny, locale: es, baseSlug: ko-sprunkgerny
✅ Game loaded: ko-sprunkgerny for es
 (+11ms) 
01:33:06   ├─ /fr/ko-sprunkgerny/index.html🔍 Processing fullSlug: fr/ko-sprunkgerny, locale: fr, baseSlug: ko-sprunkgerny
✅ Game loaded: ko-sprunkgerny for fr
 (+11ms) 
01:33:06   ├─ /de/ko-sprunkgerny/index.html🔍 Processing fullSlug: de/ko-sprunkgerny, locale: de, baseSlug: ko-sprunkgerny
✅ Game loaded: ko-sprunkgerny for de
 (+11ms) 
01:33:06   ├─ /ja/ko-sprunkgerny/index.html🔍 Processing fullSlug: ja/ko-sprunkgerny, locale: ja, baseSlug: ko-sprunkgerny
✅ Game loaded: ko-sprunkgerny for ja
 (+14ms) 
01:33:06   ├─ /ko/ko-sprunkgerny/index.html🔍 Processing fullSlug: ko/ko-sprunkgerny, locale: ko, baseSlug: ko-sprunkgerny
✅ Game loaded: ko-sprunkgerny for ko
 (+13ms) 
01:33:06   ├─ /ko-pikmin-no-sprunki/index.html🔍 Processing fullSlug: ko-pikmin-no-sprunki, locale: en, baseSlug: ko-pikmin-no-sprunki
✅ Game loaded: ko-pikmin-no-sprunki for en
 (+15ms) 
01:33:06   ├─ /zh/ko-pikmin-no-sprunki/index.html🔍 Processing fullSlug: zh/ko-pikmin-no-sprunki, locale: zh, baseSlug: ko-pikmin-no-sprunki
✅ Game loaded: ko-pikmin-no-sprunki for zh
 (+14ms) 
01:33:06   ├─ /es/ko-pikmin-no-sprunki/index.html🔍 Processing fullSlug: es/ko-pikmin-no-sprunki, locale: es, baseSlug: ko-pikmin-no-sprunki
✅ Game loaded: ko-pikmin-no-sprunki for es
 (+11ms) 
01:33:06   ├─ /fr/ko-pikmin-no-sprunki/index.html🔍 Processing fullSlug: fr/ko-pikmin-no-sprunki, locale: fr, baseSlug: ko-pikmin-no-sprunki
✅ Game loaded: ko-pikmin-no-sprunki for fr
 (+12ms) 
01:33:06   ├─ /de/ko-pikmin-no-sprunki/index.html🔍 Processing fullSlug: de/ko-pikmin-no-sprunki, locale: de, baseSlug: ko-pikmin-no-sprunki
✅ Game loaded: ko-pikmin-no-sprunki for de
 (+11ms) 
01:33:06   ├─ /ja/ko-pikmin-no-sprunki/index.html🔍 Processing fullSlug: ja/ko-pikmin-no-sprunki, locale: ja, baseSlug: ko-pikmin-no-sprunki
✅ Game loaded: ko-pikmin-no-sprunki for ja
 (+10ms) 
01:33:07   ├─ /ko/ko-pikmin-no-sprunki/index.html🔍 Processing fullSlug: ko/ko-pikmin-no-sprunki, locale: ko, baseSlug: ko-pikmin-no-sprunki
✅ Game loaded: ko-pikmin-no-sprunki for ko
 (+10ms) 
01:33:07   ├─ /ko-sprunki-1996/index.html🔍 Processing fullSlug: ko-sprunki-1996, locale: en, baseSlug: ko-sprunki-1996
✅ Game loaded: ko-sprunki-1996 for en
 (+11ms) 
01:33:07   ├─ /zh/ko-sprunki-1996/index.html🔍 Processing fullSlug: zh/ko-sprunki-1996, locale: zh, baseSlug: ko-sprunki-1996
✅ Game loaded: ko-sprunki-1996 for zh
 (+11ms) 
01:33:07   ├─ /es/ko-sprunki-1996/index.html🔍 Processing fullSlug: es/ko-sprunki-1996, locale: es, baseSlug: ko-sprunki-1996
✅ Game loaded: ko-sprunki-1996 for es
 (+11ms) 
01:33:07   ├─ /fr/ko-sprunki-1996/index.html🔍 Processing fullSlug: fr/ko-sprunki-1996, locale: fr, baseSlug: ko-sprunki-1996
✅ Game loaded: ko-sprunki-1996 for fr
 (+10ms) 
01:33:07   ├─ /de/ko-sprunki-1996/index.html🔍 Processing fullSlug: de/ko-sprunki-1996, locale: de, baseSlug: ko-sprunki-1996
✅ Game loaded: ko-sprunki-1996 for de
 (+11ms) 
01:33:07   ├─ /ja/ko-sprunki-1996/index.html🔍 Processing fullSlug: ja/ko-sprunki-1996, locale: ja, baseSlug: ko-sprunki-1996
✅ Game loaded: ko-sprunki-1996 for ja
 (+11ms) 
01:33:07   ├─ /ko/ko-sprunki-1996/index.html🔍 Processing fullSlug: ko/ko-sprunki-1996, locale: ko, baseSlug: ko-sprunki-1996
✅ Game loaded: ko-sprunki-1996 for ko
 (+10ms) 
01:33:07   ├─ /ko-sprunki-abgerny/index.html🔍 Processing fullSlug: ko-sprunki-abgerny, locale: en, baseSlug: ko-sprunki-abgerny
✅ Game loaded: ko-sprunki-abgerny for en
 (+12ms) 
01:33:07   ├─ /zh/ko-sprunki-abgerny/index.html🔍 Processing fullSlug: zh/ko-sprunki-abgerny, locale: zh, baseSlug: ko-sprunki-abgerny
✅ Game loaded: ko-sprunki-abgerny for zh
 (+12ms) 
01:33:07   ├─ /es/ko-sprunki-abgerny/index.html🔍 Processing fullSlug: es/ko-sprunki-abgerny, locale: es, baseSlug: ko-sprunki-abgerny
✅ Game loaded: ko-sprunki-abgerny for es
 (+10ms) 
01:33:07   ├─ /fr/ko-sprunki-abgerny/index.html🔍 Processing fullSlug: fr/ko-sprunki-abgerny, locale: fr, baseSlug: ko-sprunki-abgerny
✅ Game loaded: ko-sprunki-abgerny for fr
 (+10ms) 
01:33:07   ├─ /de/ko-sprunki-abgerny/index.html🔍 Processing fullSlug: de/ko-sprunki-abgerny, locale: de, baseSlug: ko-sprunki-abgerny
✅ Game loaded: ko-sprunki-abgerny for de
 (+11ms) 
01:33:07   ├─ /ja/ko-sprunki-abgerny/index.html🔍 Processing fullSlug: ja/ko-sprunki-abgerny, locale: ja, baseSlug: ko-sprunki-abgerny
✅ Game loaded: ko-sprunki-abgerny for ja
 (+10ms) 
01:33:07   ├─ /ko/ko-sprunki-abgerny/index.html🔍 Processing fullSlug: ko/ko-sprunki-abgerny, locale: ko, baseSlug: ko-sprunki-abgerny
✅ Game loaded: ko-sprunki-abgerny for ko
 (+10ms) 
01:33:07   ├─ /ko-sprunki-babies/index.html🔍 Processing fullSlug: ko-sprunki-babies, locale: en, baseSlug: ko-sprunki-babies
✅ Game loaded: ko-sprunki-babies for en
 (+11ms) 
01:33:07   ├─ /zh/ko-sprunki-babies/index.html🔍 Processing fullSlug: zh/ko-sprunki-babies, locale: zh, baseSlug: ko-sprunki-babies
✅ Game loaded: ko-sprunki-babies for zh
 (+10ms) 
01:33:07   ├─ /es/ko-sprunki-babies/index.html🔍 Processing fullSlug: es/ko-sprunki-babies, locale: es, baseSlug: ko-sprunki-babies
✅ Game loaded: ko-sprunki-babies for es
 (+10ms) 
01:33:07   ├─ /fr/ko-sprunki-babies/index.html🔍 Processing fullSlug: fr/ko-sprunki-babies, locale: fr, baseSlug: ko-sprunki-babies
✅ Game loaded: ko-sprunki-babies for fr
 (+11ms) 
01:33:07   ├─ /de/ko-sprunki-babies/index.html🔍 Processing fullSlug: de/ko-sprunki-babies, locale: de, baseSlug: ko-sprunki-babies
✅ Game loaded: ko-sprunki-babies for de
 (+12ms) 
01:33:07   ├─ /ja/ko-sprunki-babies/index.html🔍 Processing fullSlug: ja/ko-sprunki-babies, locale: ja, baseSlug: ko-sprunki-babies
✅ Game loaded: ko-sprunki-babies for ja
 (+11ms) 
01:33:07   ├─ /ko/ko-sprunki-babies/index.html🔍 Processing fullSlug: ko/ko-sprunki-babies, locale: ko, baseSlug: ko-sprunki-babies
✅ Game loaded: ko-sprunki-babies for ko
 (+11ms) 
01:33:07   ├─ /ko-sprunki-basical/index.html🔍 Processing fullSlug: ko-sprunki-basical, locale: en, baseSlug: ko-sprunki-basical
✅ Game loaded: ko-sprunki-basical for en
 (+12ms) 
01:33:07   ├─ /zh/ko-sprunki-basical/index.html🔍 Processing fullSlug: zh/ko-sprunki-basical, locale: zh, baseSlug: ko-sprunki-basical
✅ Game loaded: ko-sprunki-basical for zh
 (+14ms) 
01:33:07   ├─ /es/ko-sprunki-basical/index.html🔍 Processing fullSlug: es/ko-sprunki-basical, locale: es, baseSlug: ko-sprunki-basical
✅ Game loaded: ko-sprunki-basical for es
 (+11ms) 
01:33:07   ├─ /fr/ko-sprunki-basical/index.html🔍 Processing fullSlug: fr/ko-sprunki-basical, locale: fr, baseSlug: ko-sprunki-basical
✅ Game loaded: ko-sprunki-basical for fr
 (+10ms) 
01:33:07   ├─ /de/ko-sprunki-basical/index.html🔍 Processing fullSlug: de/ko-sprunki-basical, locale: de, baseSlug: ko-sprunki-basical
✅ Game loaded: ko-sprunki-basical for de
 (+11ms) 
01:33:07   ├─ /ja/ko-sprunki-basical/index.html🔍 Processing fullSlug: ja/ko-sprunki-basical, locale: ja, baseSlug: ko-sprunki-basical
✅ Game loaded: ko-sprunki-basical for ja
 (+11ms) 
01:33:07   ├─ /ko/ko-sprunki-basical/index.html🔍 Processing fullSlug: ko/ko-sprunki-basical, locale: ko, baseSlug: ko-sprunki-basical
✅ Game loaded: ko-sprunki-basical for ko
 (+10ms) 
01:33:07   ├─ /ko-sprunki-but-with-memes/index.html🔍 Processing fullSlug: ko-sprunki-but-with-memes, locale: en, baseSlug: ko-sprunki-but-with-memes
✅ Game loaded: ko-sprunki-but-with-memes for en
 (+11ms) 
01:33:07   ├─ /zh/ko-sprunki-but-with-memes/index.html🔍 Processing fullSlug: zh/ko-sprunki-but-with-memes, locale: zh, baseSlug: ko-sprunki-but-with-memes
✅ Game loaded: ko-sprunki-but-with-memes for zh
 (+10ms) 
01:33:07   ├─ /es/ko-sprunki-but-with-memes/index.html🔍 Processing fullSlug: es/ko-sprunki-but-with-memes, locale: es, baseSlug: ko-sprunki-but-with-memes
✅ Game loaded: ko-sprunki-but-with-memes for es
 (+10ms) 
01:33:07   ├─ /fr/ko-sprunki-but-with-memes/index.html🔍 Processing fullSlug: fr/ko-sprunki-but-with-memes, locale: fr, baseSlug: ko-sprunki-but-with-memes
✅ Game loaded: ko-sprunki-but-with-memes for fr
 (+10ms) 
01:33:07   ├─ /de/ko-sprunki-but-with-memes/index.html🔍 Processing fullSlug: de/ko-sprunki-but-with-memes, locale: de, baseSlug: ko-sprunki-but-with-memes
✅ Game loaded: ko-sprunki-but-with-memes for de
 (+12ms) 
01:33:07   ├─ /ja/ko-sprunki-but-with-memes/index.html🔍 Processing fullSlug: ja/ko-sprunki-but-with-memes, locale: ja, baseSlug: ko-sprunki-but-with-memes
✅ Game loaded: ko-sprunki-but-with-memes for ja
 (+11ms) 
01:33:07   ├─ /ko/ko-sprunki-but-with-memes/index.html🔍 Processing fullSlug: ko/ko-sprunki-but-with-memes, locale: ko, baseSlug: ko-sprunki-but-with-memes
✅ Game loaded: ko-sprunki-but-with-memes for ko
 (+11ms) 
01:33:07   ├─ /ko-sprunki-christmas/index.html🔍 Processing fullSlug: ko-sprunki-christmas, locale: en, baseSlug: ko-sprunki-christmas
✅ Game loaded: ko-sprunki-christmas for en
 (+14ms) 
01:33:07   ├─ /zh/ko-sprunki-christmas/index.html🔍 Processing fullSlug: zh/ko-sprunki-christmas, locale: zh, baseSlug: ko-sprunki-christmas
✅ Game loaded: ko-sprunki-christmas for zh
 (+15ms) 
01:33:07   ├─ /es/ko-sprunki-christmas/index.html🔍 Processing fullSlug: es/ko-sprunki-christmas, locale: es, baseSlug: ko-sprunki-christmas
✅ Game loaded: ko-sprunki-christmas for es
 (+11ms) 
01:33:07   ├─ /fr/ko-sprunki-christmas/index.html🔍 Processing fullSlug: fr/ko-sprunki-christmas, locale: fr, baseSlug: ko-sprunki-christmas
✅ Game loaded: ko-sprunki-christmas for fr
 (+11ms) 
01:33:07   ├─ /de/ko-sprunki-christmas/index.html🔍 Processing fullSlug: de/ko-sprunki-christmas, locale: de, baseSlug: ko-sprunki-christmas
✅ Game loaded: ko-sprunki-christmas for de
 (+11ms) 
01:33:07   ├─ /ja/ko-sprunki-christmas/index.html🔍 Processing fullSlug: ja/ko-sprunki-christmas, locale: ja, baseSlug: ko-sprunki-christmas
✅ Game loaded: ko-sprunki-christmas for ja
 (+10ms) 
01:33:07   ├─ /ko/ko-sprunki-christmas/index.html🔍 Processing fullSlug: ko/ko-sprunki-christmas, locale: ko, baseSlug: ko-sprunki-christmas
✅ Game loaded: ko-sprunki-christmas for ko
 (+11ms) 
01:33:07   ├─ /ko-sprunki-cool-as-ice/index.html🔍 Processing fullSlug: ko-sprunki-cool-as-ice, locale: en, baseSlug: ko-sprunki-cool-as-ice
✅ Game loaded: ko-sprunki-cool-as-ice for en
 (+12ms) 
01:33:07   ├─ /zh/ko-sprunki-cool-as-ice/index.html🔍 Processing fullSlug: zh/ko-sprunki-cool-as-ice, locale: zh, baseSlug: ko-sprunki-cool-as-ice
✅ Game loaded: ko-sprunki-cool-as-ice for zh
 (+11ms) 
01:33:07   ├─ /es/ko-sprunki-cool-as-ice/index.html🔍 Processing fullSlug: es/ko-sprunki-cool-as-ice, locale: es, baseSlug: ko-sprunki-cool-as-ice
✅ Game loaded: ko-sprunki-cool-as-ice for es
 (+10ms) 
01:33:07   ├─ /fr/ko-sprunki-cool-as-ice/index.html🔍 Processing fullSlug: fr/ko-sprunki-cool-as-ice, locale: fr, baseSlug: ko-sprunki-cool-as-ice
✅ Game loaded: ko-sprunki-cool-as-ice for fr
 (+11ms) 
01:33:07   ├─ /de/ko-sprunki-cool-as-ice/index.html🔍 Processing fullSlug: de/ko-sprunki-cool-as-ice, locale: de, baseSlug: ko-sprunki-cool-as-ice
✅ Game loaded: ko-sprunki-cool-as-ice for de
 (+11ms) 
01:33:07   ├─ /ja/ko-sprunki-cool-as-ice/index.html🔍 Processing fullSlug: ja/ko-sprunki-cool-as-ice, locale: ja, baseSlug: ko-sprunki-cool-as-ice
✅ Game loaded: ko-sprunki-cool-as-ice for ja
 (+12ms) 
01:33:07   ├─ /ko/ko-sprunki-cool-as-ice/index.html🔍 Processing fullSlug: ko/ko-sprunki-cool-as-ice, locale: ko, baseSlug: ko-sprunki-cool-as-ice
✅ Game loaded: ko-sprunki-cool-as-ice for ko
 (+12ms) 
01:33:07   ├─ /ko-sprunki-craft/index.html🔍 Processing fullSlug: ko-sprunki-craft, locale: en, baseSlug: ko-sprunki-craft
✅ Game loaded: ko-sprunki-craft for en
 (+17ms) 
01:33:07   ├─ /zh/ko-sprunki-craft/index.html🔍 Processing fullSlug: zh/ko-sprunki-craft, locale: zh, baseSlug: ko-sprunki-craft
✅ Game loaded: ko-sprunki-craft for zh
 (+14ms) 
01:33:07   ├─ /es/ko-sprunki-craft/index.html🔍 Processing fullSlug: es/ko-sprunki-craft, locale: es, baseSlug: ko-sprunki-craft
✅ Game loaded: ko-sprunki-craft for es
 (+11ms) 
01:33:07   ├─ /fr/ko-sprunki-craft/index.html🔍 Processing fullSlug: fr/ko-sprunki-craft, locale: fr, baseSlug: ko-sprunki-craft
✅ Game loaded: ko-sprunki-craft for fr
 (+11ms) 
01:33:07   ├─ /de/ko-sprunki-craft/index.html🔍 Processing fullSlug: de/ko-sprunki-craft, locale: de, baseSlug: ko-sprunki-craft
✅ Game loaded: ko-sprunki-craft for de
 (+11ms) 
01:33:07   ├─ /ja/ko-sprunki-craft/index.html🔍 Processing fullSlug: ja/ko-sprunki-craft, locale: ja, baseSlug: ko-sprunki-craft
✅ Game loaded: ko-sprunki-craft for ja
 (+10ms) 
01:33:07   ├─ /ko/ko-sprunki-craft/index.html🔍 Processing fullSlug: ko/ko-sprunki-craft, locale: ko, baseSlug: ko-sprunki-craft
✅ Game loaded: ko-sprunki-craft for ko
 (+10ms) 
01:33:07   ├─ /ko-sprunki-dandys-world/index.html🔍 Processing fullSlug: ko-sprunki-dandys-world, locale: en, baseSlug: ko-sprunki-dandys-world
✅ Game loaded: ko-sprunki-dandys-world for en
 (+11ms) 
01:33:07   ├─ /zh/ko-sprunki-dandys-world/index.html🔍 Processing fullSlug: zh/ko-sprunki-dandys-world, locale: zh, baseSlug: ko-sprunki-dandys-world
✅ Game loaded: ko-sprunki-dandys-world for zh
 (+10ms) 
01:33:07   ├─ /es/ko-sprunki-dandys-world/index.html🔍 Processing fullSlug: es/ko-sprunki-dandys-world, locale: es, baseSlug: ko-sprunki-dandys-world
✅ Game loaded: ko-sprunki-dandys-world for es
 (+10ms) 
01:33:07   ├─ /fr/ko-sprunki-dandys-world/index.html🔍 Processing fullSlug: fr/ko-sprunki-dandys-world, locale: fr, baseSlug: ko-sprunki-dandys-world
✅ Game loaded: ko-sprunki-dandys-world for fr
 (+11ms) 
01:33:07   ├─ /de/ko-sprunki-dandys-world/index.html🔍 Processing fullSlug: de/ko-sprunki-dandys-world, locale: de, baseSlug: ko-sprunki-dandys-world
✅ Game loaded: ko-sprunki-dandys-world for de
 (+11ms) 
01:33:07   ├─ /ja/ko-sprunki-dandys-world/index.html🔍 Processing fullSlug: ja/ko-sprunki-dandys-world, locale: ja, baseSlug: ko-sprunki-dandys-world
✅ Game loaded: ko-sprunki-dandys-world for ja
 (+11ms) 
01:33:07   ├─ /ko/ko-sprunki-dandys-world/index.html🔍 Processing fullSlug: ko/ko-sprunki-dandys-world, locale: ko, baseSlug: ko-sprunki-dandys-world
✅ Game loaded: ko-sprunki-dandys-world for ko
 (+14ms) 
01:33:07   ├─ /ko-sprunki-halloween/index.html🔍 Processing fullSlug: ko-sprunki-halloween, locale: en, baseSlug: ko-sprunki-halloween
✅ Game loaded: ko-sprunki-halloween for en
 (+14ms) 
01:33:07   ├─ /zh/ko-sprunki-halloween/index.html🔍 Processing fullSlug: zh/ko-sprunki-halloween, locale: zh, baseSlug: ko-sprunki-halloween
✅ Game loaded: ko-sprunki-halloween for zh
 (+15ms) 
01:33:07   ├─ /es/ko-sprunki-halloween/index.html🔍 Processing fullSlug: es/ko-sprunki-halloween, locale: es, baseSlug: ko-sprunki-halloween
✅ Game loaded: ko-sprunki-halloween for es
 (+11ms) 
01:33:07   ├─ /fr/ko-sprunki-halloween/index.html🔍 Processing fullSlug: fr/ko-sprunki-halloween, locale: fr, baseSlug: ko-sprunki-halloween
✅ Game loaded: ko-sprunki-halloween for fr
 (+11ms) 
01:33:07   ├─ /de/ko-sprunki-halloween/index.html🔍 Processing fullSlug: de/ko-sprunki-halloween, locale: de, baseSlug: ko-sprunki-halloween
✅ Game loaded: ko-sprunki-halloween for de
 (+11ms) 
01:33:07   ├─ /ja/ko-sprunki-halloween/index.html🔍 Processing fullSlug: ja/ko-sprunki-halloween, locale: ja, baseSlug: ko-sprunki-halloween
✅ Game loaded: ko-sprunki-halloween for ja
 (+11ms) 
01:33:07   ├─ /ko/ko-sprunki-halloween/index.html🔍 Processing fullSlug: ko/ko-sprunki-halloween, locale: ko, baseSlug: ko-sprunki-halloween
✅ Game loaded: ko-sprunki-halloween for ko
 (+11ms) 
01:33:07   ├─ /ko-sprunki-good-night/index.html🔍 Processing fullSlug: ko-sprunki-good-night, locale: en, baseSlug: ko-sprunki-good-night
✅ Game loaded: ko-sprunki-good-night for en
 (+12ms) 
01:33:07   ├─ /zh/ko-sprunki-good-night/index.html🔍 Processing fullSlug: zh/ko-sprunki-good-night, locale: zh, baseSlug: ko-sprunki-good-night
✅ Game loaded: ko-sprunki-good-night for zh
 (+11ms) 
01:33:07   ├─ /es/ko-sprunki-good-night/index.html🔍 Processing fullSlug: es/ko-sprunki-good-night, locale: es, baseSlug: ko-sprunki-good-night
✅ Game loaded: ko-sprunki-good-night for es
 (+10ms) 
01:33:07   ├─ /fr/ko-sprunki-good-night/index.html🔍 Processing fullSlug: fr/ko-sprunki-good-night, locale: fr, baseSlug: ko-sprunki-good-night
✅ Game loaded: ko-sprunki-good-night for fr
 (+11ms) 
01:33:07   ├─ /de/ko-sprunki-good-night/index.html🔍 Processing fullSlug: de/ko-sprunki-good-night, locale: de, baseSlug: ko-sprunki-good-night
✅ Game loaded: ko-sprunki-good-night for de
 (+11ms) 
01:33:07   ├─ /ja/ko-sprunki-good-night/index.html🔍 Processing fullSlug: ja/ko-sprunki-good-night, locale: ja, baseSlug: ko-sprunki-good-night
✅ Game loaded: ko-sprunki-good-night for ja
 (+11ms) 
01:33:07   ├─ /ko/ko-sprunki-good-night/index.html🔍 Processing fullSlug: ko/ko-sprunki-good-night, locale: ko, baseSlug: ko-sprunki-good-night
✅ Game loaded: ko-sprunki-good-night for ko
 (+10ms) 
01:33:07   ├─ /ko-sprunki-eggs-mix/index.html🔍 Processing fullSlug: ko-sprunki-eggs-mix, locale: en, baseSlug: ko-sprunki-eggs-mix
✅ Game loaded: ko-sprunki-eggs-mix for en
 (+12ms) 
01:33:07   ├─ /zh/ko-sprunki-eggs-mix/index.html🔍 Processing fullSlug: zh/ko-sprunki-eggs-mix, locale: zh, baseSlug: ko-sprunki-eggs-mix
✅ Game loaded: ko-sprunki-eggs-mix for zh
 (+12ms) 
01:33:07   ├─ /es/ko-sprunki-eggs-mix/index.html🔍 Processing fullSlug: es/ko-sprunki-eggs-mix, locale: es, baseSlug: ko-sprunki-eggs-mix
✅ Game loaded: ko-sprunki-eggs-mix for es
 (+11ms) 
01:33:07   ├─ /fr/ko-sprunki-eggs-mix/index.html🔍 Processing fullSlug: fr/ko-sprunki-eggs-mix, locale: fr, baseSlug: ko-sprunki-eggs-mix
✅ Game loaded: ko-sprunki-eggs-mix for fr
 (+11ms) 
01:33:07   ├─ /de/ko-sprunki-eggs-mix/index.html🔍 Processing fullSlug: de/ko-sprunki-eggs-mix, locale: de, baseSlug: ko-sprunki-eggs-mix
✅ Game loaded: ko-sprunki-eggs-mix for de
 (+11ms) 
01:33:07   ├─ /ja/ko-sprunki-eggs-mix/index.html🔍 Processing fullSlug: ja/ko-sprunki-eggs-mix, locale: ja, baseSlug: ko-sprunki-eggs-mix
✅ Game loaded: ko-sprunki-eggs-mix for ja
 (+10ms) 
01:33:07   ├─ /ko/ko-sprunki-eggs-mix/index.html🔍 Processing fullSlug: ko/ko-sprunki-eggs-mix, locale: ko, baseSlug: ko-sprunki-eggs-mix
✅ Game loaded: ko-sprunki-eggs-mix for ko
 (+10ms) 
01:33:07   ├─ /ko-sprunki-interactive-beta/index.html🔍 Processing fullSlug: ko-sprunki-interactive-beta, locale: en, baseSlug: ko-sprunki-interactive-beta
✅ Game loaded: ko-sprunki-interactive-beta for en
 (+11ms) 
01:33:07   ├─ /zh/ko-sprunki-interactive-beta/index.html🔍 Processing fullSlug: zh/ko-sprunki-interactive-beta, locale: zh, baseSlug: ko-sprunki-interactive-beta
✅ Game loaded: ko-sprunki-interactive-beta for zh
 (+11ms) 
01:33:07   ├─ /es/ko-sprunki-interactive-beta/index.html🔍 Processing fullSlug: es/ko-sprunki-interactive-beta, locale: es, baseSlug: ko-sprunki-interactive-beta
✅ Game loaded: ko-sprunki-interactive-beta for es
 (+10ms) 
01:33:07   ├─ /fr/ko-sprunki-interactive-beta/index.html🔍 Processing fullSlug: fr/ko-sprunki-interactive-beta, locale: fr, baseSlug: ko-sprunki-interactive-beta
✅ Game loaded: ko-sprunki-interactive-beta for fr
 (+11ms) 
01:33:08   ├─ /de/ko-sprunki-interactive-beta/index.html🔍 Processing fullSlug: de/ko-sprunki-interactive-beta, locale: de, baseSlug: ko-sprunki-interactive-beta
✅ Game loaded: ko-sprunki-interactive-beta for de
 (+11ms) 
01:33:08   ├─ /ja/ko-sprunki-interactive-beta/index.html🔍 Processing fullSlug: ja/ko-sprunki-interactive-beta, locale: ja, baseSlug: ko-sprunki-interactive-beta
✅ Game loaded: ko-sprunki-interactive-beta for ja
 (+11ms) 
01:33:08   ├─ /ko/ko-sprunki-interactive-beta/index.html🔍 Processing fullSlug: ko/ko-sprunki-interactive-beta, locale: ko, baseSlug: ko-sprunki-interactive-beta
✅ Game loaded: ko-sprunki-interactive-beta for ko
 (+11ms) 
01:33:08   ├─ /ko-sprunki-like-minecraft/index.html🔍 Processing fullSlug: ko-sprunki-like-minecraft, locale: en, baseSlug: ko-sprunki-like-minecraft
✅ Game loaded: ko-sprunki-like-minecraft for en
 (+12ms) 
01:33:08   ├─ /zh/ko-sprunki-like-minecraft/index.html🔍 Processing fullSlug: zh/ko-sprunki-like-minecraft, locale: zh, baseSlug: ko-sprunki-like-minecraft
✅ Game loaded: ko-sprunki-like-minecraft for zh
 (+12ms) 
01:33:08   ├─ /es/ko-sprunki-like-minecraft/index.html🔍 Processing fullSlug: es/ko-sprunki-like-minecraft, locale: es, baseSlug: ko-sprunki-like-minecraft
✅ Game loaded: ko-sprunki-like-minecraft for es
 (+10ms) 
01:33:08   ├─ /fr/ko-sprunki-like-minecraft/index.html🔍 Processing fullSlug: fr/ko-sprunki-like-minecraft, locale: fr, baseSlug: ko-sprunki-like-minecraft
✅ Game loaded: ko-sprunki-like-minecraft for fr
 (+10ms) 
01:33:08   ├─ /de/ko-sprunki-like-minecraft/index.html🔍 Processing fullSlug: de/ko-sprunki-like-minecraft, locale: de, baseSlug: ko-sprunki-like-minecraft
✅ Game loaded: ko-sprunki-like-minecraft for de
 (+10ms) 
01:33:08   ├─ /ja/ko-sprunki-like-minecraft/index.html🔍 Processing fullSlug: ja/ko-sprunki-like-minecraft, locale: ja, baseSlug: ko-sprunki-like-minecraft
✅ Game loaded: ko-sprunki-like-minecraft for ja
 (+10ms) 
01:33:08   ├─ /ko/ko-sprunki-like-minecraft/index.html🔍 Processing fullSlug: ko/ko-sprunki-like-minecraft, locale: ko, baseSlug: ko-sprunki-like-minecraft
✅ Game loaded: ko-sprunki-like-minecraft for ko
 (+11ms) 
01:33:08   ├─ /ko-sprunki-maker/index.html🔍 Processing fullSlug: ko-sprunki-maker, locale: en, baseSlug: ko-sprunki-maker
✅ Game loaded: ko-sprunki-maker for en
 (+11ms) 
01:33:08   ├─ /zh/ko-sprunki-maker/index.html🔍 Processing fullSlug: zh/ko-sprunki-maker, locale: zh, baseSlug: ko-sprunki-maker
✅ Game loaded: ko-sprunki-maker for zh
 (+10ms) 
01:33:08   ├─ /es/ko-sprunki-maker/index.html🔍 Processing fullSlug: es/ko-sprunki-maker, locale: es, baseSlug: ko-sprunki-maker
✅ Game loaded: ko-sprunki-maker for es
 (+10ms) 
01:33:08   ├─ /fr/ko-sprunki-maker/index.html🔍 Processing fullSlug: fr/ko-sprunki-maker, locale: fr, baseSlug: ko-sprunki-maker
✅ Game loaded: ko-sprunki-maker for fr
 (+11ms) 
01:33:08   ├─ /de/ko-sprunki-maker/index.html🔍 Processing fullSlug: de/ko-sprunki-maker, locale: de, baseSlug: ko-sprunki-maker
✅ Game loaded: ko-sprunki-maker for de
 (+10ms) 
01:33:08   ├─ /ja/ko-sprunki-maker/index.html🔍 Processing fullSlug: ja/ko-sprunki-maker, locale: ja, baseSlug: ko-sprunki-maker
✅ Game loaded: ko-sprunki-maker for ja
 (+10ms) 
01:33:08   ├─ /ko/ko-sprunki-maker/index.html🔍 Processing fullSlug: ko/ko-sprunki-maker, locale: ko, baseSlug: ko-sprunki-maker
✅ Game loaded: ko-sprunki-maker for ko
 (+12ms) 
01:33:08   ├─ /ko-sprunki-minecraft/index.html🔍 Processing fullSlug: ko-sprunki-minecraft, locale: en, baseSlug: ko-sprunki-minecraft
✅ Game loaded: ko-sprunki-minecraft for en
 (+13ms) 
01:33:08   ├─ /zh/ko-sprunki-minecraft/index.html🔍 Processing fullSlug: zh/ko-sprunki-minecraft, locale: zh, baseSlug: ko-sprunki-minecraft
✅ Game loaded: ko-sprunki-minecraft for zh
 (+18ms) 
01:33:08   ├─ /es/ko-sprunki-minecraft/index.html🔍 Processing fullSlug: es/ko-sprunki-minecraft, locale: es, baseSlug: ko-sprunki-minecraft
✅ Game loaded: ko-sprunki-minecraft for es
 (+11ms) 
01:33:08   ├─ /fr/ko-sprunki-minecraft/index.html🔍 Processing fullSlug: fr/ko-sprunki-minecraft, locale: fr, baseSlug: ko-sprunki-minecraft
✅ Game loaded: ko-sprunki-minecraft for fr
 (+11ms) 
01:33:08   ├─ /de/ko-sprunki-minecraft/index.html🔍 Processing fullSlug: de/ko-sprunki-minecraft, locale: de, baseSlug: ko-sprunki-minecraft
✅ Game loaded: ko-sprunki-minecraft for de
 (+10ms) 
01:33:08   ├─ /ja/ko-sprunki-minecraft/index.html🔍 Processing fullSlug: ja/ko-sprunki-minecraft, locale: ja, baseSlug: ko-sprunki-minecraft
✅ Game loaded: ko-sprunki-minecraft for ja
 (+10ms) 
01:33:08   ├─ /ko/ko-sprunki-minecraft/index.html🔍 Processing fullSlug: ko/ko-sprunki-minecraft, locale: ko, baseSlug: ko-sprunki-minecraft
✅ Game loaded: ko-sprunki-minecraft for ko
 (+10ms) 
01:33:08   ├─ /ko-sprunki-meets-the-cat-spell/index.html🔍 Processing fullSlug: ko-sprunki-meets-the-cat-spell, locale: en, baseSlug: ko-sprunki-meets-the-cat-spell
✅ Game loaded: ko-sprunki-meets-the-cat-spell for en
 (+11ms) 
01:33:08   ├─ /zh/ko-sprunki-meets-the-cat-spell/index.html🔍 Processing fullSlug: zh/ko-sprunki-meets-the-cat-spell, locale: zh, baseSlug: ko-sprunki-meets-the-cat-spell
✅ Game loaded: ko-sprunki-meets-the-cat-spell for zh
 (+10ms) 
01:33:08   ├─ /es/ko-sprunki-meets-the-cat-spell/index.html🔍 Processing fullSlug: es/ko-sprunki-meets-the-cat-spell, locale: es, baseSlug: ko-sprunki-meets-the-cat-spell
✅ Game loaded: ko-sprunki-meets-the-cat-spell for es
 (+11ms) 
01:33:08   ├─ /fr/ko-sprunki-meets-the-cat-spell/index.html🔍 Processing fullSlug: fr/ko-sprunki-meets-the-cat-spell, locale: fr, baseSlug: ko-sprunki-meets-the-cat-spell
✅ Game loaded: ko-sprunki-meets-the-cat-spell for fr
 (+12ms) 
01:33:08   ├─ /de/ko-sprunki-meets-the-cat-spell/index.html🔍 Processing fullSlug: de/ko-sprunki-meets-the-cat-spell, locale: de, baseSlug: ko-sprunki-meets-the-cat-spell
✅ Game loaded: ko-sprunki-meets-the-cat-spell for de
 (+13ms) 
01:33:08   ├─ /ja/ko-sprunki-meets-the-cat-spell/index.html🔍 Processing fullSlug: ja/ko-sprunki-meets-the-cat-spell, locale: ja, baseSlug: ko-sprunki-meets-the-cat-spell
✅ Game loaded: ko-sprunki-meets-the-cat-spell for ja
 (+10ms) 
01:33:08   ├─ /ko/ko-sprunki-meets-the-cat-spell/index.html🔍 Processing fullSlug: ko/ko-sprunki-meets-the-cat-spell, locale: ko, baseSlug: ko-sprunki-meets-the-cat-spell
✅ Game loaded: ko-sprunki-meets-the-cat-spell for ko
 (+11ms) 
01:33:08   ├─ /ko-sprunki-mod-BFDI/index.html🔍 Processing fullSlug: ko-sprunki-mod-BFDI, locale: en, baseSlug: ko-sprunki-mod-BFDI
✅ Game loaded: ko-sprunki-mod-BFDI for en
 (+11ms) 
01:33:08   ├─ /zh/ko-sprunki-mod-BFDI/index.html🔍 Processing fullSlug: zh/ko-sprunki-mod-BFDI, locale: zh, baseSlug: ko-sprunki-mod-BFDI
✅ Game loaded: ko-sprunki-mod-BFDI for zh
 (+10ms) 
01:33:08   ├─ /es/ko-sprunki-mod-BFDI/index.html🔍 Processing fullSlug: es/ko-sprunki-mod-BFDI, locale: es, baseSlug: ko-sprunki-mod-BFDI
✅ Game loaded: ko-sprunki-mod-BFDI for es
 (+10ms) 
01:33:08   ├─ /fr/ko-sprunki-mod-BFDI/index.html🔍 Processing fullSlug: fr/ko-sprunki-mod-BFDI, locale: fr, baseSlug: ko-sprunki-mod-BFDI
✅ Game loaded: ko-sprunki-mod-BFDI for fr
 (+10ms) 
01:33:08   ├─ /de/ko-sprunki-mod-BFDI/index.html🔍 Processing fullSlug: de/ko-sprunki-mod-BFDI, locale: de, baseSlug: ko-sprunki-mod-BFDI
✅ Game loaded: ko-sprunki-mod-BFDI for de
 (+10ms) 
01:33:08   ├─ /ja/ko-sprunki-mod-BFDI/index.html🔍 Processing fullSlug: ja/ko-sprunki-mod-BFDI, locale: ja, baseSlug: ko-sprunki-mod-BFDI
✅ Game loaded: ko-sprunki-mod-BFDI for ja
 (+11ms) 
01:33:08   ├─ /ko/ko-sprunki-mod-BFDI/index.html🔍 Processing fullSlug: ko/ko-sprunki-mod-BFDI, locale: ko, baseSlug: ko-sprunki-mod-BFDI
✅ Game loaded: ko-sprunki-mod-BFDI for ko
 (+11ms) 
01:33:08   ├─ /ko-sprunki-night-time/index.html🔍 Processing fullSlug: ko-sprunki-night-time, locale: en, baseSlug: ko-sprunki-night-time
✅ Game loaded: ko-sprunki-night-time for en
 (+12ms) 
01:33:08   ├─ /zh/ko-sprunki-night-time/index.html🔍 Processing fullSlug: zh/ko-sprunki-night-time, locale: zh, baseSlug: ko-sprunki-night-time
✅ Game loaded: ko-sprunki-night-time for zh
 (+13ms) 
01:33:08   ├─ /es/ko-sprunki-night-time/index.html🔍 Processing fullSlug: es/ko-sprunki-night-time, locale: es, baseSlug: ko-sprunki-night-time
✅ Game loaded: ko-sprunki-night-time for es
 (+10ms) 
01:33:08   ├─ /fr/ko-sprunki-night-time/index.html🔍 Processing fullSlug: fr/ko-sprunki-night-time, locale: fr, baseSlug: ko-sprunki-night-time
✅ Game loaded: ko-sprunki-night-time for fr
 (+11ms) 
01:33:08   ├─ /de/ko-sprunki-night-time/index.html🔍 Processing fullSlug: de/ko-sprunki-night-time, locale: de, baseSlug: ko-sprunki-night-time
✅ Game loaded: ko-sprunki-night-time for de
 (+11ms) 
01:33:08   ├─ /ja/ko-sprunki-night-time/index.html🔍 Processing fullSlug: ja/ko-sprunki-night-time, locale: ja, baseSlug: ko-sprunki-night-time
✅ Game loaded: ko-sprunki-night-time for ja
 (+10ms) 
01:33:08   ├─ /ko/ko-sprunki-night-time/index.html🔍 Processing fullSlug: ko/ko-sprunki-night-time, locale: ko, baseSlug: ko-sprunki-night-time
✅ Game loaded: ko-sprunki-night-time for ko
 (+11ms) 
01:33:08   ├─ /ko-sprunki-mustard/index.html🔍 Processing fullSlug: ko-sprunki-mustard, locale: en, baseSlug: ko-sprunki-mustard
✅ Game loaded: ko-sprunki-mustard for en
 (+12ms) 
01:33:08   ├─ /zh/ko-sprunki-mustard/index.html🔍 Processing fullSlug: zh/ko-sprunki-mustard, locale: zh, baseSlug: ko-sprunki-mustard
✅ Game loaded: ko-sprunki-mustard for zh
 (+35ms) 
01:33:08   ├─ /es/ko-sprunki-mustard/index.html🔍 Processing fullSlug: es/ko-sprunki-mustard, locale: es, baseSlug: ko-sprunki-mustard
✅ Game loaded: ko-sprunki-mustard for es
 (+12ms) 
01:33:08   ├─ /fr/ko-sprunki-mustard/index.html🔍 Processing fullSlug: fr/ko-sprunki-mustard, locale: fr, baseSlug: ko-sprunki-mustard
✅ Game loaded: ko-sprunki-mustard for fr
 (+11ms) 
01:33:08   ├─ /de/ko-sprunki-mustard/index.html🔍 Processing fullSlug: de/ko-sprunki-mustard, locale: de, baseSlug: ko-sprunki-mustard
✅ Game loaded: ko-sprunki-mustard for de
 (+11ms) 
01:33:08   ├─ /ja/ko-sprunki-mustard/index.html🔍 Processing fullSlug: ja/ko-sprunki-mustard, locale: ja, baseSlug: ko-sprunki-mustard
✅ Game loaded: ko-sprunki-mustard for ja
 (+11ms) 
01:33:08   ├─ /ko/ko-sprunki-mustard/index.html🔍 Processing fullSlug: ko/ko-sprunki-mustard, locale: ko, baseSlug: ko-sprunki-mustard
✅ Game loaded: ko-sprunki-mustard for ko
 (+10ms) 
01:33:08   ├─ /ko-sprunki-phase-2-5/index.html🔍 Processing fullSlug: ko-sprunki-phase-2-5, locale: en, baseSlug: ko-sprunki-phase-2-5
✅ Game loaded: ko-sprunki-phase-2-5 for en
 (+13ms) 
01:33:08   ├─ /zh/ko-sprunki-phase-2-5/index.html🔍 Processing fullSlug: zh/ko-sprunki-phase-2-5, locale: zh, baseSlug: ko-sprunki-phase-2-5
✅ Game loaded: ko-sprunki-phase-2-5 for zh
 (+13ms) 
01:33:08   ├─ /es/ko-sprunki-phase-2-5/index.html🔍 Processing fullSlug: es/ko-sprunki-phase-2-5, locale: es, baseSlug: ko-sprunki-phase-2-5
✅ Game loaded: ko-sprunki-phase-2-5 for es
 (+11ms) 
01:33:08   ├─ /fr/ko-sprunki-phase-2-5/index.html🔍 Processing fullSlug: fr/ko-sprunki-phase-2-5, locale: fr, baseSlug: ko-sprunki-phase-2-5
✅ Game loaded: ko-sprunki-phase-2-5 for fr
 (+11ms) 
01:33:08   ├─ /de/ko-sprunki-phase-2-5/index.html🔍 Processing fullSlug: de/ko-sprunki-phase-2-5, locale: de, baseSlug: ko-sprunki-phase-2-5
✅ Game loaded: ko-sprunki-phase-2-5 for de
 (+10ms) 
01:33:08   ├─ /ja/ko-sprunki-phase-2-5/index.html🔍 Processing fullSlug: ja/ko-sprunki-phase-2-5, locale: ja, baseSlug: ko-sprunki-phase-2-5
✅ Game loaded: ko-sprunki-phase-2-5 for ja
 (+10ms) 
01:33:08   ├─ /ko/ko-sprunki-phase-2-5/index.html🔍 Processing fullSlug: ko/ko-sprunki-phase-2-5, locale: ko, baseSlug: ko-sprunki-phase-2-5
✅ Game loaded: ko-sprunki-phase-2-5 for ko
 (+11ms) 
01:33:08   ├─ /ko-sprunki-phase-8/index.html🔍 Processing fullSlug: ko-sprunki-phase-8, locale: en, baseSlug: ko-sprunki-phase-8
✅ Game loaded: ko-sprunki-phase-8 for en
 (+11ms) 
01:33:08   ├─ /zh/ko-sprunki-phase-8/index.html🔍 Processing fullSlug: zh/ko-sprunki-phase-8, locale: zh, baseSlug: ko-sprunki-phase-8
✅ Game loaded: ko-sprunki-phase-8 for zh
 (+11ms) 
01:33:08   ├─ /es/ko-sprunki-phase-8/index.html🔍 Processing fullSlug: es/ko-sprunki-phase-8, locale: es, baseSlug: ko-sprunki-phase-8
✅ Game loaded: ko-sprunki-phase-8 for es
 (+11ms) 
01:33:08   ├─ /fr/ko-sprunki-phase-8/index.html🔍 Processing fullSlug: fr/ko-sprunki-phase-8, locale: fr, baseSlug: ko-sprunki-phase-8
✅ Game loaded: ko-sprunki-phase-8 for fr
 (+10ms) 
01:33:08   ├─ /de/ko-sprunki-phase-8/index.html🔍 Processing fullSlug: de/ko-sprunki-phase-8, locale: de, baseSlug: ko-sprunki-phase-8
✅ Game loaded: ko-sprunki-phase-8 for de
 (+11ms) 
01:33:08   ├─ /ja/ko-sprunki-phase-8/index.html🔍 Processing fullSlug: ja/ko-sprunki-phase-8, locale: ja, baseSlug: ko-sprunki-phase-8
✅ Game loaded: ko-sprunki-phase-8 for ja
 (+11ms) 
01:33:08   ├─ /ko/ko-sprunki-phase-8/index.html🔍 Processing fullSlug: ko/ko-sprunki-phase-8, locale: ko, baseSlug: ko-sprunki-phase-8
✅ Game loaded: ko-sprunki-phase-8 for ko
 (+11ms) 
01:33:08   ├─ /ko-sprunki-phase-5/index.html🔍 Processing fullSlug: ko-sprunki-phase-5, locale: en, baseSlug: ko-sprunki-phase-5
✅ Game loaded: ko-sprunki-phase-5 for en
 (+12ms) 
01:33:08   ├─ /zh/ko-sprunki-phase-5/index.html🔍 Processing fullSlug: zh/ko-sprunki-phase-5, locale: zh, baseSlug: ko-sprunki-phase-5
✅ Game loaded: ko-sprunki-phase-5 for zh
 (+13ms) 
01:33:08   ├─ /es/ko-sprunki-phase-5/index.html🔍 Processing fullSlug: es/ko-sprunki-phase-5, locale: es, baseSlug: ko-sprunki-phase-5
✅ Game loaded: ko-sprunki-phase-5 for es
 (+10ms) 
01:33:08   ├─ /fr/ko-sprunki-phase-5/index.html🔍 Processing fullSlug: fr/ko-sprunki-phase-5, locale: fr, baseSlug: ko-sprunki-phase-5
✅ Game loaded: ko-sprunki-phase-5 for fr
 (+11ms) 
01:33:08   ├─ /de/ko-sprunki-phase-5/index.html🔍 Processing fullSlug: de/ko-sprunki-phase-5, locale: de, baseSlug: ko-sprunki-phase-5
✅ Game loaded: ko-sprunki-phase-5 for de
 (+10ms) 
01:33:08   ├─ /ja/ko-sprunki-phase-5/index.html🔍 Processing fullSlug: ja/ko-sprunki-phase-5, locale: ja, baseSlug: ko-sprunki-phase-5
✅ Game loaded: ko-sprunki-phase-5 for ja
 (+11ms) 
01:33:08   ├─ /ko/ko-sprunki-phase-5/index.html🔍 Processing fullSlug: ko/ko-sprunki-phase-5, locale: ko, baseSlug: ko-sprunki-phase-5
✅ Game loaded: ko-sprunki-phase-5 for ko
 (+11ms) 
01:33:08   ├─ /ko-sprunki-parasite-parasprunki-15/index.html🔍 Processing fullSlug: ko-sprunki-parasite-parasprunki-15, locale: en, baseSlug: ko-sprunki-parasite-parasprunki-15
✅ Game loaded: ko-sprunki-parasite-parasprunki-15 for en
 (+11ms) 
01:33:08   ├─ /zh/ko-sprunki-parasite-parasprunki-15/index.html🔍 Processing fullSlug: zh/ko-sprunki-parasite-parasprunki-15, locale: zh, baseSlug: ko-sprunki-parasite-parasprunki-15
✅ Game loaded: ko-sprunki-parasite-parasprunki-15 for zh
 (+10ms) 
01:33:08   ├─ /es/ko-sprunki-parasite-parasprunki-15/index.html🔍 Processing fullSlug: es/ko-sprunki-parasite-parasprunki-15, locale: es, baseSlug: ko-sprunki-parasite-parasprunki-15
✅ Game loaded: ko-sprunki-parasite-parasprunki-15 for es
 (+11ms) 
01:33:08   ├─ /fr/ko-sprunki-parasite-parasprunki-15/index.html🔍 Processing fullSlug: fr/ko-sprunki-parasite-parasprunki-15, locale: fr, baseSlug: ko-sprunki-parasite-parasprunki-15
✅ Game loaded: ko-sprunki-parasite-parasprunki-15 for fr
 (+10ms) 
01:33:08   ├─ /de/ko-sprunki-parasite-parasprunki-15/index.html🔍 Processing fullSlug: de/ko-sprunki-parasite-parasprunki-15, locale: de, baseSlug: ko-sprunki-parasite-parasprunki-15
✅ Game loaded: ko-sprunki-parasite-parasprunki-15 for de
 (+14ms) 
01:33:08   ├─ /ja/ko-sprunki-parasite-parasprunki-15/index.html🔍 Processing fullSlug: ja/ko-sprunki-parasite-parasprunki-15, locale: ja, baseSlug: ko-sprunki-parasite-parasprunki-15
✅ Game loaded: ko-sprunki-parasite-parasprunki-15 for ja
 (+12ms) 
01:33:08   ├─ /ko/ko-sprunki-parasite-parasprunki-15/index.html🔍 Processing fullSlug: ko/ko-sprunki-parasite-parasprunki-15, locale: ko, baseSlug: ko-sprunki-parasite-parasprunki-15
✅ Game loaded: ko-sprunki-parasite-parasprunki-15 for ko
 (+12ms) 
01:33:08   ├─ /ko-sprunki-phase-1/index.html🔍 Processing fullSlug: ko-sprunki-phase-1, locale: en, baseSlug: ko-sprunki-phase-1
✅ Game loaded: ko-sprunki-phase-1 for en
 (+13ms) 
01:33:08   ├─ /zh/ko-sprunki-phase-1/index.html🔍 Processing fullSlug: zh/ko-sprunki-phase-1, locale: zh, baseSlug: ko-sprunki-phase-1
✅ Game loaded: ko-sprunki-phase-1 for zh
 (+14ms) 
01:33:08   ├─ /es/ko-sprunki-phase-1/index.html🔍 Processing fullSlug: es/ko-sprunki-phase-1, locale: es, baseSlug: ko-sprunki-phase-1
✅ Game loaded: ko-sprunki-phase-1 for es
 (+11ms) 
01:33:08   ├─ /fr/ko-sprunki-phase-1/index.html🔍 Processing fullSlug: fr/ko-sprunki-phase-1, locale: fr, baseSlug: ko-sprunki-phase-1
✅ Game loaded: ko-sprunki-phase-1 for fr
 (+11ms) 
01:33:08   ├─ /de/ko-sprunki-phase-1/index.html🔍 Processing fullSlug: de/ko-sprunki-phase-1, locale: de, baseSlug: ko-sprunki-phase-1
✅ Game loaded: ko-sprunki-phase-1 for de
 (+10ms) 
01:33:08   ├─ /ja/ko-sprunki-phase-1/index.html🔍 Processing fullSlug: ja/ko-sprunki-phase-1, locale: ja, baseSlug: ko-sprunki-phase-1
✅ Game loaded: ko-sprunki-phase-1 for ja
 (+11ms) 
01:33:08   ├─ /ko/ko-sprunki-phase-1/index.html🔍 Processing fullSlug: ko/ko-sprunki-phase-1, locale: ko, baseSlug: ko-sprunki-phase-1
✅ Game loaded: ko-sprunki-phase-1 for ko
 (+11ms) 
01:33:09   ├─ /ko-sprunki-police-and-prisoners/index.html🔍 Processing fullSlug: ko-sprunki-police-and-prisoners, locale: en, baseSlug: ko-sprunki-police-and-prisoners
✅ Game loaded: ko-sprunki-police-and-prisoners for en
 (+11ms) 
01:33:09   ├─ /zh/ko-sprunki-police-and-prisoners/index.html🔍 Processing fullSlug: zh/ko-sprunki-police-and-prisoners, locale: zh, baseSlug: ko-sprunki-police-and-prisoners
✅ Game loaded: ko-sprunki-police-and-prisoners for zh
 (+10ms) 
01:33:09   ├─ /es/ko-sprunki-police-and-prisoners/index.html🔍 Processing fullSlug: es/ko-sprunki-police-and-prisoners, locale: es, baseSlug: ko-sprunki-police-and-prisoners
✅ Game loaded: ko-sprunki-police-and-prisoners for es
 (+11ms) 
01:33:09   ├─ /fr/ko-sprunki-police-and-prisoners/index.html🔍 Processing fullSlug: fr/ko-sprunki-police-and-prisoners, locale: fr, baseSlug: ko-sprunki-police-and-prisoners
✅ Game loaded: ko-sprunki-police-and-prisoners for fr
 (+11ms) 
01:33:09   ├─ /de/ko-sprunki-police-and-prisoners/index.html🔍 Processing fullSlug: de/ko-sprunki-police-and-prisoners, locale: de, baseSlug: ko-sprunki-police-and-prisoners
✅ Game loaded: ko-sprunki-police-and-prisoners for de
 (+11ms) 
01:33:09   ├─ /ja/ko-sprunki-police-and-prisoners/index.html🔍 Processing fullSlug: ja/ko-sprunki-police-and-prisoners, locale: ja, baseSlug: ko-sprunki-police-and-prisoners
✅ Game loaded: ko-sprunki-police-and-prisoners for ja
 (+11ms) 
01:33:09   ├─ /ko/ko-sprunki-police-and-prisoners/index.html🔍 Processing fullSlug: ko/ko-sprunki-police-and-prisoners, locale: ko, baseSlug: ko-sprunki-police-and-prisoners
✅ Game loaded: ko-sprunki-police-and-prisoners for ko
 (+10ms) 
01:33:09   ├─ /ko-sprunki-play-random/index.html🔍 Processing fullSlug: ko-sprunki-play-random, locale: en, baseSlug: ko-sprunki-play-random
✅ Game loaded: ko-sprunki-play-random for en
 (+13ms) 
01:33:09   ├─ /zh/ko-sprunki-play-random/index.html🔍 Processing fullSlug: zh/ko-sprunki-play-random, locale: zh, baseSlug: ko-sprunki-play-random
✅ Game loaded: ko-sprunki-play-random for zh
 (+16ms) 
01:33:09   ├─ /es/ko-sprunki-play-random/index.html🔍 Processing fullSlug: es/ko-sprunki-play-random, locale: es, baseSlug: ko-sprunki-play-random
✅ Game loaded: ko-sprunki-play-random for es
 (+10ms) 
01:33:09   ├─ /fr/ko-sprunki-play-random/index.html🔍 Processing fullSlug: fr/ko-sprunki-play-random, locale: fr, baseSlug: ko-sprunki-play-random
✅ Game loaded: ko-sprunki-play-random for fr
 (+10ms) 
01:33:09   ├─ /de/ko-sprunki-play-random/index.html🔍 Processing fullSlug: de/ko-sprunki-play-random, locale: de, baseSlug: ko-sprunki-play-random
✅ Game loaded: ko-sprunki-play-random for de
 (+11ms) 
01:33:09   ├─ /ja/ko-sprunki-play-random/index.html🔍 Processing fullSlug: ja/ko-sprunki-play-random, locale: ja, baseSlug: ko-sprunki-play-random
✅ Game loaded: ko-sprunki-play-random for ja
 (+10ms) 
01:33:09   ├─ /ko/ko-sprunki-play-random/index.html🔍 Processing fullSlug: ko/ko-sprunki-play-random, locale: ko, baseSlug: ko-sprunki-play-random
✅ Game loaded: ko-sprunki-play-random for ko
 (+10ms) 
01:33:09   ├─ /ko-sprunki-pyramixed-version/index.html🔍 Processing fullSlug: ko-sprunki-pyramixed-version, locale: en, baseSlug: ko-sprunki-pyramixed-version
✅ Game loaded: ko-sprunki-pyramixed-version for en
 (+11ms) 
01:33:09   ├─ /zh/ko-sprunki-pyramixed-version/index.html🔍 Processing fullSlug: zh/ko-sprunki-pyramixed-version, locale: zh, baseSlug: ko-sprunki-pyramixed-version
✅ Game loaded: ko-sprunki-pyramixed-version for zh
 (+10ms) 
01:33:09   ├─ /es/ko-sprunki-pyramixed-version/index.html🔍 Processing fullSlug: es/ko-sprunki-pyramixed-version, locale: es, baseSlug: ko-sprunki-pyramixed-version
✅ Game loaded: ko-sprunki-pyramixed-version for es
 (+10ms) 
01:33:09   ├─ /fr/ko-sprunki-pyramixed-version/index.html🔍 Processing fullSlug: fr/ko-sprunki-pyramixed-version, locale: fr, baseSlug: ko-sprunki-pyramixed-version
✅ Game loaded: ko-sprunki-pyramixed-version for fr
 (+10ms) 
01:33:09   ├─ /de/ko-sprunki-pyramixed-version/index.html🔍 Processing fullSlug: de/ko-sprunki-pyramixed-version, locale: de, baseSlug: ko-sprunki-pyramixed-version
✅ Game loaded: ko-sprunki-pyramixed-version for de
 (+11ms) 
01:33:09   ├─ /ja/ko-sprunki-pyramixed-version/index.html🔍 Processing fullSlug: ja/ko-sprunki-pyramixed-version, locale: ja, baseSlug: ko-sprunki-pyramixed-version
✅ Game loaded: ko-sprunki-pyramixed-version for ja
 (+11ms) 
01:33:09   ├─ /ko/ko-sprunki-pyramixed-version/index.html🔍 Processing fullSlug: ko/ko-sprunki-pyramixed-version, locale: ko, baseSlug: ko-sprunki-pyramixed-version
✅ Game loaded: ko-sprunki-pyramixed-version for ko
 (+12ms) 
01:33:09   ├─ /ko-sprunki-pyramixed/index.html🔍 Processing fullSlug: ko-sprunki-pyramixed, locale: en, baseSlug: ko-sprunki-pyramixed
✅ Game loaded: ko-sprunki-pyramixed for en
 (+14ms) 
01:33:09   ├─ /zh/ko-sprunki-pyramixed/index.html🔍 Processing fullSlug: zh/ko-sprunki-pyramixed, locale: zh, baseSlug: ko-sprunki-pyramixed
✅ Game loaded: ko-sprunki-pyramixed for zh
 (+18ms) 
01:33:09   ├─ /es/ko-sprunki-pyramixed/index.html🔍 Processing fullSlug: es/ko-sprunki-pyramixed, locale: es, baseSlug: ko-sprunki-pyramixed
✅ Game loaded: ko-sprunki-pyramixed for es
 (+10ms) 
01:33:09   ├─ /fr/ko-sprunki-pyramixed/index.html🔍 Processing fullSlug: fr/ko-sprunki-pyramixed, locale: fr, baseSlug: ko-sprunki-pyramixed
✅ Game loaded: ko-sprunki-pyramixed for fr
 (+11ms) 
01:33:09   ├─ /de/ko-sprunki-pyramixed/index.html🔍 Processing fullSlug: de/ko-sprunki-pyramixed, locale: de, baseSlug: ko-sprunki-pyramixed
✅ Game loaded: ko-sprunki-pyramixed for de
 (+11ms) 
01:33:09   ├─ /ja/ko-sprunki-pyramixed/index.html🔍 Processing fullSlug: ja/ko-sprunki-pyramixed, locale: ja, baseSlug: ko-sprunki-pyramixed
✅ Game loaded: ko-sprunki-pyramixed for ja
 (+10ms) 
01:33:09   ├─ /ko/ko-sprunki-pyramixed/index.html🔍 Processing fullSlug: ko/ko-sprunki-pyramixed, locale: ko, baseSlug: ko-sprunki-pyramixed
✅ Game loaded: ko-sprunki-pyramixed for ko
 (+11ms) 
01:33:09   ├─ /ko-sprunki-red-sun/index.html🔍 Processing fullSlug: ko-sprunki-red-sun, locale: en, baseSlug: ko-sprunki-red-sun
✅ Game loaded: ko-sprunki-red-sun for en
 (+12ms) 
01:33:09   ├─ /zh/ko-sprunki-red-sun/index.html🔍 Processing fullSlug: zh/ko-sprunki-red-sun, locale: zh, baseSlug: ko-sprunki-red-sun
✅ Game loaded: ko-sprunki-red-sun for zh
 (+11ms) 
01:33:09   ├─ /es/ko-sprunki-red-sun/index.html🔍 Processing fullSlug: es/ko-sprunki-red-sun, locale: es, baseSlug: ko-sprunki-red-sun
✅ Game loaded: ko-sprunki-red-sun for es
 (+12ms) 
01:33:09   ├─ /fr/ko-sprunki-red-sun/index.html🔍 Processing fullSlug: fr/ko-sprunki-red-sun, locale: fr, baseSlug: ko-sprunki-red-sun
✅ Game loaded: ko-sprunki-red-sun for fr
 (+12ms) 
01:33:09   ├─ /de/ko-sprunki-red-sun/index.html🔍 Processing fullSlug: de/ko-sprunki-red-sun, locale: de, baseSlug: ko-sprunki-red-sun
✅ Game loaded: ko-sprunki-red-sun for de
 (+10ms) 
01:33:09   ├─ /ja/ko-sprunki-red-sun/index.html🔍 Processing fullSlug: ja/ko-sprunki-red-sun, locale: ja, baseSlug: ko-sprunki-red-sun
✅ Game loaded: ko-sprunki-red-sun for ja
 (+10ms) 
01:33:09   ├─ /ko/ko-sprunki-red-sun/index.html🔍 Processing fullSlug: ko/ko-sprunki-red-sun, locale: ko, baseSlug: ko-sprunki-red-sun
✅ Game loaded: ko-sprunki-red-sun for ko
 (+11ms) 
01:33:09   ├─ /ko-sprunki-retake-new-human/index.html🔍 Processing fullSlug: ko-sprunki-retake-new-human, locale: en, baseSlug: ko-sprunki-retake-new-human
✅ Game loaded: ko-sprunki-retake-new-human for en
 (+11ms) 
01:33:09   ├─ /zh/ko-sprunki-retake-new-human/index.html🔍 Processing fullSlug: zh/ko-sprunki-retake-new-human, locale: zh, baseSlug: ko-sprunki-retake-new-human
✅ Game loaded: ko-sprunki-retake-new-human for zh
 (+10ms) 
01:33:09   ├─ /es/ko-sprunki-retake-new-human/index.html🔍 Processing fullSlug: es/ko-sprunki-retake-new-human, locale: es, baseSlug: ko-sprunki-retake-new-human
✅ Game loaded: ko-sprunki-retake-new-human for es
 (+11ms) 
01:33:09   ├─ /fr/ko-sprunki-retake-new-human/index.html🔍 Processing fullSlug: fr/ko-sprunki-retake-new-human, locale: fr, baseSlug: ko-sprunki-retake-new-human
✅ Game loaded: ko-sprunki-retake-new-human for fr
 (+11ms) 
01:33:09   ├─ /de/ko-sprunki-retake-new-human/index.html🔍 Processing fullSlug: de/ko-sprunki-retake-new-human, locale: de, baseSlug: ko-sprunki-retake-new-human
✅ Game loaded: ko-sprunki-retake-new-human for de
 (+10ms) 
01:33:09   ├─ /ja/ko-sprunki-retake-new-human/index.html🔍 Processing fullSlug: ja/ko-sprunki-retake-new-human, locale: ja, baseSlug: ko-sprunki-retake-new-human
✅ Game loaded: ko-sprunki-retake-new-human for ja
 (+10ms) 
01:33:09   ├─ /ko/ko-sprunki-retake-new-human/index.html🔍 Processing fullSlug: ko/ko-sprunki-retake-new-human, locale: ko, baseSlug: ko-sprunki-retake-new-human
✅ Game loaded: ko-sprunki-retake-new-human for ko
 (+11ms) 
01:33:09   ├─ /ko-sprunki-retake-bonus-characters/index.html🔍 Processing fullSlug: ko-sprunki-retake-bonus-characters, locale: en, baseSlug: ko-sprunki-retake-bonus-characters
✅ Game loaded: ko-sprunki-retake-bonus-characters for en
 (+24ms) 
01:33:09   ├─ /zh/ko-sprunki-retake-bonus-characters/index.html🔍 Processing fullSlug: zh/ko-sprunki-retake-bonus-characters, locale: zh, baseSlug: ko-sprunki-retake-bonus-characters
✅ Game loaded: ko-sprunki-retake-bonus-characters for zh
 (+28ms) 
01:33:09   ├─ /es/ko-sprunki-retake-bonus-characters/index.html🔍 Processing fullSlug: es/ko-sprunki-retake-bonus-characters, locale: es, baseSlug: ko-sprunki-retake-bonus-characters
✅ Game loaded: ko-sprunki-retake-bonus-characters for es
 (+11ms) 
01:33:09   ├─ /fr/ko-sprunki-retake-bonus-characters/index.html🔍 Processing fullSlug: fr/ko-sprunki-retake-bonus-characters, locale: fr, baseSlug: ko-sprunki-retake-bonus-characters
✅ Game loaded: ko-sprunki-retake-bonus-characters for fr
 (+11ms) 
01:33:09   ├─ /de/ko-sprunki-retake-bonus-characters/index.html🔍 Processing fullSlug: de/ko-sprunki-retake-bonus-characters, locale: de, baseSlug: ko-sprunki-retake-bonus-characters
✅ Game loaded: ko-sprunki-retake-bonus-characters for de
 (+11ms) 
01:33:09   ├─ /ja/ko-sprunki-retake-bonus-characters/index.html🔍 Processing fullSlug: ja/ko-sprunki-retake-bonus-characters, locale: ja, baseSlug: ko-sprunki-retake-bonus-characters
✅ Game loaded: ko-sprunki-retake-bonus-characters for ja
 (+11ms) 
01:33:09   ├─ /ko/ko-sprunki-retake-bonus-characters/index.html🔍 Processing fullSlug: ko/ko-sprunki-retake-bonus-characters, locale: ko, baseSlug: ko-sprunki-retake-bonus-characters
✅ Game loaded: ko-sprunki-retake-bonus-characters for ko
 (+11ms) 
01:33:09   ├─ /ko-sprunki-retake/index.html🔍 Processing fullSlug: ko-sprunki-retake, locale: en, baseSlug: ko-sprunki-retake
✅ Game loaded: ko-sprunki-retake for en
 (+11ms) 
01:33:09   ├─ /zh/ko-sprunki-retake/index.html🔍 Processing fullSlug: zh/ko-sprunki-retake, locale: zh, baseSlug: ko-sprunki-retake
✅ Game loaded: ko-sprunki-retake for zh
 (+11ms) 
01:33:09   ├─ /es/ko-sprunki-retake/index.html🔍 Processing fullSlug: es/ko-sprunki-retake, locale: es, baseSlug: ko-sprunki-retake
✅ Game loaded: ko-sprunki-retake for es
 (+11ms) 
01:33:09   ├─ /fr/ko-sprunki-retake/index.html🔍 Processing fullSlug: fr/ko-sprunki-retake, locale: fr, baseSlug: ko-sprunki-retake
✅ Game loaded: ko-sprunki-retake for fr
 (+11ms) 
01:33:09   ├─ /de/ko-sprunki-retake/index.html🔍 Processing fullSlug: de/ko-sprunki-retake, locale: de, baseSlug: ko-sprunki-retake
✅ Game loaded: ko-sprunki-retake for de
 (+11ms) 
01:33:09   ├─ /ja/ko-sprunki-retake/index.html🔍 Processing fullSlug: ja/ko-sprunki-retake, locale: ja, baseSlug: ko-sprunki-retake
✅ Game loaded: ko-sprunki-retake for ja
 (+11ms) 
01:33:09   ├─ /ko/ko-sprunki-retake/index.html🔍 Processing fullSlug: ko/ko-sprunki-retake, locale: ko, baseSlug: ko-sprunki-retake
✅ Game loaded: ko-sprunki-retake for ko
 (+11ms) 
01:33:09   ├─ /ko-sprunki-rotrizi-5/index.html🔍 Processing fullSlug: ko-sprunki-rotrizi-5, locale: en, baseSlug: ko-sprunki-rotrizi-5
✅ Game loaded: ko-sprunki-rotrizi-5 for en
 (+12ms) 
01:33:09   ├─ /zh/ko-sprunki-rotrizi-5/index.html🔍 Processing fullSlug: zh/ko-sprunki-rotrizi-5, locale: zh, baseSlug: ko-sprunki-rotrizi-5
✅ Game loaded: ko-sprunki-rotrizi-5 for zh
 (+13ms) 
01:33:09   ├─ /es/ko-sprunki-rotrizi-5/index.html🔍 Processing fullSlug: es/ko-sprunki-rotrizi-5, locale: es, baseSlug: ko-sprunki-rotrizi-5
✅ Game loaded: ko-sprunki-rotrizi-5 for es
 (+11ms) 
01:33:09   ├─ /fr/ko-sprunki-rotrizi-5/index.html🔍 Processing fullSlug: fr/ko-sprunki-rotrizi-5, locale: fr, baseSlug: ko-sprunki-rotrizi-5
✅ Game loaded: ko-sprunki-rotrizi-5 for fr
 (+10ms) 
01:33:09   ├─ /de/ko-sprunki-rotrizi-5/index.html🔍 Processing fullSlug: de/ko-sprunki-rotrizi-5, locale: de, baseSlug: ko-sprunki-rotrizi-5
✅ Game loaded: ko-sprunki-rotrizi-5 for de
 (+11ms) 
01:33:09   ├─ /ja/ko-sprunki-rotrizi-5/index.html🔍 Processing fullSlug: ja/ko-sprunki-rotrizi-5, locale: ja, baseSlug: ko-sprunki-rotrizi-5
✅ Game loaded: ko-sprunki-rotrizi-5 for ja
 (+10ms) 
01:33:09   ├─ /ko/ko-sprunki-rotrizi-5/index.html🔍 Processing fullSlug: ko/ko-sprunki-rotrizi-5, locale: ko, baseSlug: ko-sprunki-rotrizi-5
✅ Game loaded: ko-sprunki-rotrizi-5 for ko
 (+11ms) 
01:33:09   ├─ /ko-sprunki-sepbox-steel-factory/index.html🔍 Processing fullSlug: ko-sprunki-sepbox-steel-factory, locale: en, baseSlug: ko-sprunki-sepbox-steel-factory
✅ Game loaded: ko-sprunki-sepbox-steel-factory for en
 (+11ms) 
01:33:09   ├─ /zh/ko-sprunki-sepbox-steel-factory/index.html🔍 Processing fullSlug: zh/ko-sprunki-sepbox-steel-factory, locale: zh, baseSlug: ko-sprunki-sepbox-steel-factory
✅ Game loaded: ko-sprunki-sepbox-steel-factory for zh
 (+11ms) 
01:33:09   ├─ /es/ko-sprunki-sepbox-steel-factory/index.html🔍 Processing fullSlug: es/ko-sprunki-sepbox-steel-factory, locale: es, baseSlug: ko-sprunki-sepbox-steel-factory
✅ Game loaded: ko-sprunki-sepbox-steel-factory for es
 (+11ms) 
01:33:09   ├─ /fr/ko-sprunki-sepbox-steel-factory/index.html🔍 Processing fullSlug: fr/ko-sprunki-sepbox-steel-factory, locale: fr, baseSlug: ko-sprunki-sepbox-steel-factory
✅ Game loaded: ko-sprunki-sepbox-steel-factory for fr
 (+10ms) 
01:33:09   ├─ /de/ko-sprunki-sepbox-steel-factory/index.html🔍 Processing fullSlug: de/ko-sprunki-sepbox-steel-factory, locale: de, baseSlug: ko-sprunki-sepbox-steel-factory
✅ Game loaded: ko-sprunki-sepbox-steel-factory for de
 (+10ms) 
01:33:09   ├─ /ja/ko-sprunki-sepbox-steel-factory/index.html🔍 Processing fullSlug: ja/ko-sprunki-sepbox-steel-factory, locale: ja, baseSlug: ko-sprunki-sepbox-steel-factory
✅ Game loaded: ko-sprunki-sepbox-steel-factory for ja
 (+12ms) 
01:33:09   ├─ /ko/ko-sprunki-sepbox-steel-factory/index.html🔍 Processing fullSlug: ko/ko-sprunki-sepbox-steel-factory, locale: ko, baseSlug: ko-sprunki-sepbox-steel-factory
✅ Game loaded: ko-sprunki-sepbox-steel-factory for ko
 (+13ms) 
01:33:09   ├─ /ko-sprunki-sonic/index.html🔍 Processing fullSlug: ko-sprunki-sonic, locale: en, baseSlug: ko-sprunki-sonic
✅ Game loaded: ko-sprunki-sonic for en
 (+14ms) 
01:33:09   ├─ /zh/ko-sprunki-sonic/index.html🔍 Processing fullSlug: zh/ko-sprunki-sonic, locale: zh, baseSlug: ko-sprunki-sonic
✅ Game loaded: ko-sprunki-sonic for zh
 (+14ms) 
01:33:09   ├─ /es/ko-sprunki-sonic/index.html🔍 Processing fullSlug: es/ko-sprunki-sonic, locale: es, baseSlug: ko-sprunki-sonic
✅ Game loaded: ko-sprunki-sonic for es
 (+11ms) 
01:33:09   ├─ /fr/ko-sprunki-sonic/index.html🔍 Processing fullSlug: fr/ko-sprunki-sonic, locale: fr, baseSlug: ko-sprunki-sonic
✅ Game loaded: ko-sprunki-sonic for fr
 (+10ms) 
01:33:09   ├─ /de/ko-sprunki-sonic/index.html🔍 Processing fullSlug: de/ko-sprunki-sonic, locale: de, baseSlug: ko-sprunki-sonic
✅ Game loaded: ko-sprunki-sonic for de
 (+10ms) 
01:33:09   ├─ /ja/ko-sprunki-sonic/index.html🔍 Processing fullSlug: ja/ko-sprunki-sonic, locale: ja, baseSlug: ko-sprunki-sonic
✅ Game loaded: ko-sprunki-sonic for ja
 (+10ms) 
01:33:09   ├─ /ko/ko-sprunki-sonic/index.html🔍 Processing fullSlug: ko/ko-sprunki-sonic, locale: ko, baseSlug: ko-sprunki-sonic
✅ Game loaded: ko-sprunki-sonic for ko
 (+10ms) 
01:33:09   ├─ /ko-sprunki-squid-remix/index.html🔍 Processing fullSlug: ko-sprunki-squid-remix, locale: en, baseSlug: ko-sprunki-squid-remix
✅ Game loaded: ko-sprunki-squid-remix for en
 (+11ms) 
01:33:09   ├─ /zh/ko-sprunki-squid-remix/index.html🔍 Processing fullSlug: zh/ko-sprunki-squid-remix, locale: zh, baseSlug: ko-sprunki-squid-remix
✅ Game loaded: ko-sprunki-squid-remix for zh
 (+10ms) 
01:33:09   ├─ /es/ko-sprunki-squid-remix/index.html🔍 Processing fullSlug: es/ko-sprunki-squid-remix, locale: es, baseSlug: ko-sprunki-squid-remix
✅ Game loaded: ko-sprunki-squid-remix for es
 (+11ms) 
01:33:09   ├─ /fr/ko-sprunki-squid-remix/index.html🔍 Processing fullSlug: fr/ko-sprunki-squid-remix, locale: fr, baseSlug: ko-sprunki-squid-remix
✅ Game loaded: ko-sprunki-squid-remix for fr
 (+11ms) 
01:33:09   ├─ /de/ko-sprunki-squid-remix/index.html🔍 Processing fullSlug: de/ko-sprunki-squid-remix, locale: de, baseSlug: ko-sprunki-squid-remix
✅ Game loaded: ko-sprunki-squid-remix for de
 (+11ms) 
01:33:09   ├─ /ja/ko-sprunki-squid-remix/index.html🔍 Processing fullSlug: ja/ko-sprunki-squid-remix, locale: ja, baseSlug: ko-sprunki-squid-remix
✅ Game loaded: ko-sprunki-squid-remix for ja
 (+11ms) 
01:33:09   ├─ /ko/ko-sprunki-squid-remix/index.html🔍 Processing fullSlug: ko/ko-sprunki-squid-remix, locale: ko, baseSlug: ko-sprunki-squid-remix
✅ Game loaded: ko-sprunki-squid-remix for ko
 (+11ms) 
01:33:09   ├─ /ko-sprunki-swapped-horror/index.html🔍 Processing fullSlug: ko-sprunki-swapped-horror, locale: en, baseSlug: ko-sprunki-swapped-horror
✅ Game loaded: ko-sprunki-swapped-horror for en
 (+12ms) 
01:33:09   ├─ /zh/ko-sprunki-swapped-horror/index.html🔍 Processing fullSlug: zh/ko-sprunki-swapped-horror, locale: zh, baseSlug: ko-sprunki-swapped-horror
✅ Game loaded: ko-sprunki-swapped-horror for zh
 (+14ms) 
01:33:09   ├─ /es/ko-sprunki-swapped-horror/index.html🔍 Processing fullSlug: es/ko-sprunki-swapped-horror, locale: es, baseSlug: ko-sprunki-swapped-horror
✅ Game loaded: ko-sprunki-swapped-horror for es
 (+11ms) 
01:33:09   ├─ /fr/ko-sprunki-swapped-horror/index.html🔍 Processing fullSlug: fr/ko-sprunki-swapped-horror, locale: fr, baseSlug: ko-sprunki-swapped-horror
✅ Game loaded: ko-sprunki-swapped-horror for fr
 (+10ms) 
01:33:10   ├─ /de/ko-sprunki-swapped-horror/index.html🔍 Processing fullSlug: de/ko-sprunki-swapped-horror, locale: de, baseSlug: ko-sprunki-swapped-horror
✅ Game loaded: ko-sprunki-swapped-horror for de
 (+11ms) 
01:33:10   ├─ /ja/ko-sprunki-swapped-horror/index.html🔍 Processing fullSlug: ja/ko-sprunki-swapped-horror, locale: ja, baseSlug: ko-sprunki-swapped-horror
✅ Game loaded: ko-sprunki-swapped-horror for ja
 (+11ms) 
01:33:10   ├─ /ko/ko-sprunki-swapped-horror/index.html🔍 Processing fullSlug: ko/ko-sprunki-swapped-horror, locale: ko, baseSlug: ko-sprunki-swapped-horror
✅ Game loaded: ko-sprunki-swapped-horror for ko
 (+10ms) 
01:33:10   ├─ /ko-sprunki-virus-new-update/index.html🔍 Processing fullSlug: ko-sprunki-virus-new-update, locale: en, baseSlug: ko-sprunki-virus-new-update
✅ Game loaded: ko-sprunki-virus-new-update for en
 (+11ms) 
01:33:10   ├─ /zh/ko-sprunki-virus-new-update/index.html🔍 Processing fullSlug: zh/ko-sprunki-virus-new-update, locale: zh, baseSlug: ko-sprunki-virus-new-update
✅ Game loaded: ko-sprunki-virus-new-update for zh
 (+11ms) 
01:33:10   ├─ /es/ko-sprunki-virus-new-update/index.html🔍 Processing fullSlug: es/ko-sprunki-virus-new-update, locale: es, baseSlug: ko-sprunki-virus-new-update
✅ Game loaded: ko-sprunki-virus-new-update for es
 (+10ms) 
01:33:10   ├─ /fr/ko-sprunki-virus-new-update/index.html🔍 Processing fullSlug: fr/ko-sprunki-virus-new-update, locale: fr, baseSlug: ko-sprunki-virus-new-update
✅ Game loaded: ko-sprunki-virus-new-update for fr
 (+11ms) 
01:33:10   ├─ /de/ko-sprunki-virus-new-update/index.html🔍 Processing fullSlug: de/ko-sprunki-virus-new-update, locale: de, baseSlug: ko-sprunki-virus-new-update
✅ Game loaded: ko-sprunki-virus-new-update for de
 (+11ms) 
01:33:10   ├─ /ja/ko-sprunki-virus-new-update/index.html🔍 Processing fullSlug: ja/ko-sprunki-virus-new-update, locale: ja, baseSlug: ko-sprunki-virus-new-update
✅ Game loaded: ko-sprunki-virus-new-update for ja
 (+11ms) 
01:33:10   ├─ /ko/ko-sprunki-virus-new-update/index.html🔍 Processing fullSlug: ko/ko-sprunki-virus-new-update, locale: ko, baseSlug: ko-sprunki-virus-new-update
✅ Game loaded: ko-sprunki-virus-new-update for ko
 (+12ms) 
01:33:10   ├─ /ko-sprunkle-bops/index.html🔍 Processing fullSlug: ko-sprunkle-bops, locale: en, baseSlug: ko-sprunkle-bops
✅ Game loaded: ko-sprunkle-bops for en
 (+13ms) 
01:33:10   ├─ /zh/ko-sprunkle-bops/index.html🔍 Processing fullSlug: zh/ko-sprunkle-bops, locale: zh, baseSlug: ko-sprunkle-bops
✅ Game loaded: ko-sprunkle-bops for zh
 (+14ms) 
01:33:10   ├─ /es/ko-sprunkle-bops/index.html🔍 Processing fullSlug: es/ko-sprunkle-bops, locale: es, baseSlug: ko-sprunkle-bops
✅ Game loaded: ko-sprunkle-bops for es
 (+11ms) 
01:33:10   ├─ /fr/ko-sprunkle-bops/index.html🔍 Processing fullSlug: fr/ko-sprunkle-bops, locale: fr, baseSlug: ko-sprunkle-bops
✅ Game loaded: ko-sprunkle-bops for fr
 (+10ms) 
01:33:10   ├─ /de/ko-sprunkle-bops/index.html🔍 Processing fullSlug: de/ko-sprunkle-bops, locale: de, baseSlug: ko-sprunkle-bops
✅ Game loaded: ko-sprunkle-bops for de
 (+10ms) 
01:33:10   ├─ /ja/ko-sprunkle-bops/index.html🔍 Processing fullSlug: ja/ko-sprunkle-bops, locale: ja, baseSlug: ko-sprunkle-bops
✅ Game loaded: ko-sprunkle-bops for ja
 (+10ms) 
01:33:10   ├─ /ko/ko-sprunkle-bops/index.html🔍 Processing fullSlug: ko/ko-sprunkle-bops, locale: ko, baseSlug: ko-sprunkle-bops
✅ Game loaded: ko-sprunkle-bops for ko
 (+11ms) 
01:33:10   ├─ /ko-sprunkr-but-sprunki/index.html🔍 Processing fullSlug: ko-sprunkr-but-sprunki, locale: en, baseSlug: ko-sprunkr-but-sprunki
✅ Game loaded: ko-sprunkr-but-sprunki for en
 (+11ms) 
01:33:10   ├─ /zh/ko-sprunkr-but-sprunki/index.html🔍 Processing fullSlug: zh/ko-sprunkr-but-sprunki, locale: zh, baseSlug: ko-sprunkr-but-sprunki
✅ Game loaded: ko-sprunkr-but-sprunki for zh
 (+11ms) 
01:33:10   ├─ /es/ko-sprunkr-but-sprunki/index.html🔍 Processing fullSlug: es/ko-sprunkr-but-sprunki, locale: es, baseSlug: ko-sprunkr-but-sprunki
✅ Game loaded: ko-sprunkr-but-sprunki for es
 (+10ms) 
01:33:10   ├─ /fr/ko-sprunkr-but-sprunki/index.html🔍 Processing fullSlug: fr/ko-sprunkr-but-sprunki, locale: fr, baseSlug: ko-sprunkr-but-sprunki
✅ Game loaded: ko-sprunkr-but-sprunki for fr
 (+11ms) 
01:33:10   ├─ /de/ko-sprunkr-but-sprunki/index.html🔍 Processing fullSlug: de/ko-sprunkr-but-sprunki, locale: de, baseSlug: ko-sprunkr-but-sprunki
✅ Game loaded: ko-sprunkr-but-sprunki for de
 (+11ms) 
01:33:10   ├─ /ja/ko-sprunkr-but-sprunki/index.html🔍 Processing fullSlug: ja/ko-sprunkr-but-sprunki, locale: ja, baseSlug: ko-sprunkr-but-sprunki
✅ Game loaded: ko-sprunkr-but-sprunki for ja
 (+12ms) 
01:33:10   ├─ /ko/ko-sprunkr-but-sprunki/index.html🔍 Processing fullSlug: ko/ko-sprunkr-but-sprunki, locale: ko, baseSlug: ko-sprunkr-but-sprunki
✅ Game loaded: ko-sprunkr-but-sprunki for ko
 (+13ms) 
01:33:10   ├─ /ko-swap-sprunkgerny/index.html🔍 Processing fullSlug: ko-swap-sprunkgerny, locale: en, baseSlug: ko-swap-sprunkgerny
✅ Game loaded: ko-swap-sprunkgerny for en
 (+13ms) 
01:33:10   ├─ /zh/ko-swap-sprunkgerny/index.html🔍 Processing fullSlug: zh/ko-swap-sprunkgerny, locale: zh, baseSlug: ko-swap-sprunkgerny
✅ Game loaded: ko-swap-sprunkgerny for zh
 (+13ms) 
01:33:10   ├─ /es/ko-swap-sprunkgerny/index.html🔍 Processing fullSlug: es/ko-swap-sprunkgerny, locale: es, baseSlug: ko-swap-sprunkgerny
✅ Game loaded: ko-swap-sprunkgerny for es
 (+11ms) 
01:33:10   ├─ /fr/ko-swap-sprunkgerny/index.html🔍 Processing fullSlug: fr/ko-swap-sprunkgerny, locale: fr, baseSlug: ko-swap-sprunkgerny
✅ Game loaded: ko-swap-sprunkgerny for fr
 (+10ms) 
01:33:10   ├─ /de/ko-swap-sprunkgerny/index.html🔍 Processing fullSlug: de/ko-swap-sprunkgerny, locale: de, baseSlug: ko-swap-sprunkgerny
✅ Game loaded: ko-swap-sprunkgerny for de
 (+10ms) 
01:33:10   ├─ /ja/ko-swap-sprunkgerny/index.html🔍 Processing fullSlug: ja/ko-swap-sprunkgerny, locale: ja, baseSlug: ko-swap-sprunkgerny
✅ Game loaded: ko-swap-sprunkgerny for ja
 (+11ms) 
01:33:10   ├─ /ko/ko-swap-sprunkgerny/index.html🔍 Processing fullSlug: ko/ko-swap-sprunkgerny, locale: ko, baseSlug: ko-swap-sprunkgerny
✅ Game loaded: ko-swap-sprunkgerny for ko
 (+11ms) 
01:33:10   ├─ /ko-the-haze-pixelbox/index.html🔍 Processing fullSlug: ko-the-haze-pixelbox, locale: en, baseSlug: ko-the-haze-pixelbox
✅ Game loaded: ko-the-haze-pixelbox for en
 (+11ms) 
01:33:10   ├─ /zh/ko-the-haze-pixelbox/index.html🔍 Processing fullSlug: zh/ko-the-haze-pixelbox, locale: zh, baseSlug: ko-the-haze-pixelbox
✅ Game loaded: ko-the-haze-pixelbox for zh
 (+11ms) 
01:33:10   ├─ /es/ko-the-haze-pixelbox/index.html🔍 Processing fullSlug: es/ko-the-haze-pixelbox, locale: es, baseSlug: ko-the-haze-pixelbox
✅ Game loaded: ko-the-haze-pixelbox for es
 (+10ms) 
01:33:10   ├─ /fr/ko-the-haze-pixelbox/index.html🔍 Processing fullSlug: fr/ko-the-haze-pixelbox, locale: fr, baseSlug: ko-the-haze-pixelbox
✅ Game loaded: ko-the-haze-pixelbox for fr
 (+11ms) 
01:33:10   ├─ /de/ko-the-haze-pixelbox/index.html🔍 Processing fullSlug: de/ko-the-haze-pixelbox, locale: de, baseSlug: ko-the-haze-pixelbox
✅ Game loaded: ko-the-haze-pixelbox for de
 (+10ms) 
01:33:10   ├─ /ja/ko-the-haze-pixelbox/index.html🔍 Processing fullSlug: ja/ko-the-haze-pixelbox, locale: ja, baseSlug: ko-the-haze-pixelbox
✅ Game loaded: ko-the-haze-pixelbox for ja
 (+11ms) 
01:33:10   ├─ /ko/ko-the-haze-pixelbox/index.html🔍 Processing fullSlug: ko/ko-the-haze-pixelbox, locale: ko, baseSlug: ko-the-haze-pixelbox
✅ Game loaded: ko-the-haze-pixelbox for ko
 (+11ms) 
01:33:10   ├─ /ko-super-sprunki-brasil/index.html🔍 Processing fullSlug: ko-super-sprunki-brasil, locale: en, baseSlug: ko-super-sprunki-brasil
✅ Game loaded: ko-super-sprunki-brasil for en
 (+12ms) 
01:33:10   ├─ /zh/ko-super-sprunki-brasil/index.html🔍 Processing fullSlug: zh/ko-super-sprunki-brasil, locale: zh, baseSlug: ko-super-sprunki-brasil
✅ Game loaded: ko-super-sprunki-brasil for zh
 (+13ms) 
01:33:10   ├─ /es/ko-super-sprunki-brasil/index.html🔍 Processing fullSlug: es/ko-super-sprunki-brasil, locale: es, baseSlug: ko-super-sprunki-brasil
✅ Game loaded: ko-super-sprunki-brasil for es
 (+11ms) 
01:33:10   ├─ /fr/ko-super-sprunki-brasil/index.html🔍 Processing fullSlug: fr/ko-super-sprunki-brasil, locale: fr, baseSlug: ko-super-sprunki-brasil
✅ Game loaded: ko-super-sprunki-brasil for fr
 (+10ms) 
01:33:10   ├─ /de/ko-super-sprunki-brasil/index.html🔍 Processing fullSlug: de/ko-super-sprunki-brasil, locale: de, baseSlug: ko-super-sprunki-brasil
✅ Game loaded: ko-super-sprunki-brasil for de
 (+10ms) 
01:33:10   ├─ /ja/ko-super-sprunki-brasil/index.html🔍 Processing fullSlug: ja/ko-super-sprunki-brasil, locale: ja, baseSlug: ko-super-sprunki-brasil
✅ Game loaded: ko-super-sprunki-brasil for ja
 (+10ms) 
01:33:10   ├─ /ko/ko-super-sprunki-brasil/index.html🔍 Processing fullSlug: ko/ko-super-sprunki-brasil, locale: ko, baseSlug: ko-super-sprunki-brasil
✅ Game loaded: ko-super-sprunki-brasil for ko
 (+10ms) 
01:33:10   ├─ /ko-yojou-sprunki-mustard/index.html🔍 Processing fullSlug: ko-yojou-sprunki-mustard, locale: en, baseSlug: ko-yojou-sprunki-mustard
✅ Game loaded: ko-yojou-sprunki-mustard for en
 (+11ms) 
01:33:10   ├─ /zh/ko-yojou-sprunki-mustard/index.html🔍 Processing fullSlug: zh/ko-yojou-sprunki-mustard, locale: zh, baseSlug: ko-yojou-sprunki-mustard
✅ Game loaded: ko-yojou-sprunki-mustard for zh
 (+11ms) 
01:33:10   ├─ /es/ko-yojou-sprunki-mustard/index.html🔍 Processing fullSlug: es/ko-yojou-sprunki-mustard, locale: es, baseSlug: ko-yojou-sprunki-mustard
✅ Game loaded: ko-yojou-sprunki-mustard for es
 (+11ms) 
01:33:10   ├─ /fr/ko-yojou-sprunki-mustard/index.html🔍 Processing fullSlug: fr/ko-yojou-sprunki-mustard, locale: fr, baseSlug: ko-yojou-sprunki-mustard
✅ Game loaded: ko-yojou-sprunki-mustard for fr
 (+11ms) 
01:33:10   ├─ /de/ko-yojou-sprunki-mustard/index.html🔍 Processing fullSlug: de/ko-yojou-sprunki-mustard, locale: de, baseSlug: ko-yojou-sprunki-mustard
✅ Game loaded: ko-yojou-sprunki-mustard for de
 (+11ms) 
01:33:10   ├─ /ja/ko-yojou-sprunki-mustard/index.html🔍 Processing fullSlug: ja/ko-yojou-sprunki-mustard, locale: ja, baseSlug: ko-yojou-sprunki-mustard
✅ Game loaded: ko-yojou-sprunki-mustard for ja
 (+11ms) 
01:33:10   ├─ /ko/ko-yojou-sprunki-mustard/index.html🔍 Processing fullSlug: ko/ko-yojou-sprunki-mustard, locale: ko, baseSlug: ko-yojou-sprunki-mustard
✅ Game loaded: ko-yojou-sprunki-mustard for ko
 (+13ms) 
01:33:10   ├─ /ja-ayocs-sprunkr/index.html🔍 Processing fullSlug: ja-ayocs-sprunkr, locale: en, baseSlug: ja-ayocs-sprunkr
✅ Game loaded: ja-ayocs-sprunkr for en
 (+15ms) 
01:33:10   ├─ /zh/ja-ayocs-sprunkr/index.html🔍 Processing fullSlug: zh/ja-ayocs-sprunkr, locale: zh, baseSlug: ja-ayocs-sprunkr
✅ Game loaded: ja-ayocs-sprunkr for zh
 (+16ms) 
01:33:10   ├─ /es/ja-ayocs-sprunkr/index.html🔍 Processing fullSlug: es/ja-ayocs-sprunkr, locale: es, baseSlug: ja-ayocs-sprunkr
✅ Game loaded: ja-ayocs-sprunkr for es
 (+10ms) 
01:33:10   ├─ /fr/ja-ayocs-sprunkr/index.html🔍 Processing fullSlug: fr/ja-ayocs-sprunkr, locale: fr, baseSlug: ja-ayocs-sprunkr
✅ Game loaded: ja-ayocs-sprunkr for fr
 (+10ms) 
01:33:10   ├─ /de/ja-ayocs-sprunkr/index.html🔍 Processing fullSlug: de/ja-ayocs-sprunkr, locale: de, baseSlug: ja-ayocs-sprunkr
✅ Game loaded: ja-ayocs-sprunkr for de
 (+10ms) 
01:33:10   ├─ /ja/ja-ayocs-sprunkr/index.html🔍 Processing fullSlug: ja/ja-ayocs-sprunkr, locale: ja, baseSlug: ja-ayocs-sprunkr
✅ Game loaded: ja-ayocs-sprunkr for ja
 (+10ms) 
01:33:10   ├─ /ko/ja-ayocs-sprunkr/index.html🔍 Processing fullSlug: ko/ja-ayocs-sprunkr, locale: ko, baseSlug: ja-ayocs-sprunkr
✅ Game loaded: ja-ayocs-sprunkr for ko
 (+11ms) 
01:33:10   ├─ /ja-dandyrunki-retake/index.html🔍 Processing fullSlug: ja-dandyrunki-retake, locale: en, baseSlug: ja-dandyrunki-retake
✅ Game loaded: ja-dandyrunki-retake for en
 (+11ms) 
01:33:10   ├─ /zh/ja-dandyrunki-retake/index.html🔍 Processing fullSlug: zh/ja-dandyrunki-retake, locale: zh, baseSlug: ja-dandyrunki-retake
✅ Game loaded: ja-dandyrunki-retake for zh
 (+11ms) 
01:33:10   ├─ /es/ja-dandyrunki-retake/index.html🔍 Processing fullSlug: es/ja-dandyrunki-retake, locale: es, baseSlug: ja-dandyrunki-retake
✅ Game loaded: ja-dandyrunki-retake for es
 (+11ms) 
01:33:10   ├─ /fr/ja-dandyrunki-retake/index.html🔍 Processing fullSlug: fr/ja-dandyrunki-retake, locale: fr, baseSlug: ja-dandyrunki-retake
✅ Game loaded: ja-dandyrunki-retake for fr
 (+11ms) 
01:33:10   ├─ /de/ja-dandyrunki-retake/index.html🔍 Processing fullSlug: de/ja-dandyrunki-retake, locale: de, baseSlug: ja-dandyrunki-retake
✅ Game loaded: ja-dandyrunki-retake for de
 (+10ms) 
01:33:10   ├─ /ja/ja-dandyrunki-retake/index.html🔍 Processing fullSlug: ja/ja-dandyrunki-retake, locale: ja, baseSlug: ja-dandyrunki-retake
✅ Game loaded: ja-dandyrunki-retake for ja
 (+10ms) 
01:33:10   ├─ /ko/ja-dandyrunki-retake/index.html🔍 Processing fullSlug: ko/ja-dandyrunki-retake, locale: ko, baseSlug: ja-dandyrunki-retake
✅ Game loaded: ja-dandyrunki-retake for ko
 (+11ms) 
01:33:10   ├─ /ja-fiddlebops-but-dandys-world/index.html🔍 Processing fullSlug: ja-fiddlebops-but-dandys-world, locale: en, baseSlug: ja-fiddlebops-but-dandys-world
✅ Game loaded: ja-fiddlebops-but-dandys-world for en
 (+13ms) 
01:33:10   ├─ /zh/ja-fiddlebops-but-dandys-world/index.html🔍 Processing fullSlug: zh/ja-fiddlebops-but-dandys-world, locale: zh, baseSlug: ja-fiddlebops-but-dandys-world
✅ Game loaded: ja-fiddlebops-but-dandys-world for zh
 (+12ms) 
01:33:10   ├─ /es/ja-fiddlebops-but-dandys-world/index.html🔍 Processing fullSlug: es/ja-fiddlebops-but-dandys-world, locale: es, baseSlug: ja-fiddlebops-but-dandys-world
✅ Game loaded: ja-fiddlebops-but-dandys-world for es
 (+10ms) 
01:33:10   ├─ /fr/ja-fiddlebops-but-dandys-world/index.html🔍 Processing fullSlug: fr/ja-fiddlebops-but-dandys-world, locale: fr, baseSlug: ja-fiddlebops-but-dandys-world
✅ Game loaded: ja-fiddlebops-but-dandys-world for fr
 (+11ms) 
01:33:10   ├─ /de/ja-fiddlebops-but-dandys-world/index.html🔍 Processing fullSlug: de/ja-fiddlebops-but-dandys-world, locale: de, baseSlug: ja-fiddlebops-but-dandys-world
✅ Game loaded: ja-fiddlebops-but-dandys-world for de
 (+11ms) 
01:33:10   ├─ /ja/ja-fiddlebops-but-dandys-world/index.html🔍 Processing fullSlug: ja/ja-fiddlebops-but-dandys-world, locale: ja, baseSlug: ja-fiddlebops-but-dandys-world
✅ Game loaded: ja-fiddlebops-but-dandys-world for ja
 (+11ms) 
01:33:10   ├─ /ko/ja-fiddlebops-but-dandys-world/index.html🔍 Processing fullSlug: ko/ja-fiddlebops-but-dandys-world, locale: ko, baseSlug: ja-fiddlebops-but-dandys-world
✅ Game loaded: ja-fiddlebops-but-dandys-world for ko
 (+10ms) 
01:33:10   ├─ /ja-fiddlebops-but-sprunki/index.html🔍 Processing fullSlug: ja-fiddlebops-but-sprunki, locale: en, baseSlug: ja-fiddlebops-but-sprunki
✅ Game loaded: ja-fiddlebops-but-sprunki for en
 (+11ms) 
01:33:10   ├─ /zh/ja-fiddlebops-but-sprunki/index.html🔍 Processing fullSlug: zh/ja-fiddlebops-but-sprunki, locale: zh, baseSlug: ja-fiddlebops-but-sprunki
✅ Game loaded: ja-fiddlebops-but-sprunki for zh
 (+11ms) 
01:33:10   ├─ /es/ja-fiddlebops-but-sprunki/index.html🔍 Processing fullSlug: es/ja-fiddlebops-but-sprunki, locale: es, baseSlug: ja-fiddlebops-but-sprunki
✅ Game loaded: ja-fiddlebops-but-sprunki for es
 (+12ms) 
01:33:10   ├─ /fr/ja-fiddlebops-but-sprunki/index.html🔍 Processing fullSlug: fr/ja-fiddlebops-but-sprunki, locale: fr, baseSlug: ja-fiddlebops-but-sprunki
✅ Game loaded: ja-fiddlebops-but-sprunki for fr
 (+12ms) 
01:33:10   ├─ /de/ja-fiddlebops-but-sprunki/index.html🔍 Processing fullSlug: de/ja-fiddlebops-but-sprunki, locale: de, baseSlug: ja-fiddlebops-but-sprunki
✅ Game loaded: ja-fiddlebops-but-sprunki for de
 (+11ms) 
01:33:10   ├─ /ja/ja-fiddlebops-but-sprunki/index.html🔍 Processing fullSlug: ja/ja-fiddlebops-but-sprunki, locale: ja, baseSlug: ja-fiddlebops-but-sprunki
✅ Game loaded: ja-fiddlebops-but-sprunki for ja
 (+10ms) 
01:33:10   ├─ /ko/ja-fiddlebops-but-sprunki/index.html🔍 Processing fullSlug: ko/ja-fiddlebops-but-sprunki, locale: ko, baseSlug: ja-fiddlebops-but-sprunki
✅ Game loaded: ja-fiddlebops-but-sprunki for ko
 (+10ms) 
01:33:10   ├─ /ja-fiddlebops-fix/index.html🔍 Processing fullSlug: ja-fiddlebops-fix, locale: en, baseSlug: ja-fiddlebops-fix
✅ Game loaded: ja-fiddlebops-fix for en
 (+11ms) 
01:33:10   ├─ /zh/ja-fiddlebops-fix/index.html🔍 Processing fullSlug: zh/ja-fiddlebops-fix, locale: zh, baseSlug: ja-fiddlebops-fix
✅ Game loaded: ja-fiddlebops-fix for zh
 (+11ms) 
01:33:10   ├─ /es/ja-fiddlebops-fix/index.html🔍 Processing fullSlug: es/ja-fiddlebops-fix, locale: es, baseSlug: ja-fiddlebops-fix
✅ Game loaded: ja-fiddlebops-fix for es
 (+10ms) 
01:33:10   ├─ /fr/ja-fiddlebops-fix/index.html🔍 Processing fullSlug: fr/ja-fiddlebops-fix, locale: fr, baseSlug: ja-fiddlebops-fix
✅ Game loaded: ja-fiddlebops-fix for fr
 (+11ms) 
01:33:10   ├─ /de/ja-fiddlebops-fix/index.html🔍 Processing fullSlug: de/ja-fiddlebops-fix, locale: de, baseSlug: ja-fiddlebops-fix
✅ Game loaded: ja-fiddlebops-fix for de
 (+10ms) 
01:33:10   ├─ /ja/ja-fiddlebops-fix/index.html🔍 Processing fullSlug: ja/ja-fiddlebops-fix, locale: ja, baseSlug: ja-fiddlebops-fix
✅ Game loaded: ja-fiddlebops-fix for ja
 (+11ms) 
01:33:10   ├─ /ko/ja-fiddlebops-fix/index.html🔍 Processing fullSlug: ko/ja-fiddlebops-fix, locale: ko, baseSlug: ja-fiddlebops-fix
✅ Game loaded: ja-fiddlebops-fix for ko
 (+11ms) 
01:33:10   ├─ /ja-fiddlebops-polos/index.html🔍 Processing fullSlug: ja-fiddlebops-polos, locale: en, baseSlug: ja-fiddlebops-polos
✅ Game loaded: ja-fiddlebops-polos for en
 (+13ms) 
01:33:10   ├─ /zh/ja-fiddlebops-polos/index.html🔍 Processing fullSlug: zh/ja-fiddlebops-polos, locale: zh, baseSlug: ja-fiddlebops-polos
✅ Game loaded: ja-fiddlebops-polos for zh
 (+13ms) 
01:33:10   ├─ /es/ja-fiddlebops-polos/index.html🔍 Processing fullSlug: es/ja-fiddlebops-polos, locale: es, baseSlug: ja-fiddlebops-polos
✅ Game loaded: ja-fiddlebops-polos for es
 (+11ms) 
01:33:11   ├─ /fr/ja-fiddlebops-polos/index.html🔍 Processing fullSlug: fr/ja-fiddlebops-polos, locale: fr, baseSlug: ja-fiddlebops-polos
✅ Game loaded: ja-fiddlebops-polos for fr
 (+10ms) 
01:33:11   ├─ /de/ja-fiddlebops-polos/index.html🔍 Processing fullSlug: de/ja-fiddlebops-polos, locale: de, baseSlug: ja-fiddlebops-polos
✅ Game loaded: ja-fiddlebops-polos for de
 (+10ms) 
01:33:11   ├─ /ja/ja-fiddlebops-polos/index.html🔍 Processing fullSlug: ja/ja-fiddlebops-polos, locale: ja, baseSlug: ja-fiddlebops-polos
✅ Game loaded: ja-fiddlebops-polos for ja
 (+11ms) 
01:33:11   ├─ /ko/ja-fiddlebops-polos/index.html🔍 Processing fullSlug: ko/ja-fiddlebops-polos, locale: ko, baseSlug: ja-fiddlebops-polos
✅ Game loaded: ja-fiddlebops-polos for ko
 (+11ms) 
01:33:11   ├─ /ja-fiddlebops-sprunkbop/index.html🔍 Processing fullSlug: ja-fiddlebops-sprunkbop, locale: en, baseSlug: ja-fiddlebops-sprunkbop
✅ Game loaded: ja-fiddlebops-sprunkbop for en
 (+11ms) 
01:33:11   ├─ /zh/ja-fiddlebops-sprunkbop/index.html🔍 Processing fullSlug: zh/ja-fiddlebops-sprunkbop, locale: zh, baseSlug: ja-fiddlebops-sprunkbop
✅ Game loaded: ja-fiddlebops-sprunkbop for zh
 (+10ms) 
01:33:11   ├─ /es/ja-fiddlebops-sprunkbop/index.html🔍 Processing fullSlug: es/ja-fiddlebops-sprunkbop, locale: es, baseSlug: ja-fiddlebops-sprunkbop
✅ Game loaded: ja-fiddlebops-sprunkbop for es
 (+11ms) 
01:33:11   ├─ /fr/ja-fiddlebops-sprunkbop/index.html🔍 Processing fullSlug: fr/ja-fiddlebops-sprunkbop, locale: fr, baseSlug: ja-fiddlebops-sprunkbop
✅ Game loaded: ja-fiddlebops-sprunkbop for fr
 (+11ms) 
01:33:11   ├─ /de/ja-fiddlebops-sprunkbop/index.html🔍 Processing fullSlug: de/ja-fiddlebops-sprunkbop, locale: de, baseSlug: ja-fiddlebops-sprunkbop
✅ Game loaded: ja-fiddlebops-sprunkbop for de
 (+11ms) 
01:33:11   ├─ /ja/ja-fiddlebops-sprunkbop/index.html🔍 Processing fullSlug: ja/ja-fiddlebops-sprunkbop, locale: ja, baseSlug: ja-fiddlebops-sprunkbop
✅ Game loaded: ja-fiddlebops-sprunkbop for ja
 (+11ms) 
01:33:11   ├─ /ko/ja-fiddlebops-sprunkbop/index.html🔍 Processing fullSlug: ko/ja-fiddlebops-sprunkbop, locale: ko, baseSlug: ja-fiddlebops-sprunkbop
✅ Game loaded: ja-fiddlebops-sprunkbop for ko
 (+10ms) 
01:33:11   ├─ /ja-fiddlebops-sprunki/index.html🔍 Processing fullSlug: ja-fiddlebops-sprunki, locale: en, baseSlug: ja-fiddlebops-sprunki
✅ Game loaded: ja-fiddlebops-sprunki for en
 (+12ms) 
01:33:11   ├─ /zh/ja-fiddlebops-sprunki/index.html🔍 Processing fullSlug: zh/ja-fiddlebops-sprunki, locale: zh, baseSlug: ja-fiddlebops-sprunki
✅ Game loaded: ja-fiddlebops-sprunki for zh
 (+12ms) 
01:33:11   ├─ /es/ja-fiddlebops-sprunki/index.html🔍 Processing fullSlug: es/ja-fiddlebops-sprunki, locale: es, baseSlug: ja-fiddlebops-sprunki
✅ Game loaded: ja-fiddlebops-sprunki for es
 (+10ms) 
01:33:11   ├─ /fr/ja-fiddlebops-sprunki/index.html🔍 Processing fullSlug: fr/ja-fiddlebops-sprunki, locale: fr, baseSlug: ja-fiddlebops-sprunki
✅ Game loaded: ja-fiddlebops-sprunki for fr
 (+11ms) 
01:33:11   ├─ /de/ja-fiddlebops-sprunki/index.html🔍 Processing fullSlug: de/ja-fiddlebops-sprunki, locale: de, baseSlug: ja-fiddlebops-sprunki
✅ Game loaded: ja-fiddlebops-sprunki for de
 (+11ms) 
01:33:11   ├─ /ja/ja-fiddlebops-sprunki/index.html🔍 Processing fullSlug: ja/ja-fiddlebops-sprunki, locale: ja, baseSlug: ja-fiddlebops-sprunki
✅ Game loaded: ja-fiddlebops-sprunki for ja
 (+11ms) 
01:33:11   ├─ /ko/ja-fiddlebops-sprunki/index.html🔍 Processing fullSlug: ko/ja-fiddlebops-sprunki, locale: ko, baseSlug: ja-fiddlebops-sprunki
✅ Game loaded: ja-fiddlebops-sprunki for ko
 (+10ms) 
01:33:11   ├─ /ja-incredibox-donki-abgerny/index.html🔍 Processing fullSlug: ja-incredibox-donki-abgerny, locale: en, baseSlug: ja-incredibox-donki-abgerny
✅ Game loaded: ja-incredibox-donki-abgerny for en
 (+11ms) 
01:33:11   ├─ /zh/ja-incredibox-donki-abgerny/index.html🔍 Processing fullSlug: zh/ja-incredibox-donki-abgerny, locale: zh, baseSlug: ja-incredibox-donki-abgerny
✅ Game loaded: ja-incredibox-donki-abgerny for zh
 (+10ms) 
01:33:11   ├─ /es/ja-incredibox-donki-abgerny/index.html🔍 Processing fullSlug: es/ja-incredibox-donki-abgerny, locale: es, baseSlug: ja-incredibox-donki-abgerny
✅ Game loaded: ja-incredibox-donki-abgerny for es
 (+10ms) 
01:33:11   ├─ /fr/ja-incredibox-donki-abgerny/index.html🔍 Processing fullSlug: fr/ja-incredibox-donki-abgerny, locale: fr, baseSlug: ja-incredibox-donki-abgerny
✅ Game loaded: ja-incredibox-donki-abgerny for fr
 (+10ms) 
01:33:11   ├─ /de/ja-incredibox-donki-abgerny/index.html🔍 Processing fullSlug: de/ja-incredibox-donki-abgerny, locale: de, baseSlug: ja-incredibox-donki-abgerny
✅ Game loaded: ja-incredibox-donki-abgerny for de
 (+10ms) 
01:33:11   ├─ /ja/ja-incredibox-donki-abgerny/index.html🔍 Processing fullSlug: ja/ja-incredibox-donki-abgerny, locale: ja, baseSlug: ja-incredibox-donki-abgerny
✅ Game loaded: ja-incredibox-donki-abgerny for ja
 (+11ms) 
01:33:11   ├─ /ko/ja-incredibox-donki-abgerny/index.html🔍 Processing fullSlug: ko/ja-incredibox-donki-abgerny, locale: ko, baseSlug: ja-incredibox-donki-abgerny
✅ Game loaded: ja-incredibox-donki-abgerny for ko
 (+11ms) 
01:33:11   ├─ /ja-fiddlebops-sprunksters-remix/index.html🔍 Processing fullSlug: ja-fiddlebops-sprunksters-remix, locale: en, baseSlug: ja-fiddlebops-sprunksters-remix
✅ Game loaded: ja-fiddlebops-sprunksters-remix for en
 (+13ms) 
01:33:11   ├─ /zh/ja-fiddlebops-sprunksters-remix/index.html🔍 Processing fullSlug: zh/ja-fiddlebops-sprunksters-remix, locale: zh, baseSlug: ja-fiddlebops-sprunksters-remix
✅ Game loaded: ja-fiddlebops-sprunksters-remix for zh
 (+14ms) 
01:33:11   ├─ /es/ja-fiddlebops-sprunksters-remix/index.html🔍 Processing fullSlug: es/ja-fiddlebops-sprunksters-remix, locale: es, baseSlug: ja-fiddlebops-sprunksters-remix
✅ Game loaded: ja-fiddlebops-sprunksters-remix for es
 (+11ms) 
01:33:11   ├─ /fr/ja-fiddlebops-sprunksters-remix/index.html🔍 Processing fullSlug: fr/ja-fiddlebops-sprunksters-remix, locale: fr, baseSlug: ja-fiddlebops-sprunksters-remix
✅ Game loaded: ja-fiddlebops-sprunksters-remix for fr
 (+10ms) 
01:33:11   ├─ /de/ja-fiddlebops-sprunksters-remix/index.html🔍 Processing fullSlug: de/ja-fiddlebops-sprunksters-remix, locale: de, baseSlug: ja-fiddlebops-sprunksters-remix
✅ Game loaded: ja-fiddlebops-sprunksters-remix for de
 (+11ms) 
01:33:11   ├─ /ja/ja-fiddlebops-sprunksters-remix/index.html🔍 Processing fullSlug: ja/ja-fiddlebops-sprunksters-remix, locale: ja, baseSlug: ja-fiddlebops-sprunksters-remix
✅ Game loaded: ja-fiddlebops-sprunksters-remix for ja
 (+11ms) 
01:33:11   ├─ /ko/ja-fiddlebops-sprunksters-remix/index.html🔍 Processing fullSlug: ko/ja-fiddlebops-sprunksters-remix, locale: ko, baseSlug: ja-fiddlebops-sprunksters-remix
✅ Game loaded: ja-fiddlebops-sprunksters-remix for ko
 (+10ms) 
01:33:11   ├─ /ja-incredibox-cool-as-ice/index.html🔍 Processing fullSlug: ja-incredibox-cool-as-ice, locale: en, baseSlug: ja-incredibox-cool-as-ice
✅ Game loaded: ja-incredibox-cool-as-ice for en
 (+11ms) 
01:33:11   ├─ /zh/ja-incredibox-cool-as-ice/index.html🔍 Processing fullSlug: zh/ja-incredibox-cool-as-ice, locale: zh, baseSlug: ja-incredibox-cool-as-ice
✅ Game loaded: ja-incredibox-cool-as-ice for zh
 (+10ms) 
01:33:11   ├─ /es/ja-incredibox-cool-as-ice/index.html🔍 Processing fullSlug: es/ja-incredibox-cool-as-ice, locale: es, baseSlug: ja-incredibox-cool-as-ice
✅ Game loaded: ja-incredibox-cool-as-ice for es
 (+11ms) 
01:33:11   ├─ /fr/ja-incredibox-cool-as-ice/index.html🔍 Processing fullSlug: fr/ja-incredibox-cool-as-ice, locale: fr, baseSlug: ja-incredibox-cool-as-ice
✅ Game loaded: ja-incredibox-cool-as-ice for fr
 (+10ms) 
01:33:11   ├─ /de/ja-incredibox-cool-as-ice/index.html🔍 Processing fullSlug: de/ja-incredibox-cool-as-ice, locale: de, baseSlug: ja-incredibox-cool-as-ice
✅ Game loaded: ja-incredibox-cool-as-ice for de
 (+10ms) 
01:33:11   ├─ /ja/ja-incredibox-cool-as-ice/index.html🔍 Processing fullSlug: ja/ja-incredibox-cool-as-ice, locale: ja, baseSlug: ja-incredibox-cool-as-ice
✅ Game loaded: ja-incredibox-cool-as-ice for ja
 (+11ms) 
01:33:11   ├─ /ko/ja-incredibox-cool-as-ice/index.html🔍 Processing fullSlug: ko/ja-incredibox-cool-as-ice, locale: ko, baseSlug: ja-incredibox-cool-as-ice
✅ Game loaded: ja-incredibox-cool-as-ice for ko
 (+11ms) 
01:33:11   ├─ /ja-incredibox-shatter-sprunk/index.html🔍 Processing fullSlug: ja-incredibox-shatter-sprunk, locale: en, baseSlug: ja-incredibox-shatter-sprunk
✅ Game loaded: ja-incredibox-shatter-sprunk for en
 (+12ms) 
01:33:11   ├─ /zh/ja-incredibox-shatter-sprunk/index.html🔍 Processing fullSlug: zh/ja-incredibox-shatter-sprunk, locale: zh, baseSlug: ja-incredibox-shatter-sprunk
✅ Game loaded: ja-incredibox-shatter-sprunk for zh
 (+16ms) 
01:33:11   ├─ /es/ja-incredibox-shatter-sprunk/index.html🔍 Processing fullSlug: es/ja-incredibox-shatter-sprunk, locale: es, baseSlug: ja-incredibox-shatter-sprunk
✅ Game loaded: ja-incredibox-shatter-sprunk for es
 (+11ms) 
01:33:11   ├─ /fr/ja-incredibox-shatter-sprunk/index.html🔍 Processing fullSlug: fr/ja-incredibox-shatter-sprunk, locale: fr, baseSlug: ja-incredibox-shatter-sprunk
✅ Game loaded: ja-incredibox-shatter-sprunk for fr
 (+11ms) 
01:33:11   ├─ /de/ja-incredibox-shatter-sprunk/index.html🔍 Processing fullSlug: de/ja-incredibox-shatter-sprunk, locale: de, baseSlug: ja-incredibox-shatter-sprunk
✅ Game loaded: ja-incredibox-shatter-sprunk for de
 (+11ms) 
01:33:11   ├─ /ja/ja-incredibox-shatter-sprunk/index.html🔍 Processing fullSlug: ja/ja-incredibox-shatter-sprunk, locale: ja, baseSlug: ja-incredibox-shatter-sprunk
✅ Game loaded: ja-incredibox-shatter-sprunk for ja
 (+11ms) 
01:33:11   ├─ /ko/ja-incredibox-shatter-sprunk/index.html🔍 Processing fullSlug: ko/ja-incredibox-shatter-sprunk, locale: ko, baseSlug: ja-incredibox-shatter-sprunk
✅ Game loaded: ja-incredibox-shatter-sprunk for ko
 (+11ms) 
01:33:11   ├─ /ja-incredibox-sprinkle/index.html🔍 Processing fullSlug: ja-incredibox-sprinkle, locale: en, baseSlug: ja-incredibox-sprinkle
✅ Game loaded: ja-incredibox-sprinkle for en
 (+12ms) 
01:33:11   ├─ /zh/ja-incredibox-sprinkle/index.html🔍 Processing fullSlug: zh/ja-incredibox-sprinkle, locale: zh, baseSlug: ja-incredibox-sprinkle
✅ Game loaded: ja-incredibox-sprinkle for zh
 (+11ms) 
01:33:11   ├─ /es/ja-incredibox-sprinkle/index.html🔍 Processing fullSlug: es/ja-incredibox-sprinkle, locale: es, baseSlug: ja-incredibox-sprinkle
✅ Game loaded: ja-incredibox-sprinkle for es
 (+10ms) 
01:33:11   ├─ /fr/ja-incredibox-sprinkle/index.html🔍 Processing fullSlug: fr/ja-incredibox-sprinkle, locale: fr, baseSlug: ja-incredibox-sprinkle
✅ Game loaded: ja-incredibox-sprinkle for fr
 (+10ms) 
01:33:11   ├─ /de/ja-incredibox-sprinkle/index.html🔍 Processing fullSlug: de/ja-incredibox-sprinkle, locale: de, baseSlug: ja-incredibox-sprinkle
✅ Game loaded: ja-incredibox-sprinkle for de
 (+11ms) 
01:33:11   ├─ /ja/ja-incredibox-sprinkle/index.html🔍 Processing fullSlug: ja/ja-incredibox-sprinkle, locale: ja, baseSlug: ja-incredibox-sprinkle
✅ Game loaded: ja-incredibox-sprinkle for ja
 (+11ms) 
01:33:11   ├─ /ko/ja-incredibox-sprinkle/index.html🔍 Processing fullSlug: ko/ja-incredibox-sprinkle, locale: ko, baseSlug: ja-incredibox-sprinkle
✅ Game loaded: ja-incredibox-sprinkle for ko
 (+11ms) 
01:33:11   ├─ /ja-incredibox-sprunksters/index.html🔍 Processing fullSlug: ja-incredibox-sprunksters, locale: en, baseSlug: ja-incredibox-sprunksters
✅ Game loaded: ja-incredibox-sprunksters for en
 (+13ms) 
01:33:11   ├─ /zh/ja-incredibox-sprunksters/index.html🔍 Processing fullSlug: zh/ja-incredibox-sprunksters, locale: zh, baseSlug: ja-incredibox-sprunksters
✅ Game loaded: ja-incredibox-sprunksters for zh
 (+12ms) 
01:33:11   ├─ /es/ja-incredibox-sprunksters/index.html🔍 Processing fullSlug: es/ja-incredibox-sprunksters, locale: es, baseSlug: ja-incredibox-sprunksters
✅ Game loaded: ja-incredibox-sprunksters for es
 (+11ms) 
01:33:11   ├─ /fr/ja-incredibox-sprunksters/index.html🔍 Processing fullSlug: fr/ja-incredibox-sprunksters, locale: fr, baseSlug: ja-incredibox-sprunksters
✅ Game loaded: ja-incredibox-sprunksters for fr
 (+11ms) 
01:33:11   ├─ /de/ja-incredibox-sprunksters/index.html🔍 Processing fullSlug: de/ja-incredibox-sprunksters, locale: de, baseSlug: ja-incredibox-sprunksters
✅ Game loaded: ja-incredibox-sprunksters for de
 (+11ms) 
01:33:11   ├─ /ja/ja-incredibox-sprunksters/index.html🔍 Processing fullSlug: ja/ja-incredibox-sprunksters, locale: ja, baseSlug: ja-incredibox-sprunksters
✅ Game loaded: ja-incredibox-sprunksters for ja
 (+11ms) 
01:33:11   ├─ /ko/ja-incredibox-sprunksters/index.html🔍 Processing fullSlug: ko/ja-incredibox-sprunksters, locale: ko, baseSlug: ja-incredibox-sprunksters
✅ Game loaded: ja-incredibox-sprunksters for ko
 (+11ms) 
01:33:11   ├─ /ja-incredibox-yellow-colorbox/index.html🔍 Processing fullSlug: ja-incredibox-yellow-colorbox, locale: en, baseSlug: ja-incredibox-yellow-colorbox
✅ Game loaded: ja-incredibox-yellow-colorbox for en
 (+14ms) 
01:33:11   ├─ /zh/ja-incredibox-yellow-colorbox/index.html🔍 Processing fullSlug: zh/ja-incredibox-yellow-colorbox, locale: zh, baseSlug: ja-incredibox-yellow-colorbox
✅ Game loaded: ja-incredibox-yellow-colorbox for zh
 (+16ms) 
01:33:11   ├─ /es/ja-incredibox-yellow-colorbox/index.html🔍 Processing fullSlug: es/ja-incredibox-yellow-colorbox, locale: es, baseSlug: ja-incredibox-yellow-colorbox
✅ Game loaded: ja-incredibox-yellow-colorbox for es
 (+15ms) 
01:33:11   ├─ /fr/ja-incredibox-yellow-colorbox/index.html🔍 Processing fullSlug: fr/ja-incredibox-yellow-colorbox, locale: fr, baseSlug: ja-incredibox-yellow-colorbox
✅ Game loaded: ja-incredibox-yellow-colorbox for fr
 (+14ms) 
01:33:11   ├─ /de/ja-incredibox-yellow-colorbox/index.html🔍 Processing fullSlug: de/ja-incredibox-yellow-colorbox, locale: de, baseSlug: ja-incredibox-yellow-colorbox
✅ Game loaded: ja-incredibox-yellow-colorbox for de
 (+16ms) 
01:33:11   ├─ /ja/ja-incredibox-yellow-colorbox/index.html🔍 Processing fullSlug: ja/ja-incredibox-yellow-colorbox, locale: ja, baseSlug: ja-incredibox-yellow-colorbox
✅ Game loaded: ja-incredibox-yellow-colorbox for ja
 (+11ms) 
01:33:11   ├─ /ko/ja-incredibox-yellow-colorbox/index.html🔍 Processing fullSlug: ko/ja-incredibox-yellow-colorbox, locale: ko, baseSlug: ja-incredibox-yellow-colorbox
✅ Game loaded: ja-incredibox-yellow-colorbox for ko
 (+11ms) 
01:33:11   ├─ /ja-mountayonnaise/index.html🔍 Processing fullSlug: ja-mountayonnaise, locale: en, baseSlug: ja-mountayonnaise
✅ Game loaded: ja-mountayonnaise for en
 (+12ms) 
01:33:11   ├─ /zh/ja-mountayonnaise/index.html🔍 Processing fullSlug: zh/ja-mountayonnaise, locale: zh, baseSlug: ja-mountayonnaise
✅ Game loaded: ja-mountayonnaise for zh
 (+14ms) 
01:33:11   ├─ /es/ja-mountayonnaise/index.html🔍 Processing fullSlug: es/ja-mountayonnaise, locale: es, baseSlug: ja-mountayonnaise
✅ Game loaded: ja-mountayonnaise for es
 (+10ms) 
01:33:11   ├─ /fr/ja-mountayonnaise/index.html🔍 Processing fullSlug: fr/ja-mountayonnaise, locale: fr, baseSlug: ja-mountayonnaise
✅ Game loaded: ja-mountayonnaise for fr
 (+10ms) 
01:33:11   ├─ /de/ja-mountayonnaise/index.html🔍 Processing fullSlug: de/ja-mountayonnaise, locale: de, baseSlug: ja-mountayonnaise
✅ Game loaded: ja-mountayonnaise for de
 (+11ms) 
01:33:11   ├─ /ja/ja-mountayonnaise/index.html🔍 Processing fullSlug: ja/ja-mountayonnaise, locale: ja, baseSlug: ja-mountayonnaise
✅ Game loaded: ja-mountayonnaise for ja
 (+11ms) 
01:33:11   ├─ /ko/ja-mountayonnaise/index.html🔍 Processing fullSlug: ko/ja-mountayonnaise, locale: ko, baseSlug: ja-mountayonnaise
✅ Game loaded: ja-mountayonnaise for ko
 (+11ms) 
01:33:11   ├─ /ja-incredibox/index.html🔍 Processing fullSlug: ja-incredibox, locale: en, baseSlug: ja-incredibox
✅ Game loaded: ja-incredibox for en
 (+11ms) 
01:33:11   ├─ /zh/ja-incredibox/index.html🔍 Processing fullSlug: zh/ja-incredibox, locale: zh, baseSlug: ja-incredibox
✅ Game loaded: ja-incredibox for zh
 (+11ms) 
01:33:11   ├─ /es/ja-incredibox/index.html🔍 Processing fullSlug: es/ja-incredibox, locale: es, baseSlug: ja-incredibox
✅ Game loaded: ja-incredibox for es
 (+11ms) 
01:33:11   ├─ /fr/ja-incredibox/index.html🔍 Processing fullSlug: fr/ja-incredibox, locale: fr, baseSlug: ja-incredibox
✅ Game loaded: ja-incredibox for fr
 (+11ms) 
01:33:11   ├─ /de/ja-incredibox/index.html🔍 Processing fullSlug: de/ja-incredibox, locale: de, baseSlug: ja-incredibox
✅ Game loaded: ja-incredibox for de
 (+13ms) 
01:33:11   ├─ /ja/ja-incredibox/index.html🔍 Processing fullSlug: ja/ja-incredibox, locale: ja, baseSlug: ja-incredibox
✅ Game loaded: ja-incredibox for ja
 (+13ms) 
01:33:11   ├─ /ko/ja-incredibox/index.html🔍 Processing fullSlug: ko/ja-incredibox, locale: ko, baseSlug: ja-incredibox
✅ Game loaded: ja-incredibox for ko
 (+11ms) 
01:33:11   ├─ /ja-pikmin-no-sprunki/index.html🔍 Processing fullSlug: ja-pikmin-no-sprunki, locale: en, baseSlug: ja-pikmin-no-sprunki
✅ Game loaded: ja-pikmin-no-sprunki for en
 (+17ms) 
01:33:11   ├─ /zh/ja-pikmin-no-sprunki/index.html🔍 Processing fullSlug: zh/ja-pikmin-no-sprunki, locale: zh, baseSlug: ja-pikmin-no-sprunki
✅ Game loaded: ja-pikmin-no-sprunki for zh
 (+15ms) 
01:33:11   ├─ /es/ja-pikmin-no-sprunki/index.html🔍 Processing fullSlug: es/ja-pikmin-no-sprunki, locale: es, baseSlug: ja-pikmin-no-sprunki
✅ Game loaded: ja-pikmin-no-sprunki for es
 (+11ms) 
01:33:11   ├─ /fr/ja-pikmin-no-sprunki/index.html🔍 Processing fullSlug: fr/ja-pikmin-no-sprunki, locale: fr, baseSlug: ja-pikmin-no-sprunki
✅ Game loaded: ja-pikmin-no-sprunki for fr
 (+11ms) 
01:33:11   ├─ /de/ja-pikmin-no-sprunki/index.html🔍 Processing fullSlug: de/ja-pikmin-no-sprunki, locale: de, baseSlug: ja-pikmin-no-sprunki
✅ Game loaded: ja-pikmin-no-sprunki for de
 (+12ms) 
01:33:11   ├─ /ja/ja-pikmin-no-sprunki/index.html🔍 Processing fullSlug: ja/ja-pikmin-no-sprunki, locale: ja, baseSlug: ja-pikmin-no-sprunki
✅ Game loaded: ja-pikmin-no-sprunki for ja
 (+11ms) 
01:33:12   ├─ /ko/ja-pikmin-no-sprunki/index.html🔍 Processing fullSlug: ko/ja-pikmin-no-sprunki, locale: ko, baseSlug: ja-pikmin-no-sprunki
✅ Game loaded: ja-pikmin-no-sprunki for ko
 (+11ms) 
01:33:12   ├─ /ja-mundo-torajo-sprunki/index.html🔍 Processing fullSlug: ja-mundo-torajo-sprunki, locale: en, baseSlug: ja-mundo-torajo-sprunki
✅ Game loaded: ja-mundo-torajo-sprunki for en
 (+11ms) 
01:33:12   ├─ /zh/ja-mundo-torajo-sprunki/index.html🔍 Processing fullSlug: zh/ja-mundo-torajo-sprunki, locale: zh, baseSlug: ja-mundo-torajo-sprunki
✅ Game loaded: ja-mundo-torajo-sprunki for zh
 (+10ms) 
01:33:12   ├─ /es/ja-mundo-torajo-sprunki/index.html🔍 Processing fullSlug: es/ja-mundo-torajo-sprunki, locale: es, baseSlug: ja-mundo-torajo-sprunki
✅ Game loaded: ja-mundo-torajo-sprunki for es
 (+10ms) 
01:33:12   ├─ /fr/ja-mundo-torajo-sprunki/index.html🔍 Processing fullSlug: fr/ja-mundo-torajo-sprunki, locale: fr, baseSlug: ja-mundo-torajo-sprunki
✅ Game loaded: ja-mundo-torajo-sprunki for fr
 (+10ms) 
01:33:12   ├─ /de/ja-mundo-torajo-sprunki/index.html🔍 Processing fullSlug: de/ja-mundo-torajo-sprunki, locale: de, baseSlug: ja-mundo-torajo-sprunki
✅ Game loaded: ja-mundo-torajo-sprunki for de
 (+11ms) 
01:33:12   ├─ /ja/ja-mundo-torajo-sprunki/index.html🔍 Processing fullSlug: ja/ja-mundo-torajo-sprunki, locale: ja, baseSlug: ja-mundo-torajo-sprunki
✅ Game loaded: ja-mundo-torajo-sprunki for ja
 (+12ms) 
01:33:12   ├─ /ko/ja-mundo-torajo-sprunki/index.html🔍 Processing fullSlug: ko/ja-mundo-torajo-sprunki, locale: ko, baseSlug: ja-mundo-torajo-sprunki
✅ Game loaded: ja-mundo-torajo-sprunki for ko
 (+11ms) 
01:33:12   ├─ /ja-sprunkgerny/index.html🔍 Processing fullSlug: ja-sprunkgerny, locale: en, baseSlug: ja-sprunkgerny
✅ Game loaded: ja-sprunkgerny for en
 (+12ms) 
01:33:12   ├─ /zh/ja-sprunkgerny/index.html🔍 Processing fullSlug: zh/ja-sprunkgerny, locale: zh, baseSlug: ja-sprunkgerny
✅ Game loaded: ja-sprunkgerny for zh
 (+18ms) 
01:33:12   ├─ /es/ja-sprunkgerny/index.html🔍 Processing fullSlug: es/ja-sprunkgerny, locale: es, baseSlug: ja-sprunkgerny
✅ Game loaded: ja-sprunkgerny for es
 (+11ms) 
01:33:12   ├─ /fr/ja-sprunkgerny/index.html🔍 Processing fullSlug: fr/ja-sprunkgerny, locale: fr, baseSlug: ja-sprunkgerny
✅ Game loaded: ja-sprunkgerny for fr
 (+10ms) 
01:33:12   ├─ /de/ja-sprunkgerny/index.html🔍 Processing fullSlug: de/ja-sprunkgerny, locale: de, baseSlug: ja-sprunkgerny
✅ Game loaded: ja-sprunkgerny for de
 (+11ms) 
01:33:12   ├─ /ja/ja-sprunkgerny/index.html🔍 Processing fullSlug: ja/ja-sprunkgerny, locale: ja, baseSlug: ja-sprunkgerny
✅ Game loaded: ja-sprunkgerny for ja
 (+10ms) 
01:33:12   ├─ /ko/ja-sprunkgerny/index.html🔍 Processing fullSlug: ko/ja-sprunkgerny, locale: ko, baseSlug: ja-sprunkgerny
✅ Game loaded: ja-sprunkgerny for ko
 (+10ms) 
01:33:12   ├─ /ja-sprunki-abgerny/index.html🔍 Processing fullSlug: ja-sprunki-abgerny, locale: en, baseSlug: ja-sprunki-abgerny
✅ Game loaded: ja-sprunki-abgerny for en
 (+11ms) 
01:33:12   ├─ /zh/ja-sprunki-abgerny/index.html🔍 Processing fullSlug: zh/ja-sprunki-abgerny, locale: zh, baseSlug: ja-sprunki-abgerny
✅ Game loaded: ja-sprunki-abgerny for zh
 (+11ms) 
01:33:12   ├─ /es/ja-sprunki-abgerny/index.html🔍 Processing fullSlug: es/ja-sprunki-abgerny, locale: es, baseSlug: ja-sprunki-abgerny
✅ Game loaded: ja-sprunki-abgerny for es
 (+11ms) 
01:33:12   ├─ /fr/ja-sprunki-abgerny/index.html🔍 Processing fullSlug: fr/ja-sprunki-abgerny, locale: fr, baseSlug: ja-sprunki-abgerny
✅ Game loaded: ja-sprunki-abgerny for fr
 (+11ms) 
01:33:12   ├─ /de/ja-sprunki-abgerny/index.html🔍 Processing fullSlug: de/ja-sprunki-abgerny, locale: de, baseSlug: ja-sprunki-abgerny
✅ Game loaded: ja-sprunki-abgerny for de
 (+11ms) 
01:33:12   ├─ /ja/ja-sprunki-abgerny/index.html🔍 Processing fullSlug: ja/ja-sprunki-abgerny, locale: ja, baseSlug: ja-sprunki-abgerny
✅ Game loaded: ja-sprunki-abgerny for ja
 (+11ms) 
01:33:12   ├─ /ko/ja-sprunki-abgerny/index.html🔍 Processing fullSlug: ko/ja-sprunki-abgerny, locale: ko, baseSlug: ja-sprunki-abgerny
✅ Game loaded: ja-sprunki-abgerny for ko
 (+11ms) 
01:33:12   ├─ /ja-sprunki-1996/index.html🔍 Processing fullSlug: ja-sprunki-1996, locale: en, baseSlug: ja-sprunki-1996
✅ Game loaded: ja-sprunki-1996 for en
 (+12ms) 
01:33:12   ├─ /zh/ja-sprunki-1996/index.html🔍 Processing fullSlug: zh/ja-sprunki-1996, locale: zh, baseSlug: ja-sprunki-1996
✅ Game loaded: ja-sprunki-1996 for zh
 (+15ms) 
01:33:12   ├─ /es/ja-sprunki-1996/index.html🔍 Processing fullSlug: es/ja-sprunki-1996, locale: es, baseSlug: ja-sprunki-1996
✅ Game loaded: ja-sprunki-1996 for es
 (+11ms) 
01:33:12   ├─ /fr/ja-sprunki-1996/index.html🔍 Processing fullSlug: fr/ja-sprunki-1996, locale: fr, baseSlug: ja-sprunki-1996
✅ Game loaded: ja-sprunki-1996 for fr
 (+10ms) 
01:33:12   ├─ /de/ja-sprunki-1996/index.html🔍 Processing fullSlug: de/ja-sprunki-1996, locale: de, baseSlug: ja-sprunki-1996
✅ Game loaded: ja-sprunki-1996 for de
 (+11ms) 
01:33:12   ├─ /ja/ja-sprunki-1996/index.html🔍 Processing fullSlug: ja/ja-sprunki-1996, locale: ja, baseSlug: ja-sprunki-1996
✅ Game loaded: ja-sprunki-1996 for ja
 (+10ms) 
01:33:12   ├─ /ko/ja-sprunki-1996/index.html🔍 Processing fullSlug: ko/ja-sprunki-1996, locale: ko, baseSlug: ja-sprunki-1996
✅ Game loaded: ja-sprunki-1996 for ko
 (+10ms) 
01:33:12   ├─ /ja-sprunki-babies/index.html🔍 Processing fullSlug: ja-sprunki-babies, locale: en, baseSlug: ja-sprunki-babies
✅ Game loaded: ja-sprunki-babies for en
 (+11ms) 
01:33:12   ├─ /zh/ja-sprunki-babies/index.html🔍 Processing fullSlug: zh/ja-sprunki-babies, locale: zh, baseSlug: ja-sprunki-babies
✅ Game loaded: ja-sprunki-babies for zh
 (+11ms) 
01:33:12   ├─ /es/ja-sprunki-babies/index.html🔍 Processing fullSlug: es/ja-sprunki-babies, locale: es, baseSlug: ja-sprunki-babies
✅ Game loaded: ja-sprunki-babies for es
 (+11ms) 
01:33:12   ├─ /fr/ja-sprunki-babies/index.html🔍 Processing fullSlug: fr/ja-sprunki-babies, locale: fr, baseSlug: ja-sprunki-babies
✅ Game loaded: ja-sprunki-babies for fr
 (+13ms) 
01:33:12   ├─ /de/ja-sprunki-babies/index.html🔍 Processing fullSlug: de/ja-sprunki-babies, locale: de, baseSlug: ja-sprunki-babies
✅ Game loaded: ja-sprunki-babies for de
 (+10ms) 
01:33:12   ├─ /ja/ja-sprunki-babies/index.html🔍 Processing fullSlug: ja/ja-sprunki-babies, locale: ja, baseSlug: ja-sprunki-babies
✅ Game loaded: ja-sprunki-babies for ja
 (+11ms) 
01:33:12   ├─ /ko/ja-sprunki-babies/index.html🔍 Processing fullSlug: ko/ja-sprunki-babies, locale: ko, baseSlug: ja-sprunki-babies
✅ Game loaded: ja-sprunki-babies for ko
 (+10ms) 
01:33:12   ├─ /ja-sprunki-but-with-memes/index.html🔍 Processing fullSlug: ja-sprunki-but-with-memes, locale: en, baseSlug: ja-sprunki-but-with-memes
✅ Game loaded: ja-sprunki-but-with-memes for en
 (+11ms) 
01:33:12   ├─ /zh/ja-sprunki-but-with-memes/index.html🔍 Processing fullSlug: zh/ja-sprunki-but-with-memes, locale: zh, baseSlug: ja-sprunki-but-with-memes
✅ Game loaded: ja-sprunki-but-with-memes for zh
 (+11ms) 
01:33:12   ├─ /es/ja-sprunki-but-with-memes/index.html🔍 Processing fullSlug: es/ja-sprunki-but-with-memes, locale: es, baseSlug: ja-sprunki-but-with-memes
✅ Game loaded: ja-sprunki-but-with-memes for es
 (+11ms) 
01:33:12   ├─ /fr/ja-sprunki-but-with-memes/index.html🔍 Processing fullSlug: fr/ja-sprunki-but-with-memes, locale: fr, baseSlug: ja-sprunki-but-with-memes
✅ Game loaded: ja-sprunki-but-with-memes for fr
 (+10ms) 
01:33:12   ├─ /de/ja-sprunki-but-with-memes/index.html🔍 Processing fullSlug: de/ja-sprunki-but-with-memes, locale: de, baseSlug: ja-sprunki-but-with-memes
✅ Game loaded: ja-sprunki-but-with-memes for de
 (+11ms) 
01:33:12   ├─ /ja/ja-sprunki-but-with-memes/index.html🔍 Processing fullSlug: ja/ja-sprunki-but-with-memes, locale: ja, baseSlug: ja-sprunki-but-with-memes
✅ Game loaded: ja-sprunki-but-with-memes for ja
 (+11ms) 
01:33:12   ├─ /ko/ja-sprunki-but-with-memes/index.html🔍 Processing fullSlug: ko/ja-sprunki-but-with-memes, locale: ko, baseSlug: ja-sprunki-but-with-memes
✅ Game loaded: ja-sprunki-but-with-memes for ko
 (+11ms) 
01:33:12   ├─ /ja-sprunki-christmas/index.html🔍 Processing fullSlug: ja-sprunki-christmas, locale: en, baseSlug: ja-sprunki-christmas
✅ Game loaded: ja-sprunki-christmas for en
 (+13ms) 
01:33:12   ├─ /zh/ja-sprunki-christmas/index.html🔍 Processing fullSlug: zh/ja-sprunki-christmas, locale: zh, baseSlug: ja-sprunki-christmas
✅ Game loaded: ja-sprunki-christmas for zh
 (+16ms) 
01:33:12   ├─ /es/ja-sprunki-christmas/index.html🔍 Processing fullSlug: es/ja-sprunki-christmas, locale: es, baseSlug: ja-sprunki-christmas
✅ Game loaded: ja-sprunki-christmas for es
 (+11ms) 
01:33:12   ├─ /fr/ja-sprunki-christmas/index.html🔍 Processing fullSlug: fr/ja-sprunki-christmas, locale: fr, baseSlug: ja-sprunki-christmas
✅ Game loaded: ja-sprunki-christmas for fr
 (+10ms) 
01:33:12   ├─ /de/ja-sprunki-christmas/index.html🔍 Processing fullSlug: de/ja-sprunki-christmas, locale: de, baseSlug: ja-sprunki-christmas
✅ Game loaded: ja-sprunki-christmas for de
 (+10ms) 
01:33:12   ├─ /ja/ja-sprunki-christmas/index.html🔍 Processing fullSlug: ja/ja-sprunki-christmas, locale: ja, baseSlug: ja-sprunki-christmas
✅ Game loaded: ja-sprunki-christmas for ja
 (+11ms) 
01:33:12   ├─ /ko/ja-sprunki-christmas/index.html🔍 Processing fullSlug: ko/ja-sprunki-christmas, locale: ko, baseSlug: ja-sprunki-christmas
✅ Game loaded: ja-sprunki-christmas for ko
 (+11ms) 
01:33:12   ├─ /ja-sprunki-basical/index.html🔍 Processing fullSlug: ja-sprunki-basical, locale: en, baseSlug: ja-sprunki-basical
✅ Game loaded: ja-sprunki-basical for en
 (+11ms) 
01:33:12   ├─ /zh/ja-sprunki-basical/index.html🔍 Processing fullSlug: zh/ja-sprunki-basical, locale: zh, baseSlug: ja-sprunki-basical
✅ Game loaded: ja-sprunki-basical for zh
 (+11ms) 
01:33:12   ├─ /es/ja-sprunki-basical/index.html🔍 Processing fullSlug: es/ja-sprunki-basical, locale: es, baseSlug: ja-sprunki-basical
✅ Game loaded: ja-sprunki-basical for es
 (+11ms) 
01:33:12   ├─ /fr/ja-sprunki-basical/index.html🔍 Processing fullSlug: fr/ja-sprunki-basical, locale: fr, baseSlug: ja-sprunki-basical
✅ Game loaded: ja-sprunki-basical for fr
 (+12ms) 
01:33:12   ├─ /de/ja-sprunki-basical/index.html🔍 Processing fullSlug: de/ja-sprunki-basical, locale: de, baseSlug: ja-sprunki-basical
✅ Game loaded: ja-sprunki-basical for de
 (+11ms) 
01:33:12   ├─ /ja/ja-sprunki-basical/index.html🔍 Processing fullSlug: ja/ja-sprunki-basical, locale: ja, baseSlug: ja-sprunki-basical
✅ Game loaded: ja-sprunki-basical for ja
 (+10ms) 
01:33:12   ├─ /ko/ja-sprunki-basical/index.html🔍 Processing fullSlug: ko/ja-sprunki-basical, locale: ko, baseSlug: ja-sprunki-basical
✅ Game loaded: ja-sprunki-basical for ko
 (+12ms) 
01:33:12   ├─ /ja-sprunki-cool-as-ice/index.html🔍 Processing fullSlug: ja-sprunki-cool-as-ice, locale: en, baseSlug: ja-sprunki-cool-as-ice
✅ Game loaded: ja-sprunki-cool-as-ice for en
 (+15ms) 
01:33:12   ├─ /zh/ja-sprunki-cool-as-ice/index.html🔍 Processing fullSlug: zh/ja-sprunki-cool-as-ice, locale: zh, baseSlug: ja-sprunki-cool-as-ice
✅ Game loaded: ja-sprunki-cool-as-ice for zh
 (+16ms) 
01:33:12   ├─ /es/ja-sprunki-cool-as-ice/index.html🔍 Processing fullSlug: es/ja-sprunki-cool-as-ice, locale: es, baseSlug: ja-sprunki-cool-as-ice
✅ Game loaded: ja-sprunki-cool-as-ice for es
 (+11ms) 
01:33:12   ├─ /fr/ja-sprunki-cool-as-ice/index.html🔍 Processing fullSlug: fr/ja-sprunki-cool-as-ice, locale: fr, baseSlug: ja-sprunki-cool-as-ice
✅ Game loaded: ja-sprunki-cool-as-ice for fr
 (+11ms) 
01:33:12   ├─ /de/ja-sprunki-cool-as-ice/index.html🔍 Processing fullSlug: de/ja-sprunki-cool-as-ice, locale: de, baseSlug: ja-sprunki-cool-as-ice
✅ Game loaded: ja-sprunki-cool-as-ice for de
 (+11ms) 
01:33:12   ├─ /ja/ja-sprunki-cool-as-ice/index.html🔍 Processing fullSlug: ja/ja-sprunki-cool-as-ice, locale: ja, baseSlug: ja-sprunki-cool-as-ice
✅ Game loaded: ja-sprunki-cool-as-ice for ja
 (+10ms) 
01:33:12   ├─ /ko/ja-sprunki-cool-as-ice/index.html🔍 Processing fullSlug: ko/ja-sprunki-cool-as-ice, locale: ko, baseSlug: ja-sprunki-cool-as-ice
✅ Game loaded: ja-sprunki-cool-as-ice for ko
 (+11ms) 
01:33:12   ├─ /ja-sprunki-craft/index.html🔍 Processing fullSlug: ja-sprunki-craft, locale: en, baseSlug: ja-sprunki-craft
✅ Game loaded: ja-sprunki-craft for en
 (+11ms) 
01:33:12   ├─ /zh/ja-sprunki-craft/index.html🔍 Processing fullSlug: zh/ja-sprunki-craft, locale: zh, baseSlug: ja-sprunki-craft
✅ Game loaded: ja-sprunki-craft for zh
 (+10ms) 
01:33:12   ├─ /es/ja-sprunki-craft/index.html🔍 Processing fullSlug: es/ja-sprunki-craft, locale: es, baseSlug: ja-sprunki-craft
✅ Game loaded: ja-sprunki-craft for es
 (+10ms) 
01:33:12   ├─ /fr/ja-sprunki-craft/index.html🔍 Processing fullSlug: fr/ja-sprunki-craft, locale: fr, baseSlug: ja-sprunki-craft
✅ Game loaded: ja-sprunki-craft for fr
 (+12ms) 
01:33:12   ├─ /de/ja-sprunki-craft/index.html🔍 Processing fullSlug: de/ja-sprunki-craft, locale: de, baseSlug: ja-sprunki-craft
✅ Game loaded: ja-sprunki-craft for de
 (+14ms) 
01:33:12   ├─ /ja/ja-sprunki-craft/index.html🔍 Processing fullSlug: ja/ja-sprunki-craft, locale: ja, baseSlug: ja-sprunki-craft
✅ Game loaded: ja-sprunki-craft for ja
 (+13ms) 
01:33:12   ├─ /ko/ja-sprunki-craft/index.html🔍 Processing fullSlug: ko/ja-sprunki-craft, locale: ko, baseSlug: ja-sprunki-craft
✅ Game loaded: ja-sprunki-craft for ko
 (+11ms) 
01:33:12   ├─ /ja-sprunki-eggs-mix/index.html🔍 Processing fullSlug: ja-sprunki-eggs-mix, locale: en, baseSlug: ja-sprunki-eggs-mix
✅ Game loaded: ja-sprunki-eggs-mix for en
 (+13ms) 
01:33:12   ├─ /zh/ja-sprunki-eggs-mix/index.html🔍 Processing fullSlug: zh/ja-sprunki-eggs-mix, locale: zh, baseSlug: ja-sprunki-eggs-mix
✅ Game loaded: ja-sprunki-eggs-mix for zh
 (+13ms) 
01:33:12   ├─ /es/ja-sprunki-eggs-mix/index.html🔍 Processing fullSlug: es/ja-sprunki-eggs-mix, locale: es, baseSlug: ja-sprunki-eggs-mix
✅ Game loaded: ja-sprunki-eggs-mix for es
 (+11ms) 
01:33:12   ├─ /fr/ja-sprunki-eggs-mix/index.html🔍 Processing fullSlug: fr/ja-sprunki-eggs-mix, locale: fr, baseSlug: ja-sprunki-eggs-mix
✅ Game loaded: ja-sprunki-eggs-mix for fr
 (+12ms) 
01:33:12   ├─ /de/ja-sprunki-eggs-mix/index.html🔍 Processing fullSlug: de/ja-sprunki-eggs-mix, locale: de, baseSlug: ja-sprunki-eggs-mix
✅ Game loaded: ja-sprunki-eggs-mix for de
 (+11ms) 
01:33:12   ├─ /ja/ja-sprunki-eggs-mix/index.html🔍 Processing fullSlug: ja/ja-sprunki-eggs-mix, locale: ja, baseSlug: ja-sprunki-eggs-mix
✅ Game loaded: ja-sprunki-eggs-mix for ja
 (+11ms) 
01:33:12   ├─ /ko/ja-sprunki-eggs-mix/index.html🔍 Processing fullSlug: ko/ja-sprunki-eggs-mix, locale: ko, baseSlug: ja-sprunki-eggs-mix
✅ Game loaded: ja-sprunki-eggs-mix for ko
 (+11ms) 
01:33:12   ├─ /ja-sprunki-dandys-world/index.html🔍 Processing fullSlug: ja-sprunki-dandys-world, locale: en, baseSlug: ja-sprunki-dandys-world
✅ Game loaded: ja-sprunki-dandys-world for en
 (+11ms) 
01:33:12   ├─ /zh/ja-sprunki-dandys-world/index.html🔍 Processing fullSlug: zh/ja-sprunki-dandys-world, locale: zh, baseSlug: ja-sprunki-dandys-world
✅ Game loaded: ja-sprunki-dandys-world for zh
 (+11ms) 
01:33:12   ├─ /es/ja-sprunki-dandys-world/index.html🔍 Processing fullSlug: es/ja-sprunki-dandys-world, locale: es, baseSlug: ja-sprunki-dandys-world
✅ Game loaded: ja-sprunki-dandys-world for es
 (+11ms) 
01:33:12   ├─ /fr/ja-sprunki-dandys-world/index.html🔍 Processing fullSlug: fr/ja-sprunki-dandys-world, locale: fr, baseSlug: ja-sprunki-dandys-world
✅ Game loaded: ja-sprunki-dandys-world for fr
 (+10ms) 
01:33:12   ├─ /de/ja-sprunki-dandys-world/index.html🔍 Processing fullSlug: de/ja-sprunki-dandys-world, locale: de, baseSlug: ja-sprunki-dandys-world
✅ Game loaded: ja-sprunki-dandys-world for de
 (+11ms) 
01:33:12   ├─ /ja/ja-sprunki-dandys-world/index.html🔍 Processing fullSlug: ja/ja-sprunki-dandys-world, locale: ja, baseSlug: ja-sprunki-dandys-world
✅ Game loaded: ja-sprunki-dandys-world for ja
 (+11ms) 
01:33:12   ├─ /ko/ja-sprunki-dandys-world/index.html🔍 Processing fullSlug: ko/ja-sprunki-dandys-world, locale: ko, baseSlug: ja-sprunki-dandys-world
✅ Game loaded: ja-sprunki-dandys-world for ko
 (+12ms) 
01:33:12   ├─ /ja-sprunki-halloween/index.html🔍 Processing fullSlug: ja-sprunki-halloween, locale: en, baseSlug: ja-sprunki-halloween
✅ Game loaded: ja-sprunki-halloween for en
 (+13ms) 
01:33:12   ├─ /zh/ja-sprunki-halloween/index.html🔍 Processing fullSlug: zh/ja-sprunki-halloween, locale: zh, baseSlug: ja-sprunki-halloween
✅ Game loaded: ja-sprunki-halloween for zh
 (+21ms) 
01:33:13   ├─ /es/ja-sprunki-halloween/index.html🔍 Processing fullSlug: es/ja-sprunki-halloween, locale: es, baseSlug: ja-sprunki-halloween
✅ Game loaded: ja-sprunki-halloween for es
 (+11ms) 
01:33:13   ├─ /fr/ja-sprunki-halloween/index.html🔍 Processing fullSlug: fr/ja-sprunki-halloween, locale: fr, baseSlug: ja-sprunki-halloween
✅ Game loaded: ja-sprunki-halloween for fr
 (+11ms) 
01:33:13   ├─ /de/ja-sprunki-halloween/index.html🔍 Processing fullSlug: de/ja-sprunki-halloween, locale: de, baseSlug: ja-sprunki-halloween
✅ Game loaded: ja-sprunki-halloween for de
 (+11ms) 
01:33:13   ├─ /ja/ja-sprunki-halloween/index.html🔍 Processing fullSlug: ja/ja-sprunki-halloween, locale: ja, baseSlug: ja-sprunki-halloween
✅ Game loaded: ja-sprunki-halloween for ja
 (+10ms) 
01:33:13   ├─ /ko/ja-sprunki-halloween/index.html🔍 Processing fullSlug: ko/ja-sprunki-halloween, locale: ko, baseSlug: ja-sprunki-halloween
✅ Game loaded: ja-sprunki-halloween for ko
 (+11ms) 
01:33:13   ├─ /ja-sprunki-good-night/index.html🔍 Processing fullSlug: ja-sprunki-good-night, locale: en, baseSlug: ja-sprunki-good-night
✅ Game loaded: ja-sprunki-good-night for en
 (+11ms) 
01:33:13   ├─ /zh/ja-sprunki-good-night/index.html🔍 Processing fullSlug: zh/ja-sprunki-good-night, locale: zh, baseSlug: ja-sprunki-good-night
✅ Game loaded: ja-sprunki-good-night for zh
 (+10ms) 
01:33:13   ├─ /es/ja-sprunki-good-night/index.html🔍 Processing fullSlug: es/ja-sprunki-good-night, locale: es, baseSlug: ja-sprunki-good-night
✅ Game loaded: ja-sprunki-good-night for es
 (+10ms) 
01:33:13   ├─ /fr/ja-sprunki-good-night/index.html🔍 Processing fullSlug: fr/ja-sprunki-good-night, locale: fr, baseSlug: ja-sprunki-good-night
✅ Game loaded: ja-sprunki-good-night for fr
 (+10ms) 
01:33:13   ├─ /de/ja-sprunki-good-night/index.html🔍 Processing fullSlug: de/ja-sprunki-good-night, locale: de, baseSlug: ja-sprunki-good-night
✅ Game loaded: ja-sprunki-good-night for de
 (+11ms) 
01:33:13   ├─ /ja/ja-sprunki-good-night/index.html🔍 Processing fullSlug: ja/ja-sprunki-good-night, locale: ja, baseSlug: ja-sprunki-good-night
✅ Game loaded: ja-sprunki-good-night for ja
 (+11ms) 
01:33:13   ├─ /ko/ja-sprunki-good-night/index.html🔍 Processing fullSlug: ko/ja-sprunki-good-night, locale: ko, baseSlug: ja-sprunki-good-night
✅ Game loaded: ja-sprunki-good-night for ko
 (+11ms) 
01:33:13   ├─ /ja-sprunki-interactive-beta/index.html🔍 Processing fullSlug: ja-sprunki-interactive-beta, locale: en, baseSlug: ja-sprunki-interactive-beta
✅ Game loaded: ja-sprunki-interactive-beta for en
 (+13ms) 
01:33:13   ├─ /zh/ja-sprunki-interactive-beta/index.html🔍 Processing fullSlug: zh/ja-sprunki-interactive-beta, locale: zh, baseSlug: ja-sprunki-interactive-beta
✅ Game loaded: ja-sprunki-interactive-beta for zh
 (+12ms) 
01:33:13   ├─ /es/ja-sprunki-interactive-beta/index.html🔍 Processing fullSlug: es/ja-sprunki-interactive-beta, locale: es, baseSlug: ja-sprunki-interactive-beta
✅ Game loaded: ja-sprunki-interactive-beta for es
 (+11ms) 
01:33:13   ├─ /fr/ja-sprunki-interactive-beta/index.html🔍 Processing fullSlug: fr/ja-sprunki-interactive-beta, locale: fr, baseSlug: ja-sprunki-interactive-beta
✅ Game loaded: ja-sprunki-interactive-beta for fr
 (+12ms) 
01:33:13   ├─ /de/ja-sprunki-interactive-beta/index.html🔍 Processing fullSlug: de/ja-sprunki-interactive-beta, locale: de, baseSlug: ja-sprunki-interactive-beta
✅ Game loaded: ja-sprunki-interactive-beta for de
 (+12ms) 
01:33:13   ├─ /ja/ja-sprunki-interactive-beta/index.html🔍 Processing fullSlug: ja/ja-sprunki-interactive-beta, locale: ja, baseSlug: ja-sprunki-interactive-beta
✅ Game loaded: ja-sprunki-interactive-beta for ja
 (+12ms) 
01:33:13   ├─ /ko/ja-sprunki-interactive-beta/index.html🔍 Processing fullSlug: ko/ja-sprunki-interactive-beta, locale: ko, baseSlug: ja-sprunki-interactive-beta
✅ Game loaded: ja-sprunki-interactive-beta for ko
 (+11ms) 
01:33:13   ├─ /ja-sprunki-maker/index.html🔍 Processing fullSlug: ja-sprunki-maker, locale: en, baseSlug: ja-sprunki-maker
✅ Game loaded: ja-sprunki-maker for en
 (+11ms) 
01:33:13   ├─ /zh/ja-sprunki-maker/index.html🔍 Processing fullSlug: zh/ja-sprunki-maker, locale: zh, baseSlug: ja-sprunki-maker
✅ Game loaded: ja-sprunki-maker for zh
 (+11ms) 
01:33:13   ├─ /es/ja-sprunki-maker/index.html🔍 Processing fullSlug: es/ja-sprunki-maker, locale: es, baseSlug: ja-sprunki-maker
✅ Game loaded: ja-sprunki-maker for es
 (+10ms) 
01:33:13   ├─ /fr/ja-sprunki-maker/index.html🔍 Processing fullSlug: fr/ja-sprunki-maker, locale: fr, baseSlug: ja-sprunki-maker
✅ Game loaded: ja-sprunki-maker for fr
 (+11ms) 
01:33:13   ├─ /de/ja-sprunki-maker/index.html🔍 Processing fullSlug: de/ja-sprunki-maker, locale: de, baseSlug: ja-sprunki-maker
✅ Game loaded: ja-sprunki-maker for de
 (+11ms) 
01:33:13   ├─ /ja/ja-sprunki-maker/index.html🔍 Processing fullSlug: ja/ja-sprunki-maker, locale: ja, baseSlug: ja-sprunki-maker
✅ Game loaded: ja-sprunki-maker for ja
 (+11ms) 
01:33:13   ├─ /ko/ja-sprunki-maker/index.html🔍 Processing fullSlug: ko/ja-sprunki-maker, locale: ko, baseSlug: ja-sprunki-maker
✅ Game loaded: ja-sprunki-maker for ko
 (+11ms) 
01:33:13   ├─ /ja-sprunki-like-minecraft/index.html🔍 Processing fullSlug: ja-sprunki-like-minecraft, locale: en, baseSlug: ja-sprunki-like-minecraft
✅ Game loaded: ja-sprunki-like-minecraft for en
 (+13ms) 
01:33:13   ├─ /zh/ja-sprunki-like-minecraft/index.html🔍 Processing fullSlug: zh/ja-sprunki-like-minecraft, locale: zh, baseSlug: ja-sprunki-like-minecraft
✅ Game loaded: ja-sprunki-like-minecraft for zh
 (+12ms) 
01:33:13   ├─ /es/ja-sprunki-like-minecraft/index.html🔍 Processing fullSlug: es/ja-sprunki-like-minecraft, locale: es, baseSlug: ja-sprunki-like-minecraft
✅ Game loaded: ja-sprunki-like-minecraft for es
 (+11ms) 
01:33:13   ├─ /fr/ja-sprunki-like-minecraft/index.html🔍 Processing fullSlug: fr/ja-sprunki-like-minecraft, locale: fr, baseSlug: ja-sprunki-like-minecraft
✅ Game loaded: ja-sprunki-like-minecraft for fr
 (+11ms) 
01:33:13   ├─ /de/ja-sprunki-like-minecraft/index.html🔍 Processing fullSlug: de/ja-sprunki-like-minecraft, locale: de, baseSlug: ja-sprunki-like-minecraft
✅ Game loaded: ja-sprunki-like-minecraft for de
 (+13ms) 
01:33:13   ├─ /ja/ja-sprunki-like-minecraft/index.html🔍 Processing fullSlug: ja/ja-sprunki-like-minecraft, locale: ja, baseSlug: ja-sprunki-like-minecraft
✅ Game loaded: ja-sprunki-like-minecraft for ja
 (+13ms) 
01:33:13   ├─ /ko/ja-sprunki-like-minecraft/index.html🔍 Processing fullSlug: ko/ja-sprunki-like-minecraft, locale: ko, baseSlug: ja-sprunki-like-minecraft
✅ Game loaded: ja-sprunki-like-minecraft for ko
 (+11ms) 
01:33:13   ├─ /ja-sprunki-meets-the-cat-spell/index.html🔍 Processing fullSlug: ja-sprunki-meets-the-cat-spell, locale: en, baseSlug: ja-sprunki-meets-the-cat-spell
✅ Game loaded: ja-sprunki-meets-the-cat-spell for en
 (+11ms) 
01:33:13   ├─ /zh/ja-sprunki-meets-the-cat-spell/index.html🔍 Processing fullSlug: zh/ja-sprunki-meets-the-cat-spell, locale: zh, baseSlug: ja-sprunki-meets-the-cat-spell
✅ Game loaded: ja-sprunki-meets-the-cat-spell for zh
 (+10ms) 
01:33:13   ├─ /es/ja-sprunki-meets-the-cat-spell/index.html🔍 Processing fullSlug: es/ja-sprunki-meets-the-cat-spell, locale: es, baseSlug: ja-sprunki-meets-the-cat-spell
✅ Game loaded: ja-sprunki-meets-the-cat-spell for es
 (+10ms) 
01:33:13   ├─ /fr/ja-sprunki-meets-the-cat-spell/index.html🔍 Processing fullSlug: fr/ja-sprunki-meets-the-cat-spell, locale: fr, baseSlug: ja-sprunki-meets-the-cat-spell
✅ Game loaded: ja-sprunki-meets-the-cat-spell for fr
 (+10ms) 
01:33:13   ├─ /de/ja-sprunki-meets-the-cat-spell/index.html🔍 Processing fullSlug: de/ja-sprunki-meets-the-cat-spell, locale: de, baseSlug: ja-sprunki-meets-the-cat-spell
✅ Game loaded: ja-sprunki-meets-the-cat-spell for de
 (+11ms) 
01:33:13   ├─ /ja/ja-sprunki-meets-the-cat-spell/index.html🔍 Processing fullSlug: ja/ja-sprunki-meets-the-cat-spell, locale: ja, baseSlug: ja-sprunki-meets-the-cat-spell
✅ Game loaded: ja-sprunki-meets-the-cat-spell for ja
 (+11ms) 
01:33:13   ├─ /ko/ja-sprunki-meets-the-cat-spell/index.html🔍 Processing fullSlug: ko/ja-sprunki-meets-the-cat-spell, locale: ko, baseSlug: ja-sprunki-meets-the-cat-spell
✅ Game loaded: ja-sprunki-meets-the-cat-spell for ko
 (+10ms) 
01:33:13   ├─ /ja-sprunki-night-time/index.html🔍 Processing fullSlug: ja-sprunki-night-time, locale: en, baseSlug: ja-sprunki-night-time
✅ Game loaded: ja-sprunki-night-time for en
 (+13ms) 
01:33:13   ├─ /zh/ja-sprunki-night-time/index.html🔍 Processing fullSlug: zh/ja-sprunki-night-time, locale: zh, baseSlug: ja-sprunki-night-time
✅ Game loaded: ja-sprunki-night-time for zh
 (+13ms) 
01:33:13   ├─ /es/ja-sprunki-night-time/index.html🔍 Processing fullSlug: es/ja-sprunki-night-time, locale: es, baseSlug: ja-sprunki-night-time
✅ Game loaded: ja-sprunki-night-time for es
 (+11ms) 
01:33:13   ├─ /fr/ja-sprunki-night-time/index.html🔍 Processing fullSlug: fr/ja-sprunki-night-time, locale: fr, baseSlug: ja-sprunki-night-time
✅ Game loaded: ja-sprunki-night-time for fr
 (+10ms) 
01:33:13   ├─ /de/ja-sprunki-night-time/index.html🔍 Processing fullSlug: de/ja-sprunki-night-time, locale: de, baseSlug: ja-sprunki-night-time
✅ Game loaded: ja-sprunki-night-time for de
 (+10ms) 
01:33:13   ├─ /ja/ja-sprunki-night-time/index.html🔍 Processing fullSlug: ja/ja-sprunki-night-time, locale: ja, baseSlug: ja-sprunki-night-time
✅ Game loaded: ja-sprunki-night-time for ja
 (+10ms) 
01:33:13   ├─ /ko/ja-sprunki-night-time/index.html🔍 Processing fullSlug: ko/ja-sprunki-night-time, locale: ko, baseSlug: ja-sprunki-night-time
✅ Game loaded: ja-sprunki-night-time for ko
 (+11ms) 
01:33:13   ├─ /ja-sprunki-mustard/index.html🔍 Processing fullSlug: ja-sprunki-mustard, locale: en, baseSlug: ja-sprunki-mustard
✅ Game loaded: ja-sprunki-mustard for en
 (+11ms) 
01:33:13   ├─ /zh/ja-sprunki-mustard/index.html🔍 Processing fullSlug: zh/ja-sprunki-mustard, locale: zh, baseSlug: ja-sprunki-mustard
✅ Game loaded: ja-sprunki-mustard for zh
 (+10ms) 
01:33:13   ├─ /es/ja-sprunki-mustard/index.html🔍 Processing fullSlug: es/ja-sprunki-mustard, locale: es, baseSlug: ja-sprunki-mustard
✅ Game loaded: ja-sprunki-mustard for es
 (+10ms) 
01:33:13   ├─ /fr/ja-sprunki-mustard/index.html🔍 Processing fullSlug: fr/ja-sprunki-mustard, locale: fr, baseSlug: ja-sprunki-mustard
✅ Game loaded: ja-sprunki-mustard for fr
 (+10ms) 
01:33:13   ├─ /de/ja-sprunki-mustard/index.html🔍 Processing fullSlug: de/ja-sprunki-mustard, locale: de, baseSlug: ja-sprunki-mustard
✅ Game loaded: ja-sprunki-mustard for de
 (+10ms) 
01:33:13   ├─ /ja/ja-sprunki-mustard/index.html🔍 Processing fullSlug: ja/ja-sprunki-mustard, locale: ja, baseSlug: ja-sprunki-mustard
✅ Game loaded: ja-sprunki-mustard for ja
 (+11ms) 
01:33:13   ├─ /ko/ja-sprunki-mustard/index.html🔍 Processing fullSlug: ko/ja-sprunki-mustard, locale: ko, baseSlug: ja-sprunki-mustard
✅ Game loaded: ja-sprunki-mustard for ko
 (+11ms) 
01:33:13   ├─ /ja-sprunki-mod-BFDI/index.html🔍 Processing fullSlug: ja-sprunki-mod-BFDI, locale: en, baseSlug: ja-sprunki-mod-BFDI
✅ Game loaded: ja-sprunki-mod-BFDI for en
 (+16ms) 
01:33:13   ├─ /zh/ja-sprunki-mod-BFDI/index.html🔍 Processing fullSlug: zh/ja-sprunki-mod-BFDI, locale: zh, baseSlug: ja-sprunki-mod-BFDI
✅ Game loaded: ja-sprunki-mod-BFDI for zh
 (+13ms) 
01:33:13   ├─ /es/ja-sprunki-mod-BFDI/index.html🔍 Processing fullSlug: es/ja-sprunki-mod-BFDI, locale: es, baseSlug: ja-sprunki-mod-BFDI
✅ Game loaded: ja-sprunki-mod-BFDI for es
 (+11ms) 
01:33:13   ├─ /fr/ja-sprunki-mod-BFDI/index.html🔍 Processing fullSlug: fr/ja-sprunki-mod-BFDI, locale: fr, baseSlug: ja-sprunki-mod-BFDI
✅ Game loaded: ja-sprunki-mod-BFDI for fr
 (+11ms) 
01:33:13   ├─ /de/ja-sprunki-mod-BFDI/index.html🔍 Processing fullSlug: de/ja-sprunki-mod-BFDI, locale: de, baseSlug: ja-sprunki-mod-BFDI
✅ Game loaded: ja-sprunki-mod-BFDI for de
 (+10ms) 
01:33:13   ├─ /ja/ja-sprunki-mod-BFDI/index.html🔍 Processing fullSlug: ja/ja-sprunki-mod-BFDI, locale: ja, baseSlug: ja-sprunki-mod-BFDI
✅ Game loaded: ja-sprunki-mod-BFDI for ja
 (+11ms) 
01:33:13   ├─ /ko/ja-sprunki-mod-BFDI/index.html🔍 Processing fullSlug: ko/ja-sprunki-mod-BFDI, locale: ko, baseSlug: ja-sprunki-mod-BFDI
✅ Game loaded: ja-sprunki-mod-BFDI for ko
 (+11ms) 
01:33:13   ├─ /ja-sprunki-minecraft/index.html🔍 Processing fullSlug: ja-sprunki-minecraft, locale: en, baseSlug: ja-sprunki-minecraft
✅ Game loaded: ja-sprunki-minecraft for en
 (+11ms) 
01:33:13   ├─ /zh/ja-sprunki-minecraft/index.html🔍 Processing fullSlug: zh/ja-sprunki-minecraft, locale: zh, baseSlug: ja-sprunki-minecraft
✅ Game loaded: ja-sprunki-minecraft for zh
 (+11ms) 
01:33:13   ├─ /es/ja-sprunki-minecraft/index.html🔍 Processing fullSlug: es/ja-sprunki-minecraft, locale: es, baseSlug: ja-sprunki-minecraft
✅ Game loaded: ja-sprunki-minecraft for es
 (+11ms) 
01:33:13   ├─ /fr/ja-sprunki-minecraft/index.html🔍 Processing fullSlug: fr/ja-sprunki-minecraft, locale: fr, baseSlug: ja-sprunki-minecraft
✅ Game loaded: ja-sprunki-minecraft for fr
 (+11ms) 
01:33:13   ├─ /de/ja-sprunki-minecraft/index.html🔍 Processing fullSlug: de/ja-sprunki-minecraft, locale: de, baseSlug: ja-sprunki-minecraft
✅ Game loaded: ja-sprunki-minecraft for de
 (+11ms) 
01:33:13   ├─ /ja/ja-sprunki-minecraft/index.html🔍 Processing fullSlug: ja/ja-sprunki-minecraft, locale: ja, baseSlug: ja-sprunki-minecraft
✅ Game loaded: ja-sprunki-minecraft for ja
 (+10ms) 
01:33:13   ├─ /ko/ja-sprunki-minecraft/index.html🔍 Processing fullSlug: ko/ja-sprunki-minecraft, locale: ko, baseSlug: ja-sprunki-minecraft
✅ Game loaded: ja-sprunki-minecraft for ko
 (+12ms) 
01:33:13   ├─ /ja-sprunki-parasite-parasprunki-15/index.html🔍 Processing fullSlug: ja-sprunki-parasite-parasprunki-15, locale: en, baseSlug: ja-sprunki-parasite-parasprunki-15
✅ Game loaded: ja-sprunki-parasite-parasprunki-15 for en
 (+14ms) 
01:33:13   ├─ /zh/ja-sprunki-parasite-parasprunki-15/index.html🔍 Processing fullSlug: zh/ja-sprunki-parasite-parasprunki-15, locale: zh, baseSlug: ja-sprunki-parasite-parasprunki-15
✅ Game loaded: ja-sprunki-parasite-parasprunki-15 for zh
 (+14ms) 
01:33:13   ├─ /es/ja-sprunki-parasite-parasprunki-15/index.html🔍 Processing fullSlug: es/ja-sprunki-parasite-parasprunki-15, locale: es, baseSlug: ja-sprunki-parasite-parasprunki-15
✅ Game loaded: ja-sprunki-parasite-parasprunki-15 for es
 (+11ms) 
01:33:13   ├─ /fr/ja-sprunki-parasite-parasprunki-15/index.html🔍 Processing fullSlug: fr/ja-sprunki-parasite-parasprunki-15, locale: fr, baseSlug: ja-sprunki-parasite-parasprunki-15
✅ Game loaded: ja-sprunki-parasite-parasprunki-15 for fr
 (+11ms) 
01:33:13   ├─ /de/ja-sprunki-parasite-parasprunki-15/index.html🔍 Processing fullSlug: de/ja-sprunki-parasite-parasprunki-15, locale: de, baseSlug: ja-sprunki-parasite-parasprunki-15
✅ Game loaded: ja-sprunki-parasite-parasprunki-15 for de
 (+10ms) 
01:33:13   ├─ /ja/ja-sprunki-parasite-parasprunki-15/index.html🔍 Processing fullSlug: ja/ja-sprunki-parasite-parasprunki-15, locale: ja, baseSlug: ja-sprunki-parasite-parasprunki-15
✅ Game loaded: ja-sprunki-parasite-parasprunki-15 for ja
 (+10ms) 
01:33:13   ├─ /ko/ja-sprunki-parasite-parasprunki-15/index.html🔍 Processing fullSlug: ko/ja-sprunki-parasite-parasprunki-15, locale: ko, baseSlug: ja-sprunki-parasite-parasprunki-15
✅ Game loaded: ja-sprunki-parasite-parasprunki-15 for ko
 (+11ms) 
01:33:13   ├─ /ja-sprunki-phase-1/index.html🔍 Processing fullSlug: ja-sprunki-phase-1, locale: en, baseSlug: ja-sprunki-phase-1
✅ Game loaded: ja-sprunki-phase-1 for en
 (+11ms) 
01:33:13   ├─ /zh/ja-sprunki-phase-1/index.html🔍 Processing fullSlug: zh/ja-sprunki-phase-1, locale: zh, baseSlug: ja-sprunki-phase-1
✅ Game loaded: ja-sprunki-phase-1 for zh
 (+11ms) 
01:33:13   ├─ /es/ja-sprunki-phase-1/index.html🔍 Processing fullSlug: es/ja-sprunki-phase-1, locale: es, baseSlug: ja-sprunki-phase-1
✅ Game loaded: ja-sprunki-phase-1 for es
 (+11ms) 
01:33:13   ├─ /fr/ja-sprunki-phase-1/index.html🔍 Processing fullSlug: fr/ja-sprunki-phase-1, locale: fr, baseSlug: ja-sprunki-phase-1
✅ Game loaded: ja-sprunki-phase-1 for fr
 (+12ms) 
01:33:13   ├─ /de/ja-sprunki-phase-1/index.html🔍 Processing fullSlug: de/ja-sprunki-phase-1, locale: de, baseSlug: ja-sprunki-phase-1
✅ Game loaded: ja-sprunki-phase-1 for de
 (+11ms) 
01:33:13   ├─ /ja/ja-sprunki-phase-1/index.html🔍 Processing fullSlug: ja/ja-sprunki-phase-1, locale: ja, baseSlug: ja-sprunki-phase-1
✅ Game loaded: ja-sprunki-phase-1 for ja
 (+11ms) 
01:33:13   ├─ /ko/ja-sprunki-phase-1/index.html🔍 Processing fullSlug: ko/ja-sprunki-phase-1, locale: ko, baseSlug: ja-sprunki-phase-1
✅ Game loaded: ja-sprunki-phase-1 for ko
 (+11ms) 
01:33:13   ├─ /ja-sprunki-phase-2-5/index.html🔍 Processing fullSlug: ja-sprunki-phase-2-5, locale: en, baseSlug: ja-sprunki-phase-2-5
✅ Game loaded: ja-sprunki-phase-2-5 for en
 (+12ms) 
01:33:13   ├─ /zh/ja-sprunki-phase-2-5/index.html🔍 Processing fullSlug: zh/ja-sprunki-phase-2-5, locale: zh, baseSlug: ja-sprunki-phase-2-5
✅ Game loaded: ja-sprunki-phase-2-5 for zh
 (+11ms) 
01:33:13   ├─ /es/ja-sprunki-phase-2-5/index.html🔍 Processing fullSlug: es/ja-sprunki-phase-2-5, locale: es, baseSlug: ja-sprunki-phase-2-5
✅ Game loaded: ja-sprunki-phase-2-5 for es
 (+10ms) 
01:33:13   ├─ /fr/ja-sprunki-phase-2-5/index.html🔍 Processing fullSlug: fr/ja-sprunki-phase-2-5, locale: fr, baseSlug: ja-sprunki-phase-2-5
✅ Game loaded: ja-sprunki-phase-2-5 for fr
 (+11ms) 
01:33:13   ├─ /de/ja-sprunki-phase-2-5/index.html🔍 Processing fullSlug: de/ja-sprunki-phase-2-5, locale: de, baseSlug: ja-sprunki-phase-2-5
✅ Game loaded: ja-sprunki-phase-2-5 for de
 (+10ms) 
01:33:13   ├─ /ja/ja-sprunki-phase-2-5/index.html🔍 Processing fullSlug: ja/ja-sprunki-phase-2-5, locale: ja, baseSlug: ja-sprunki-phase-2-5
✅ Game loaded: ja-sprunki-phase-2-5 for ja
 (+10ms) 
01:33:13   ├─ /ko/ja-sprunki-phase-2-5/index.html🔍 Processing fullSlug: ko/ja-sprunki-phase-2-5, locale: ko, baseSlug: ja-sprunki-phase-2-5
✅ Game loaded: ja-sprunki-phase-2-5 for ko
 (+11ms) 
01:33:13   ├─ /ja-sprunki-phase-5/index.html🔍 Processing fullSlug: ja-sprunki-phase-5, locale: en, baseSlug: ja-sprunki-phase-5
✅ Game loaded: ja-sprunki-phase-5 for en
 (+12ms) 
01:33:14   ├─ /zh/ja-sprunki-phase-5/index.html🔍 Processing fullSlug: zh/ja-sprunki-phase-5, locale: zh, baseSlug: ja-sprunki-phase-5
✅ Game loaded: ja-sprunki-phase-5 for zh
 (+12ms) 
01:33:14   ├─ /es/ja-sprunki-phase-5/index.html🔍 Processing fullSlug: es/ja-sprunki-phase-5, locale: es, baseSlug: ja-sprunki-phase-5
✅ Game loaded: ja-sprunki-phase-5 for es
 (+10ms) 
01:33:14   ├─ /fr/ja-sprunki-phase-5/index.html🔍 Processing fullSlug: fr/ja-sprunki-phase-5, locale: fr, baseSlug: ja-sprunki-phase-5
✅ Game loaded: ja-sprunki-phase-5 for fr
 (+11ms) 
01:33:14   ├─ /de/ja-sprunki-phase-5/index.html🔍 Processing fullSlug: de/ja-sprunki-phase-5, locale: de, baseSlug: ja-sprunki-phase-5
✅ Game loaded: ja-sprunki-phase-5 for de
 (+16ms) 
01:33:14   ├─ /ja/ja-sprunki-phase-5/index.html🔍 Processing fullSlug: ja/ja-sprunki-phase-5, locale: ja, baseSlug: ja-sprunki-phase-5
✅ Game loaded: ja-sprunki-phase-5 for ja
 (+12ms) 
01:33:14   ├─ /ko/ja-sprunki-phase-5/index.html🔍 Processing fullSlug: ko/ja-sprunki-phase-5, locale: ko, baseSlug: ja-sprunki-phase-5
✅ Game loaded: ja-sprunki-phase-5 for ko
 (+10ms) 
01:33:14   ├─ /ja-sprunki-phase-8/index.html🔍 Processing fullSlug: ja-sprunki-phase-8, locale: en, baseSlug: ja-sprunki-phase-8
✅ Game loaded: ja-sprunki-phase-8 for en
 (+12ms) 
01:33:14   ├─ /zh/ja-sprunki-phase-8/index.html🔍 Processing fullSlug: zh/ja-sprunki-phase-8, locale: zh, baseSlug: ja-sprunki-phase-8
✅ Game loaded: ja-sprunki-phase-8 for zh
 (+11ms) 
01:33:14   ├─ /es/ja-sprunki-phase-8/index.html🔍 Processing fullSlug: es/ja-sprunki-phase-8, locale: es, baseSlug: ja-sprunki-phase-8
✅ Game loaded: ja-sprunki-phase-8 for es
 (+12ms) 
01:33:14   ├─ /fr/ja-sprunki-phase-8/index.html🔍 Processing fullSlug: fr/ja-sprunki-phase-8, locale: fr, baseSlug: ja-sprunki-phase-8
✅ Game loaded: ja-sprunki-phase-8 for fr
 (+11ms) 
01:33:14   ├─ /de/ja-sprunki-phase-8/index.html🔍 Processing fullSlug: de/ja-sprunki-phase-8, locale: de, baseSlug: ja-sprunki-phase-8
✅ Game loaded: ja-sprunki-phase-8 for de
 (+11ms) 
01:33:14   ├─ /ja/ja-sprunki-phase-8/index.html🔍 Processing fullSlug: ja/ja-sprunki-phase-8, locale: ja, baseSlug: ja-sprunki-phase-8
✅ Game loaded: ja-sprunki-phase-8 for ja
 (+12ms) 
01:33:14   ├─ /ko/ja-sprunki-phase-8/index.html🔍 Processing fullSlug: ko/ja-sprunki-phase-8, locale: ko, baseSlug: ja-sprunki-phase-8
✅ Game loaded: ja-sprunki-phase-8 for ko
 (+12ms) 
01:33:14   ├─ /ja-sprunki-play-random/index.html🔍 Processing fullSlug: ja-sprunki-play-random, locale: en, baseSlug: ja-sprunki-play-random
✅ Game loaded: ja-sprunki-play-random for en
 (+12ms) 
01:33:14   ├─ /zh/ja-sprunki-play-random/index.html🔍 Processing fullSlug: zh/ja-sprunki-play-random, locale: zh, baseSlug: ja-sprunki-play-random
✅ Game loaded: ja-sprunki-play-random for zh
 (+12ms) 
01:33:14   ├─ /es/ja-sprunki-play-random/index.html🔍 Processing fullSlug: es/ja-sprunki-play-random, locale: es, baseSlug: ja-sprunki-play-random
✅ Game loaded: ja-sprunki-play-random for es
 (+11ms) 
01:33:14   ├─ /fr/ja-sprunki-play-random/index.html🔍 Processing fullSlug: fr/ja-sprunki-play-random, locale: fr, baseSlug: ja-sprunki-play-random
✅ Game loaded: ja-sprunki-play-random for fr
 (+11ms) 
01:33:14   ├─ /de/ja-sprunki-play-random/index.html🔍 Processing fullSlug: de/ja-sprunki-play-random, locale: de, baseSlug: ja-sprunki-play-random
✅ Game loaded: ja-sprunki-play-random for de
 (+11ms) 
01:33:14   ├─ /ja/ja-sprunki-play-random/index.html🔍 Processing fullSlug: ja/ja-sprunki-play-random, locale: ja, baseSlug: ja-sprunki-play-random
✅ Game loaded: ja-sprunki-play-random for ja
 (+11ms) 
01:33:14   ├─ /ko/ja-sprunki-play-random/index.html🔍 Processing fullSlug: ko/ja-sprunki-play-random, locale: ko, baseSlug: ja-sprunki-play-random
✅ Game loaded: ja-sprunki-play-random for ko
 (+11ms) 
01:33:14   ├─ /ja-sprunki-police-and-prisoners/index.html🔍 Processing fullSlug: ja-sprunki-police-and-prisoners, locale: en, baseSlug: ja-sprunki-police-and-prisoners
✅ Game loaded: ja-sprunki-police-and-prisoners for en
 (+11ms) 
01:33:14   ├─ /zh/ja-sprunki-police-and-prisoners/index.html🔍 Processing fullSlug: zh/ja-sprunki-police-and-prisoners, locale: zh, baseSlug: ja-sprunki-police-and-prisoners
✅ Game loaded: ja-sprunki-police-and-prisoners for zh
 (+10ms) 
01:33:14   ├─ /es/ja-sprunki-police-and-prisoners/index.html🔍 Processing fullSlug: es/ja-sprunki-police-and-prisoners, locale: es, baseSlug: ja-sprunki-police-and-prisoners
✅ Game loaded: ja-sprunki-police-and-prisoners for es
 (+11ms) 
01:33:14   ├─ /fr/ja-sprunki-police-and-prisoners/index.html🔍 Processing fullSlug: fr/ja-sprunki-police-and-prisoners, locale: fr, baseSlug: ja-sprunki-police-and-prisoners
✅ Game loaded: ja-sprunki-police-and-prisoners for fr
 (+11ms) 
01:33:14   ├─ /de/ja-sprunki-police-and-prisoners/index.html🔍 Processing fullSlug: de/ja-sprunki-police-and-prisoners, locale: de, baseSlug: ja-sprunki-police-and-prisoners
✅ Game loaded: ja-sprunki-police-and-prisoners for de
 (+11ms) 
01:33:14   ├─ /ja/ja-sprunki-police-and-prisoners/index.html🔍 Processing fullSlug: ja/ja-sprunki-police-and-prisoners, locale: ja, baseSlug: ja-sprunki-police-and-prisoners
✅ Game loaded: ja-sprunki-police-and-prisoners for ja
 (+11ms) 
01:33:14   ├─ /ko/ja-sprunki-police-and-prisoners/index.html🔍 Processing fullSlug: ko/ja-sprunki-police-and-prisoners, locale: ko, baseSlug: ja-sprunki-police-and-prisoners
✅ Game loaded: ja-sprunki-police-and-prisoners for ko
 (+11ms) 
01:33:14   ├─ /ja-sprunki-pyramixed-version/index.html🔍 Processing fullSlug: ja-sprunki-pyramixed-version, locale: en, baseSlug: ja-sprunki-pyramixed-version
✅ Game loaded: ja-sprunki-pyramixed-version for en
 (+12ms) 
01:33:14   ├─ /zh/ja-sprunki-pyramixed-version/index.html🔍 Processing fullSlug: zh/ja-sprunki-pyramixed-version, locale: zh, baseSlug: ja-sprunki-pyramixed-version
✅ Game loaded: ja-sprunki-pyramixed-version for zh
 (+15ms) 
01:33:14   ├─ /es/ja-sprunki-pyramixed-version/index.html🔍 Processing fullSlug: es/ja-sprunki-pyramixed-version, locale: es, baseSlug: ja-sprunki-pyramixed-version
✅ Game loaded: ja-sprunki-pyramixed-version for es
 (+11ms) 
01:33:14   ├─ /fr/ja-sprunki-pyramixed-version/index.html🔍 Processing fullSlug: fr/ja-sprunki-pyramixed-version, locale: fr, baseSlug: ja-sprunki-pyramixed-version
✅ Game loaded: ja-sprunki-pyramixed-version for fr
 (+11ms) 
01:33:14   ├─ /de/ja-sprunki-pyramixed-version/index.html🔍 Processing fullSlug: de/ja-sprunki-pyramixed-version, locale: de, baseSlug: ja-sprunki-pyramixed-version
✅ Game loaded: ja-sprunki-pyramixed-version for de
 (+12ms) 
01:33:14   ├─ /ja/ja-sprunki-pyramixed-version/index.html🔍 Processing fullSlug: ja/ja-sprunki-pyramixed-version, locale: ja, baseSlug: ja-sprunki-pyramixed-version
✅ Game loaded: ja-sprunki-pyramixed-version for ja
 (+14ms) 
01:33:14   ├─ /ko/ja-sprunki-pyramixed-version/index.html🔍 Processing fullSlug: ko/ja-sprunki-pyramixed-version, locale: ko, baseSlug: ja-sprunki-pyramixed-version
✅ Game loaded: ja-sprunki-pyramixed-version for ko
 (+10ms) 
01:33:14   ├─ /ja-sprunki-pyramixed/index.html🔍 Processing fullSlug: ja-sprunki-pyramixed, locale: en, baseSlug: ja-sprunki-pyramixed
✅ Game loaded: ja-sprunki-pyramixed for en
 (+11ms) 
01:33:14   ├─ /zh/ja-sprunki-pyramixed/index.html🔍 Processing fullSlug: zh/ja-sprunki-pyramixed, locale: zh, baseSlug: ja-sprunki-pyramixed
✅ Game loaded: ja-sprunki-pyramixed for zh
 (+10ms) 
01:33:14   ├─ /es/ja-sprunki-pyramixed/index.html🔍 Processing fullSlug: es/ja-sprunki-pyramixed, locale: es, baseSlug: ja-sprunki-pyramixed
✅ Game loaded: ja-sprunki-pyramixed for es
 (+11ms) 
01:33:14   ├─ /fr/ja-sprunki-pyramixed/index.html🔍 Processing fullSlug: fr/ja-sprunki-pyramixed, locale: fr, baseSlug: ja-sprunki-pyramixed
✅ Game loaded: ja-sprunki-pyramixed for fr
 (+11ms) 
01:33:14   ├─ /de/ja-sprunki-pyramixed/index.html🔍 Processing fullSlug: de/ja-sprunki-pyramixed, locale: de, baseSlug: ja-sprunki-pyramixed
✅ Game loaded: ja-sprunki-pyramixed for de
 (+11ms) 
01:33:14   ├─ /ja/ja-sprunki-pyramixed/index.html🔍 Processing fullSlug: ja/ja-sprunki-pyramixed, locale: ja, baseSlug: ja-sprunki-pyramixed
✅ Game loaded: ja-sprunki-pyramixed for ja
 (+11ms) 
01:33:14   ├─ /ko/ja-sprunki-pyramixed/index.html🔍 Processing fullSlug: ko/ja-sprunki-pyramixed, locale: ko, baseSlug: ja-sprunki-pyramixed
✅ Game loaded: ja-sprunki-pyramixed for ko
 (+12ms) 
01:33:14   ├─ /ja-sprunki-red-sun/index.html🔍 Processing fullSlug: ja-sprunki-red-sun, locale: en, baseSlug: ja-sprunki-red-sun
✅ Game loaded: ja-sprunki-red-sun for en
 (+13ms) 
01:33:14   ├─ /zh/ja-sprunki-red-sun/index.html🔍 Processing fullSlug: zh/ja-sprunki-red-sun, locale: zh, baseSlug: ja-sprunki-red-sun
✅ Game loaded: ja-sprunki-red-sun for zh
 (+13ms) 
01:33:14   ├─ /es/ja-sprunki-red-sun/index.html🔍 Processing fullSlug: es/ja-sprunki-red-sun, locale: es, baseSlug: ja-sprunki-red-sun
✅ Game loaded: ja-sprunki-red-sun for es
 (+11ms) 
01:33:14   ├─ /fr/ja-sprunki-red-sun/index.html🔍 Processing fullSlug: fr/ja-sprunki-red-sun, locale: fr, baseSlug: ja-sprunki-red-sun
✅ Game loaded: ja-sprunki-red-sun for fr
 (+11ms) 
01:33:14   ├─ /de/ja-sprunki-red-sun/index.html🔍 Processing fullSlug: de/ja-sprunki-red-sun, locale: de, baseSlug: ja-sprunki-red-sun
✅ Game loaded: ja-sprunki-red-sun for de
 (+11ms) 
01:33:14   ├─ /ja/ja-sprunki-red-sun/index.html🔍 Processing fullSlug: ja/ja-sprunki-red-sun, locale: ja, baseSlug: ja-sprunki-red-sun
✅ Game loaded: ja-sprunki-red-sun for ja
 (+11ms) 
01:33:14   ├─ /ko/ja-sprunki-red-sun/index.html🔍 Processing fullSlug: ko/ja-sprunki-red-sun, locale: ko, baseSlug: ja-sprunki-red-sun
✅ Game loaded: ja-sprunki-red-sun for ko
 (+11ms) 
01:33:14   ├─ /ja-sprunki-retake-bonus-characters/index.html🔍 Processing fullSlug: ja-sprunki-retake-bonus-characters, locale: en, baseSlug: ja-sprunki-retake-bonus-characters
✅ Game loaded: ja-sprunki-retake-bonus-characters for en
 (+11ms) 
01:33:14   ├─ /zh/ja-sprunki-retake-bonus-characters/index.html🔍 Processing fullSlug: zh/ja-sprunki-retake-bonus-characters, locale: zh, baseSlug: ja-sprunki-retake-bonus-characters
✅ Game loaded: ja-sprunki-retake-bonus-characters for zh
 (+10ms) 
01:33:14   ├─ /es/ja-sprunki-retake-bonus-characters/index.html🔍 Processing fullSlug: es/ja-sprunki-retake-bonus-characters, locale: es, baseSlug: ja-sprunki-retake-bonus-characters
✅ Game loaded: ja-sprunki-retake-bonus-characters for es
 (+10ms) 
01:33:14   ├─ /fr/ja-sprunki-retake-bonus-characters/index.html🔍 Processing fullSlug: fr/ja-sprunki-retake-bonus-characters, locale: fr, baseSlug: ja-sprunki-retake-bonus-characters
✅ Game loaded: ja-sprunki-retake-bonus-characters for fr
 (+12ms) 
01:33:14   ├─ /de/ja-sprunki-retake-bonus-characters/index.html🔍 Processing fullSlug: de/ja-sprunki-retake-bonus-characters, locale: de, baseSlug: ja-sprunki-retake-bonus-characters
✅ Game loaded: ja-sprunki-retake-bonus-characters for de
 (+11ms) 
01:33:14   ├─ /ja/ja-sprunki-retake-bonus-characters/index.html🔍 Processing fullSlug: ja/ja-sprunki-retake-bonus-characters, locale: ja, baseSlug: ja-sprunki-retake-bonus-characters
✅ Game loaded: ja-sprunki-retake-bonus-characters for ja
 (+10ms) 
01:33:14   ├─ /ko/ja-sprunki-retake-bonus-characters/index.html🔍 Processing fullSlug: ko/ja-sprunki-retake-bonus-characters, locale: ko, baseSlug: ja-sprunki-retake-bonus-characters
✅ Game loaded: ja-sprunki-retake-bonus-characters for ko
 (+11ms) 
01:33:14   ├─ /ja-sprunki-retake-new-human/index.html🔍 Processing fullSlug: ja-sprunki-retake-new-human, locale: en, baseSlug: ja-sprunki-retake-new-human
✅ Game loaded: ja-sprunki-retake-new-human for en
 (+15ms) 
01:33:14   ├─ /zh/ja-sprunki-retake-new-human/index.html🔍 Processing fullSlug: zh/ja-sprunki-retake-new-human, locale: zh, baseSlug: ja-sprunki-retake-new-human
✅ Game loaded: ja-sprunki-retake-new-human for zh
 (+15ms) 
01:33:14   ├─ /es/ja-sprunki-retake-new-human/index.html🔍 Processing fullSlug: es/ja-sprunki-retake-new-human, locale: es, baseSlug: ja-sprunki-retake-new-human
✅ Game loaded: ja-sprunki-retake-new-human for es
 (+11ms) 
01:33:14   ├─ /fr/ja-sprunki-retake-new-human/index.html🔍 Processing fullSlug: fr/ja-sprunki-retake-new-human, locale: fr, baseSlug: ja-sprunki-retake-new-human
✅ Game loaded: ja-sprunki-retake-new-human for fr
 (+10ms) 
01:33:14   ├─ /de/ja-sprunki-retake-new-human/index.html🔍 Processing fullSlug: de/ja-sprunki-retake-new-human, locale: de, baseSlug: ja-sprunki-retake-new-human
✅ Game loaded: ja-sprunki-retake-new-human for de
 (+11ms) 
01:33:14   ├─ /ja/ja-sprunki-retake-new-human/index.html🔍 Processing fullSlug: ja/ja-sprunki-retake-new-human, locale: ja, baseSlug: ja-sprunki-retake-new-human
✅ Game loaded: ja-sprunki-retake-new-human for ja
 (+11ms) 
01:33:14   ├─ /ko/ja-sprunki-retake-new-human/index.html🔍 Processing fullSlug: ko/ja-sprunki-retake-new-human, locale: ko, baseSlug: ja-sprunki-retake-new-human
✅ Game loaded: ja-sprunki-retake-new-human for ko
 (+10ms) 
01:33:14   ├─ /ja-sprunki-retake/index.html🔍 Processing fullSlug: ja-sprunki-retake, locale: en, baseSlug: ja-sprunki-retake
✅ Game loaded: ja-sprunki-retake for en
 (+11ms) 
01:33:14   ├─ /zh/ja-sprunki-retake/index.html🔍 Processing fullSlug: zh/ja-sprunki-retake, locale: zh, baseSlug: ja-sprunki-retake
✅ Game loaded: ja-sprunki-retake for zh
 (+10ms) 
01:33:14   ├─ /es/ja-sprunki-retake/index.html🔍 Processing fullSlug: es/ja-sprunki-retake, locale: es, baseSlug: ja-sprunki-retake
✅ Game loaded: ja-sprunki-retake for es
 (+10ms) 
01:33:14   ├─ /fr/ja-sprunki-retake/index.html🔍 Processing fullSlug: fr/ja-sprunki-retake, locale: fr, baseSlug: ja-sprunki-retake
✅ Game loaded: ja-sprunki-retake for fr
 (+10ms) 
01:33:14   ├─ /de/ja-sprunki-retake/index.html🔍 Processing fullSlug: de/ja-sprunki-retake, locale: de, baseSlug: ja-sprunki-retake
✅ Game loaded: ja-sprunki-retake for de
 (+11ms) 
01:33:14   ├─ /ja/ja-sprunki-retake/index.html🔍 Processing fullSlug: ja/ja-sprunki-retake, locale: ja, baseSlug: ja-sprunki-retake
✅ Game loaded: ja-sprunki-retake for ja
 (+11ms) 
01:33:14   ├─ /ko/ja-sprunki-retake/index.html🔍 Processing fullSlug: ko/ja-sprunki-retake, locale: ko, baseSlug: ja-sprunki-retake
✅ Game loaded: ja-sprunki-retake for ko
 (+11ms) 
01:33:14   ├─ /ja-sprunki-rotrizi-5/index.html🔍 Processing fullSlug: ja-sprunki-rotrizi-5, locale: en, baseSlug: ja-sprunki-rotrizi-5
✅ Game loaded: ja-sprunki-rotrizi-5 for en
 (+12ms) 
01:33:14   ├─ /zh/ja-sprunki-rotrizi-5/index.html🔍 Processing fullSlug: zh/ja-sprunki-rotrizi-5, locale: zh, baseSlug: ja-sprunki-rotrizi-5
✅ Game loaded: ja-sprunki-rotrizi-5 for zh
 (+12ms) 
01:33:14   ├─ /es/ja-sprunki-rotrizi-5/index.html🔍 Processing fullSlug: es/ja-sprunki-rotrizi-5, locale: es, baseSlug: ja-sprunki-rotrizi-5
✅ Game loaded: ja-sprunki-rotrizi-5 for es
 (+11ms) 
01:33:14   ├─ /fr/ja-sprunki-rotrizi-5/index.html🔍 Processing fullSlug: fr/ja-sprunki-rotrizi-5, locale: fr, baseSlug: ja-sprunki-rotrizi-5
✅ Game loaded: ja-sprunki-rotrizi-5 for fr
 (+10ms) 
01:33:14   ├─ /de/ja-sprunki-rotrizi-5/index.html🔍 Processing fullSlug: de/ja-sprunki-rotrizi-5, locale: de, baseSlug: ja-sprunki-rotrizi-5
✅ Game loaded: ja-sprunki-rotrizi-5 for de
 (+11ms) 
01:33:14   ├─ /ja/ja-sprunki-rotrizi-5/index.html🔍 Processing fullSlug: ja/ja-sprunki-rotrizi-5, locale: ja, baseSlug: ja-sprunki-rotrizi-5
✅ Game loaded: ja-sprunki-rotrizi-5 for ja
 (+10ms) 
01:33:14   ├─ /ko/ja-sprunki-rotrizi-5/index.html🔍 Processing fullSlug: ko/ja-sprunki-rotrizi-5, locale: ko, baseSlug: ja-sprunki-rotrizi-5
✅ Game loaded: ja-sprunki-rotrizi-5 for ko
 (+10ms) 
01:33:14   ├─ /ja-sprunki-sonic/index.html🔍 Processing fullSlug: ja-sprunki-sonic, locale: en, baseSlug: ja-sprunki-sonic
✅ Game loaded: ja-sprunki-sonic for en
 (+11ms) 
01:33:14   ├─ /zh/ja-sprunki-sonic/index.html🔍 Processing fullSlug: zh/ja-sprunki-sonic, locale: zh, baseSlug: ja-sprunki-sonic
✅ Game loaded: ja-sprunki-sonic for zh
 (+11ms) 
01:33:14   ├─ /es/ja-sprunki-sonic/index.html🔍 Processing fullSlug: es/ja-sprunki-sonic, locale: es, baseSlug: ja-sprunki-sonic
✅ Game loaded: ja-sprunki-sonic for es
 (+12ms) 
01:33:14   ├─ /fr/ja-sprunki-sonic/index.html🔍 Processing fullSlug: fr/ja-sprunki-sonic, locale: fr, baseSlug: ja-sprunki-sonic
✅ Game loaded: ja-sprunki-sonic for fr
 (+11ms) 
01:33:14   ├─ /de/ja-sprunki-sonic/index.html🔍 Processing fullSlug: de/ja-sprunki-sonic, locale: de, baseSlug: ja-sprunki-sonic
✅ Game loaded: ja-sprunki-sonic for de
 (+10ms) 
01:33:14   ├─ /ja/ja-sprunki-sonic/index.html🔍 Processing fullSlug: ja/ja-sprunki-sonic, locale: ja, baseSlug: ja-sprunki-sonic
✅ Game loaded: ja-sprunki-sonic for ja
 (+10ms) 
01:33:14   ├─ /ko/ja-sprunki-sonic/index.html🔍 Processing fullSlug: ko/ja-sprunki-sonic, locale: ko, baseSlug: ja-sprunki-sonic
✅ Game loaded: ja-sprunki-sonic for ko
 (+11ms) 
01:33:14   ├─ /ja-sprunki-virus-new-update/index.html🔍 Processing fullSlug: ja-sprunki-virus-new-update, locale: en, baseSlug: ja-sprunki-virus-new-update
✅ Game loaded: ja-sprunki-virus-new-update for en
 (+11ms) 
01:33:14   ├─ /zh/ja-sprunki-virus-new-update/index.html🔍 Processing fullSlug: zh/ja-sprunki-virus-new-update, locale: zh, baseSlug: ja-sprunki-virus-new-update
✅ Game loaded: ja-sprunki-virus-new-update for zh
 (+12ms) 
01:33:14   ├─ /es/ja-sprunki-virus-new-update/index.html🔍 Processing fullSlug: es/ja-sprunki-virus-new-update, locale: es, baseSlug: ja-sprunki-virus-new-update
✅ Game loaded: ja-sprunki-virus-new-update for es
 (+11ms) 
01:33:14   ├─ /fr/ja-sprunki-virus-new-update/index.html🔍 Processing fullSlug: fr/ja-sprunki-virus-new-update, locale: fr, baseSlug: ja-sprunki-virus-new-update
✅ Game loaded: ja-sprunki-virus-new-update for fr
 (+11ms) 
01:33:14   ├─ /de/ja-sprunki-virus-new-update/index.html🔍 Processing fullSlug: de/ja-sprunki-virus-new-update, locale: de, baseSlug: ja-sprunki-virus-new-update
✅ Game loaded: ja-sprunki-virus-new-update for de
 (+11ms) 
01:33:15   ├─ /ja/ja-sprunki-virus-new-update/index.html🔍 Processing fullSlug: ja/ja-sprunki-virus-new-update, locale: ja, baseSlug: ja-sprunki-virus-new-update
✅ Game loaded: ja-sprunki-virus-new-update for ja
 (+13ms) 
01:33:15   ├─ /ko/ja-sprunki-virus-new-update/index.html🔍 Processing fullSlug: ko/ja-sprunki-virus-new-update, locale: ko, baseSlug: ja-sprunki-virus-new-update
✅ Game loaded: ja-sprunki-virus-new-update for ko
 (+12ms) 
01:33:15   ├─ /ja-sprunki-swapped-horror/index.html🔍 Processing fullSlug: ja-sprunki-swapped-horror, locale: en, baseSlug: ja-sprunki-swapped-horror
✅ Game loaded: ja-sprunki-swapped-horror for en
 (+16ms) 
01:33:15   ├─ /zh/ja-sprunki-swapped-horror/index.html🔍 Processing fullSlug: zh/ja-sprunki-swapped-horror, locale: zh, baseSlug: ja-sprunki-swapped-horror
✅ Game loaded: ja-sprunki-swapped-horror for zh
 (+13ms) 
01:33:15   ├─ /es/ja-sprunki-swapped-horror/index.html🔍 Processing fullSlug: es/ja-sprunki-swapped-horror, locale: es, baseSlug: ja-sprunki-swapped-horror
✅ Game loaded: ja-sprunki-swapped-horror for es
 (+10ms) 
01:33:15   ├─ /fr/ja-sprunki-swapped-horror/index.html🔍 Processing fullSlug: fr/ja-sprunki-swapped-horror, locale: fr, baseSlug: ja-sprunki-swapped-horror
✅ Game loaded: ja-sprunki-swapped-horror for fr
 (+10ms) 
01:33:15   ├─ /de/ja-sprunki-swapped-horror/index.html🔍 Processing fullSlug: de/ja-sprunki-swapped-horror, locale: de, baseSlug: ja-sprunki-swapped-horror
✅ Game loaded: ja-sprunki-swapped-horror for de
 (+10ms) 
01:33:15   ├─ /ja/ja-sprunki-swapped-horror/index.html🔍 Processing fullSlug: ja/ja-sprunki-swapped-horror, locale: ja, baseSlug: ja-sprunki-swapped-horror
✅ Game loaded: ja-sprunki-swapped-horror for ja
 (+11ms) 
01:33:15   ├─ /ko/ja-sprunki-swapped-horror/index.html🔍 Processing fullSlug: ko/ja-sprunki-swapped-horror, locale: ko, baseSlug: ja-sprunki-swapped-horror
✅ Game loaded: ja-sprunki-swapped-horror for ko
 (+11ms) 
01:33:15   ├─ /ja-sprunki-sepbox-steel-factory/index.html🔍 Processing fullSlug: ja-sprunki-sepbox-steel-factory, locale: en, baseSlug: ja-sprunki-sepbox-steel-factory
✅ Game loaded: ja-sprunki-sepbox-steel-factory for en
 (+11ms) 
01:33:15   ├─ /zh/ja-sprunki-sepbox-steel-factory/index.html🔍 Processing fullSlug: zh/ja-sprunki-sepbox-steel-factory, locale: zh, baseSlug: ja-sprunki-sepbox-steel-factory
✅ Game loaded: ja-sprunki-sepbox-steel-factory for zh
 (+11ms) 
01:33:15   ├─ /es/ja-sprunki-sepbox-steel-factory/index.html🔍 Processing fullSlug: es/ja-sprunki-sepbox-steel-factory, locale: es, baseSlug: ja-sprunki-sepbox-steel-factory
✅ Game loaded: ja-sprunki-sepbox-steel-factory for es
 (+11ms) 
01:33:15   ├─ /fr/ja-sprunki-sepbox-steel-factory/index.html🔍 Processing fullSlug: fr/ja-sprunki-sepbox-steel-factory, locale: fr, baseSlug: ja-sprunki-sepbox-steel-factory
✅ Game loaded: ja-sprunki-sepbox-steel-factory for fr
 (+10ms) 
01:33:15   ├─ /de/ja-sprunki-sepbox-steel-factory/index.html🔍 Processing fullSlug: de/ja-sprunki-sepbox-steel-factory, locale: de, baseSlug: ja-sprunki-sepbox-steel-factory
✅ Game loaded: ja-sprunki-sepbox-steel-factory for de
 (+12ms) 
01:33:15   ├─ /ja/ja-sprunki-sepbox-steel-factory/index.html🔍 Processing fullSlug: ja/ja-sprunki-sepbox-steel-factory, locale: ja, baseSlug: ja-sprunki-sepbox-steel-factory
✅ Game loaded: ja-sprunki-sepbox-steel-factory for ja
 (+14ms) 
01:33:15   ├─ /ko/ja-sprunki-sepbox-steel-factory/index.html🔍 Processing fullSlug: ko/ja-sprunki-sepbox-steel-factory, locale: ko, baseSlug: ja-sprunki-sepbox-steel-factory
✅ Game loaded: ja-sprunki-sepbox-steel-factory for ko
 (+12ms) 
01:33:15   ├─ /ja-sprunkr-but-sprunki/index.html🔍 Processing fullSlug: ja-sprunkr-but-sprunki, locale: en, baseSlug: ja-sprunkr-but-sprunki
✅ Game loaded: ja-sprunkr-but-sprunki for en
 (+18ms) 
01:33:15   ├─ /zh/ja-sprunkr-but-sprunki/index.html🔍 Processing fullSlug: zh/ja-sprunkr-but-sprunki, locale: zh, baseSlug: ja-sprunkr-but-sprunki
✅ Game loaded: ja-sprunkr-but-sprunki for zh
 (+13ms) 
01:33:15   ├─ /es/ja-sprunkr-but-sprunki/index.html🔍 Processing fullSlug: es/ja-sprunkr-but-sprunki, locale: es, baseSlug: ja-sprunkr-but-sprunki
✅ Game loaded: ja-sprunkr-but-sprunki for es
 (+11ms) 
01:33:15   ├─ /fr/ja-sprunkr-but-sprunki/index.html🔍 Processing fullSlug: fr/ja-sprunkr-but-sprunki, locale: fr, baseSlug: ja-sprunkr-but-sprunki
✅ Game loaded: ja-sprunkr-but-sprunki for fr
 (+11ms) 
01:33:15   ├─ /de/ja-sprunkr-but-sprunki/index.html🔍 Processing fullSlug: de/ja-sprunkr-but-sprunki, locale: de, baseSlug: ja-sprunkr-but-sprunki
✅ Game loaded: ja-sprunkr-but-sprunki for de
 (+10ms) 
01:33:15   ├─ /ja/ja-sprunkr-but-sprunki/index.html🔍 Processing fullSlug: ja/ja-sprunkr-but-sprunki, locale: ja, baseSlug: ja-sprunkr-but-sprunki
✅ Game loaded: ja-sprunkr-but-sprunki for ja
 (+10ms) 
01:33:15   ├─ /ko/ja-sprunkr-but-sprunki/index.html🔍 Processing fullSlug: ko/ja-sprunkr-but-sprunki, locale: ko, baseSlug: ja-sprunkr-but-sprunki
✅ Game loaded: ja-sprunkr-but-sprunki for ko
 (+11ms) 
01:33:15   ├─ /ja-sprunki-squid-remix/index.html🔍 Processing fullSlug: ja-sprunki-squid-remix, locale: en, baseSlug: ja-sprunki-squid-remix
✅ Game loaded: ja-sprunki-squid-remix for en
 (+11ms) 
01:33:15   ├─ /zh/ja-sprunki-squid-remix/index.html🔍 Processing fullSlug: zh/ja-sprunki-squid-remix, locale: zh, baseSlug: ja-sprunki-squid-remix
✅ Game loaded: ja-sprunki-squid-remix for zh
 (+11ms) 
01:33:15   ├─ /es/ja-sprunki-squid-remix/index.html🔍 Processing fullSlug: es/ja-sprunki-squid-remix, locale: es, baseSlug: ja-sprunki-squid-remix
✅ Game loaded: ja-sprunki-squid-remix for es
 (+10ms) 
01:33:15   ├─ /fr/ja-sprunki-squid-remix/index.html🔍 Processing fullSlug: fr/ja-sprunki-squid-remix, locale: fr, baseSlug: ja-sprunki-squid-remix
✅ Game loaded: ja-sprunki-squid-remix for fr
 (+11ms) 
01:33:15   ├─ /de/ja-sprunki-squid-remix/index.html🔍 Processing fullSlug: de/ja-sprunki-squid-remix, locale: de, baseSlug: ja-sprunki-squid-remix
✅ Game loaded: ja-sprunki-squid-remix for de
 (+11ms) 
01:33:15   ├─ /ja/ja-sprunki-squid-remix/index.html🔍 Processing fullSlug: ja/ja-sprunki-squid-remix, locale: ja, baseSlug: ja-sprunki-squid-remix
✅ Game loaded: ja-sprunki-squid-remix for ja
 (+11ms) 
01:33:15   ├─ /ko/ja-sprunki-squid-remix/index.html🔍 Processing fullSlug: ko/ja-sprunki-squid-remix, locale: ko, baseSlug: ja-sprunki-squid-remix
✅ Game loaded: ja-sprunki-squid-remix for ko
 (+12ms) 
01:33:15   ├─ /ja-super-sprunki-brasil/index.html🔍 Processing fullSlug: ja-super-sprunki-brasil, locale: en, baseSlug: ja-super-sprunki-brasil
✅ Game loaded: ja-super-sprunki-brasil for en
 (+13ms) 
01:33:15   ├─ /zh/ja-super-sprunki-brasil/index.html🔍 Processing fullSlug: zh/ja-super-sprunki-brasil, locale: zh, baseSlug: ja-super-sprunki-brasil
✅ Game loaded: ja-super-sprunki-brasil for zh
 (+13ms) 
01:33:15   ├─ /es/ja-super-sprunki-brasil/index.html🔍 Processing fullSlug: es/ja-super-sprunki-brasil, locale: es, baseSlug: ja-super-sprunki-brasil
✅ Game loaded: ja-super-sprunki-brasil for es
 (+11ms) 
01:33:15   ├─ /fr/ja-super-sprunki-brasil/index.html🔍 Processing fullSlug: fr/ja-super-sprunki-brasil, locale: fr, baseSlug: ja-super-sprunki-brasil
✅ Game loaded: ja-super-sprunki-brasil for fr
 (+11ms) 
01:33:15   ├─ /de/ja-super-sprunki-brasil/index.html🔍 Processing fullSlug: de/ja-super-sprunki-brasil, locale: de, baseSlug: ja-super-sprunki-brasil
✅ Game loaded: ja-super-sprunki-brasil for de
 (+10ms) 
01:33:15   ├─ /ja/ja-super-sprunki-brasil/index.html🔍 Processing fullSlug: ja/ja-super-sprunki-brasil, locale: ja, baseSlug: ja-super-sprunki-brasil
✅ Game loaded: ja-super-sprunki-brasil for ja
 (+10ms) 
01:33:15   ├─ /ko/ja-super-sprunki-brasil/index.html🔍 Processing fullSlug: ko/ja-super-sprunki-brasil, locale: ko, baseSlug: ja-super-sprunki-brasil
✅ Game loaded: ja-super-sprunki-brasil for ko
 (+11ms) 
01:33:15   ├─ /ja-sprunkle-bops/index.html🔍 Processing fullSlug: ja-sprunkle-bops, locale: en, baseSlug: ja-sprunkle-bops
✅ Game loaded: ja-sprunkle-bops for en
 (+11ms) 
01:33:15   ├─ /zh/ja-sprunkle-bops/index.html🔍 Processing fullSlug: zh/ja-sprunkle-bops, locale: zh, baseSlug: ja-sprunkle-bops
✅ Game loaded: ja-sprunkle-bops for zh
 (+10ms) 
01:33:15   ├─ /es/ja-sprunkle-bops/index.html🔍 Processing fullSlug: es/ja-sprunkle-bops, locale: es, baseSlug: ja-sprunkle-bops
✅ Game loaded: ja-sprunkle-bops for es
 (+10ms) 
01:33:15   ├─ /fr/ja-sprunkle-bops/index.html🔍 Processing fullSlug: fr/ja-sprunkle-bops, locale: fr, baseSlug: ja-sprunkle-bops
✅ Game loaded: ja-sprunkle-bops for fr
 (+10ms) 
01:33:15   ├─ /de/ja-sprunkle-bops/index.html🔍 Processing fullSlug: de/ja-sprunkle-bops, locale: de, baseSlug: ja-sprunkle-bops
✅ Game loaded: ja-sprunkle-bops for de
 (+11ms) 
01:33:15   ├─ /ja/ja-sprunkle-bops/index.html🔍 Processing fullSlug: ja/ja-sprunkle-bops, locale: ja, baseSlug: ja-sprunkle-bops
✅ Game loaded: ja-sprunkle-bops for ja
 (+11ms) 
01:33:15   ├─ /ko/ja-sprunkle-bops/index.html🔍 Processing fullSlug: ko/ja-sprunkle-bops, locale: ko, baseSlug: ja-sprunkle-bops
✅ Game loaded: ja-sprunkle-bops for ko
 (+12ms) 
01:33:15   ├─ /ja-swap-sprunkgerny/index.html🔍 Processing fullSlug: ja-swap-sprunkgerny, locale: en, baseSlug: ja-swap-sprunkgerny
✅ Game loaded: ja-swap-sprunkgerny for en
 (+16ms) 
01:33:15   ├─ /zh/ja-swap-sprunkgerny/index.html🔍 Processing fullSlug: zh/ja-swap-sprunkgerny, locale: zh, baseSlug: ja-swap-sprunkgerny
✅ Game loaded: ja-swap-sprunkgerny for zh
 (+20ms) 
01:33:15   ├─ /es/ja-swap-sprunkgerny/index.html🔍 Processing fullSlug: es/ja-swap-sprunkgerny, locale: es, baseSlug: ja-swap-sprunkgerny
✅ Game loaded: ja-swap-sprunkgerny for es
 (+11ms) 
01:33:15   ├─ /fr/ja-swap-sprunkgerny/index.html🔍 Processing fullSlug: fr/ja-swap-sprunkgerny, locale: fr, baseSlug: ja-swap-sprunkgerny
✅ Game loaded: ja-swap-sprunkgerny for fr
 (+11ms) 
01:33:15   ├─ /de/ja-swap-sprunkgerny/index.html🔍 Processing fullSlug: de/ja-swap-sprunkgerny, locale: de, baseSlug: ja-swap-sprunkgerny
✅ Game loaded: ja-swap-sprunkgerny for de
 (+10ms) 
01:33:15   ├─ /ja/ja-swap-sprunkgerny/index.html🔍 Processing fullSlug: ja/ja-swap-sprunkgerny, locale: ja, baseSlug: ja-swap-sprunkgerny
✅ Game loaded: ja-swap-sprunkgerny for ja
 (+10ms) 
01:33:15   ├─ /ko/ja-swap-sprunkgerny/index.html🔍 Processing fullSlug: ko/ja-swap-sprunkgerny, locale: ko, baseSlug: ja-swap-sprunkgerny
✅ Game loaded: ja-swap-sprunkgerny for ko
 (+11ms) 
01:33:15   ├─ /ja-the-haze-pixelbox/index.html🔍 Processing fullSlug: ja-the-haze-pixelbox, locale: en, baseSlug: ja-the-haze-pixelbox
✅ Game loaded: ja-the-haze-pixelbox for en
 (+11ms) 
01:33:15   ├─ /zh/ja-the-haze-pixelbox/index.html🔍 Processing fullSlug: zh/ja-the-haze-pixelbox, locale: zh, baseSlug: ja-the-haze-pixelbox
✅ Game loaded: ja-the-haze-pixelbox for zh
 (+11ms) 
01:33:15   ├─ /es/ja-the-haze-pixelbox/index.html🔍 Processing fullSlug: es/ja-the-haze-pixelbox, locale: es, baseSlug: ja-the-haze-pixelbox
✅ Game loaded: ja-the-haze-pixelbox for es
 (+11ms) 
01:33:15   ├─ /fr/ja-the-haze-pixelbox/index.html🔍 Processing fullSlug: fr/ja-the-haze-pixelbox, locale: fr, baseSlug: ja-the-haze-pixelbox
✅ Game loaded: ja-the-haze-pixelbox for fr
 (+10ms) 
01:33:15   ├─ /de/ja-the-haze-pixelbox/index.html🔍 Processing fullSlug: de/ja-the-haze-pixelbox, locale: de, baseSlug: ja-the-haze-pixelbox
✅ Game loaded: ja-the-haze-pixelbox for de
 (+11ms) 
01:33:15   ├─ /ja/ja-the-haze-pixelbox/index.html🔍 Processing fullSlug: ja/ja-the-haze-pixelbox, locale: ja, baseSlug: ja-the-haze-pixelbox
✅ Game loaded: ja-the-haze-pixelbox for ja
 (+11ms) 
01:33:15   ├─ /ko/ja-the-haze-pixelbox/index.html🔍 Processing fullSlug: ko/ja-the-haze-pixelbox, locale: ko, baseSlug: ja-the-haze-pixelbox
✅ Game loaded: ja-the-haze-pixelbox for ko
 (+11ms) 
01:33:15   ├─ /ja-yojou-sprunki-mustard/index.html🔍 Processing fullSlug: ja-yojou-sprunki-mustard, locale: en, baseSlug: ja-yojou-sprunki-mustard
✅ Game loaded: ja-yojou-sprunki-mustard for en
 (+13ms) 
01:33:15   ├─ /zh/ja-yojou-sprunki-mustard/index.html🔍 Processing fullSlug: zh/ja-yojou-sprunki-mustard, locale: zh, baseSlug: ja-yojou-sprunki-mustard
✅ Game loaded: ja-yojou-sprunki-mustard for zh
 (+12ms) 
01:33:15   ├─ /es/ja-yojou-sprunki-mustard/index.html🔍 Processing fullSlug: es/ja-yojou-sprunki-mustard, locale: es, baseSlug: ja-yojou-sprunki-mustard
✅ Game loaded: ja-yojou-sprunki-mustard for es
 (+12ms) 
01:33:15   ├─ /fr/ja-yojou-sprunki-mustard/index.html🔍 Processing fullSlug: fr/ja-yojou-sprunki-mustard, locale: fr, baseSlug: ja-yojou-sprunki-mustard
✅ Game loaded: ja-yojou-sprunki-mustard for fr
 (+13ms) 
01:33:15   ├─ /de/ja-yojou-sprunki-mustard/index.html🔍 Processing fullSlug: de/ja-yojou-sprunki-mustard, locale: de, baseSlug: ja-yojou-sprunki-mustard
✅ Game loaded: ja-yojou-sprunki-mustard for de
 (+11ms) 
01:33:15   ├─ /ja/ja-yojou-sprunki-mustard/index.html🔍 Processing fullSlug: ja/ja-yojou-sprunki-mustard, locale: ja, baseSlug: ja-yojou-sprunki-mustard
✅ Game loaded: ja-yojou-sprunki-mustard for ja
 (+10ms) 
01:33:15   ├─ /ko/ja-yojou-sprunki-mustard/index.html🔍 Processing fullSlug: ko/ja-yojou-sprunki-mustard, locale: ko, baseSlug: ja-yojou-sprunki-mustard
✅ Game loaded: ja-yojou-sprunki-mustard for ko
 (+11ms) 
01:33:15   ├─ /zh-ayocs-sprunkr/index.html🔍 Processing fullSlug: zh-ayocs-sprunkr, locale: en, baseSlug: zh-ayocs-sprunkr
✅ Game loaded: zh-ayocs-sprunkr for en
 (+11ms) 
01:33:15   ├─ /zh/zh-ayocs-sprunkr/index.html🔍 Processing fullSlug: zh/zh-ayocs-sprunkr, locale: zh, baseSlug: zh-ayocs-sprunkr
✅ Game loaded: zh-ayocs-sprunkr for zh
 (+10ms) 
01:33:15   ├─ /es/zh-ayocs-sprunkr/index.html🔍 Processing fullSlug: es/zh-ayocs-sprunkr, locale: es, baseSlug: zh-ayocs-sprunkr
✅ Game loaded: zh-ayocs-sprunkr for es
 (+10ms) 
01:33:15   ├─ /fr/zh-ayocs-sprunkr/index.html🔍 Processing fullSlug: fr/zh-ayocs-sprunkr, locale: fr, baseSlug: zh-ayocs-sprunkr
✅ Game loaded: zh-ayocs-sprunkr for fr
 (+11ms) 
01:33:15   ├─ /de/zh-ayocs-sprunkr/index.html🔍 Processing fullSlug: de/zh-ayocs-sprunkr, locale: de, baseSlug: zh-ayocs-sprunkr
✅ Game loaded: zh-ayocs-sprunkr for de
 (+12ms) 
01:33:15   ├─ /ja/zh-ayocs-sprunkr/index.html🔍 Processing fullSlug: ja/zh-ayocs-sprunkr, locale: ja, baseSlug: zh-ayocs-sprunkr
✅ Game loaded: zh-ayocs-sprunkr for ja
 (+10ms) 
01:33:15   ├─ /ko/zh-ayocs-sprunkr/index.html🔍 Processing fullSlug: ko/zh-ayocs-sprunkr, locale: ko, baseSlug: zh-ayocs-sprunkr
✅ Game loaded: zh-ayocs-sprunkr for ko
 (+11ms) 
01:33:15   ├─ /zh-fiddlebops-but-dandys-world/index.html🔍 Processing fullSlug: zh-fiddlebops-but-dandys-world, locale: en, baseSlug: zh-fiddlebops-but-dandys-world
✅ Game loaded: zh-fiddlebops-but-dandys-world for en
 (+15ms) 
01:33:15   ├─ /zh/zh-fiddlebops-but-dandys-world/index.html🔍 Processing fullSlug: zh/zh-fiddlebops-but-dandys-world, locale: zh, baseSlug: zh-fiddlebops-but-dandys-world
✅ Game loaded: zh-fiddlebops-but-dandys-world for zh
 (+19ms) 
01:33:15   ├─ /es/zh-fiddlebops-but-dandys-world/index.html🔍 Processing fullSlug: es/zh-fiddlebops-but-dandys-world, locale: es, baseSlug: zh-fiddlebops-but-dandys-world
✅ Game loaded: zh-fiddlebops-but-dandys-world for es
 (+10ms) 
01:33:15   ├─ /fr/zh-fiddlebops-but-dandys-world/index.html🔍 Processing fullSlug: fr/zh-fiddlebops-but-dandys-world, locale: fr, baseSlug: zh-fiddlebops-but-dandys-world
✅ Game loaded: zh-fiddlebops-but-dandys-world for fr
 (+11ms) 
01:33:15   ├─ /de/zh-fiddlebops-but-dandys-world/index.html🔍 Processing fullSlug: de/zh-fiddlebops-but-dandys-world, locale: de, baseSlug: zh-fiddlebops-but-dandys-world
✅ Game loaded: zh-fiddlebops-but-dandys-world for de
 (+10ms) 
01:33:15   ├─ /ja/zh-fiddlebops-but-dandys-world/index.html🔍 Processing fullSlug: ja/zh-fiddlebops-but-dandys-world, locale: ja, baseSlug: zh-fiddlebops-but-dandys-world
✅ Game loaded: zh-fiddlebops-but-dandys-world for ja
 (+11ms) 
01:33:15   ├─ /ko/zh-fiddlebops-but-dandys-world/index.html🔍 Processing fullSlug: ko/zh-fiddlebops-but-dandys-world, locale: ko, baseSlug: zh-fiddlebops-but-dandys-world
✅ Game loaded: zh-fiddlebops-but-dandys-world for ko
 (+11ms) 
01:33:15   ├─ /zh-dandyrunki-retake/index.html🔍 Processing fullSlug: zh-dandyrunki-retake, locale: en, baseSlug: zh-dandyrunki-retake
✅ Game loaded: zh-dandyrunki-retake for en
 (+11ms) 
01:33:15   ├─ /zh/zh-dandyrunki-retake/index.html🔍 Processing fullSlug: zh/zh-dandyrunki-retake, locale: zh, baseSlug: zh-dandyrunki-retake
✅ Game loaded: zh-dandyrunki-retake for zh
 (+10ms) 
01:33:15   ├─ /es/zh-dandyrunki-retake/index.html🔍 Processing fullSlug: es/zh-dandyrunki-retake, locale: es, baseSlug: zh-dandyrunki-retake
✅ Game loaded: zh-dandyrunki-retake for es
 (+10ms) 
01:33:15   ├─ /fr/zh-dandyrunki-retake/index.html🔍 Processing fullSlug: fr/zh-dandyrunki-retake, locale: fr, baseSlug: zh-dandyrunki-retake
✅ Game loaded: zh-dandyrunki-retake for fr
 (+11ms) 
01:33:15   ├─ /de/zh-dandyrunki-retake/index.html🔍 Processing fullSlug: de/zh-dandyrunki-retake, locale: de, baseSlug: zh-dandyrunki-retake
✅ Game loaded: zh-dandyrunki-retake for de
 (+11ms) 
01:33:15   ├─ /ja/zh-dandyrunki-retake/index.html🔍 Processing fullSlug: ja/zh-dandyrunki-retake, locale: ja, baseSlug: zh-dandyrunki-retake
✅ Game loaded: zh-dandyrunki-retake for ja
 (+11ms) 
01:33:15   ├─ /ko/zh-dandyrunki-retake/index.html🔍 Processing fullSlug: ko/zh-dandyrunki-retake, locale: ko, baseSlug: zh-dandyrunki-retake
✅ Game loaded: zh-dandyrunki-retake for ko
 (+12ms) 
01:33:15   ├─ /zh-fiddlebops-but-sprunki/index.html🔍 Processing fullSlug: zh-fiddlebops-but-sprunki, locale: en, baseSlug: zh-fiddlebops-but-sprunki
✅ Game loaded: zh-fiddlebops-but-sprunki for en
 (+14ms) 
01:33:16   ├─ /zh/zh-fiddlebops-but-sprunki/index.html🔍 Processing fullSlug: zh/zh-fiddlebops-but-sprunki, locale: zh, baseSlug: zh-fiddlebops-but-sprunki
✅ Game loaded: zh-fiddlebops-but-sprunki for zh
 (+13ms) 
01:33:16   ├─ /es/zh-fiddlebops-but-sprunki/index.html🔍 Processing fullSlug: es/zh-fiddlebops-but-sprunki, locale: es, baseSlug: zh-fiddlebops-but-sprunki
✅ Game loaded: zh-fiddlebops-but-sprunki for es
 (+11ms) 
01:33:16   ├─ /fr/zh-fiddlebops-but-sprunki/index.html🔍 Processing fullSlug: fr/zh-fiddlebops-but-sprunki, locale: fr, baseSlug: zh-fiddlebops-but-sprunki
✅ Game loaded: zh-fiddlebops-but-sprunki for fr
 (+11ms) 
01:33:16   ├─ /de/zh-fiddlebops-but-sprunki/index.html🔍 Processing fullSlug: de/zh-fiddlebops-but-sprunki, locale: de, baseSlug: zh-fiddlebops-but-sprunki
✅ Game loaded: zh-fiddlebops-but-sprunki for de
 (+10ms) 
01:33:16   ├─ /ja/zh-fiddlebops-but-sprunki/index.html🔍 Processing fullSlug: ja/zh-fiddlebops-but-sprunki, locale: ja, baseSlug: zh-fiddlebops-but-sprunki
✅ Game loaded: zh-fiddlebops-but-sprunki for ja
 (+11ms) 
01:33:16   ├─ /ko/zh-fiddlebops-but-sprunki/index.html🔍 Processing fullSlug: ko/zh-fiddlebops-but-sprunki, locale: ko, baseSlug: zh-fiddlebops-but-sprunki
✅ Game loaded: zh-fiddlebops-but-sprunki for ko
 (+35ms) 
01:33:16   ├─ /zh-fiddlebops-fix/index.html🔍 Processing fullSlug: zh-fiddlebops-fix, locale: en, baseSlug: zh-fiddlebops-fix
✅ Game loaded: zh-fiddlebops-fix for en
 (+12ms) 
01:33:16   ├─ /zh/zh-fiddlebops-fix/index.html🔍 Processing fullSlug: zh/zh-fiddlebops-fix, locale: zh, baseSlug: zh-fiddlebops-fix
✅ Game loaded: zh-fiddlebops-fix for zh
 (+10ms) 
01:33:16   ├─ /es/zh-fiddlebops-fix/index.html🔍 Processing fullSlug: es/zh-fiddlebops-fix, locale: es, baseSlug: zh-fiddlebops-fix
✅ Game loaded: zh-fiddlebops-fix for es
 (+11ms) 
01:33:16   ├─ /fr/zh-fiddlebops-fix/index.html🔍 Processing fullSlug: fr/zh-fiddlebops-fix, locale: fr, baseSlug: zh-fiddlebops-fix
✅ Game loaded: zh-fiddlebops-fix for fr
 (+10ms) 
01:33:16   ├─ /de/zh-fiddlebops-fix/index.html🔍 Processing fullSlug: de/zh-fiddlebops-fix, locale: de, baseSlug: zh-fiddlebops-fix
✅ Game loaded: zh-fiddlebops-fix for de
 (+10ms) 
01:33:16   ├─ /ja/zh-fiddlebops-fix/index.html🔍 Processing fullSlug: ja/zh-fiddlebops-fix, locale: ja, baseSlug: zh-fiddlebops-fix
✅ Game loaded: zh-fiddlebops-fix for ja
 (+12ms) 
01:33:16   ├─ /ko/zh-fiddlebops-fix/index.html🔍 Processing fullSlug: ko/zh-fiddlebops-fix, locale: ko, baseSlug: zh-fiddlebops-fix
✅ Game loaded: zh-fiddlebops-fix for ko
 (+11ms) 
01:33:16   ├─ /zh-fiddlebops-polos/index.html🔍 Processing fullSlug: zh-fiddlebops-polos, locale: en, baseSlug: zh-fiddlebops-polos
✅ Game loaded: zh-fiddlebops-polos for en
 (+12ms) 
01:33:16   ├─ /zh/zh-fiddlebops-polos/index.html🔍 Processing fullSlug: zh/zh-fiddlebops-polos, locale: zh, baseSlug: zh-fiddlebops-polos
✅ Game loaded: zh-fiddlebops-polos for zh
 (+19ms) 
01:33:16   ├─ /es/zh-fiddlebops-polos/index.html🔍 Processing fullSlug: es/zh-fiddlebops-polos, locale: es, baseSlug: zh-fiddlebops-polos
✅ Game loaded: zh-fiddlebops-polos for es
 (+11ms) 
01:33:16   ├─ /fr/zh-fiddlebops-polos/index.html🔍 Processing fullSlug: fr/zh-fiddlebops-polos, locale: fr, baseSlug: zh-fiddlebops-polos
✅ Game loaded: zh-fiddlebops-polos for fr
 (+10ms) 
01:33:16   ├─ /de/zh-fiddlebops-polos/index.html🔍 Processing fullSlug: de/zh-fiddlebops-polos, locale: de, baseSlug: zh-fiddlebops-polos
✅ Game loaded: zh-fiddlebops-polos for de
 (+10ms) 
01:33:16   ├─ /ja/zh-fiddlebops-polos/index.html🔍 Processing fullSlug: ja/zh-fiddlebops-polos, locale: ja, baseSlug: zh-fiddlebops-polos
✅ Game loaded: zh-fiddlebops-polos for ja
 (+11ms) 
01:33:16   ├─ /ko/zh-fiddlebops-polos/index.html🔍 Processing fullSlug: ko/zh-fiddlebops-polos, locale: ko, baseSlug: zh-fiddlebops-polos
✅ Game loaded: zh-fiddlebops-polos for ko
 (+12ms) 
01:33:16   ├─ /zh-fiddlebops-sprunkbop/index.html🔍 Processing fullSlug: zh-fiddlebops-sprunkbop, locale: en, baseSlug: zh-fiddlebops-sprunkbop
✅ Game loaded: zh-fiddlebops-sprunkbop for en
 (+11ms) 
01:33:16   ├─ /zh/zh-fiddlebops-sprunkbop/index.html🔍 Processing fullSlug: zh/zh-fiddlebops-sprunkbop, locale: zh, baseSlug: zh-fiddlebops-sprunkbop
✅ Game loaded: zh-fiddlebops-sprunkbop for zh
 (+12ms) 
01:33:16   ├─ /es/zh-fiddlebops-sprunkbop/index.html🔍 Processing fullSlug: es/zh-fiddlebops-sprunkbop, locale: es, baseSlug: zh-fiddlebops-sprunkbop
✅ Game loaded: zh-fiddlebops-sprunkbop for es
 (+13ms) 
01:33:16   ├─ /fr/zh-fiddlebops-sprunkbop/index.html🔍 Processing fullSlug: fr/zh-fiddlebops-sprunkbop, locale: fr, baseSlug: zh-fiddlebops-sprunkbop
✅ Game loaded: zh-fiddlebops-sprunkbop for fr
 (+11ms) 
01:33:16   ├─ /de/zh-fiddlebops-sprunkbop/index.html🔍 Processing fullSlug: de/zh-fiddlebops-sprunkbop, locale: de, baseSlug: zh-fiddlebops-sprunkbop
✅ Game loaded: zh-fiddlebops-sprunkbop for de
 (+11ms) 
01:33:16   ├─ /ja/zh-fiddlebops-sprunkbop/index.html🔍 Processing fullSlug: ja/zh-fiddlebops-sprunkbop, locale: ja, baseSlug: zh-fiddlebops-sprunkbop
✅ Game loaded: zh-fiddlebops-sprunkbop for ja
 (+15ms) 
01:33:16   ├─ /ko/zh-fiddlebops-sprunkbop/index.html🔍 Processing fullSlug: ko/zh-fiddlebops-sprunkbop, locale: ko, baseSlug: zh-fiddlebops-sprunkbop
✅ Game loaded: zh-fiddlebops-sprunkbop for ko
 (+15ms) 
01:33:16   ├─ /zh-fiddlebops-sprunki/index.html🔍 Processing fullSlug: zh-fiddlebops-sprunki, locale: en, baseSlug: zh-fiddlebops-sprunki
✅ Game loaded: zh-fiddlebops-sprunki for en
 (+12ms) 
01:33:16   ├─ /zh/zh-fiddlebops-sprunki/index.html🔍 Processing fullSlug: zh/zh-fiddlebops-sprunki, locale: zh, baseSlug: zh-fiddlebops-sprunki
✅ Game loaded: zh-fiddlebops-sprunki for zh
 (+13ms) 
01:33:16   ├─ /es/zh-fiddlebops-sprunki/index.html🔍 Processing fullSlug: es/zh-fiddlebops-sprunki, locale: es, baseSlug: zh-fiddlebops-sprunki
✅ Game loaded: zh-fiddlebops-sprunki for es
 (+11ms) 
01:33:16   ├─ /fr/zh-fiddlebops-sprunki/index.html🔍 Processing fullSlug: fr/zh-fiddlebops-sprunki, locale: fr, baseSlug: zh-fiddlebops-sprunki
✅ Game loaded: zh-fiddlebops-sprunki for fr
 (+11ms) 
01:33:16   ├─ /de/zh-fiddlebops-sprunki/index.html🔍 Processing fullSlug: de/zh-fiddlebops-sprunki, locale: de, baseSlug: zh-fiddlebops-sprunki
✅ Game loaded: zh-fiddlebops-sprunki for de
 (+11ms) 
01:33:16   ├─ /ja/zh-fiddlebops-sprunki/index.html🔍 Processing fullSlug: ja/zh-fiddlebops-sprunki, locale: ja, baseSlug: zh-fiddlebops-sprunki
✅ Game loaded: zh-fiddlebops-sprunki for ja
 (+11ms) 
01:33:16   ├─ /ko/zh-fiddlebops-sprunki/index.html🔍 Processing fullSlug: ko/zh-fiddlebops-sprunki, locale: ko, baseSlug: zh-fiddlebops-sprunki
✅ Game loaded: zh-fiddlebops-sprunki for ko
 (+11ms) 
01:33:16   ├─ /zh-fiddlebops-sprunksters-remix/index.html🔍 Processing fullSlug: zh-fiddlebops-sprunksters-remix, locale: en, baseSlug: zh-fiddlebops-sprunksters-remix
✅ Game loaded: zh-fiddlebops-sprunksters-remix for en
 (+11ms) 
01:33:16   ├─ /zh/zh-fiddlebops-sprunksters-remix/index.html🔍 Processing fullSlug: zh/zh-fiddlebops-sprunksters-remix, locale: zh, baseSlug: zh-fiddlebops-sprunksters-remix
✅ Game loaded: zh-fiddlebops-sprunksters-remix for zh
 (+11ms) 
01:33:16   ├─ /es/zh-fiddlebops-sprunksters-remix/index.html🔍 Processing fullSlug: es/zh-fiddlebops-sprunksters-remix, locale: es, baseSlug: zh-fiddlebops-sprunksters-remix
✅ Game loaded: zh-fiddlebops-sprunksters-remix for es
 (+11ms) 
01:33:16   ├─ /fr/zh-fiddlebops-sprunksters-remix/index.html🔍 Processing fullSlug: fr/zh-fiddlebops-sprunksters-remix, locale: fr, baseSlug: zh-fiddlebops-sprunksters-remix
✅ Game loaded: zh-fiddlebops-sprunksters-remix for fr
 (+10ms) 
01:33:16   ├─ /de/zh-fiddlebops-sprunksters-remix/index.html🔍 Processing fullSlug: de/zh-fiddlebops-sprunksters-remix, locale: de, baseSlug: zh-fiddlebops-sprunksters-remix
✅ Game loaded: zh-fiddlebops-sprunksters-remix for de
 (+11ms) 
01:33:16   ├─ /ja/zh-fiddlebops-sprunksters-remix/index.html🔍 Processing fullSlug: ja/zh-fiddlebops-sprunksters-remix, locale: ja, baseSlug: zh-fiddlebops-sprunksters-remix
✅ Game loaded: zh-fiddlebops-sprunksters-remix for ja
 (+11ms) 
01:33:16   ├─ /ko/zh-fiddlebops-sprunksters-remix/index.html🔍 Processing fullSlug: ko/zh-fiddlebops-sprunksters-remix, locale: ko, baseSlug: zh-fiddlebops-sprunksters-remix
✅ Game loaded: zh-fiddlebops-sprunksters-remix for ko
 (+10ms) 
01:33:16   ├─ /zh-incredibox-cool-as-ice/index.html🔍 Processing fullSlug: zh-incredibox-cool-as-ice, locale: en, baseSlug: zh-incredibox-cool-as-ice
✅ Game loaded: zh-incredibox-cool-as-ice for en
 (+13ms) 
01:33:16   ├─ /zh/zh-incredibox-cool-as-ice/index.html🔍 Processing fullSlug: zh/zh-incredibox-cool-as-ice, locale: zh, baseSlug: zh-incredibox-cool-as-ice
✅ Game loaded: zh-incredibox-cool-as-ice for zh
 (+13ms) 
01:33:16   ├─ /es/zh-incredibox-cool-as-ice/index.html🔍 Processing fullSlug: es/zh-incredibox-cool-as-ice, locale: es, baseSlug: zh-incredibox-cool-as-ice
✅ Game loaded: zh-incredibox-cool-as-ice for es
 (+11ms) 
01:33:16   ├─ /fr/zh-incredibox-cool-as-ice/index.html🔍 Processing fullSlug: fr/zh-incredibox-cool-as-ice, locale: fr, baseSlug: zh-incredibox-cool-as-ice
✅ Game loaded: zh-incredibox-cool-as-ice for fr
 (+11ms) 
01:33:16   ├─ /de/zh-incredibox-cool-as-ice/index.html🔍 Processing fullSlug: de/zh-incredibox-cool-as-ice, locale: de, baseSlug: zh-incredibox-cool-as-ice
✅ Game loaded: zh-incredibox-cool-as-ice for de
 (+11ms) 
01:33:16   ├─ /ja/zh-incredibox-cool-as-ice/index.html🔍 Processing fullSlug: ja/zh-incredibox-cool-as-ice, locale: ja, baseSlug: zh-incredibox-cool-as-ice
✅ Game loaded: zh-incredibox-cool-as-ice for ja
 (+10ms) 
01:33:16   ├─ /ko/zh-incredibox-cool-as-ice/index.html🔍 Processing fullSlug: ko/zh-incredibox-cool-as-ice, locale: ko, baseSlug: zh-incredibox-cool-as-ice
✅ Game loaded: zh-incredibox-cool-as-ice for ko
 (+11ms) 
01:33:16   ├─ /zh-incredibox-donki-abgerny/index.html🔍 Processing fullSlug: zh-incredibox-donki-abgerny, locale: en, baseSlug: zh-incredibox-donki-abgerny
✅ Game loaded: zh-incredibox-donki-abgerny for en
 (+12ms) 
01:33:16   ├─ /zh/zh-incredibox-donki-abgerny/index.html🔍 Processing fullSlug: zh/zh-incredibox-donki-abgerny, locale: zh, baseSlug: zh-incredibox-donki-abgerny
✅ Game loaded: zh-incredibox-donki-abgerny for zh
 (+11ms) 
01:33:16   ├─ /es/zh-incredibox-donki-abgerny/index.html🔍 Processing fullSlug: es/zh-incredibox-donki-abgerny, locale: es, baseSlug: zh-incredibox-donki-abgerny
✅ Game loaded: zh-incredibox-donki-abgerny for es
 (+11ms) 
01:33:16   ├─ /fr/zh-incredibox-donki-abgerny/index.html🔍 Processing fullSlug: fr/zh-incredibox-donki-abgerny, locale: fr, baseSlug: zh-incredibox-donki-abgerny
✅ Game loaded: zh-incredibox-donki-abgerny for fr
 (+11ms) 
01:33:16   ├─ /de/zh-incredibox-donki-abgerny/index.html🔍 Processing fullSlug: de/zh-incredibox-donki-abgerny, locale: de, baseSlug: zh-incredibox-donki-abgerny
✅ Game loaded: zh-incredibox-donki-abgerny for de
 (+11ms) 
01:33:16   ├─ /ja/zh-incredibox-donki-abgerny/index.html🔍 Processing fullSlug: ja/zh-incredibox-donki-abgerny, locale: ja, baseSlug: zh-incredibox-donki-abgerny
✅ Game loaded: zh-incredibox-donki-abgerny for ja
 (+11ms) 
01:33:16   ├─ /ko/zh-incredibox-donki-abgerny/index.html🔍 Processing fullSlug: ko/zh-incredibox-donki-abgerny, locale: ko, baseSlug: zh-incredibox-donki-abgerny
✅ Game loaded: zh-incredibox-donki-abgerny for ko
 (+11ms) 
01:33:16   ├─ /zh-incredibox-shatter-sprunk/index.html🔍 Processing fullSlug: zh-incredibox-shatter-sprunk, locale: en, baseSlug: zh-incredibox-shatter-sprunk
✅ Game loaded: zh-incredibox-shatter-sprunk for en
 (+13ms) 
01:33:16   ├─ /zh/zh-incredibox-shatter-sprunk/index.html🔍 Processing fullSlug: zh/zh-incredibox-shatter-sprunk, locale: zh, baseSlug: zh-incredibox-shatter-sprunk
✅ Game loaded: zh-incredibox-shatter-sprunk for zh
 (+12ms) 
01:33:16   ├─ /es/zh-incredibox-shatter-sprunk/index.html🔍 Processing fullSlug: es/zh-incredibox-shatter-sprunk, locale: es, baseSlug: zh-incredibox-shatter-sprunk
✅ Game loaded: zh-incredibox-shatter-sprunk for es
 (+11ms) 
01:33:16   ├─ /fr/zh-incredibox-shatter-sprunk/index.html🔍 Processing fullSlug: fr/zh-incredibox-shatter-sprunk, locale: fr, baseSlug: zh-incredibox-shatter-sprunk
✅ Game loaded: zh-incredibox-shatter-sprunk for fr
 (+11ms) 
01:33:16   ├─ /de/zh-incredibox-shatter-sprunk/index.html🔍 Processing fullSlug: de/zh-incredibox-shatter-sprunk, locale: de, baseSlug: zh-incredibox-shatter-sprunk
✅ Game loaded: zh-incredibox-shatter-sprunk for de
 (+10ms) 
01:33:16   ├─ /ja/zh-incredibox-shatter-sprunk/index.html🔍 Processing fullSlug: ja/zh-incredibox-shatter-sprunk, locale: ja, baseSlug: zh-incredibox-shatter-sprunk
✅ Game loaded: zh-incredibox-shatter-sprunk for ja
 (+10ms) 
01:33:16   ├─ /ko/zh-incredibox-shatter-sprunk/index.html🔍 Processing fullSlug: ko/zh-incredibox-shatter-sprunk, locale: ko, baseSlug: zh-incredibox-shatter-sprunk
✅ Game loaded: zh-incredibox-shatter-sprunk for ko
 (+11ms) 
01:33:16   ├─ /zh-incredibox-sprinkle/index.html🔍 Processing fullSlug: zh-incredibox-sprinkle, locale: en, baseSlug: zh-incredibox-sprinkle
✅ Game loaded: zh-incredibox-sprinkle for en
 (+11ms) 
01:33:16   ├─ /zh/zh-incredibox-sprinkle/index.html🔍 Processing fullSlug: zh/zh-incredibox-sprinkle, locale: zh, baseSlug: zh-incredibox-sprinkle
✅ Game loaded: zh-incredibox-sprinkle for zh
 (+11ms) 
01:33:16   ├─ /es/zh-incredibox-sprinkle/index.html🔍 Processing fullSlug: es/zh-incredibox-sprinkle, locale: es, baseSlug: zh-incredibox-sprinkle
✅ Game loaded: zh-incredibox-sprinkle for es
 (+11ms) 
01:33:16   ├─ /fr/zh-incredibox-sprinkle/index.html🔍 Processing fullSlug: fr/zh-incredibox-sprinkle, locale: fr, baseSlug: zh-incredibox-sprinkle
✅ Game loaded: zh-incredibox-sprinkle for fr
 (+11ms) 
01:33:16   ├─ /de/zh-incredibox-sprinkle/index.html🔍 Processing fullSlug: de/zh-incredibox-sprinkle, locale: de, baseSlug: zh-incredibox-sprinkle
✅ Game loaded: zh-incredibox-sprinkle for de
 (+11ms) 
01:33:16   ├─ /ja/zh-incredibox-sprinkle/index.html🔍 Processing fullSlug: ja/zh-incredibox-sprinkle, locale: ja, baseSlug: zh-incredibox-sprinkle
✅ Game loaded: zh-incredibox-sprinkle for ja
 (+11ms) 
01:33:16   ├─ /ko/zh-incredibox-sprinkle/index.html🔍 Processing fullSlug: ko/zh-incredibox-sprinkle, locale: ko, baseSlug: zh-incredibox-sprinkle
✅ Game loaded: zh-incredibox-sprinkle for ko
 (+14ms) 
01:33:16   ├─ /zh-incredibox-sprunksters/index.html🔍 Processing fullSlug: zh-incredibox-sprunksters, locale: en, baseSlug: zh-incredibox-sprunksters
✅ Game loaded: zh-incredibox-sprunksters for en
 (+14ms) 
01:33:16   ├─ /zh/zh-incredibox-sprunksters/index.html🔍 Processing fullSlug: zh/zh-incredibox-sprunksters, locale: zh, baseSlug: zh-incredibox-sprunksters
✅ Game loaded: zh-incredibox-sprunksters for zh
 (+14ms) 
01:33:16   ├─ /es/zh-incredibox-sprunksters/index.html🔍 Processing fullSlug: es/zh-incredibox-sprunksters, locale: es, baseSlug: zh-incredibox-sprunksters
✅ Game loaded: zh-incredibox-sprunksters for es
 (+10ms) 
01:33:16   ├─ /fr/zh-incredibox-sprunksters/index.html🔍 Processing fullSlug: fr/zh-incredibox-sprunksters, locale: fr, baseSlug: zh-incredibox-sprunksters
✅ Game loaded: zh-incredibox-sprunksters for fr
 (+11ms) 
01:33:16   ├─ /de/zh-incredibox-sprunksters/index.html🔍 Processing fullSlug: de/zh-incredibox-sprunksters, locale: de, baseSlug: zh-incredibox-sprunksters
✅ Game loaded: zh-incredibox-sprunksters for de
 (+10ms) 
01:33:16   ├─ /ja/zh-incredibox-sprunksters/index.html🔍 Processing fullSlug: ja/zh-incredibox-sprunksters, locale: ja, baseSlug: zh-incredibox-sprunksters
✅ Game loaded: zh-incredibox-sprunksters for ja
 (+10ms) 
01:33:16   ├─ /ko/zh-incredibox-sprunksters/index.html🔍 Processing fullSlug: ko/zh-incredibox-sprunksters, locale: ko, baseSlug: zh-incredibox-sprunksters
✅ Game loaded: zh-incredibox-sprunksters for ko
 (+11ms) 
01:33:16   ├─ /zh-mountayonnaise/index.html🔍 Processing fullSlug: zh-mountayonnaise, locale: en, baseSlug: zh-mountayonnaise
✅ Game loaded: zh-mountayonnaise for en
 (+11ms) 
01:33:16   ├─ /zh/zh-mountayonnaise/index.html🔍 Processing fullSlug: zh/zh-mountayonnaise, locale: zh, baseSlug: zh-mountayonnaise
✅ Game loaded: zh-mountayonnaise for zh
 (+12ms) 
01:33:16   ├─ /es/zh-mountayonnaise/index.html🔍 Processing fullSlug: es/zh-mountayonnaise, locale: es, baseSlug: zh-mountayonnaise
✅ Game loaded: zh-mountayonnaise for es
 (+11ms) 
01:33:16   ├─ /fr/zh-mountayonnaise/index.html🔍 Processing fullSlug: fr/zh-mountayonnaise, locale: fr, baseSlug: zh-mountayonnaise
✅ Game loaded: zh-mountayonnaise for fr
 (+10ms) 
01:33:16   ├─ /de/zh-mountayonnaise/index.html🔍 Processing fullSlug: de/zh-mountayonnaise, locale: de, baseSlug: zh-mountayonnaise
✅ Game loaded: zh-mountayonnaise for de
 (+10ms) 
01:33:16   ├─ /ja/zh-mountayonnaise/index.html🔍 Processing fullSlug: ja/zh-mountayonnaise, locale: ja, baseSlug: zh-mountayonnaise
✅ Game loaded: zh-mountayonnaise for ja
 (+11ms) 
01:33:16   ├─ /ko/zh-mountayonnaise/index.html🔍 Processing fullSlug: ko/zh-mountayonnaise, locale: ko, baseSlug: zh-mountayonnaise
✅ Game loaded: zh-mountayonnaise for ko
 (+11ms) 
01:33:16   ├─ /zh-incredibox/index.html🔍 Processing fullSlug: zh-incredibox, locale: en, baseSlug: zh-incredibox
✅ Game loaded: zh-incredibox for en
 (+11ms) 
01:33:16   ├─ /zh/zh-incredibox/index.html🔍 Processing fullSlug: zh/zh-incredibox, locale: zh, baseSlug: zh-incredibox
✅ Game loaded: zh-incredibox for zh
 (+11ms) 
01:33:16   ├─ /es/zh-incredibox/index.html🔍 Processing fullSlug: es/zh-incredibox, locale: es, baseSlug: zh-incredibox
✅ Game loaded: zh-incredibox for es
 (+11ms) 
01:33:17   ├─ /fr/zh-incredibox/index.html🔍 Processing fullSlug: fr/zh-incredibox, locale: fr, baseSlug: zh-incredibox
✅ Game loaded: zh-incredibox for fr
 (+11ms) 
01:33:17   ├─ /de/zh-incredibox/index.html🔍 Processing fullSlug: de/zh-incredibox, locale: de, baseSlug: zh-incredibox
✅ Game loaded: zh-incredibox for de
 (+10ms) 
01:33:17   ├─ /ja/zh-incredibox/index.html🔍 Processing fullSlug: ja/zh-incredibox, locale: ja, baseSlug: zh-incredibox
✅ Game loaded: zh-incredibox for ja
 (+11ms) 
01:33:17   ├─ /ko/zh-incredibox/index.html🔍 Processing fullSlug: ko/zh-incredibox, locale: ko, baseSlug: zh-incredibox
✅ Game loaded: zh-incredibox for ko
 (+12ms) 
01:33:17   ├─ /zh-incredibox-yellow-colorbox/index.html🔍 Processing fullSlug: zh-incredibox-yellow-colorbox, locale: en, baseSlug: zh-incredibox-yellow-colorbox
✅ Game loaded: zh-incredibox-yellow-colorbox for en
 (+18ms) 
01:33:17   ├─ /zh/zh-incredibox-yellow-colorbox/index.html🔍 Processing fullSlug: zh/zh-incredibox-yellow-colorbox, locale: zh, baseSlug: zh-incredibox-yellow-colorbox
✅ Game loaded: zh-incredibox-yellow-colorbox for zh
 (+21ms) 
01:33:17   ├─ /es/zh-incredibox-yellow-colorbox/index.html🔍 Processing fullSlug: es/zh-incredibox-yellow-colorbox, locale: es, baseSlug: zh-incredibox-yellow-colorbox
✅ Game loaded: zh-incredibox-yellow-colorbox for es
 (+11ms) 
01:33:17   ├─ /fr/zh-incredibox-yellow-colorbox/index.html🔍 Processing fullSlug: fr/zh-incredibox-yellow-colorbox, locale: fr, baseSlug: zh-incredibox-yellow-colorbox
✅ Game loaded: zh-incredibox-yellow-colorbox for fr
 (+11ms) 
01:33:17   ├─ /de/zh-incredibox-yellow-colorbox/index.html🔍 Processing fullSlug: de/zh-incredibox-yellow-colorbox, locale: de, baseSlug: zh-incredibox-yellow-colorbox
✅ Game loaded: zh-incredibox-yellow-colorbox for de
 (+10ms) 
01:33:17   ├─ /ja/zh-incredibox-yellow-colorbox/index.html🔍 Processing fullSlug: ja/zh-incredibox-yellow-colorbox, locale: ja, baseSlug: zh-incredibox-yellow-colorbox
✅ Game loaded: zh-incredibox-yellow-colorbox for ja
 (+11ms) 
01:33:17   ├─ /ko/zh-incredibox-yellow-colorbox/index.html🔍 Processing fullSlug: ko/zh-incredibox-yellow-colorbox, locale: ko, baseSlug: zh-incredibox-yellow-colorbox
✅ Game loaded: zh-incredibox-yellow-colorbox for ko
 (+11ms) 
01:33:17   ├─ /zh-mundo-torajo-sprunki/index.html🔍 Processing fullSlug: zh-mundo-torajo-sprunki, locale: en, baseSlug: zh-mundo-torajo-sprunki
✅ Game loaded: zh-mundo-torajo-sprunki for en
 (+11ms) 
01:33:17   ├─ /zh/zh-mundo-torajo-sprunki/index.html🔍 Processing fullSlug: zh/zh-mundo-torajo-sprunki, locale: zh, baseSlug: zh-mundo-torajo-sprunki
✅ Game loaded: zh-mundo-torajo-sprunki for zh
 (+11ms) 
01:33:17   ├─ /es/zh-mundo-torajo-sprunki/index.html🔍 Processing fullSlug: es/zh-mundo-torajo-sprunki, locale: es, baseSlug: zh-mundo-torajo-sprunki
✅ Game loaded: zh-mundo-torajo-sprunki for es
 (+11ms) 
01:33:17   ├─ /fr/zh-mundo-torajo-sprunki/index.html🔍 Processing fullSlug: fr/zh-mundo-torajo-sprunki, locale: fr, baseSlug: zh-mundo-torajo-sprunki
✅ Game loaded: zh-mundo-torajo-sprunki for fr
 (+11ms) 
01:33:17   ├─ /de/zh-mundo-torajo-sprunki/index.html🔍 Processing fullSlug: de/zh-mundo-torajo-sprunki, locale: de, baseSlug: zh-mundo-torajo-sprunki
✅ Game loaded: zh-mundo-torajo-sprunki for de
 (+11ms) 
01:33:17   ├─ /ja/zh-mundo-torajo-sprunki/index.html🔍 Processing fullSlug: ja/zh-mundo-torajo-sprunki, locale: ja, baseSlug: zh-mundo-torajo-sprunki
✅ Game loaded: zh-mundo-torajo-sprunki for ja
 (+11ms) 
01:33:17   ├─ /ko/zh-mundo-torajo-sprunki/index.html🔍 Processing fullSlug: ko/zh-mundo-torajo-sprunki, locale: ko, baseSlug: zh-mundo-torajo-sprunki
✅ Game loaded: zh-mundo-torajo-sprunki for ko
 (+11ms) 
01:33:17   ├─ /zh-pikmin-no-sprunki/index.html🔍 Processing fullSlug: zh-pikmin-no-sprunki, locale: en, baseSlug: zh-pikmin-no-sprunki
✅ Game loaded: zh-pikmin-no-sprunki for en
 (+12ms) 
01:33:17   ├─ /zh/zh-pikmin-no-sprunki/index.html🔍 Processing fullSlug: zh/zh-pikmin-no-sprunki, locale: zh, baseSlug: zh-pikmin-no-sprunki
✅ Game loaded: zh-pikmin-no-sprunki for zh
 (+12ms) 
01:33:17   ├─ /es/zh-pikmin-no-sprunki/index.html🔍 Processing fullSlug: es/zh-pikmin-no-sprunki, locale: es, baseSlug: zh-pikmin-no-sprunki
✅ Game loaded: zh-pikmin-no-sprunki for es
 (+11ms) 
01:33:17   ├─ /fr/zh-pikmin-no-sprunki/index.html🔍 Processing fullSlug: fr/zh-pikmin-no-sprunki, locale: fr, baseSlug: zh-pikmin-no-sprunki
✅ Game loaded: zh-pikmin-no-sprunki for fr
 (+11ms) 
01:33:17   ├─ /de/zh-pikmin-no-sprunki/index.html🔍 Processing fullSlug: de/zh-pikmin-no-sprunki, locale: de, baseSlug: zh-pikmin-no-sprunki
✅ Game loaded: zh-pikmin-no-sprunki for de
 (+11ms) 
01:33:17   ├─ /ja/zh-pikmin-no-sprunki/index.html🔍 Processing fullSlug: ja/zh-pikmin-no-sprunki, locale: ja, baseSlug: zh-pikmin-no-sprunki
✅ Game loaded: zh-pikmin-no-sprunki for ja
 (+11ms) 
01:33:17   ├─ /ko/zh-pikmin-no-sprunki/index.html🔍 Processing fullSlug: ko/zh-pikmin-no-sprunki, locale: ko, baseSlug: zh-pikmin-no-sprunki
✅ Game loaded: zh-pikmin-no-sprunki for ko
 (+12ms) 
01:33:17   ├─ /zh-sprunkgerny/index.html🔍 Processing fullSlug: zh-sprunkgerny, locale: en, baseSlug: zh-sprunkgerny
✅ Game loaded: zh-sprunkgerny for en
 (+12ms) 
01:33:17   ├─ /zh/zh-sprunkgerny/index.html🔍 Processing fullSlug: zh/zh-sprunkgerny, locale: zh, baseSlug: zh-sprunkgerny
✅ Game loaded: zh-sprunkgerny for zh
 (+10ms) 
01:33:17   ├─ /es/zh-sprunkgerny/index.html🔍 Processing fullSlug: es/zh-sprunkgerny, locale: es, baseSlug: zh-sprunkgerny
✅ Game loaded: zh-sprunkgerny for es
 (+11ms) 
01:33:17   ├─ /fr/zh-sprunkgerny/index.html🔍 Processing fullSlug: fr/zh-sprunkgerny, locale: fr, baseSlug: zh-sprunkgerny
✅ Game loaded: zh-sprunkgerny for fr
 (+11ms) 
01:33:17   ├─ /de/zh-sprunkgerny/index.html🔍 Processing fullSlug: de/zh-sprunkgerny, locale: de, baseSlug: zh-sprunkgerny
✅ Game loaded: zh-sprunkgerny for de
 (+10ms) 
01:33:17   ├─ /ja/zh-sprunkgerny/index.html🔍 Processing fullSlug: ja/zh-sprunkgerny, locale: ja, baseSlug: zh-sprunkgerny
✅ Game loaded: zh-sprunkgerny for ja
 (+11ms) 
01:33:17   ├─ /ko/zh-sprunkgerny/index.html🔍 Processing fullSlug: ko/zh-sprunkgerny, locale: ko, baseSlug: zh-sprunkgerny
✅ Game loaded: zh-sprunkgerny for ko
 (+11ms) 
01:33:17   ├─ /zh-sprunki-abgerny/index.html🔍 Processing fullSlug: zh-sprunki-abgerny, locale: en, baseSlug: zh-sprunki-abgerny
✅ Game loaded: zh-sprunki-abgerny for en
 (+13ms) 
01:33:17   ├─ /zh/zh-sprunki-abgerny/index.html🔍 Processing fullSlug: zh/zh-sprunki-abgerny, locale: zh, baseSlug: zh-sprunki-abgerny
✅ Game loaded: zh-sprunki-abgerny for zh
 (+19ms) 
01:33:17   ├─ /es/zh-sprunki-abgerny/index.html🔍 Processing fullSlug: es/zh-sprunki-abgerny, locale: es, baseSlug: zh-sprunki-abgerny
✅ Game loaded: zh-sprunki-abgerny for es
 (+11ms) 
01:33:17   ├─ /fr/zh-sprunki-abgerny/index.html🔍 Processing fullSlug: fr/zh-sprunki-abgerny, locale: fr, baseSlug: zh-sprunki-abgerny
✅ Game loaded: zh-sprunki-abgerny for fr
 (+11ms) 
01:33:17   ├─ /de/zh-sprunki-abgerny/index.html🔍 Processing fullSlug: de/zh-sprunki-abgerny, locale: de, baseSlug: zh-sprunki-abgerny
✅ Game loaded: zh-sprunki-abgerny for de
 (+11ms) 
01:33:17   ├─ /ja/zh-sprunki-abgerny/index.html🔍 Processing fullSlug: ja/zh-sprunki-abgerny, locale: ja, baseSlug: zh-sprunki-abgerny
✅ Game loaded: zh-sprunki-abgerny for ja
 (+11ms) 
01:33:17   ├─ /ko/zh-sprunki-abgerny/index.html🔍 Processing fullSlug: ko/zh-sprunki-abgerny, locale: ko, baseSlug: zh-sprunki-abgerny
✅ Game loaded: zh-sprunki-abgerny for ko
 (+10ms) 
01:33:17   ├─ /zh-sprunki-babies/index.html🔍 Processing fullSlug: zh-sprunki-babies, locale: en, baseSlug: zh-sprunki-babies
✅ Game loaded: zh-sprunki-babies for en
 (+11ms) 
01:33:17   ├─ /zh/zh-sprunki-babies/index.html🔍 Processing fullSlug: zh/zh-sprunki-babies, locale: zh, baseSlug: zh-sprunki-babies
✅ Game loaded: zh-sprunki-babies for zh
 (+12ms) 
01:33:17   ├─ /es/zh-sprunki-babies/index.html🔍 Processing fullSlug: es/zh-sprunki-babies, locale: es, baseSlug: zh-sprunki-babies
✅ Game loaded: zh-sprunki-babies for es
 (+12ms) 
01:33:17   ├─ /fr/zh-sprunki-babies/index.html🔍 Processing fullSlug: fr/zh-sprunki-babies, locale: fr, baseSlug: zh-sprunki-babies
✅ Game loaded: zh-sprunki-babies for fr
 (+12ms) 
01:33:17   ├─ /de/zh-sprunki-babies/index.html🔍 Processing fullSlug: de/zh-sprunki-babies, locale: de, baseSlug: zh-sprunki-babies
✅ Game loaded: zh-sprunki-babies for de
 (+11ms) 
01:33:17   ├─ /ja/zh-sprunki-babies/index.html🔍 Processing fullSlug: ja/zh-sprunki-babies, locale: ja, baseSlug: zh-sprunki-babies
✅ Game loaded: zh-sprunki-babies for ja
 (+11ms) 
01:33:17   ├─ /ko/zh-sprunki-babies/index.html🔍 Processing fullSlug: ko/zh-sprunki-babies, locale: ko, baseSlug: zh-sprunki-babies
✅ Game loaded: zh-sprunki-babies for ko
 (+11ms) 
01:33:17   ├─ /zh-sprunki-1996/index.html🔍 Processing fullSlug: zh-sprunki-1996, locale: en, baseSlug: zh-sprunki-1996
✅ Game loaded: zh-sprunki-1996 for en
 (+12ms) 
01:33:17   ├─ /zh/zh-sprunki-1996/index.html🔍 Processing fullSlug: zh/zh-sprunki-1996, locale: zh, baseSlug: zh-sprunki-1996
✅ Game loaded: zh-sprunki-1996 for zh
 (+14ms) 
01:33:17   ├─ /es/zh-sprunki-1996/index.html🔍 Processing fullSlug: es/zh-sprunki-1996, locale: es, baseSlug: zh-sprunki-1996
✅ Game loaded: zh-sprunki-1996 for es
 (+11ms) 
01:33:17   ├─ /fr/zh-sprunki-1996/index.html🔍 Processing fullSlug: fr/zh-sprunki-1996, locale: fr, baseSlug: zh-sprunki-1996
✅ Game loaded: zh-sprunki-1996 for fr
 (+10ms) 
01:33:17   ├─ /de/zh-sprunki-1996/index.html🔍 Processing fullSlug: de/zh-sprunki-1996, locale: de, baseSlug: zh-sprunki-1996
✅ Game loaded: zh-sprunki-1996 for de
 (+11ms) 
01:33:17   ├─ /ja/zh-sprunki-1996/index.html🔍 Processing fullSlug: ja/zh-sprunki-1996, locale: ja, baseSlug: zh-sprunki-1996
✅ Game loaded: zh-sprunki-1996 for ja
 (+11ms) 
01:33:17   ├─ /ko/zh-sprunki-1996/index.html🔍 Processing fullSlug: ko/zh-sprunki-1996, locale: ko, baseSlug: zh-sprunki-1996
✅ Game loaded: zh-sprunki-1996 for ko
 (+10ms) 
01:33:17   ├─ /zh-sprunki-basical/index.html🔍 Processing fullSlug: zh-sprunki-basical, locale: en, baseSlug: zh-sprunki-basical
✅ Game loaded: zh-sprunki-basical for en
 (+12ms) 
01:33:17   ├─ /zh/zh-sprunki-basical/index.html🔍 Processing fullSlug: zh/zh-sprunki-basical, locale: zh, baseSlug: zh-sprunki-basical
✅ Game loaded: zh-sprunki-basical for zh
 (+11ms) 
01:33:17   ├─ /es/zh-sprunki-basical/index.html🔍 Processing fullSlug: es/zh-sprunki-basical, locale: es, baseSlug: zh-sprunki-basical
✅ Game loaded: zh-sprunki-basical for es
 (+11ms) 
01:33:17   ├─ /fr/zh-sprunki-basical/index.html🔍 Processing fullSlug: fr/zh-sprunki-basical, locale: fr, baseSlug: zh-sprunki-basical
✅ Game loaded: zh-sprunki-basical for fr
 (+11ms) 
01:33:17   ├─ /de/zh-sprunki-basical/index.html🔍 Processing fullSlug: de/zh-sprunki-basical, locale: de, baseSlug: zh-sprunki-basical
✅ Game loaded: zh-sprunki-basical for de
 (+11ms) 
01:33:17   ├─ /ja/zh-sprunki-basical/index.html🔍 Processing fullSlug: ja/zh-sprunki-basical, locale: ja, baseSlug: zh-sprunki-basical
✅ Game loaded: zh-sprunki-basical for ja
 (+11ms) 
01:33:17   ├─ /ko/zh-sprunki-basical/index.html🔍 Processing fullSlug: ko/zh-sprunki-basical, locale: ko, baseSlug: zh-sprunki-basical
✅ Game loaded: zh-sprunki-basical for ko
 (+11ms) 
01:33:17   ├─ /zh-sprunki-but-with-memes/index.html🔍 Processing fullSlug: zh-sprunki-but-with-memes, locale: en, baseSlug: zh-sprunki-but-with-memes
✅ Game loaded: zh-sprunki-but-with-memes for en
 (+16ms) 
01:33:17   ├─ /zh/zh-sprunki-but-with-memes/index.html🔍 Processing fullSlug: zh/zh-sprunki-but-with-memes, locale: zh, baseSlug: zh-sprunki-but-with-memes
✅ Game loaded: zh-sprunki-but-with-memes for zh
 (+17ms) 
01:33:17   ├─ /es/zh-sprunki-but-with-memes/index.html🔍 Processing fullSlug: es/zh-sprunki-but-with-memes, locale: es, baseSlug: zh-sprunki-but-with-memes
✅ Game loaded: zh-sprunki-but-with-memes for es
 (+11ms) 
01:33:17   ├─ /fr/zh-sprunki-but-with-memes/index.html🔍 Processing fullSlug: fr/zh-sprunki-but-with-memes, locale: fr, baseSlug: zh-sprunki-but-with-memes
✅ Game loaded: zh-sprunki-but-with-memes for fr
 (+11ms) 
01:33:17   ├─ /de/zh-sprunki-but-with-memes/index.html🔍 Processing fullSlug: de/zh-sprunki-but-with-memes, locale: de, baseSlug: zh-sprunki-but-with-memes
✅ Game loaded: zh-sprunki-but-with-memes for de
 (+10ms) 
01:33:17   ├─ /ja/zh-sprunki-but-with-memes/index.html🔍 Processing fullSlug: ja/zh-sprunki-but-with-memes, locale: ja, baseSlug: zh-sprunki-but-with-memes
✅ Game loaded: zh-sprunki-but-with-memes for ja
 (+11ms) 
01:33:17   ├─ /ko/zh-sprunki-but-with-memes/index.html🔍 Processing fullSlug: ko/zh-sprunki-but-with-memes, locale: ko, baseSlug: zh-sprunki-but-with-memes
✅ Game loaded: zh-sprunki-but-with-memes for ko
 (+11ms) 
01:33:17   ├─ /zh-sprunki-cool-as-ice/index.html🔍 Processing fullSlug: zh-sprunki-cool-as-ice, locale: en, baseSlug: zh-sprunki-cool-as-ice
✅ Game loaded: zh-sprunki-cool-as-ice for en
 (+12ms) 
01:33:17   ├─ /zh/zh-sprunki-cool-as-ice/index.html🔍 Processing fullSlug: zh/zh-sprunki-cool-as-ice, locale: zh, baseSlug: zh-sprunki-cool-as-ice
✅ Game loaded: zh-sprunki-cool-as-ice for zh
 (+11ms) 
01:33:17   ├─ /es/zh-sprunki-cool-as-ice/index.html🔍 Processing fullSlug: es/zh-sprunki-cool-as-ice, locale: es, baseSlug: zh-sprunki-cool-as-ice
✅ Game loaded: zh-sprunki-cool-as-ice for es
 (+11ms) 
01:33:17   ├─ /fr/zh-sprunki-cool-as-ice/index.html🔍 Processing fullSlug: fr/zh-sprunki-cool-as-ice, locale: fr, baseSlug: zh-sprunki-cool-as-ice
✅ Game loaded: zh-sprunki-cool-as-ice for fr
 (+11ms) 
01:33:17   ├─ /de/zh-sprunki-cool-as-ice/index.html🔍 Processing fullSlug: de/zh-sprunki-cool-as-ice, locale: de, baseSlug: zh-sprunki-cool-as-ice
✅ Game loaded: zh-sprunki-cool-as-ice for de
 (+11ms) 
01:33:17   ├─ /ja/zh-sprunki-cool-as-ice/index.html🔍 Processing fullSlug: ja/zh-sprunki-cool-as-ice, locale: ja, baseSlug: zh-sprunki-cool-as-ice
✅ Game loaded: zh-sprunki-cool-as-ice for ja
 (+11ms) 
01:33:17   ├─ /ko/zh-sprunki-cool-as-ice/index.html🔍 Processing fullSlug: ko/zh-sprunki-cool-as-ice, locale: ko, baseSlug: zh-sprunki-cool-as-ice
✅ Game loaded: zh-sprunki-cool-as-ice for ko
 (+12ms) 
01:33:17   ├─ /zh-sprunki-christmas/index.html🔍 Processing fullSlug: zh-sprunki-christmas, locale: en, baseSlug: zh-sprunki-christmas
✅ Game loaded: zh-sprunki-christmas for en
 (+12ms) 
01:33:17   ├─ /zh/zh-sprunki-christmas/index.html🔍 Processing fullSlug: zh/zh-sprunki-christmas, locale: zh, baseSlug: zh-sprunki-christmas
✅ Game loaded: zh-sprunki-christmas for zh
 (+13ms) 
01:33:17   ├─ /es/zh-sprunki-christmas/index.html🔍 Processing fullSlug: es/zh-sprunki-christmas, locale: es, baseSlug: zh-sprunki-christmas
✅ Game loaded: zh-sprunki-christmas for es
 (+12ms) 
01:33:17   ├─ /fr/zh-sprunki-christmas/index.html🔍 Processing fullSlug: fr/zh-sprunki-christmas, locale: fr, baseSlug: zh-sprunki-christmas
✅ Game loaded: zh-sprunki-christmas for fr
 (+11ms) 
01:33:17   ├─ /de/zh-sprunki-christmas/index.html🔍 Processing fullSlug: de/zh-sprunki-christmas, locale: de, baseSlug: zh-sprunki-christmas
✅ Game loaded: zh-sprunki-christmas for de
 (+11ms) 
01:33:17   ├─ /ja/zh-sprunki-christmas/index.html🔍 Processing fullSlug: ja/zh-sprunki-christmas, locale: ja, baseSlug: zh-sprunki-christmas
✅ Game loaded: zh-sprunki-christmas for ja
 (+11ms) 
01:33:17   ├─ /ko/zh-sprunki-christmas/index.html🔍 Processing fullSlug: ko/zh-sprunki-christmas, locale: ko, baseSlug: zh-sprunki-christmas
✅ Game loaded: zh-sprunki-christmas for ko
 (+11ms) 
01:33:17   ├─ /zh-sprunki-craft/index.html🔍 Processing fullSlug: zh-sprunki-craft, locale: en, baseSlug: zh-sprunki-craft
✅ Game loaded: zh-sprunki-craft for en
 (+11ms) 
01:33:17   ├─ /zh/zh-sprunki-craft/index.html🔍 Processing fullSlug: zh/zh-sprunki-craft, locale: zh, baseSlug: zh-sprunki-craft
✅ Game loaded: zh-sprunki-craft for zh
 (+11ms) 
01:33:17   ├─ /es/zh-sprunki-craft/index.html🔍 Processing fullSlug: es/zh-sprunki-craft, locale: es, baseSlug: zh-sprunki-craft
✅ Game loaded: zh-sprunki-craft for es
 (+11ms) 
01:33:17   ├─ /fr/zh-sprunki-craft/index.html🔍 Processing fullSlug: fr/zh-sprunki-craft, locale: fr, baseSlug: zh-sprunki-craft
✅ Game loaded: zh-sprunki-craft for fr
 (+11ms) 
01:33:17   ├─ /de/zh-sprunki-craft/index.html🔍 Processing fullSlug: de/zh-sprunki-craft, locale: de, baseSlug: zh-sprunki-craft
✅ Game loaded: zh-sprunki-craft for de
 (+11ms) 
01:33:17   ├─ /ja/zh-sprunki-craft/index.html🔍 Processing fullSlug: ja/zh-sprunki-craft, locale: ja, baseSlug: zh-sprunki-craft
✅ Game loaded: zh-sprunki-craft for ja
 (+11ms) 
01:33:18   ├─ /ko/zh-sprunki-craft/index.html🔍 Processing fullSlug: ko/zh-sprunki-craft, locale: ko, baseSlug: zh-sprunki-craft
✅ Game loaded: zh-sprunki-craft for ko
 (+12ms) 
01:33:18   ├─ /zh-sprunki-dandys-world/index.html🔍 Processing fullSlug: zh-sprunki-dandys-world, locale: en, baseSlug: zh-sprunki-dandys-world
✅ Game loaded: zh-sprunki-dandys-world for en
 (+13ms) 
01:33:18   ├─ /zh/zh-sprunki-dandys-world/index.html🔍 Processing fullSlug: zh/zh-sprunki-dandys-world, locale: zh, baseSlug: zh-sprunki-dandys-world
✅ Game loaded: zh-sprunki-dandys-world for zh
 (+13ms) 
01:33:18   ├─ /es/zh-sprunki-dandys-world/index.html🔍 Processing fullSlug: es/zh-sprunki-dandys-world, locale: es, baseSlug: zh-sprunki-dandys-world
✅ Game loaded: zh-sprunki-dandys-world for es
 (+11ms) 
01:33:18   ├─ /fr/zh-sprunki-dandys-world/index.html🔍 Processing fullSlug: fr/zh-sprunki-dandys-world, locale: fr, baseSlug: zh-sprunki-dandys-world
✅ Game loaded: zh-sprunki-dandys-world for fr
 (+11ms) 
01:33:18   ├─ /de/zh-sprunki-dandys-world/index.html🔍 Processing fullSlug: de/zh-sprunki-dandys-world, locale: de, baseSlug: zh-sprunki-dandys-world
✅ Game loaded: zh-sprunki-dandys-world for de
 (+10ms) 
01:33:18   ├─ /ja/zh-sprunki-dandys-world/index.html🔍 Processing fullSlug: ja/zh-sprunki-dandys-world, locale: ja, baseSlug: zh-sprunki-dandys-world
✅ Game loaded: zh-sprunki-dandys-world for ja
 (+11ms) 
01:33:18   ├─ /ko/zh-sprunki-dandys-world/index.html🔍 Processing fullSlug: ko/zh-sprunki-dandys-world, locale: ko, baseSlug: zh-sprunki-dandys-world
✅ Game loaded: zh-sprunki-dandys-world for ko
 (+10ms) 
01:33:18   ├─ /zh-sprunki-eggs-mix/index.html🔍 Processing fullSlug: zh-sprunki-eggs-mix, locale: en, baseSlug: zh-sprunki-eggs-mix
✅ Game loaded: zh-sprunki-eggs-mix for en
 (+12ms) 
01:33:18   ├─ /zh/zh-sprunki-eggs-mix/index.html🔍 Processing fullSlug: zh/zh-sprunki-eggs-mix, locale: zh, baseSlug: zh-sprunki-eggs-mix
✅ Game loaded: zh-sprunki-eggs-mix for zh
 (+11ms) 
01:33:18   ├─ /es/zh-sprunki-eggs-mix/index.html🔍 Processing fullSlug: es/zh-sprunki-eggs-mix, locale: es, baseSlug: zh-sprunki-eggs-mix
✅ Game loaded: zh-sprunki-eggs-mix for es
 (+11ms) 
01:33:18   ├─ /fr/zh-sprunki-eggs-mix/index.html🔍 Processing fullSlug: fr/zh-sprunki-eggs-mix, locale: fr, baseSlug: zh-sprunki-eggs-mix
✅ Game loaded: zh-sprunki-eggs-mix for fr
 (+11ms) 
01:33:18   ├─ /de/zh-sprunki-eggs-mix/index.html🔍 Processing fullSlug: de/zh-sprunki-eggs-mix, locale: de, baseSlug: zh-sprunki-eggs-mix
✅ Game loaded: zh-sprunki-eggs-mix for de
 (+11ms) 
01:33:18   ├─ /ja/zh-sprunki-eggs-mix/index.html🔍 Processing fullSlug: ja/zh-sprunki-eggs-mix, locale: ja, baseSlug: zh-sprunki-eggs-mix
✅ Game loaded: zh-sprunki-eggs-mix for ja
 (+11ms) 
01:33:18   ├─ /ko/zh-sprunki-eggs-mix/index.html🔍 Processing fullSlug: ko/zh-sprunki-eggs-mix, locale: ko, baseSlug: zh-sprunki-eggs-mix
✅ Game loaded: zh-sprunki-eggs-mix for ko
 (+11ms) 
01:33:18   ├─ /zh-sprunki-halloween/index.html🔍 Processing fullSlug: zh-sprunki-halloween, locale: en, baseSlug: zh-sprunki-halloween
✅ Game loaded: zh-sprunki-halloween for en
 (+13ms) 
01:33:18   ├─ /zh/zh-sprunki-halloween/index.html🔍 Processing fullSlug: zh/zh-sprunki-halloween, locale: zh, baseSlug: zh-sprunki-halloween
✅ Game loaded: zh-sprunki-halloween for zh
 (+17ms) 
01:33:18   ├─ /es/zh-sprunki-halloween/index.html🔍 Processing fullSlug: es/zh-sprunki-halloween, locale: es, baseSlug: zh-sprunki-halloween
✅ Game loaded: zh-sprunki-halloween for es
 (+12ms) 
01:33:18   ├─ /fr/zh-sprunki-halloween/index.html🔍 Processing fullSlug: fr/zh-sprunki-halloween, locale: fr, baseSlug: zh-sprunki-halloween
✅ Game loaded: zh-sprunki-halloween for fr
 (+10ms) 
01:33:18   ├─ /de/zh-sprunki-halloween/index.html🔍 Processing fullSlug: de/zh-sprunki-halloween, locale: de, baseSlug: zh-sprunki-halloween
✅ Game loaded: zh-sprunki-halloween for de
 (+10ms) 
01:33:18   ├─ /ja/zh-sprunki-halloween/index.html🔍 Processing fullSlug: ja/zh-sprunki-halloween, locale: ja, baseSlug: zh-sprunki-halloween
✅ Game loaded: zh-sprunki-halloween for ja
 (+12ms) 
01:33:18   ├─ /ko/zh-sprunki-halloween/index.html🔍 Processing fullSlug: ko/zh-sprunki-halloween, locale: ko, baseSlug: zh-sprunki-halloween
✅ Game loaded: zh-sprunki-halloween for ko
 (+12ms) 
01:33:18   ├─ /zh-sprunki-interactive-beta/index.html🔍 Processing fullSlug: zh-sprunki-interactive-beta, locale: en, baseSlug: zh-sprunki-interactive-beta
✅ Game loaded: zh-sprunki-interactive-beta for en
 (+14ms) 
01:33:18   ├─ /zh/zh-sprunki-interactive-beta/index.html🔍 Processing fullSlug: zh/zh-sprunki-interactive-beta, locale: zh, baseSlug: zh-sprunki-interactive-beta
✅ Game loaded: zh-sprunki-interactive-beta for zh
 (+12ms) 
01:33:18   ├─ /es/zh-sprunki-interactive-beta/index.html🔍 Processing fullSlug: es/zh-sprunki-interactive-beta, locale: es, baseSlug: zh-sprunki-interactive-beta
✅ Game loaded: zh-sprunki-interactive-beta for es
 (+11ms) 
01:33:18   ├─ /fr/zh-sprunki-interactive-beta/index.html🔍 Processing fullSlug: fr/zh-sprunki-interactive-beta, locale: fr, baseSlug: zh-sprunki-interactive-beta
✅ Game loaded: zh-sprunki-interactive-beta for fr
 (+11ms) 
01:33:18   ├─ /de/zh-sprunki-interactive-beta/index.html🔍 Processing fullSlug: de/zh-sprunki-interactive-beta, locale: de, baseSlug: zh-sprunki-interactive-beta
✅ Game loaded: zh-sprunki-interactive-beta for de
 (+12ms) 
01:33:18   ├─ /ja/zh-sprunki-interactive-beta/index.html🔍 Processing fullSlug: ja/zh-sprunki-interactive-beta, locale: ja, baseSlug: zh-sprunki-interactive-beta
✅ Game loaded: zh-sprunki-interactive-beta for ja
 (+11ms) 
01:33:18   ├─ /ko/zh-sprunki-interactive-beta/index.html🔍 Processing fullSlug: ko/zh-sprunki-interactive-beta, locale: ko, baseSlug: zh-sprunki-interactive-beta
✅ Game loaded: zh-sprunki-interactive-beta for ko
 (+12ms) 
01:33:18   ├─ /zh-sprunki-like-minecraft/index.html🔍 Processing fullSlug: zh-sprunki-like-minecraft, locale: en, baseSlug: zh-sprunki-like-minecraft
✅ Game loaded: zh-sprunki-like-minecraft for en
 (+13ms) 
01:33:18   ├─ /zh/zh-sprunki-like-minecraft/index.html🔍 Processing fullSlug: zh/zh-sprunki-like-minecraft, locale: zh, baseSlug: zh-sprunki-like-minecraft
✅ Game loaded: zh-sprunki-like-minecraft for zh
 (+12ms) 
01:33:18   ├─ /es/zh-sprunki-like-minecraft/index.html🔍 Processing fullSlug: es/zh-sprunki-like-minecraft, locale: es, baseSlug: zh-sprunki-like-minecraft
✅ Game loaded: zh-sprunki-like-minecraft for es
 (+11ms) 
01:33:18   ├─ /fr/zh-sprunki-like-minecraft/index.html🔍 Processing fullSlug: fr/zh-sprunki-like-minecraft, locale: fr, baseSlug: zh-sprunki-like-minecraft
✅ Game loaded: zh-sprunki-like-minecraft for fr
 (+10ms) 
01:33:18   ├─ /de/zh-sprunki-like-minecraft/index.html🔍 Processing fullSlug: de/zh-sprunki-like-minecraft, locale: de, baseSlug: zh-sprunki-like-minecraft
✅ Game loaded: zh-sprunki-like-minecraft for de
 (+10ms) 
01:33:18   ├─ /ja/zh-sprunki-like-minecraft/index.html🔍 Processing fullSlug: ja/zh-sprunki-like-minecraft, locale: ja, baseSlug: zh-sprunki-like-minecraft
✅ Game loaded: zh-sprunki-like-minecraft for ja
 (+26ms) 
01:33:18   ├─ /ko/zh-sprunki-like-minecraft/index.html🔍 Processing fullSlug: ko/zh-sprunki-like-minecraft, locale: ko, baseSlug: zh-sprunki-like-minecraft
✅ Game loaded: zh-sprunki-like-minecraft for ko
 (+13ms) 
01:33:18   ├─ /zh-sprunki-good-night/index.html🔍 Processing fullSlug: zh-sprunki-good-night, locale: en, baseSlug: zh-sprunki-good-night
✅ Game loaded: zh-sprunki-good-night for en
 (+11ms) 
01:33:18   ├─ /zh/zh-sprunki-good-night/index.html🔍 Processing fullSlug: zh/zh-sprunki-good-night, locale: zh, baseSlug: zh-sprunki-good-night
✅ Game loaded: zh-sprunki-good-night for zh
 (+11ms) 
01:33:18   ├─ /es/zh-sprunki-good-night/index.html🔍 Processing fullSlug: es/zh-sprunki-good-night, locale: es, baseSlug: zh-sprunki-good-night
✅ Game loaded: zh-sprunki-good-night for es
 (+11ms) 
01:33:18   ├─ /fr/zh-sprunki-good-night/index.html🔍 Processing fullSlug: fr/zh-sprunki-good-night, locale: fr, baseSlug: zh-sprunki-good-night
✅ Game loaded: zh-sprunki-good-night for fr
 (+11ms) 
01:33:18   ├─ /de/zh-sprunki-good-night/index.html🔍 Processing fullSlug: de/zh-sprunki-good-night, locale: de, baseSlug: zh-sprunki-good-night
✅ Game loaded: zh-sprunki-good-night for de
 (+11ms) 
01:33:18   ├─ /ja/zh-sprunki-good-night/index.html🔍 Processing fullSlug: ja/zh-sprunki-good-night, locale: ja, baseSlug: zh-sprunki-good-night
✅ Game loaded: zh-sprunki-good-night for ja
 (+11ms) 
01:33:18   ├─ /ko/zh-sprunki-good-night/index.html🔍 Processing fullSlug: ko/zh-sprunki-good-night, locale: ko, baseSlug: zh-sprunki-good-night
✅ Game loaded: zh-sprunki-good-night for ko
 (+11ms) 
01:33:18   ├─ /zh-sprunki-maker/index.html🔍 Processing fullSlug: zh-sprunki-maker, locale: en, baseSlug: zh-sprunki-maker
✅ Game loaded: zh-sprunki-maker for en
 (+13ms) 
01:33:18   ├─ /zh/zh-sprunki-maker/index.html🔍 Processing fullSlug: zh/zh-sprunki-maker, locale: zh, baseSlug: zh-sprunki-maker
✅ Game loaded: zh-sprunki-maker for zh
 (+13ms) 
01:33:18   ├─ /es/zh-sprunki-maker/index.html🔍 Processing fullSlug: es/zh-sprunki-maker, locale: es, baseSlug: zh-sprunki-maker
✅ Game loaded: zh-sprunki-maker for es
 (+11ms) 
01:33:18   ├─ /fr/zh-sprunki-maker/index.html🔍 Processing fullSlug: fr/zh-sprunki-maker, locale: fr, baseSlug: zh-sprunki-maker
✅ Game loaded: zh-sprunki-maker for fr
 (+11ms) 
01:33:18   ├─ /de/zh-sprunki-maker/index.html🔍 Processing fullSlug: de/zh-sprunki-maker, locale: de, baseSlug: zh-sprunki-maker
✅ Game loaded: zh-sprunki-maker for de
 (+11ms) 
01:33:18   ├─ /ja/zh-sprunki-maker/index.html🔍 Processing fullSlug: ja/zh-sprunki-maker, locale: ja, baseSlug: zh-sprunki-maker
✅ Game loaded: zh-sprunki-maker for ja
 (+11ms) 
01:33:18   ├─ /ko/zh-sprunki-maker/index.html🔍 Processing fullSlug: ko/zh-sprunki-maker, locale: ko, baseSlug: zh-sprunki-maker
✅ Game loaded: zh-sprunki-maker for ko
 (+11ms) 
01:33:18   ├─ /zh-sprunki-meets-the-cat-spell/index.html🔍 Processing fullSlug: zh-sprunki-meets-the-cat-spell, locale: en, baseSlug: zh-sprunki-meets-the-cat-spell
✅ Game loaded: zh-sprunki-meets-the-cat-spell for en
 (+11ms) 
01:33:18   ├─ /zh/zh-sprunki-meets-the-cat-spell/index.html🔍 Processing fullSlug: zh/zh-sprunki-meets-the-cat-spell, locale: zh, baseSlug: zh-sprunki-meets-the-cat-spell
✅ Game loaded: zh-sprunki-meets-the-cat-spell for zh
 (+11ms) 
01:33:18   ├─ /es/zh-sprunki-meets-the-cat-spell/index.html🔍 Processing fullSlug: es/zh-sprunki-meets-the-cat-spell, locale: es, baseSlug: zh-sprunki-meets-the-cat-spell
✅ Game loaded: zh-sprunki-meets-the-cat-spell for es
 (+11ms) 
01:33:18   ├─ /fr/zh-sprunki-meets-the-cat-spell/index.html🔍 Processing fullSlug: fr/zh-sprunki-meets-the-cat-spell, locale: fr, baseSlug: zh-sprunki-meets-the-cat-spell
✅ Game loaded: zh-sprunki-meets-the-cat-spell for fr
 (+10ms) 
01:33:18   ├─ /de/zh-sprunki-meets-the-cat-spell/index.html🔍 Processing fullSlug: de/zh-sprunki-meets-the-cat-spell, locale: de, baseSlug: zh-sprunki-meets-the-cat-spell
✅ Game loaded: zh-sprunki-meets-the-cat-spell for de
 (+11ms) 
01:33:18   ├─ /ja/zh-sprunki-meets-the-cat-spell/index.html🔍 Processing fullSlug: ja/zh-sprunki-meets-the-cat-spell, locale: ja, baseSlug: zh-sprunki-meets-the-cat-spell
✅ Game loaded: zh-sprunki-meets-the-cat-spell for ja
 (+11ms) 
01:33:18   ├─ /ko/zh-sprunki-meets-the-cat-spell/index.html🔍 Processing fullSlug: ko/zh-sprunki-meets-the-cat-spell, locale: ko, baseSlug: zh-sprunki-meets-the-cat-spell
✅ Game loaded: zh-sprunki-meets-the-cat-spell for ko
 (+11ms) 
01:33:18   ├─ /zh-sprunki-minecraft/index.html🔍 Processing fullSlug: zh-sprunki-minecraft, locale: en, baseSlug: zh-sprunki-minecraft
✅ Game loaded: zh-sprunki-minecraft for en
 (+13ms) 
01:33:18   ├─ /zh/zh-sprunki-minecraft/index.html🔍 Processing fullSlug: zh/zh-sprunki-minecraft, locale: zh, baseSlug: zh-sprunki-minecraft
✅ Game loaded: zh-sprunki-minecraft for zh
 (+13ms) 
01:33:18   ├─ /es/zh-sprunki-minecraft/index.html🔍 Processing fullSlug: es/zh-sprunki-minecraft, locale: es, baseSlug: zh-sprunki-minecraft
✅ Game loaded: zh-sprunki-minecraft for es
 (+11ms) 
01:33:18   ├─ /fr/zh-sprunki-minecraft/index.html🔍 Processing fullSlug: fr/zh-sprunki-minecraft, locale: fr, baseSlug: zh-sprunki-minecraft
✅ Game loaded: zh-sprunki-minecraft for fr
 (+11ms) 
01:33:18   ├─ /de/zh-sprunki-minecraft/index.html🔍 Processing fullSlug: de/zh-sprunki-minecraft, locale: de, baseSlug: zh-sprunki-minecraft
✅ Game loaded: zh-sprunki-minecraft for de
 (+10ms) 
01:33:18   ├─ /ja/zh-sprunki-minecraft/index.html🔍 Processing fullSlug: ja/zh-sprunki-minecraft, locale: ja, baseSlug: zh-sprunki-minecraft
✅ Game loaded: zh-sprunki-minecraft for ja
 (+10ms) 
01:33:18   ├─ /ko/zh-sprunki-minecraft/index.html🔍 Processing fullSlug: ko/zh-sprunki-minecraft, locale: ko, baseSlug: zh-sprunki-minecraft
✅ Game loaded: zh-sprunki-minecraft for ko
 (+11ms) 
01:33:18   ├─ /zh-sprunki-mod-BFDI/index.html🔍 Processing fullSlug: zh-sprunki-mod-BFDI, locale: en, baseSlug: zh-sprunki-mod-BFDI
✅ Game loaded: zh-sprunki-mod-BFDI for en
 (+11ms) 
01:33:18   ├─ /zh/zh-sprunki-mod-BFDI/index.html🔍 Processing fullSlug: zh/zh-sprunki-mod-BFDI, locale: zh, baseSlug: zh-sprunki-mod-BFDI
✅ Game loaded: zh-sprunki-mod-BFDI for zh
 (+11ms) 
01:33:18   ├─ /es/zh-sprunki-mod-BFDI/index.html🔍 Processing fullSlug: es/zh-sprunki-mod-BFDI, locale: es, baseSlug: zh-sprunki-mod-BFDI
✅ Game loaded: zh-sprunki-mod-BFDI for es
 (+11ms) 
01:33:18   ├─ /fr/zh-sprunki-mod-BFDI/index.html🔍 Processing fullSlug: fr/zh-sprunki-mod-BFDI, locale: fr, baseSlug: zh-sprunki-mod-BFDI
✅ Game loaded: zh-sprunki-mod-BFDI for fr
 (+10ms) 
01:33:18   ├─ /de/zh-sprunki-mod-BFDI/index.html🔍 Processing fullSlug: de/zh-sprunki-mod-BFDI, locale: de, baseSlug: zh-sprunki-mod-BFDI
✅ Game loaded: zh-sprunki-mod-BFDI for de
 (+10ms) 
01:33:18   ├─ /ja/zh-sprunki-mod-BFDI/index.html🔍 Processing fullSlug: ja/zh-sprunki-mod-BFDI, locale: ja, baseSlug: zh-sprunki-mod-BFDI
✅ Game loaded: zh-sprunki-mod-BFDI for ja
 (+11ms) 
01:33:18   ├─ /ko/zh-sprunki-mod-BFDI/index.html🔍 Processing fullSlug: ko/zh-sprunki-mod-BFDI, locale: ko, baseSlug: zh-sprunki-mod-BFDI
✅ Game loaded: zh-sprunki-mod-BFDI for ko
 (+11ms) 
01:33:18   ├─ /zh-sprunki-mustard/index.html🔍 Processing fullSlug: zh-sprunki-mustard, locale: en, baseSlug: zh-sprunki-mustard
✅ Game loaded: zh-sprunki-mustard for en
 (+12ms) 
01:33:18   ├─ /zh/zh-sprunki-mustard/index.html🔍 Processing fullSlug: zh/zh-sprunki-mustard, locale: zh, baseSlug: zh-sprunki-mustard
✅ Game loaded: zh-sprunki-mustard for zh
 (+13ms) 
01:33:18   ├─ /es/zh-sprunki-mustard/index.html🔍 Processing fullSlug: es/zh-sprunki-mustard, locale: es, baseSlug: zh-sprunki-mustard
✅ Game loaded: zh-sprunki-mustard for es
 (+11ms) 
01:33:18   ├─ /fr/zh-sprunki-mustard/index.html🔍 Processing fullSlug: fr/zh-sprunki-mustard, locale: fr, baseSlug: zh-sprunki-mustard
✅ Game loaded: zh-sprunki-mustard for fr
 (+11ms) 
01:33:18   ├─ /de/zh-sprunki-mustard/index.html🔍 Processing fullSlug: de/zh-sprunki-mustard, locale: de, baseSlug: zh-sprunki-mustard
✅ Game loaded: zh-sprunki-mustard for de
 (+11ms) 
01:33:18   ├─ /ja/zh-sprunki-mustard/index.html🔍 Processing fullSlug: ja/zh-sprunki-mustard, locale: ja, baseSlug: zh-sprunki-mustard
✅ Game loaded: zh-sprunki-mustard for ja
 (+11ms) 
01:33:18   ├─ /ko/zh-sprunki-mustard/index.html🔍 Processing fullSlug: ko/zh-sprunki-mustard, locale: ko, baseSlug: zh-sprunki-mustard
✅ Game loaded: zh-sprunki-mustard for ko
 (+11ms) 
01:33:18   ├─ /zh-sprunki-phase-2-5/index.html🔍 Processing fullSlug: zh-sprunki-phase-2-5, locale: en, baseSlug: zh-sprunki-phase-2-5
✅ Game loaded: zh-sprunki-phase-2-5 for en
 (+12ms) 
01:33:18   ├─ /zh/zh-sprunki-phase-2-5/index.html🔍 Processing fullSlug: zh/zh-sprunki-phase-2-5, locale: zh, baseSlug: zh-sprunki-phase-2-5
✅ Game loaded: zh-sprunki-phase-2-5 for zh
 (+11ms) 
01:33:18   ├─ /es/zh-sprunki-phase-2-5/index.html🔍 Processing fullSlug: es/zh-sprunki-phase-2-5, locale: es, baseSlug: zh-sprunki-phase-2-5
✅ Game loaded: zh-sprunki-phase-2-5 for es
 (+12ms) 
01:33:18   ├─ /fr/zh-sprunki-phase-2-5/index.html🔍 Processing fullSlug: fr/zh-sprunki-phase-2-5, locale: fr, baseSlug: zh-sprunki-phase-2-5
✅ Game loaded: zh-sprunki-phase-2-5 for fr
 (+12ms) 
01:33:18   ├─ /de/zh-sprunki-phase-2-5/index.html🔍 Processing fullSlug: de/zh-sprunki-phase-2-5, locale: de, baseSlug: zh-sprunki-phase-2-5
✅ Game loaded: zh-sprunki-phase-2-5 for de
 (+10ms) 
01:33:18   ├─ /ja/zh-sprunki-phase-2-5/index.html🔍 Processing fullSlug: ja/zh-sprunki-phase-2-5, locale: ja, baseSlug: zh-sprunki-phase-2-5
✅ Game loaded: zh-sprunki-phase-2-5 for ja
 (+10ms) 
01:33:18   ├─ /ko/zh-sprunki-phase-2-5/index.html🔍 Processing fullSlug: ko/zh-sprunki-phase-2-5, locale: ko, baseSlug: zh-sprunki-phase-2-5
✅ Game loaded: zh-sprunki-phase-2-5 for ko
 (+10ms) 
01:33:18   ├─ /zh-sprunki-phase-1/index.html🔍 Processing fullSlug: zh-sprunki-phase-1, locale: en, baseSlug: zh-sprunki-phase-1
✅ Game loaded: zh-sprunki-phase-1 for en
 (+11ms) 
01:33:18   ├─ /zh/zh-sprunki-phase-1/index.html🔍 Processing fullSlug: zh/zh-sprunki-phase-1, locale: zh, baseSlug: zh-sprunki-phase-1
✅ Game loaded: zh-sprunki-phase-1 for zh
 (+11ms) 
01:33:19   ├─ /es/zh-sprunki-phase-1/index.html🔍 Processing fullSlug: es/zh-sprunki-phase-1, locale: es, baseSlug: zh-sprunki-phase-1
✅ Game loaded: zh-sprunki-phase-1 for es
 (+10ms) 
01:33:19   ├─ /fr/zh-sprunki-phase-1/index.html🔍 Processing fullSlug: fr/zh-sprunki-phase-1, locale: fr, baseSlug: zh-sprunki-phase-1
✅ Game loaded: zh-sprunki-phase-1 for fr
 (+10ms) 
01:33:19   ├─ /de/zh-sprunki-phase-1/index.html🔍 Processing fullSlug: de/zh-sprunki-phase-1, locale: de, baseSlug: zh-sprunki-phase-1
✅ Game loaded: zh-sprunki-phase-1 for de
 (+11ms) 
01:33:19   ├─ /ja/zh-sprunki-phase-1/index.html🔍 Processing fullSlug: ja/zh-sprunki-phase-1, locale: ja, baseSlug: zh-sprunki-phase-1
✅ Game loaded: zh-sprunki-phase-1 for ja
 (+10ms) 
01:33:19   ├─ /ko/zh-sprunki-phase-1/index.html🔍 Processing fullSlug: ko/zh-sprunki-phase-1, locale: ko, baseSlug: zh-sprunki-phase-1
✅ Game loaded: zh-sprunki-phase-1 for ko
 (+10ms) 
01:33:19   ├─ /zh-sprunki-parasite-parasprunki-15/index.html🔍 Processing fullSlug: zh-sprunki-parasite-parasprunki-15, locale: en, baseSlug: zh-sprunki-parasite-parasprunki-15
✅ Game loaded: zh-sprunki-parasite-parasprunki-15 for en
 (+12ms) 
01:33:19   ├─ /zh/zh-sprunki-parasite-parasprunki-15/index.html🔍 Processing fullSlug: zh/zh-sprunki-parasite-parasprunki-15, locale: zh, baseSlug: zh-sprunki-parasite-parasprunki-15
✅ Game loaded: zh-sprunki-parasite-parasprunki-15 for zh
 (+13ms) 
01:33:19   ├─ /es/zh-sprunki-parasite-parasprunki-15/index.html🔍 Processing fullSlug: es/zh-sprunki-parasite-parasprunki-15, locale: es, baseSlug: zh-sprunki-parasite-parasprunki-15
✅ Game loaded: zh-sprunki-parasite-parasprunki-15 for es
 (+11ms) 
01:33:19   ├─ /fr/zh-sprunki-parasite-parasprunki-15/index.html🔍 Processing fullSlug: fr/zh-sprunki-parasite-parasprunki-15, locale: fr, baseSlug: zh-sprunki-parasite-parasprunki-15
✅ Game loaded: zh-sprunki-parasite-parasprunki-15 for fr
 (+11ms) 
01:33:19   ├─ /de/zh-sprunki-parasite-parasprunki-15/index.html🔍 Processing fullSlug: de/zh-sprunki-parasite-parasprunki-15, locale: de, baseSlug: zh-sprunki-parasite-parasprunki-15
✅ Game loaded: zh-sprunki-parasite-parasprunki-15 for de
 (+11ms) 
01:33:19   ├─ /ja/zh-sprunki-parasite-parasprunki-15/index.html🔍 Processing fullSlug: ja/zh-sprunki-parasite-parasprunki-15, locale: ja, baseSlug: zh-sprunki-parasite-parasprunki-15
✅ Game loaded: zh-sprunki-parasite-parasprunki-15 for ja
 (+11ms) 
01:33:19   ├─ /ko/zh-sprunki-parasite-parasprunki-15/index.html🔍 Processing fullSlug: ko/zh-sprunki-parasite-parasprunki-15, locale: ko, baseSlug: zh-sprunki-parasite-parasprunki-15
✅ Game loaded: zh-sprunki-parasite-parasprunki-15 for ko
 (+11ms) 
01:33:19   ├─ /zh-sprunki-night-time/index.html🔍 Processing fullSlug: zh-sprunki-night-time, locale: en, baseSlug: zh-sprunki-night-time
✅ Game loaded: zh-sprunki-night-time for en
 (+11ms) 
01:33:19   ├─ /zh/zh-sprunki-night-time/index.html🔍 Processing fullSlug: zh/zh-sprunki-night-time, locale: zh, baseSlug: zh-sprunki-night-time
✅ Game loaded: zh-sprunki-night-time for zh
 (+10ms) 
01:33:19   ├─ /es/zh-sprunki-night-time/index.html🔍 Processing fullSlug: es/zh-sprunki-night-time, locale: es, baseSlug: zh-sprunki-night-time
✅ Game loaded: zh-sprunki-night-time for es
 (+10ms) 
01:33:19   ├─ /fr/zh-sprunki-night-time/index.html🔍 Processing fullSlug: fr/zh-sprunki-night-time, locale: fr, baseSlug: zh-sprunki-night-time
✅ Game loaded: zh-sprunki-night-time for fr
 (+10ms) 
01:33:19   ├─ /de/zh-sprunki-night-time/index.html🔍 Processing fullSlug: de/zh-sprunki-night-time, locale: de, baseSlug: zh-sprunki-night-time
✅ Game loaded: zh-sprunki-night-time for de
 (+11ms) 
01:33:19   ├─ /ja/zh-sprunki-night-time/index.html🔍 Processing fullSlug: ja/zh-sprunki-night-time, locale: ja, baseSlug: zh-sprunki-night-time
✅ Game loaded: zh-sprunki-night-time for ja
 (+10ms) 
01:33:19   ├─ /ko/zh-sprunki-night-time/index.html🔍 Processing fullSlug: ko/zh-sprunki-night-time, locale: ko, baseSlug: zh-sprunki-night-time
✅ Game loaded: zh-sprunki-night-time for ko
 (+11ms) 
01:33:19   ├─ /zh-sprunki-phase-5/index.html🔍 Processing fullSlug: zh-sprunki-phase-5, locale: en, baseSlug: zh-sprunki-phase-5
✅ Game loaded: zh-sprunki-phase-5 for en
 (+12ms) 
01:33:19   ├─ /zh/zh-sprunki-phase-5/index.html🔍 Processing fullSlug: zh/zh-sprunki-phase-5, locale: zh, baseSlug: zh-sprunki-phase-5
✅ Game loaded: zh-sprunki-phase-5 for zh
 (+14ms) 
01:33:19   ├─ /es/zh-sprunki-phase-5/index.html🔍 Processing fullSlug: es/zh-sprunki-phase-5, locale: es, baseSlug: zh-sprunki-phase-5
✅ Game loaded: zh-sprunki-phase-5 for es
 (+10ms) 
01:33:19   ├─ /fr/zh-sprunki-phase-5/index.html🔍 Processing fullSlug: fr/zh-sprunki-phase-5, locale: fr, baseSlug: zh-sprunki-phase-5
✅ Game loaded: zh-sprunki-phase-5 for fr
 (+12ms) 
01:33:19   ├─ /de/zh-sprunki-phase-5/index.html🔍 Processing fullSlug: de/zh-sprunki-phase-5, locale: de, baseSlug: zh-sprunki-phase-5
✅ Game loaded: zh-sprunki-phase-5 for de
 (+10ms) 
01:33:19   ├─ /ja/zh-sprunki-phase-5/index.html🔍 Processing fullSlug: ja/zh-sprunki-phase-5, locale: ja, baseSlug: zh-sprunki-phase-5
✅ Game loaded: zh-sprunki-phase-5 for ja
 (+11ms) 
01:33:19   ├─ /ko/zh-sprunki-phase-5/index.html🔍 Processing fullSlug: ko/zh-sprunki-phase-5, locale: ko, baseSlug: zh-sprunki-phase-5
✅ Game loaded: zh-sprunki-phase-5 for ko
 (+11ms) 
01:33:19   ├─ /zh-sprunki-phase-8/index.html🔍 Processing fullSlug: zh-sprunki-phase-8, locale: en, baseSlug: zh-sprunki-phase-8
✅ Game loaded: zh-sprunki-phase-8 for en
 (+11ms) 
01:33:19   ├─ /zh/zh-sprunki-phase-8/index.html🔍 Processing fullSlug: zh/zh-sprunki-phase-8, locale: zh, baseSlug: zh-sprunki-phase-8
✅ Game loaded: zh-sprunki-phase-8 for zh
 (+10ms) 
01:33:19   ├─ /es/zh-sprunki-phase-8/index.html🔍 Processing fullSlug: es/zh-sprunki-phase-8, locale: es, baseSlug: zh-sprunki-phase-8
✅ Game loaded: zh-sprunki-phase-8 for es
 (+11ms) 
01:33:19   ├─ /fr/zh-sprunki-phase-8/index.html🔍 Processing fullSlug: fr/zh-sprunki-phase-8, locale: fr, baseSlug: zh-sprunki-phase-8
✅ Game loaded: zh-sprunki-phase-8 for fr
 (+11ms) 
01:33:19   ├─ /de/zh-sprunki-phase-8/index.html🔍 Processing fullSlug: de/zh-sprunki-phase-8, locale: de, baseSlug: zh-sprunki-phase-8
✅ Game loaded: zh-sprunki-phase-8 for de
 (+10ms) 
01:33:19   ├─ /ja/zh-sprunki-phase-8/index.html🔍 Processing fullSlug: ja/zh-sprunki-phase-8, locale: ja, baseSlug: zh-sprunki-phase-8
✅ Game loaded: zh-sprunki-phase-8 for ja
 (+11ms) 
01:33:19   ├─ /ko/zh-sprunki-phase-8/index.html🔍 Processing fullSlug: ko/zh-sprunki-phase-8, locale: ko, baseSlug: zh-sprunki-phase-8
✅ Game loaded: zh-sprunki-phase-8 for ko
 (+11ms) 
01:33:19   ├─ /zh-sprunki-play-random/index.html🔍 Processing fullSlug: zh-sprunki-play-random, locale: en, baseSlug: zh-sprunki-play-random
✅ Game loaded: zh-sprunki-play-random for en
 (+12ms) 
01:33:19   ├─ /zh/zh-sprunki-play-random/index.html🔍 Processing fullSlug: zh/zh-sprunki-play-random, locale: zh, baseSlug: zh-sprunki-play-random
✅ Game loaded: zh-sprunki-play-random for zh
 (+12ms) 
01:33:19   ├─ /es/zh-sprunki-play-random/index.html🔍 Processing fullSlug: es/zh-sprunki-play-random, locale: es, baseSlug: zh-sprunki-play-random
✅ Game loaded: zh-sprunki-play-random for es
 (+11ms) 
01:33:19   ├─ /fr/zh-sprunki-play-random/index.html🔍 Processing fullSlug: fr/zh-sprunki-play-random, locale: fr, baseSlug: zh-sprunki-play-random
✅ Game loaded: zh-sprunki-play-random for fr
 (+10ms) 
01:33:19   ├─ /de/zh-sprunki-play-random/index.html🔍 Processing fullSlug: de/zh-sprunki-play-random, locale: de, baseSlug: zh-sprunki-play-random
✅ Game loaded: zh-sprunki-play-random for de
 (+11ms) 
01:33:19   ├─ /ja/zh-sprunki-play-random/index.html🔍 Processing fullSlug: ja/zh-sprunki-play-random, locale: ja, baseSlug: zh-sprunki-play-random
✅ Game loaded: zh-sprunki-play-random for ja
 (+11ms) 
01:33:19   ├─ /ko/zh-sprunki-play-random/index.html🔍 Processing fullSlug: ko/zh-sprunki-play-random, locale: ko, baseSlug: zh-sprunki-play-random
✅ Game loaded: zh-sprunki-play-random for ko
 (+11ms) 
01:33:19   ├─ /zh-sprunki-police-and-prisoners/index.html🔍 Processing fullSlug: zh-sprunki-police-and-prisoners, locale: en, baseSlug: zh-sprunki-police-and-prisoners
✅ Game loaded: zh-sprunki-police-and-prisoners for en
 (+11ms) 
01:33:19   ├─ /zh/zh-sprunki-police-and-prisoners/index.html🔍 Processing fullSlug: zh/zh-sprunki-police-and-prisoners, locale: zh, baseSlug: zh-sprunki-police-and-prisoners
✅ Game loaded: zh-sprunki-police-and-prisoners for zh
 (+11ms) 
01:33:19   ├─ /es/zh-sprunki-police-and-prisoners/index.html🔍 Processing fullSlug: es/zh-sprunki-police-and-prisoners, locale: es, baseSlug: zh-sprunki-police-and-prisoners
✅ Game loaded: zh-sprunki-police-and-prisoners for es
 (+11ms) 
01:33:19   ├─ /fr/zh-sprunki-police-and-prisoners/index.html🔍 Processing fullSlug: fr/zh-sprunki-police-and-prisoners, locale: fr, baseSlug: zh-sprunki-police-and-prisoners
✅ Game loaded: zh-sprunki-police-and-prisoners for fr
 (+11ms) 
01:33:19   ├─ /de/zh-sprunki-police-and-prisoners/index.html🔍 Processing fullSlug: de/zh-sprunki-police-and-prisoners, locale: de, baseSlug: zh-sprunki-police-and-prisoners
✅ Game loaded: zh-sprunki-police-and-prisoners for de
 (+11ms) 
01:33:19   ├─ /ja/zh-sprunki-police-and-prisoners/index.html🔍 Processing fullSlug: ja/zh-sprunki-police-and-prisoners, locale: ja, baseSlug: zh-sprunki-police-and-prisoners
✅ Game loaded: zh-sprunki-police-and-prisoners for ja
 (+11ms) 
01:33:19   ├─ /ko/zh-sprunki-police-and-prisoners/index.html🔍 Processing fullSlug: ko/zh-sprunki-police-and-prisoners, locale: ko, baseSlug: zh-sprunki-police-and-prisoners
✅ Game loaded: zh-sprunki-police-and-prisoners for ko
 (+12ms) 
01:33:19   ├─ /zh-sprunki-pyramixed-version/index.html🔍 Processing fullSlug: zh-sprunki-pyramixed-version, locale: en, baseSlug: zh-sprunki-pyramixed-version
✅ Game loaded: zh-sprunki-pyramixed-version for en
 (+12ms) 
01:33:19   ├─ /zh/zh-sprunki-pyramixed-version/index.html🔍 Processing fullSlug: zh/zh-sprunki-pyramixed-version, locale: zh, baseSlug: zh-sprunki-pyramixed-version
✅ Game loaded: zh-sprunki-pyramixed-version for zh
 (+13ms) 
01:33:19   ├─ /es/zh-sprunki-pyramixed-version/index.html🔍 Processing fullSlug: es/zh-sprunki-pyramixed-version, locale: es, baseSlug: zh-sprunki-pyramixed-version
✅ Game loaded: zh-sprunki-pyramixed-version for es
 (+10ms) 
01:33:19   ├─ /fr/zh-sprunki-pyramixed-version/index.html🔍 Processing fullSlug: fr/zh-sprunki-pyramixed-version, locale: fr, baseSlug: zh-sprunki-pyramixed-version
✅ Game loaded: zh-sprunki-pyramixed-version for fr
 (+11ms) 
01:33:19   ├─ /de/zh-sprunki-pyramixed-version/index.html🔍 Processing fullSlug: de/zh-sprunki-pyramixed-version, locale: de, baseSlug: zh-sprunki-pyramixed-version
✅ Game loaded: zh-sprunki-pyramixed-version for de
 (+10ms) 
01:33:19   ├─ /ja/zh-sprunki-pyramixed-version/index.html🔍 Processing fullSlug: ja/zh-sprunki-pyramixed-version, locale: ja, baseSlug: zh-sprunki-pyramixed-version
✅ Game loaded: zh-sprunki-pyramixed-version for ja
 (+10ms) 
01:33:19   ├─ /ko/zh-sprunki-pyramixed-version/index.html🔍 Processing fullSlug: ko/zh-sprunki-pyramixed-version, locale: ko, baseSlug: zh-sprunki-pyramixed-version
✅ Game loaded: zh-sprunki-pyramixed-version for ko
 (+11ms) 
01:33:19   ├─ /zh-sprunki-red-sun/index.html🔍 Processing fullSlug: zh-sprunki-red-sun, locale: en, baseSlug: zh-sprunki-red-sun
✅ Game loaded: zh-sprunki-red-sun for en
 (+12ms) 
01:33:19   ├─ /zh/zh-sprunki-red-sun/index.html🔍 Processing fullSlug: zh/zh-sprunki-red-sun, locale: zh, baseSlug: zh-sprunki-red-sun
✅ Game loaded: zh-sprunki-red-sun for zh
 (+11ms) 
01:33:19   ├─ /es/zh-sprunki-red-sun/index.html🔍 Processing fullSlug: es/zh-sprunki-red-sun, locale: es, baseSlug: zh-sprunki-red-sun
✅ Game loaded: zh-sprunki-red-sun for es
 (+10ms) 
01:33:19   ├─ /fr/zh-sprunki-red-sun/index.html🔍 Processing fullSlug: fr/zh-sprunki-red-sun, locale: fr, baseSlug: zh-sprunki-red-sun
✅ Game loaded: zh-sprunki-red-sun for fr
 (+11ms) 
01:33:19   ├─ /de/zh-sprunki-red-sun/index.html🔍 Processing fullSlug: de/zh-sprunki-red-sun, locale: de, baseSlug: zh-sprunki-red-sun
✅ Game loaded: zh-sprunki-red-sun for de
 (+11ms) 
01:33:19   ├─ /ja/zh-sprunki-red-sun/index.html🔍 Processing fullSlug: ja/zh-sprunki-red-sun, locale: ja, baseSlug: zh-sprunki-red-sun
✅ Game loaded: zh-sprunki-red-sun for ja
 (+11ms) 
01:33:19   ├─ /ko/zh-sprunki-red-sun/index.html🔍 Processing fullSlug: ko/zh-sprunki-red-sun, locale: ko, baseSlug: zh-sprunki-red-sun
✅ Game loaded: zh-sprunki-red-sun for ko
 (+11ms) 
01:33:19   ├─ /zh-sprunki-retake-bonus-characters/index.html🔍 Processing fullSlug: zh-sprunki-retake-bonus-characters, locale: en, baseSlug: zh-sprunki-retake-bonus-characters
✅ Game loaded: zh-sprunki-retake-bonus-characters for en
 (+12ms) 
01:33:19   ├─ /zh/zh-sprunki-retake-bonus-characters/index.html🔍 Processing fullSlug: zh/zh-sprunki-retake-bonus-characters, locale: zh, baseSlug: zh-sprunki-retake-bonus-characters
✅ Game loaded: zh-sprunki-retake-bonus-characters for zh
 (+14ms) 
01:33:19   ├─ /es/zh-sprunki-retake-bonus-characters/index.html🔍 Processing fullSlug: es/zh-sprunki-retake-bonus-characters, locale: es, baseSlug: zh-sprunki-retake-bonus-characters
✅ Game loaded: zh-sprunki-retake-bonus-characters for es
 (+11ms) 
01:33:19   ├─ /fr/zh-sprunki-retake-bonus-characters/index.html🔍 Processing fullSlug: fr/zh-sprunki-retake-bonus-characters, locale: fr, baseSlug: zh-sprunki-retake-bonus-characters
✅ Game loaded: zh-sprunki-retake-bonus-characters for fr
 (+11ms) 
01:33:19   ├─ /de/zh-sprunki-retake-bonus-characters/index.html🔍 Processing fullSlug: de/zh-sprunki-retake-bonus-characters, locale: de, baseSlug: zh-sprunki-retake-bonus-characters
✅ Game loaded: zh-sprunki-retake-bonus-characters for de
 (+11ms) 
01:33:19   ├─ /ja/zh-sprunki-retake-bonus-characters/index.html🔍 Processing fullSlug: ja/zh-sprunki-retake-bonus-characters, locale: ja, baseSlug: zh-sprunki-retake-bonus-characters
✅ Game loaded: zh-sprunki-retake-bonus-characters for ja
 (+11ms) 
01:33:19   ├─ /ko/zh-sprunki-retake-bonus-characters/index.html🔍 Processing fullSlug: ko/zh-sprunki-retake-bonus-characters, locale: ko, baseSlug: zh-sprunki-retake-bonus-characters
✅ Game loaded: zh-sprunki-retake-bonus-characters for ko
 (+10ms) 
01:33:19   ├─ /zh-sprunki-retake-new-human/index.html🔍 Processing fullSlug: zh-sprunki-retake-new-human, locale: en, baseSlug: zh-sprunki-retake-new-human
✅ Game loaded: zh-sprunki-retake-new-human for en
 (+11ms) 
01:33:19   ├─ /zh/zh-sprunki-retake-new-human/index.html🔍 Processing fullSlug: zh/zh-sprunki-retake-new-human, locale: zh, baseSlug: zh-sprunki-retake-new-human
✅ Game loaded: zh-sprunki-retake-new-human for zh
 (+11ms) 
01:33:19   ├─ /es/zh-sprunki-retake-new-human/index.html🔍 Processing fullSlug: es/zh-sprunki-retake-new-human, locale: es, baseSlug: zh-sprunki-retake-new-human
✅ Game loaded: zh-sprunki-retake-new-human for es
 (+11ms) 
01:33:19   ├─ /fr/zh-sprunki-retake-new-human/index.html🔍 Processing fullSlug: fr/zh-sprunki-retake-new-human, locale: fr, baseSlug: zh-sprunki-retake-new-human
✅ Game loaded: zh-sprunki-retake-new-human for fr
 (+11ms) 
01:33:19   ├─ /de/zh-sprunki-retake-new-human/index.html🔍 Processing fullSlug: de/zh-sprunki-retake-new-human, locale: de, baseSlug: zh-sprunki-retake-new-human
✅ Game loaded: zh-sprunki-retake-new-human for de
 (+11ms) 
01:33:19   ├─ /ja/zh-sprunki-retake-new-human/index.html🔍 Processing fullSlug: ja/zh-sprunki-retake-new-human, locale: ja, baseSlug: zh-sprunki-retake-new-human
✅ Game loaded: zh-sprunki-retake-new-human for ja
 (+11ms) 
01:33:19   ├─ /ko/zh-sprunki-retake-new-human/index.html🔍 Processing fullSlug: ko/zh-sprunki-retake-new-human, locale: ko, baseSlug: zh-sprunki-retake-new-human
✅ Game loaded: zh-sprunki-retake-new-human for ko
 (+11ms) 
01:33:19   ├─ /zh-sprunki-retake/index.html🔍 Processing fullSlug: zh-sprunki-retake, locale: en, baseSlug: zh-sprunki-retake
✅ Game loaded: zh-sprunki-retake for en
 (+14ms) 
01:33:19   ├─ /zh/zh-sprunki-retake/index.html🔍 Processing fullSlug: zh/zh-sprunki-retake, locale: zh, baseSlug: zh-sprunki-retake
✅ Game loaded: zh-sprunki-retake for zh
 (+12ms) 
01:33:19   ├─ /es/zh-sprunki-retake/index.html🔍 Processing fullSlug: es/zh-sprunki-retake, locale: es, baseSlug: zh-sprunki-retake
✅ Game loaded: zh-sprunki-retake for es
 (+10ms) 
01:33:19   ├─ /fr/zh-sprunki-retake/index.html🔍 Processing fullSlug: fr/zh-sprunki-retake, locale: fr, baseSlug: zh-sprunki-retake
✅ Game loaded: zh-sprunki-retake for fr
 (+11ms) 
01:33:19   ├─ /de/zh-sprunki-retake/index.html🔍 Processing fullSlug: de/zh-sprunki-retake, locale: de, baseSlug: zh-sprunki-retake
✅ Game loaded: zh-sprunki-retake for de
 (+10ms) 
01:33:19   ├─ /ja/zh-sprunki-retake/index.html🔍 Processing fullSlug: ja/zh-sprunki-retake, locale: ja, baseSlug: zh-sprunki-retake
✅ Game loaded: zh-sprunki-retake for ja
 (+11ms) 
01:33:19   ├─ /ko/zh-sprunki-retake/index.html🔍 Processing fullSlug: ko/zh-sprunki-retake, locale: ko, baseSlug: zh-sprunki-retake
✅ Game loaded: zh-sprunki-retake for ko
 (+11ms) 
01:33:19   ├─ /zh-sprunki-squid-remix/index.html🔍 Processing fullSlug: zh-sprunki-squid-remix, locale: en, baseSlug: zh-sprunki-squid-remix
✅ Game loaded: zh-sprunki-squid-remix for en
 (+11ms) 
01:33:19   ├─ /zh/zh-sprunki-squid-remix/index.html🔍 Processing fullSlug: zh/zh-sprunki-squid-remix, locale: zh, baseSlug: zh-sprunki-squid-remix
✅ Game loaded: zh-sprunki-squid-remix for zh
 (+10ms) 
01:33:19   ├─ /es/zh-sprunki-squid-remix/index.html🔍 Processing fullSlug: es/zh-sprunki-squid-remix, locale: es, baseSlug: zh-sprunki-squid-remix
✅ Game loaded: zh-sprunki-squid-remix for es
 (+13ms) 
01:33:19   ├─ /fr/zh-sprunki-squid-remix/index.html🔍 Processing fullSlug: fr/zh-sprunki-squid-remix, locale: fr, baseSlug: zh-sprunki-squid-remix
✅ Game loaded: zh-sprunki-squid-remix for fr
 (+11ms) 
01:33:19   ├─ /de/zh-sprunki-squid-remix/index.html🔍 Processing fullSlug: de/zh-sprunki-squid-remix, locale: de, baseSlug: zh-sprunki-squid-remix
✅ Game loaded: zh-sprunki-squid-remix for de
 (+10ms) 
01:33:19   ├─ /ja/zh-sprunki-squid-remix/index.html🔍 Processing fullSlug: ja/zh-sprunki-squid-remix, locale: ja, baseSlug: zh-sprunki-squid-remix
✅ Game loaded: zh-sprunki-squid-remix for ja
 (+11ms) 
01:33:19   ├─ /ko/zh-sprunki-squid-remix/index.html🔍 Processing fullSlug: ko/zh-sprunki-squid-remix, locale: ko, baseSlug: zh-sprunki-squid-remix
✅ Game loaded: zh-sprunki-squid-remix for ko
 (+10ms) 
01:33:19   ├─ /zh-sprunki-pyramixed/index.html🔍 Processing fullSlug: zh-sprunki-pyramixed, locale: en, baseSlug: zh-sprunki-pyramixed
✅ Game loaded: zh-sprunki-pyramixed for en
 (+11ms) 
01:33:19   ├─ /zh/zh-sprunki-pyramixed/index.html🔍 Processing fullSlug: zh/zh-sprunki-pyramixed, locale: zh, baseSlug: zh-sprunki-pyramixed
✅ Game loaded: zh-sprunki-pyramixed for zh
 (+10ms) 
01:33:20   ├─ /es/zh-sprunki-pyramixed/index.html🔍 Processing fullSlug: es/zh-sprunki-pyramixed, locale: es, baseSlug: zh-sprunki-pyramixed
✅ Game loaded: zh-sprunki-pyramixed for es
 (+10ms) 
01:33:20   ├─ /fr/zh-sprunki-pyramixed/index.html🔍 Processing fullSlug: fr/zh-sprunki-pyramixed, locale: fr, baseSlug: zh-sprunki-pyramixed
✅ Game loaded: zh-sprunki-pyramixed for fr
 (+10ms) 
01:33:20   ├─ /de/zh-sprunki-pyramixed/index.html🔍 Processing fullSlug: de/zh-sprunki-pyramixed, locale: de, baseSlug: zh-sprunki-pyramixed
✅ Game loaded: zh-sprunki-pyramixed for de
 (+10ms) 
01:33:20   ├─ /ja/zh-sprunki-pyramixed/index.html🔍 Processing fullSlug: ja/zh-sprunki-pyramixed, locale: ja, baseSlug: zh-sprunki-pyramixed
✅ Game loaded: zh-sprunki-pyramixed for ja
 (+10ms) 
01:33:20   ├─ /ko/zh-sprunki-pyramixed/index.html🔍 Processing fullSlug: ko/zh-sprunki-pyramixed, locale: ko, baseSlug: zh-sprunki-pyramixed
✅ Game loaded: zh-sprunki-pyramixed for ko
 (+11ms) 
01:33:20   ├─ /zh-sprunki-rotrizi-5/index.html🔍 Processing fullSlug: zh-sprunki-rotrizi-5, locale: en, baseSlug: zh-sprunki-rotrizi-5
✅ Game loaded: zh-sprunki-rotrizi-5 for en
 (+12ms) 
01:33:20   ├─ /zh/zh-sprunki-rotrizi-5/index.html🔍 Processing fullSlug: zh/zh-sprunki-rotrizi-5, locale: zh, baseSlug: zh-sprunki-rotrizi-5
✅ Game loaded: zh-sprunki-rotrizi-5 for zh
 (+12ms) 
01:33:20   ├─ /es/zh-sprunki-rotrizi-5/index.html🔍 Processing fullSlug: es/zh-sprunki-rotrizi-5, locale: es, baseSlug: zh-sprunki-rotrizi-5
✅ Game loaded: zh-sprunki-rotrizi-5 for es
 (+11ms) 
01:33:20   ├─ /fr/zh-sprunki-rotrizi-5/index.html🔍 Processing fullSlug: fr/zh-sprunki-rotrizi-5, locale: fr, baseSlug: zh-sprunki-rotrizi-5
✅ Game loaded: zh-sprunki-rotrizi-5 for fr
 (+10ms) 
01:33:20   ├─ /de/zh-sprunki-rotrizi-5/index.html🔍 Processing fullSlug: de/zh-sprunki-rotrizi-5, locale: de, baseSlug: zh-sprunki-rotrizi-5
✅ Game loaded: zh-sprunki-rotrizi-5 for de
 (+10ms) 
01:33:20   ├─ /ja/zh-sprunki-rotrizi-5/index.html🔍 Processing fullSlug: ja/zh-sprunki-rotrizi-5, locale: ja, baseSlug: zh-sprunki-rotrizi-5
✅ Game loaded: zh-sprunki-rotrizi-5 for ja
 (+11ms) 
01:33:20   ├─ /ko/zh-sprunki-rotrizi-5/index.html🔍 Processing fullSlug: ko/zh-sprunki-rotrizi-5, locale: ko, baseSlug: zh-sprunki-rotrizi-5
✅ Game loaded: zh-sprunki-rotrizi-5 for ko
 (+11ms) 
01:33:20   ├─ /zh-sprunki-sonic/index.html🔍 Processing fullSlug: zh-sprunki-sonic, locale: en, baseSlug: zh-sprunki-sonic
✅ Game loaded: zh-sprunki-sonic for en
 (+11ms) 
01:33:20   ├─ /zh/zh-sprunki-sonic/index.html🔍 Processing fullSlug: zh/zh-sprunki-sonic, locale: zh, baseSlug: zh-sprunki-sonic
✅ Game loaded: zh-sprunki-sonic for zh
 (+11ms) 
01:33:20   ├─ /es/zh-sprunki-sonic/index.html🔍 Processing fullSlug: es/zh-sprunki-sonic, locale: es, baseSlug: zh-sprunki-sonic
✅ Game loaded: zh-sprunki-sonic for es
 (+10ms) 
01:33:20   ├─ /fr/zh-sprunki-sonic/index.html🔍 Processing fullSlug: fr/zh-sprunki-sonic, locale: fr, baseSlug: zh-sprunki-sonic
✅ Game loaded: zh-sprunki-sonic for fr
 (+10ms) 
01:33:20   ├─ /de/zh-sprunki-sonic/index.html🔍 Processing fullSlug: de/zh-sprunki-sonic, locale: de, baseSlug: zh-sprunki-sonic
✅ Game loaded: zh-sprunki-sonic for de
 (+11ms) 
01:33:20   ├─ /ja/zh-sprunki-sonic/index.html🔍 Processing fullSlug: ja/zh-sprunki-sonic, locale: ja, baseSlug: zh-sprunki-sonic
✅ Game loaded: zh-sprunki-sonic for ja
 (+11ms) 
01:33:20   ├─ /ko/zh-sprunki-sonic/index.html🔍 Processing fullSlug: ko/zh-sprunki-sonic, locale: ko, baseSlug: zh-sprunki-sonic
✅ Game loaded: zh-sprunki-sonic for ko
 (+10ms) 
01:33:20   ├─ /zh-sprunki-sepbox-steel-factory/index.html🔍 Processing fullSlug: zh-sprunki-sepbox-steel-factory, locale: en, baseSlug: zh-sprunki-sepbox-steel-factory
✅ Game loaded: zh-sprunki-sepbox-steel-factory for en
 (+12ms) 
01:33:20   ├─ /zh/zh-sprunki-sepbox-steel-factory/index.html🔍 Processing fullSlug: zh/zh-sprunki-sepbox-steel-factory, locale: zh, baseSlug: zh-sprunki-sepbox-steel-factory
✅ Game loaded: zh-sprunki-sepbox-steel-factory for zh
 (+12ms) 
01:33:20   ├─ /es/zh-sprunki-sepbox-steel-factory/index.html🔍 Processing fullSlug: es/zh-sprunki-sepbox-steel-factory, locale: es, baseSlug: zh-sprunki-sepbox-steel-factory
✅ Game loaded: zh-sprunki-sepbox-steel-factory for es
 (+11ms) 
01:33:20   ├─ /fr/zh-sprunki-sepbox-steel-factory/index.html🔍 Processing fullSlug: fr/zh-sprunki-sepbox-steel-factory, locale: fr, baseSlug: zh-sprunki-sepbox-steel-factory
✅ Game loaded: zh-sprunki-sepbox-steel-factory for fr
 (+13ms) 
01:33:20   ├─ /de/zh-sprunki-sepbox-steel-factory/index.html🔍 Processing fullSlug: de/zh-sprunki-sepbox-steel-factory, locale: de, baseSlug: zh-sprunki-sepbox-steel-factory
✅ Game loaded: zh-sprunki-sepbox-steel-factory for de
 (+11ms) 
01:33:20   ├─ /ja/zh-sprunki-sepbox-steel-factory/index.html🔍 Processing fullSlug: ja/zh-sprunki-sepbox-steel-factory, locale: ja, baseSlug: zh-sprunki-sepbox-steel-factory
✅ Game loaded: zh-sprunki-sepbox-steel-factory for ja
 (+10ms) 
01:33:20   ├─ /ko/zh-sprunki-sepbox-steel-factory/index.html🔍 Processing fullSlug: ko/zh-sprunki-sepbox-steel-factory, locale: ko, baseSlug: zh-sprunki-sepbox-steel-factory
✅ Game loaded: zh-sprunki-sepbox-steel-factory for ko
 (+11ms) 
01:33:20   ├─ /zh-sprunki-swapped-horror/index.html🔍 Processing fullSlug: zh-sprunki-swapped-horror, locale: en, baseSlug: zh-sprunki-swapped-horror
✅ Game loaded: zh-sprunki-swapped-horror for en
 (+11ms) 
01:33:20   ├─ /zh/zh-sprunki-swapped-horror/index.html🔍 Processing fullSlug: zh/zh-sprunki-swapped-horror, locale: zh, baseSlug: zh-sprunki-swapped-horror
✅ Game loaded: zh-sprunki-swapped-horror for zh
 (+11ms) 
01:33:20   ├─ /es/zh-sprunki-swapped-horror/index.html🔍 Processing fullSlug: es/zh-sprunki-swapped-horror, locale: es, baseSlug: zh-sprunki-swapped-horror
✅ Game loaded: zh-sprunki-swapped-horror for es
 (+10ms) 
01:33:20   ├─ /fr/zh-sprunki-swapped-horror/index.html🔍 Processing fullSlug: fr/zh-sprunki-swapped-horror, locale: fr, baseSlug: zh-sprunki-swapped-horror
✅ Game loaded: zh-sprunki-swapped-horror for fr
 (+10ms) 
01:33:20   ├─ /de/zh-sprunki-swapped-horror/index.html🔍 Processing fullSlug: de/zh-sprunki-swapped-horror, locale: de, baseSlug: zh-sprunki-swapped-horror
✅ Game loaded: zh-sprunki-swapped-horror for de
 (+10ms) 
01:33:20   ├─ /ja/zh-sprunki-swapped-horror/index.html🔍 Processing fullSlug: ja/zh-sprunki-swapped-horror, locale: ja, baseSlug: zh-sprunki-swapped-horror
✅ Game loaded: zh-sprunki-swapped-horror for ja
 (+11ms) 
01:33:20   ├─ /ko/zh-sprunki-swapped-horror/index.html🔍 Processing fullSlug: ko/zh-sprunki-swapped-horror, locale: ko, baseSlug: zh-sprunki-swapped-horror
✅ Game loaded: zh-sprunki-swapped-horror for ko
 (+11ms) 
01:33:20   ├─ /zh-sprunki-virus-new-update/index.html🔍 Processing fullSlug: zh-sprunki-virus-new-update, locale: en, baseSlug: zh-sprunki-virus-new-update
✅ Game loaded: zh-sprunki-virus-new-update for en
 (+13ms) 
01:33:20   ├─ /zh/zh-sprunki-virus-new-update/index.html🔍 Processing fullSlug: zh/zh-sprunki-virus-new-update, locale: zh, baseSlug: zh-sprunki-virus-new-update
✅ Game loaded: zh-sprunki-virus-new-update for zh
 (+13ms) 
01:33:20   ├─ /es/zh-sprunki-virus-new-update/index.html🔍 Processing fullSlug: es/zh-sprunki-virus-new-update, locale: es, baseSlug: zh-sprunki-virus-new-update
✅ Game loaded: zh-sprunki-virus-new-update for es
 (+11ms) 
01:33:20   ├─ /fr/zh-sprunki-virus-new-update/index.html🔍 Processing fullSlug: fr/zh-sprunki-virus-new-update, locale: fr, baseSlug: zh-sprunki-virus-new-update
✅ Game loaded: zh-sprunki-virus-new-update for fr
 (+10ms) 
01:33:20   ├─ /de/zh-sprunki-virus-new-update/index.html🔍 Processing fullSlug: de/zh-sprunki-virus-new-update, locale: de, baseSlug: zh-sprunki-virus-new-update
✅ Game loaded: zh-sprunki-virus-new-update for de
 (+10ms) 
01:33:20   ├─ /ja/zh-sprunki-virus-new-update/index.html🔍 Processing fullSlug: ja/zh-sprunki-virus-new-update, locale: ja, baseSlug: zh-sprunki-virus-new-update
✅ Game loaded: zh-sprunki-virus-new-update for ja
 (+10ms) 
01:33:20   ├─ /ko/zh-sprunki-virus-new-update/index.html🔍 Processing fullSlug: ko/zh-sprunki-virus-new-update, locale: ko, baseSlug: zh-sprunki-virus-new-update
✅ Game loaded: zh-sprunki-virus-new-update for ko
 (+10ms) 
01:33:20   ├─ /zh-sprunkle-bops/index.html🔍 Processing fullSlug: zh-sprunkle-bops, locale: en, baseSlug: zh-sprunkle-bops
✅ Game loaded: zh-sprunkle-bops for en
 (+11ms) 
01:33:20   ├─ /zh/zh-sprunkle-bops/index.html🔍 Processing fullSlug: zh/zh-sprunkle-bops, locale: zh, baseSlug: zh-sprunkle-bops
✅ Game loaded: zh-sprunkle-bops for zh
 (+10ms) 
01:33:20   ├─ /es/zh-sprunkle-bops/index.html🔍 Processing fullSlug: es/zh-sprunkle-bops, locale: es, baseSlug: zh-sprunkle-bops
✅ Game loaded: zh-sprunkle-bops for es
 (+11ms) 
01:33:20   ├─ /fr/zh-sprunkle-bops/index.html🔍 Processing fullSlug: fr/zh-sprunkle-bops, locale: fr, baseSlug: zh-sprunkle-bops
✅ Game loaded: zh-sprunkle-bops for fr
 (+10ms) 
01:33:20   ├─ /de/zh-sprunkle-bops/index.html🔍 Processing fullSlug: de/zh-sprunkle-bops, locale: de, baseSlug: zh-sprunkle-bops
✅ Game loaded: zh-sprunkle-bops for de
 (+10ms) 
01:33:20   ├─ /ja/zh-sprunkle-bops/index.html🔍 Processing fullSlug: ja/zh-sprunkle-bops, locale: ja, baseSlug: zh-sprunkle-bops
✅ Game loaded: zh-sprunkle-bops for ja
 (+11ms) 
01:33:20   ├─ /ko/zh-sprunkle-bops/index.html🔍 Processing fullSlug: ko/zh-sprunkle-bops, locale: ko, baseSlug: zh-sprunkle-bops
✅ Game loaded: zh-sprunkle-bops for ko
 (+11ms) 
01:33:20   ├─ /zh-swap-sprunkgerny/index.html🔍 Processing fullSlug: zh-swap-sprunkgerny, locale: en, baseSlug: zh-swap-sprunkgerny
✅ Game loaded: zh-swap-sprunkgerny for en
 (+12ms) 
01:33:20   ├─ /zh/zh-swap-sprunkgerny/index.html🔍 Processing fullSlug: zh/zh-swap-sprunkgerny, locale: zh, baseSlug: zh-swap-sprunkgerny
✅ Game loaded: zh-swap-sprunkgerny for zh
 (+13ms) 
01:33:20   ├─ /es/zh-swap-sprunkgerny/index.html🔍 Processing fullSlug: es/zh-swap-sprunkgerny, locale: es, baseSlug: zh-swap-sprunkgerny
✅ Game loaded: zh-swap-sprunkgerny for es
 (+10ms) 
01:33:20   ├─ /fr/zh-swap-sprunkgerny/index.html🔍 Processing fullSlug: fr/zh-swap-sprunkgerny, locale: fr, baseSlug: zh-swap-sprunkgerny
✅ Game loaded: zh-swap-sprunkgerny for fr
 (+10ms) 
01:33:20   ├─ /de/zh-swap-sprunkgerny/index.html🔍 Processing fullSlug: de/zh-swap-sprunkgerny, locale: de, baseSlug: zh-swap-sprunkgerny
✅ Game loaded: zh-swap-sprunkgerny for de
 (+11ms) 
01:33:20   ├─ /ja/zh-swap-sprunkgerny/index.html🔍 Processing fullSlug: ja/zh-swap-sprunkgerny, locale: ja, baseSlug: zh-swap-sprunkgerny
✅ Game loaded: zh-swap-sprunkgerny for ja
 (+11ms) 
01:33:20   ├─ /ko/zh-swap-sprunkgerny/index.html🔍 Processing fullSlug: ko/zh-swap-sprunkgerny, locale: ko, baseSlug: zh-swap-sprunkgerny
✅ Game loaded: zh-swap-sprunkgerny for ko
 (+11ms) 
01:33:20   ├─ /zh-the-haze-pixelbox/index.html🔍 Processing fullSlug: zh-the-haze-pixelbox, locale: en, baseSlug: zh-the-haze-pixelbox
✅ Game loaded: zh-the-haze-pixelbox for en
 (+11ms) 
01:33:20   ├─ /zh/zh-the-haze-pixelbox/index.html🔍 Processing fullSlug: zh/zh-the-haze-pixelbox, locale: zh, baseSlug: zh-the-haze-pixelbox
✅ Game loaded: zh-the-haze-pixelbox for zh
 (+10ms) 
01:33:20   ├─ /es/zh-the-haze-pixelbox/index.html🔍 Processing fullSlug: es/zh-the-haze-pixelbox, locale: es, baseSlug: zh-the-haze-pixelbox
✅ Game loaded: zh-the-haze-pixelbox for es
 (+10ms) 
01:33:20   ├─ /fr/zh-the-haze-pixelbox/index.html🔍 Processing fullSlug: fr/zh-the-haze-pixelbox, locale: fr, baseSlug: zh-the-haze-pixelbox
✅ Game loaded: zh-the-haze-pixelbox for fr
 (+12ms) 
01:33:20   ├─ /de/zh-the-haze-pixelbox/index.html🔍 Processing fullSlug: de/zh-the-haze-pixelbox, locale: de, baseSlug: zh-the-haze-pixelbox
✅ Game loaded: zh-the-haze-pixelbox for de
 (+11ms) 
01:33:20   ├─ /ja/zh-the-haze-pixelbox/index.html🔍 Processing fullSlug: ja/zh-the-haze-pixelbox, locale: ja, baseSlug: zh-the-haze-pixelbox
✅ Game loaded: zh-the-haze-pixelbox for ja
 (+10ms) 
01:33:20   ├─ /ko/zh-the-haze-pixelbox/index.html🔍 Processing fullSlug: ko/zh-the-haze-pixelbox, locale: ko, baseSlug: zh-the-haze-pixelbox
✅ Game loaded: zh-the-haze-pixelbox for ko
 (+11ms) 
01:33:20   ├─ /zh-super-sprunki-brasil/index.html🔍 Processing fullSlug: zh-super-sprunki-brasil, locale: en, baseSlug: zh-super-sprunki-brasil
✅ Game loaded: zh-super-sprunki-brasil for en
 (+12ms) 
01:33:20   ├─ /zh/zh-super-sprunki-brasil/index.html🔍 Processing fullSlug: zh/zh-super-sprunki-brasil, locale: zh, baseSlug: zh-super-sprunki-brasil
✅ Game loaded: zh-super-sprunki-brasil for zh
 (+12ms) 
01:33:20   ├─ /es/zh-super-sprunki-brasil/index.html🔍 Processing fullSlug: es/zh-super-sprunki-brasil, locale: es, baseSlug: zh-super-sprunki-brasil
✅ Game loaded: zh-super-sprunki-brasil for es
 (+11ms) 
01:33:20   ├─ /fr/zh-super-sprunki-brasil/index.html🔍 Processing fullSlug: fr/zh-super-sprunki-brasil, locale: fr, baseSlug: zh-super-sprunki-brasil
✅ Game loaded: zh-super-sprunki-brasil for fr
 (+11ms) 
01:33:20   ├─ /de/zh-super-sprunki-brasil/index.html🔍 Processing fullSlug: de/zh-super-sprunki-brasil, locale: de, baseSlug: zh-super-sprunki-brasil
✅ Game loaded: zh-super-sprunki-brasil for de
 (+10ms) 
01:33:20   ├─ /ja/zh-super-sprunki-brasil/index.html🔍 Processing fullSlug: ja/zh-super-sprunki-brasil, locale: ja, baseSlug: zh-super-sprunki-brasil
✅ Game loaded: zh-super-sprunki-brasil for ja
 (+11ms) 
01:33:20   ├─ /ko/zh-super-sprunki-brasil/index.html🔍 Processing fullSlug: ko/zh-super-sprunki-brasil, locale: ko, baseSlug: zh-super-sprunki-brasil
✅ Game loaded: zh-super-sprunki-brasil for ko
 (+11ms) 
01:33:20   ├─ /zh-yojou-sprunki-mustard/index.html🔍 Processing fullSlug: zh-yojou-sprunki-mustard, locale: en, baseSlug: zh-yojou-sprunki-mustard
✅ Game loaded: zh-yojou-sprunki-mustard for en
 (+11ms) 
01:33:20   ├─ /zh/zh-yojou-sprunki-mustard/index.html🔍 Processing fullSlug: zh/zh-yojou-sprunki-mustard, locale: zh, baseSlug: zh-yojou-sprunki-mustard
✅ Game loaded: zh-yojou-sprunki-mustard for zh
 (+11ms) 
01:33:20   ├─ /es/zh-yojou-sprunki-mustard/index.html🔍 Processing fullSlug: es/zh-yojou-sprunki-mustard, locale: es, baseSlug: zh-yojou-sprunki-mustard
✅ Game loaded: zh-yojou-sprunki-mustard for es
 (+10ms) 
01:33:20   ├─ /fr/zh-yojou-sprunki-mustard/index.html🔍 Processing fullSlug: fr/zh-yojou-sprunki-mustard, locale: fr, baseSlug: zh-yojou-sprunki-mustard
✅ Game loaded: zh-yojou-sprunki-mustard for fr
 (+10ms) 
01:33:20   ├─ /de/zh-yojou-sprunki-mustard/index.html🔍 Processing fullSlug: de/zh-yojou-sprunki-mustard, locale: de, baseSlug: zh-yojou-sprunki-mustard
✅ Game loaded: zh-yojou-sprunki-mustard for de
 (+10ms) 
01:33:20   ├─ /ja/zh-yojou-sprunki-mustard/index.html🔍 Processing fullSlug: ja/zh-yojou-sprunki-mustard, locale: ja, baseSlug: zh-yojou-sprunki-mustard
✅ Game loaded: zh-yojou-sprunki-mustard for ja
 (+10ms) 
01:33:20   ├─ /ko/zh-yojou-sprunki-mustard/index.html🔍 Processing fullSlug: ko/zh-yojou-sprunki-mustard, locale: ko, baseSlug: zh-yojou-sprunki-mustard
✅ Game loaded: zh-yojou-sprunki-mustard for ko
 (+11ms) 
01:33:20   ├─ /zh-sprunkr-but-sprunki/index.html🔍 Processing fullSlug: zh-sprunkr-but-sprunki, locale: en, baseSlug: zh-sprunkr-but-sprunki
✅ Game loaded: zh-sprunkr-but-sprunki for en
 (+13ms) 
01:33:20   ├─ /zh/zh-sprunkr-but-sprunki/index.html🔍 Processing fullSlug: zh/zh-sprunkr-but-sprunki, locale: zh, baseSlug: zh-sprunkr-but-sprunki
✅ Game loaded: zh-sprunkr-but-sprunki for zh
 (+14ms) 
01:33:20   ├─ /es/zh-sprunkr-but-sprunki/index.html🔍 Processing fullSlug: es/zh-sprunkr-but-sprunki, locale: es, baseSlug: zh-sprunkr-but-sprunki
✅ Game loaded: zh-sprunkr-but-sprunki for es
 (+11ms) 
01:33:20   ├─ /fr/zh-sprunkr-but-sprunki/index.html🔍 Processing fullSlug: fr/zh-sprunkr-but-sprunki, locale: fr, baseSlug: zh-sprunkr-but-sprunki
✅ Game loaded: zh-sprunkr-but-sprunki for fr
 (+10ms) 
01:33:20   ├─ /de/zh-sprunkr-but-sprunki/index.html🔍 Processing fullSlug: de/zh-sprunkr-but-sprunki, locale: de, baseSlug: zh-sprunkr-but-sprunki
✅ Game loaded: zh-sprunkr-but-sprunki for de
 (+10ms) 
01:33:20   ├─ /ja/zh-sprunkr-but-sprunki/index.html🔍 Processing fullSlug: ja/zh-sprunkr-but-sprunki, locale: ja, baseSlug: zh-sprunkr-but-sprunki
✅ Game loaded: zh-sprunkr-but-sprunki for ja
 (+11ms) 
01:33:20   └─ /ko/zh-sprunkr-but-sprunki/index.html🔍 Processing fullSlug: ko/zh-sprunkr-but-sprunki, locale: ko, baseSlug: zh-sprunkr-but-sprunki
✅ Game loaded: zh-sprunkr-but-sprunki for ko
 (+11ms) 
01:33:20 ✓ Completed in 37.28s.

01:33:21 [build] 3258 page(s) built in 42.93s
01:33:21 [build] Complete!
